2003-11-13 12:39:59,203 WARN  org.apache.commons.jelly.tags.ant.AntTag - Could not convert tag: document into an Ant task, data type or property
2003-11-13 12:39:59,203 WARN  org.apache.commons.jelly.tags.ant.AntTag - Could not convert tag: properties into an Ant task, data type or property
2003-11-13 12:39:59,203 WARN  org.apache.commons.jelly.tags.ant.AntTag - Could not convert tag: title into an Ant task, data type or property
2003-11-13 12:39:59,203 WARN  org.apache.commons.jelly.tags.ant.AntTag - Could not convert tag: body into an Ant task, data type or property
2003-11-13 12:39:59,203 WARN  org.apache.commons.jelly.tags.ant.AntTag - Could not convert tag: section into an Ant task, data type or property
2003-11-13 12:39:59,203 WARN  org.apache.commons.jelly.tags.ant.AntTag - Could not convert tag: p into an Ant task, data type or property
2003-11-13 12:39:59,203 WARN  org.apache.commons.jelly.tags.ant.AntTag - Could not convert tag: source into an Ant task, data type or property
2003-11-13 12:40:16,843 INFO  org.apache.maven.changelog.AbstractChangeLogGenerator - SCM Working Directory: C:\projects\OpenSourceZeus
2003-11-13 12:40:16,859 INFO  org.apache.maven.changelog.AbstractChangeLogGenerator - SCM Command Line[0]: cvs
2003-11-13 12:40:16,859 INFO  org.apache.maven.changelog.AbstractChangeLogGenerator - SCM Command Line[1]: -d
2003-11-13 12:40:16,859 INFO  org.apache.maven.changelog.AbstractChangeLogGenerator - SCM Command Line[2]: :sspi:csgserver1.info.bt.co.uk:F:\CVSRepository
2003-11-13 12:40:16,859 INFO  org.apache.maven.changelog.AbstractChangeLogGenerator - SCM Command Line[3]: log
2003-11-13 12:40:16,859 INFO  org.apache.maven.changelog.AbstractChangeLogGenerator - SCM Command Line[4]: -d 2003-10-14<2003-11-14
2003-11-13 12:40:46,453 INFO  org.apache.maven.changelog.ChangeLog - ChangeLog found: 17 entries
2003-11-13 12:43:39,859 WARN  org.apache.commons.jelly.tags.ant.AntTag - Could not convert tag: document into an Ant task, data type or property
2003-11-13 12:43:39,859 WARN  org.apache.commons.jelly.tags.ant.AntTag - Could not convert tag: properties into an Ant task, data type or property
2003-11-13 12:43:39,859 WARN  org.apache.commons.jelly.tags.ant.AntTag - Could not convert tag: title into an Ant task, data type or property
2003-11-13 12:43:39,859 WARN  org.apache.commons.jelly.tags.ant.AntTag - Could not convert tag: body into an Ant task, data type or property
2003-11-13 12:43:39,859 WARN  org.apache.commons.jelly.tags.ant.AntTag - Could not convert tag: section into an Ant task, data type or property
2003-11-13 12:43:39,859 WARN  org.apache.commons.jelly.tags.ant.AntTag - Could not convert tag: p into an Ant task, data type or property
2003-11-13 12:43:39,859 WARN  org.apache.commons.jelly.tags.ant.AntTag - Could not convert tag: a into an Ant task, data type or property
2003-11-13 12:43:39,859 WARN  org.apache.commons.jelly.tags.ant.AntTag - Could not convert tag: a into an Ant task, data type or property
2003-11-13 12:43:39,859 WARN  org.apache.commons.jelly.tags.ant.AntTag - Could not convert tag: a into an Ant task, data type or property
2003-11-13 12:43:39,859 WARN  org.apache.commons.jelly.tags.ant.AntTag - Could not convert tag: a into an Ant task, data type or property
2003-11-13 12:43:39,859 WARN  org.apache.commons.jelly.tags.ant.AntTag - Could not convert tag: p into an Ant task, data type or property
2003-11-13 12:43:39,859 WARN  org.apache.commons.jelly.tags.ant.AntTag - Could not convert tag: a into an Ant task, data type or property
2003-11-13 12:43:39,859 WARN  org.apache.commons.jelly.tags.ant.AntTag - Could not convert tag: section into an Ant task, data type or property
2003-11-13 12:43:39,859 WARN  org.apache.commons.jelly.tags.ant.AntTag - Could not convert tag: p into an Ant task, data type or property
2003-11-13 12:43:39,859 WARN  org.apache.commons.jelly.tags.ant.AntTag - Could not convert tag: a into an Ant task, data type or property
2003-11-13 12:43:39,859 WARN  org.apache.commons.jelly.tags.ant.AntTag - Could not convert tag: a into an Ant task, data type or property
2003-11-13 12:43:39,859 WARN  org.apache.commons.jelly.tags.ant.AntTag - Could not convert tag: a into an Ant task, data type or property
2003-11-13 12:43:39,859 WARN  org.apache.commons.jelly.tags.ant.AntTag - Could not convert tag: a into an Ant task, data type or property
2003-11-13 12:43:39,859 WARN  org.apache.commons.jelly.tags.ant.AntTag - Could not convert tag: table into an Ant task, data type or property
2003-11-13 12:43:39,859 WARN  org.apache.commons.jelly.tags.ant.AntTag - Could not convert tag: tr into an Ant task, data type or property
2003-11-13 12:43:39,859 WARN  org.apache.commons.jelly.tags.ant.AntTag - Could not convert tag: th into an Ant task, data type or property
2003-11-13 12:43:39,859 WARN  org.apache.commons.jelly.tags.ant.AntTag - Could not convert tag: th into an Ant task, data type or property
2003-11-13 12:43:39,859 WARN  org.apache.commons.jelly.tags.ant.AntTag - Could not convert tag: font into an Ant task, data type or property
2003-11-13 12:43:39,859 WARN  org.apache.commons.jelly.tags.ant.AntTag - Could not convert tag: br into an Ant task, data type or property
2003-11-13 12:43:39,859 WARN  org.apache.commons.jelly.tags.ant.AntTag - Could not convert tag: th into an Ant task, data type or property
2003-11-13 12:43:39,859 WARN  org.apache.commons.jelly.tags.ant.AntTag - Could not convert tag: font into an Ant task, data type or property
2003-11-13 12:43:39,859 WARN  org.apache.commons.jelly.tags.ant.AntTag - Could not convert tag: br into an Ant task, data type or property
2003-11-13 12:43:39,859 WARN  org.apache.commons.jelly.tags.ant.AntTag - Could not convert tag: th into an Ant task, data type or property
2003-11-13 12:43:39,859 WARN  org.apache.commons.jelly.tags.ant.AntTag - Could not convert tag: font into an Ant task, data type or property
2003-11-13 12:43:39,859 WARN  org.apache.commons.jelly.tags.ant.AntTag - Could not convert tag: br into an Ant task, data type or property
2003-11-13 12:43:39,859 WARN  org.apache.commons.jelly.tags.ant.AntTag - Could not convert tag: th into an Ant task, data type or property
2003-11-13 12:43:39,859 WARN  org.apache.commons.jelly.tags.ant.AntTag - Could not convert tag: font into an Ant task, data type or property
2003-11-13 12:43:39,859 WARN  org.apache.commons.jelly.tags.ant.AntTag - Could not convert tag: br into an Ant task, data type or property
2003-11-13 12:43:39,859 WARN  org.apache.commons.jelly.tags.ant.AntTag - Could not convert tag: th into an Ant task, data type or property
2003-11-13 12:43:39,859 WARN  org.apache.commons.jelly.tags.ant.AntTag - Could not convert tag: font into an Ant task, data type or property
2003-11-13 12:43:39,859 WARN  org.apache.commons.jelly.tags.ant.AntTag - Could not convert tag: br into an Ant task, data type or property
2003-11-13 12:43:39,859 WARN  org.apache.commons.jelly.tags.ant.AntTag - Could not convert tag: th into an Ant task, data type or property
2003-11-13 12:43:39,859 WARN  org.apache.commons.jelly.tags.ant.AntTag - Could not convert tag: font into an Ant task, data type or property
2003-11-13 12:43:39,859 WARN  org.apache.commons.jelly.tags.ant.AntTag - Could not convert tag: th into an Ant task, data type or property
2003-11-13 12:43:39,859 WARN  org.apache.commons.jelly.tags.ant.AntTag - Could not convert tag: font into an Ant task, data type or property
2003-11-13 12:43:39,859 WARN  org.apache.commons.jelly.tags.ant.AntTag - Could not convert tag: th into an Ant task, data type or property
2003-11-13 12:43:39,859 WARN  org.apache.commons.jelly.tags.ant.AntTag - Could not convert tag: font into an Ant task, data type or property
2003-11-13 12:43:39,875 WARN  org.apache.commons.jelly.tags.ant.AntTag - Could not convert tag: tr into an Ant task, data type or property
2003-11-13 12:43:39,875 WARN  org.apache.commons.jelly.tags.ant.AntTag - Could not convert tag: td into an Ant task, data type or property
2003-11-13 12:43:39,875 WARN  org.apache.commons.jelly.tags.ant.AntTag - Could not convert tag: a into an Ant task, data type or property
2003-11-13 12:43:39,875 WARN  org.apache.commons.jelly.tags.ant.AntTag - Could not convert tag: td into an Ant task, data type or property
2003-11-13 12:43:39,875 WARN  org.apache.commons.jelly.tags.ant.AntTag - Could not convert tag: td into an Ant task, data type or property
2003-11-13 12:43:39,875 WARN  org.apache.commons.jelly.tags.ant.AntTag - Could not convert tag: td into an Ant task, data type or property
2003-11-13 12:43:39,875 WARN  org.apache.commons.jelly.tags.ant.AntTag - Could not convert tag: td into an Ant task, data type or property
2003-11-13 12:43:39,875 WARN  org.apache.commons.jelly.tags.ant.AntTag - Could not convert tag: td into an Ant task, data type or property
2003-11-13 12:43:39,875 WARN  org.apache.commons.jelly.tags.ant.AntTag - Could not convert tag: td into an Ant task, data type or property
2003-11-13 12:43:39,875 WARN  org.apache.commons.jelly.tags.ant.AntTag - Could not convert tag: td into an Ant task, data type or property
2003-11-13 12:43:39,875 WARN  org.apache.commons.jelly.tags.ant.AntTag - Could not convert tag: td into an Ant task, data type or property
2003-11-13 12:43:39,875 WARN  org.apache.commons.jelly.tags.ant.AntTag - Could not convert tag: tr into an Ant task, data type or property
2003-11-13 12:43:39,875 WARN  org.apache.commons.jelly.tags.ant.AntTag - Could not convert tag: td into an Ant task, data type or property
2003-11-13 12:43:39,875 WARN  org.apache.commons.jelly.tags.ant.AntTag - Could not convert tag: a into an Ant task, data type or property
2003-11-13 12:43:39,875 WARN  org.apache.commons.jelly.tags.ant.AntTag - Could not convert tag: td into an Ant task, data type or property
2003-11-13 12:43:39,875 WARN  org.apache.commons.jelly.tags.ant.AntTag - Could not convert tag: td into an Ant task, data type or property
2003-11-13 12:43:39,875 WARN  org.apache.commons.jelly.tags.ant.AntTag - Could not convert tag: td into an Ant task, data type or property
2003-11-13 12:43:39,875 WARN  org.apache.commons.jelly.tags.ant.AntTag - Could not convert tag: td into an Ant task, data type or property
2003-11-13 12:43:39,875 WARN  org.apache.commons.jelly.tags.ant.AntTag - Could not convert tag: td into an Ant task, data type or property
2003-11-13 12:43:39,875 WARN  org.apache.commons.jelly.tags.ant.AntTag - Could not convert tag: td into an Ant task, data type or property
2003-11-13 12:43:39,875 WARN  org.apache.commons.jelly.tags.ant.AntTag - Could not convert tag: td into an Ant task, data type or property
2003-11-13 12:43:39,875 WARN  org.apache.commons.jelly.tags.ant.AntTag - Could not convert tag: td into an Ant task, data type or property
2003-11-13 12:43:39,875 WARN  org.apache.commons.jelly.tags.ant.AntTag - Could not convert tag: tr into an Ant task, data type or property
2003-11-13 12:43:39,875 WARN  org.apache.commons.jelly.tags.ant.AntTag - Could not convert tag: td into an Ant task, data type or property
2003-11-13 12:43:39,875 WARN  org.apache.commons.jelly.tags.ant.AntTag - Could not convert tag: a into an Ant task, data type or property
2003-11-13 12:43:39,875 WARN  org.apache.commons.jelly.tags.ant.AntTag - Could not convert tag: td into an Ant task, data type or property
2003-11-13 12:43:39,875 WARN  org.apache.commons.jelly.tags.ant.AntTag - Could not convert tag: td into an Ant task, data type or property
2003-11-13 12:43:39,875 WARN  org.apache.commons.jelly.tags.ant.AntTag - Could not convert tag: td into an Ant task, data type or property
2003-11-13 12:43:39,875 WARN  org.apache.commons.jelly.tags.ant.AntTag - Could not convert tag: td into an Ant task, data type or property
2003-11-13 12:43:39,875 WARN  org.apache.commons.jelly.tags.ant.AntTag - Could not convert tag: td into an Ant task, data type or property
2003-11-13 12:43:39,875 WARN  org.apache.commons.jelly.tags.ant.AntTag - Could not convert tag: td into an Ant task, data type or property
2003-11-13 12:43:39,875 WARN  org.apache.commons.jelly.tags.ant.AntTag - Could not convert tag: td into an Ant task, data type or property
2003-11-13 12:43:39,875 WARN  org.apache.commons.jelly.tags.ant.AntTag - Could not convert tag: td into an Ant task, data type or property
2003-11-13 12:43:39,875 WARN  org.apache.commons.jelly.tags.ant.AntTag - Could not convert tag: tr into an Ant task, data type or property
2003-11-13 12:43:39,875 WARN  org.apache.commons.jelly.tags.ant.AntTag - Could not convert tag: td into an Ant task, data type or property
2003-11-13 12:43:39,875 WARN  org.apache.commons.jelly.tags.ant.AntTag - Could not convert tag: a into an Ant task, data type or property
2003-11-13 12:43:39,875 WARN  org.apache.commons.jelly.tags.ant.AntTag - Could not convert tag: td into an Ant task, data type or property
2003-11-13 12:43:39,875 WARN  org.apache.commons.jelly.tags.ant.AntTag - Could not convert tag: td into an Ant task, data type or property
2003-11-13 12:43:39,875 WARN  org.apache.commons.jelly.tags.ant.AntTag - Could not convert tag: td into an Ant task, data type or property
2003-11-13 12:43:39,875 WARN  org.apache.commons.jelly.tags.ant.AntTag - Could not convert tag: td into an Ant task, data type or property
2003-11-13 12:43:39,875 WARN  org.apache.commons.jelly.tags.ant.AntTag - Could not convert tag: td into an Ant task, data type or property
2003-11-13 12:43:39,875 WARN  org.apache.commons.jelly.tags.ant.AntTag - Could not convert tag: td into an Ant task, data type or property
2003-11-13 12:43:39,890 WARN  org.apache.commons.jelly.tags.ant.AntTag - Could not convert tag: td into an Ant task, data type or property
2003-11-13 12:43:39,890 WARN  org.apache.commons.jelly.tags.ant.AntTag - Could not convert tag: td into an Ant task, data type or property
2003-11-13 12:43:39,890 WARN  org.apache.commons.jelly.tags.ant.AntTag - Could not convert tag: tr into an Ant task, data type or property
2003-11-13 12:43:39,890 WARN  org.apache.commons.jelly.tags.ant.AntTag - Could not convert tag: td into an Ant task, data type or property
2003-11-13 12:43:39,890 WARN  org.apache.commons.jelly.tags.ant.AntTag - Could not convert tag: a into an Ant task, data type or property
2003-11-13 12:43:39,890 WARN  org.apache.commons.jelly.tags.ant.AntTag - Could not convert tag: td into an Ant task, data type or property
2003-11-13 12:43:39,890 WARN  org.apache.commons.jelly.tags.ant.AntTag - Could not convert tag: td into an Ant task, data type or property
2003-11-13 12:43:39,890 WARN  org.apache.commons.jelly.tags.ant.AntTag - Could not convert tag: td into an Ant task, data type or property
2003-11-13 12:43:39,890 WARN  org.apache.commons.jelly.tags.ant.AntTag - Could not convert tag: td into an Ant task, data type or property
2003-11-13 12:43:39,890 WARN  org.apache.commons.jelly.tags.ant.AntTag - Could not convert tag: td into an Ant task, data type or property
2003-11-13 12:43:39,890 WARN  org.apache.commons.jelly.tags.ant.AntTag - Could not convert tag: td into an Ant task, data type or property
2003-11-13 12:43:39,890 WARN  org.apache.commons.jelly.tags.ant.AntTag - Could not convert tag: td into an Ant task, data type or property
2003-11-13 12:43:39,890 WARN  org.apache.commons.jelly.tags.ant.AntTag - Could not convert tag: td into an Ant task, data type or property
2003-11-13 12:43:39,890 WARN  org.apache.commons.jelly.tags.ant.AntTag - Could not convert tag: tr into an Ant task, data type or property
2003-11-13 12:43:39,890 WARN  org.apache.commons.jelly.tags.ant.AntTag - Could not convert tag: td into an Ant task, data type or property
2003-11-13 12:43:39,890 WARN  org.apache.commons.jelly.tags.ant.AntTag - Could not convert tag: a into an Ant task, data type or property
2003-11-13 12:43:39,890 WARN  org.apache.commons.jelly.tags.ant.AntTag - Could not convert tag: td into an Ant task, data type or property
2003-11-13 12:43:39,890 WARN  org.apache.commons.jelly.tags.ant.AntTag - Could not convert tag: td into an Ant task, data type or property
2003-11-13 12:43:39,890 WARN  org.apache.commons.jelly.tags.ant.AntTag - Could not convert tag: td into an Ant task, data type or property
2003-11-13 12:43:39,890 WARN  org.apache.commons.jelly.tags.ant.AntTag - Could not convert tag: td into an Ant task, data type or property
2003-11-13 12:43:39,890 WARN  org.apache.commons.jelly.tags.ant.AntTag - Could not convert tag: td into an Ant task, data type or property
2003-11-13 12:43:39,890 WARN  org.apache.commons.jelly.tags.ant.AntTag - Could not convert tag: td into an Ant task, data type or property
2003-11-13 12:43:39,890 WARN  org.apache.commons.jelly.tags.ant.AntTag - Could not convert tag: td into an Ant task, data type or property
2003-11-13 12:43:39,890 WARN  org.apache.commons.jelly.tags.ant.AntTag - Could not convert tag: td into an Ant task, data type or property
2003-11-13 12:43:39,890 WARN  org.apache.commons.jelly.tags.ant.AntTag - Could not convert tag: tr into an Ant task, data type or property
2003-11-13 12:43:39,890 WARN  org.apache.commons.jelly.tags.ant.AntTag - Could not convert tag: td into an Ant task, data type or property
2003-11-13 12:43:39,890 WARN  org.apache.commons.jelly.tags.ant.AntTag - Could not convert tag: a into an Ant task, data type or property
2003-11-13 12:43:39,890 WARN  org.apache.commons.jelly.tags.ant.AntTag - Could not convert tag: td into an Ant task, data type or property
2003-11-13 12:43:39,890 WARN  org.apache.commons.jelly.tags.ant.AntTag - Could not convert tag: td into an Ant task, data type or property
2003-11-13 12:43:39,890 WARN  org.apache.commons.jelly.tags.ant.AntTag - Could not convert tag: td into an Ant task, data type or property
2003-11-13 12:43:39,890 WARN  org.apache.commons.jelly.tags.ant.AntTag - Could not convert tag: td into an Ant task, data type or property
2003-11-13 12:43:39,890 WARN  org.apache.commons.jelly.tags.ant.AntTag - Could not convert tag: td into an Ant task, data type or property
2003-11-13 12:43:39,890 WARN  org.apache.commons.jelly.tags.ant.AntTag - Could not convert tag: td into an Ant task, data type or property
2003-11-13 12:43:39,890 WARN  org.apache.commons.jelly.tags.ant.AntTag - Could not convert tag: td into an Ant task, data type or property
2003-11-13 12:43:39,890 WARN  org.apache.commons.jelly.tags.ant.AntTag - Could not convert tag: td into an Ant task, data type or property
2003-11-13 12:43:39,890 WARN  org.apache.commons.jelly.tags.ant.AntTag - Could not convert tag: tr into an Ant task, data type or property
2003-11-13 12:43:39,890 WARN  org.apache.commons.jelly.tags.ant.AntTag - Could not convert tag: td into an Ant task, data type or property
2003-11-13 12:43:39,890 WARN  org.apache.commons.jelly.tags.ant.AntTag - Could not convert tag: a into an Ant task, data type or property
2003-11-13 12:43:39,890 WARN  org.apache.commons.jelly.tags.ant.AntTag - Could not convert tag: td into an Ant task, data type or property
2003-11-13 12:43:39,890 WARN  org.apache.commons.jelly.tags.ant.AntTag - Could not convert tag: td into an Ant task, data type or property
2003-11-13 12:43:39,890 WARN  org.apache.commons.jelly.tags.ant.AntTag - Could not convert tag: td into an Ant task, data type or property
2003-11-13 12:43:39,890 WARN  org.apache.commons.jelly.tags.ant.AntTag - Could not convert tag: td into an Ant task, data type or property
2003-11-13 12:43:39,890 WARN  org.apache.commons.jelly.tags.ant.AntTag - Could not convert tag: td into an Ant task, data type or property
2003-11-13 12:43:39,890 WARN  org.apache.commons.jelly.tags.ant.AntTag - Could not convert tag: td into an Ant task, data type or property
2003-11-13 12:43:39,890 WARN  org.apache.commons.jelly.tags.ant.AntTag - Could not convert tag: td into an Ant task, data type or property
2003-11-13 12:43:39,890 WARN  org.apache.commons.jelly.tags.ant.AntTag - Could not convert tag: td into an Ant task, data type or property
2003-11-13 12:43:39,906 WARN  org.apache.commons.jelly.tags.ant.AntTag - Could not convert tag: tr into an Ant task, data type or property
2003-11-13 12:43:39,906 WARN  org.apache.commons.jelly.tags.ant.AntTag - Could not convert tag: td into an Ant task, data type or property
2003-11-13 12:43:39,906 WARN  org.apache.commons.jelly.tags.ant.AntTag - Could not convert tag: a into an Ant task, data type or property
2003-11-13 12:43:39,906 WARN  org.apache.commons.jelly.tags.ant.AntTag - Could not convert tag: td into an Ant task, data type or property
2003-11-13 12:43:39,906 WARN  org.apache.commons.jelly.tags.ant.AntTag - Could not convert tag: td into an Ant task, data type or property
2003-11-13 12:43:39,906 WARN  org.apache.commons.jelly.tags.ant.AntTag - Could not convert tag: td into an Ant task, data type or property
2003-11-13 12:43:39,906 WARN  org.apache.commons.jelly.tags.ant.AntTag - Could not convert tag: td into an Ant task, data type or property
2003-11-13 12:43:39,906 WARN  org.apache.commons.jelly.tags.ant.AntTag - Could not convert tag: td into an Ant task, data type or property
2003-11-13 12:43:39,906 WARN  org.apache.commons.jelly.tags.ant.AntTag - Could not convert tag: td into an Ant task, data type or property
2003-11-13 12:43:39,906 WARN  org.apache.commons.jelly.tags.ant.AntTag - Could not convert tag: td into an Ant task, data type or property
2003-11-13 12:43:39,906 WARN  org.apache.commons.jelly.tags.ant.AntTag - Could not convert tag: td into an Ant task, data type or property
2003-11-13 12:43:39,906 WARN  org.apache.commons.jelly.tags.ant.AntTag - Could not convert tag: tr into an Ant task, data type or property
2003-11-13 12:43:39,906 WARN  org.apache.commons.jelly.tags.ant.AntTag - Could not convert tag: td into an Ant task, data type or property
2003-11-13 12:43:39,906 WARN  org.apache.commons.jelly.tags.ant.AntTag - Could not convert tag: a into an Ant task, data type or property
2003-11-13 12:43:39,906 WARN  org.apache.commons.jelly.tags.ant.AntTag - Could not convert tag: td into an Ant task, data type or property
2003-11-13 12:43:39,906 WARN  org.apache.commons.jelly.tags.ant.AntTag - Could not convert tag: td into an Ant task, data type or property
2003-11-13 12:43:39,906 WARN  org.apache.commons.jelly.tags.ant.AntTag - Could not convert tag: td into an Ant task, data type or property
2003-11-13 12:43:39,906 WARN  org.apache.commons.jelly.tags.ant.AntTag - Could not convert tag: td into an Ant task, data type or property
2003-11-13 12:43:39,906 WARN  org.apache.commons.jelly.tags.ant.AntTag - Could not convert tag: td into an Ant task, data type or property
2003-11-13 12:43:39,906 WARN  org.apache.commons.jelly.tags.ant.AntTag - Could not convert tag: td into an Ant task, data type or property
2003-11-13 12:43:39,906 WARN  org.apache.commons.jelly.tags.ant.AntTag - Could not convert tag: td into an Ant task, data type or property
2003-11-13 12:43:39,906 WARN  org.apache.commons.jelly.tags.ant.AntTag - Could not convert tag: td into an Ant task, data type or property
2003-11-13 12:43:39,906 WARN  org.apache.commons.jelly.tags.ant.AntTag - Could not convert tag: tr into an Ant task, data type or property
2003-11-13 12:43:39,906 WARN  org.apache.commons.jelly.tags.ant.AntTag - Could not convert tag: td into an Ant task, data type or property
2003-11-13 12:43:39,906 WARN  org.apache.commons.jelly.tags.ant.AntTag - Could not convert tag: a into an Ant task, data type or property
2003-11-13 12:43:39,906 WARN  org.apache.commons.jelly.tags.ant.AntTag - Could not convert tag: td into an Ant task, data type or property
2003-11-13 12:43:39,906 WARN  org.apache.commons.jelly.tags.ant.AntTag - Could not convert tag: td into an Ant task, data type or property
2003-11-13 12:43:39,906 WARN  org.apache.commons.jelly.tags.ant.AntTag - Could not convert tag: td into an Ant task, data type or property
2003-11-13 12:43:39,906 WARN  org.apache.commons.jelly.tags.ant.AntTag - Could not convert tag: td into an Ant task, data type or property
2003-11-13 12:43:39,906 WARN  org.apache.commons.jelly.tags.ant.AntTag - Could not convert tag: td into an Ant task, data type or property
2003-11-13 12:43:39,906 WARN  org.apache.commons.jelly.tags.ant.AntTag - Could not convert tag: td into an Ant task, data type or property
2003-11-13 12:43:39,906 WARN  org.apache.commons.jelly.tags.ant.AntTag - Could not convert tag: td into an Ant task, data type or property
2003-11-13 12:43:39,906 WARN  org.apache.commons.jelly.tags.ant.AntTag - Could not convert tag: td into an Ant task, data type or property
2003-11-13 12:43:39,906 WARN  org.apache.commons.jelly.tags.ant.AntTag - Could not convert tag: tr into an Ant task, data type or property
2003-11-13 12:43:39,906 WARN  org.apache.commons.jelly.tags.ant.AntTag - Could not convert tag: td into an Ant task, data type or property
2003-11-13 12:43:39,906 WARN  org.apache.commons.jelly.tags.ant.AntTag - Could not convert tag: a into an Ant task, data type or property
2003-11-13 12:43:39,906 WARN  org.apache.commons.jelly.tags.ant.AntTag - Could not convert tag: td into an Ant task, data type or property
2003-11-13 12:43:39,906 WARN  org.apache.commons.jelly.tags.ant.AntTag - Could not convert tag: td into an Ant task, data type or property
2003-11-13 12:43:39,906 WARN  org.apache.commons.jelly.tags.ant.AntTag - Could not convert tag: td into an Ant task, data type or property
2003-11-13 12:43:39,906 WARN  org.apache.commons.jelly.tags.ant.AntTag - Could not convert tag: td into an Ant task, data type or property
2003-11-13 12:43:39,906 WARN  org.apache.commons.jelly.tags.ant.AntTag - Could not convert tag: td into an Ant task, data type or property
2003-11-13 12:43:39,906 WARN  org.apache.commons.jelly.tags.ant.AntTag - Could not convert tag: td into an Ant task, data type or property
2003-11-13 12:43:39,906 WARN  org.apache.commons.jelly.tags.ant.AntTag - Could not convert tag: td into an Ant task, data type or property
2003-11-13 12:43:39,906 WARN  org.apache.commons.jelly.tags.ant.AntTag - Could not convert tag: td into an Ant task, data type or property
2003-11-13 12:43:39,921 WARN  org.apache.commons.jelly.tags.ant.AntTag - Could not convert tag: tr into an Ant task, data type or property
2003-11-13 12:43:39,921 WARN  org.apache.commons.jelly.tags.ant.AntTag - Could not convert tag: td into an Ant task, data type or property
2003-11-13 12:43:39,921 WARN  org.apache.commons.jelly.tags.ant.AntTag - Could not convert tag: a into an Ant task, data type or property
2003-11-13 12:43:39,921 WARN  org.apache.commons.jelly.tags.ant.AntTag - Could not convert tag: td into an Ant task, data type or property
2003-11-13 12:43:39,921 WARN  org.apache.commons.jelly.tags.ant.AntTag - Could not convert tag: td into an Ant task, data type or property
2003-11-13 12:43:39,921 WARN  org.apache.commons.jelly.tags.ant.AntTag - Could not convert tag: td into an Ant task, data type or property
2003-11-13 12:43:39,921 WARN  org.apache.commons.jelly.tags.ant.AntTag - Could not convert tag: td into an Ant task, data type or property
2003-11-13 12:43:39,921 WARN  org.apache.commons.jelly.tags.ant.AntTag - Could not convert tag: td into an Ant task, data type or property
2003-11-13 12:43:39,921 WARN  org.apache.commons.jelly.tags.ant.AntTag - Could not convert tag: td into an Ant task, data type or property
2003-11-13 12:43:39,921 WARN  org.apache.commons.jelly.tags.ant.AntTag - Could not convert tag: td into an Ant task, data type or property
2003-11-13 12:43:39,921 WARN  org.apache.commons.jelly.tags.ant.AntTag - Could not convert tag: td into an Ant task, data type or property
2003-11-13 12:43:39,921 WARN  org.apache.commons.jelly.tags.ant.AntTag - Could not convert tag: tr into an Ant task, data type or property
2003-11-13 12:43:39,921 WARN  org.apache.commons.jelly.tags.ant.AntTag - Could not convert tag: td into an Ant task, data type or property
2003-11-13 12:43:39,921 WARN  org.apache.commons.jelly.tags.ant.AntTag - Could not convert tag: a into an Ant task, data type or property
2003-11-13 12:43:39,921 WARN  org.apache.commons.jelly.tags.ant.AntTag - Could not convert tag: td into an Ant task, data type or property
2003-11-13 12:43:39,921 WARN  org.apache.commons.jelly.tags.ant.AntTag - Could not convert tag: td into an Ant task, data type or property
2003-11-13 12:43:39,921 WARN  org.apache.commons.jelly.tags.ant.AntTag - Could not convert tag: td into an Ant task, data type or property
2003-11-13 12:43:39,921 WARN  org.apache.commons.jelly.tags.ant.AntTag - Could not convert tag: td into an Ant task, data type or property
2003-11-13 12:43:39,921 WARN  org.apache.commons.jelly.tags.ant.AntTag - Could not convert tag: td into an Ant task, data type or property
2003-11-13 12:43:39,921 WARN  org.apache.commons.jelly.tags.ant.AntTag - Could not convert tag: td into an Ant task, data type or property
2003-11-13 12:43:39,921 WARN  org.apache.commons.jelly.tags.ant.AntTag - Could not convert tag: td into an Ant task, data type or property
2003-11-13 12:43:39,921 WARN  org.apache.commons.jelly.tags.ant.AntTag - Could not convert tag: td into an Ant task, data type or property
2003-11-13 12:43:39,921 WARN  org.apache.commons.jelly.tags.ant.AntTag - Could not convert tag: tr into an Ant task, data type or property
2003-11-13 12:43:39,921 WARN  org.apache.commons.jelly.tags.ant.AntTag - Could not convert tag: td into an Ant task, data type or property
2003-11-13 12:43:39,921 WARN  org.apache.commons.jelly.tags.ant.AntTag - Could not convert tag: a into an Ant task, data type or property
2003-11-13 12:43:39,921 WARN  org.apache.commons.jelly.tags.ant.AntTag - Could not convert tag: td into an Ant task, data type or property
2003-11-13 12:43:39,921 WARN  org.apache.commons.jelly.tags.ant.AntTag - Could not convert tag: td into an Ant task, data type or property
2003-11-13 12:43:39,921 WARN  org.apache.commons.jelly.tags.ant.AntTag - Could not convert tag: td into an Ant task, data type or property
2003-11-13 12:43:39,921 WARN  org.apache.commons.jelly.tags.ant.AntTag - Could not convert tag: td into an Ant task, data type or property
2003-11-13 12:43:39,921 WARN  org.apache.commons.jelly.tags.ant.AntTag - Could not convert tag: td into an Ant task, data type or property
2003-11-13 12:43:39,921 WARN  org.apache.commons.jelly.tags.ant.AntTag - Could not convert tag: td into an Ant task, data type or property
2003-11-13 12:43:39,921 WARN  org.apache.commons.jelly.tags.ant.AntTag - Could not convert tag: td into an Ant task, data type or property
2003-11-13 12:43:39,921 WARN  org.apache.commons.jelly.tags.ant.AntTag - Could not convert tag: td into an Ant task, data type or property
2003-11-13 12:43:39,921 WARN  org.apache.commons.jelly.tags.ant.AntTag - Could not convert tag: tr into an Ant task, data type or property
2003-11-13 12:43:39,921 WARN  org.apache.commons.jelly.tags.ant.AntTag - Could not convert tag: td into an Ant task, data type or property
2003-11-13 12:43:39,921 WARN  org.apache.commons.jelly.tags.ant.AntTag - Could not convert tag: a into an Ant task, data type or property
2003-11-13 12:43:39,921 WARN  org.apache.commons.jelly.tags.ant.AntTag - Could not convert tag: td into an Ant task, data type or property
2003-11-13 12:43:39,921 WARN  org.apache.commons.jelly.tags.ant.AntTag - Could not convert tag: td into an Ant task, data type or property
2003-11-13 12:43:39,921 WARN  org.apache.commons.jelly.tags.ant.AntTag - Could not convert tag: td into an Ant task, data type or property
2003-11-13 12:43:39,921 WARN  org.apache.commons.jelly.tags.ant.AntTag - Could not convert tag: td into an Ant task, data type or property
2003-11-13 12:43:39,921 WARN  org.apache.commons.jelly.tags.ant.AntTag - Could not convert tag: td into an Ant task, data type or property
2003-11-13 12:43:39,921 WARN  org.apache.commons.jelly.tags.ant.AntTag - Could not convert tag: td into an Ant task, data type or property
2003-11-13 12:43:39,937 WARN  org.apache.commons.jelly.tags.ant.AntTag - Could not convert tag: td into an Ant task, data type or property
2003-11-13 12:43:39,937 WARN  org.apache.commons.jelly.tags.ant.AntTag - Could not convert tag: td into an Ant task, data type or property
2003-11-13 12:43:39,937 WARN  org.apache.commons.jelly.tags.ant.AntTag - Could not convert tag: tr into an Ant task, data type or property
2003-11-13 12:43:39,937 WARN  org.apache.commons.jelly.tags.ant.AntTag - Could not convert tag: td into an Ant task, data type or property
2003-11-13 12:43:39,937 WARN  org.apache.commons.jelly.tags.ant.AntTag - Could not convert tag: a into an Ant task, data type or property
2003-11-13 12:43:39,937 WARN  org.apache.commons.jelly.tags.ant.AntTag - Could not convert tag: td into an Ant task, data type or property
2003-11-13 12:43:39,937 WARN  org.apache.commons.jelly.tags.ant.AntTag - Could not convert tag: td into an Ant task, data type or property
2003-11-13 12:43:39,937 WARN  org.apache.commons.jelly.tags.ant.AntTag - Could not convert tag: td into an Ant task, data type or property
2003-11-13 12:43:39,937 WARN  org.apache.commons.jelly.tags.ant.AntTag - Could not convert tag: td into an Ant task, data type or property
2003-11-13 12:43:39,937 WARN  org.apache.commons.jelly.tags.ant.AntTag - Could not convert tag: td into an Ant task, data type or property
2003-11-13 12:43:39,937 WARN  org.apache.commons.jelly.tags.ant.AntTag - Could not convert tag: td into an Ant task, data type or property
2003-11-13 12:43:39,937 WARN  org.apache.commons.jelly.tags.ant.AntTag - Could not convert tag: td into an Ant task, data type or property
2003-11-13 12:43:39,937 WARN  org.apache.commons.jelly.tags.ant.AntTag - Could not convert tag: td into an Ant task, data type or property
2003-11-13 12:43:39,937 WARN  org.apache.commons.jelly.tags.ant.AntTag - Could not convert tag: tr into an Ant task, data type or property
2003-11-13 12:43:39,937 WARN  org.apache.commons.jelly.tags.ant.AntTag - Could not convert tag: td into an Ant task, data type or property
2003-11-13 12:43:39,937 WARN  org.apache.commons.jelly.tags.ant.AntTag - Could not convert tag: a into an Ant task, data type or property
2003-11-13 12:43:39,937 WARN  org.apache.commons.jelly.tags.ant.AntTag - Could not convert tag: td into an Ant task, data type or property
2003-11-13 12:43:39,937 WARN  org.apache.commons.jelly.tags.ant.AntTag - Could not convert tag: td into an Ant task, data type or property
2003-11-13 12:43:39,937 WARN  org.apache.commons.jelly.tags.ant.AntTag - Could not convert tag: td into an Ant task, data type or property
2003-11-13 12:43:39,937 WARN  org.apache.commons.jelly.tags.ant.AntTag - Could not convert tag: td into an Ant task, data type or property
2003-11-13 12:43:39,937 WARN  org.apache.commons.jelly.tags.ant.AntTag - Could not convert tag: td into an Ant task, data type or property
2003-11-13 12:43:39,937 WARN  org.apache.commons.jelly.tags.ant.AntTag - Could not convert tag: td into an Ant task, data type or property
2003-11-13 12:43:39,937 WARN  org.apache.commons.jelly.tags.ant.AntTag - Could not convert tag: td into an Ant task, data type or property
2003-11-13 12:43:39,953 WARN  org.apache.commons.jelly.tags.ant.AntTag - Could not convert tag: td into an Ant task, data type or property
2003-11-13 12:43:39,953 WARN  org.apache.commons.jelly.tags.ant.AntTag - Could not convert tag: tr into an Ant task, data type or property
2003-11-13 12:43:39,953 WARN  org.apache.commons.jelly.tags.ant.AntTag - Could not convert tag: td into an Ant task, data type or property
2003-11-13 12:43:39,953 WARN  org.apache.commons.jelly.tags.ant.AntTag - Could not convert tag: a into an Ant task, data type or property
2003-11-13 12:43:39,953 WARN  org.apache.commons.jelly.tags.ant.AntTag - Could not convert tag: td into an Ant task, data type or property
2003-11-13 12:43:39,953 WARN  org.apache.commons.jelly.tags.ant.AntTag - Could not convert tag: td into an Ant task, data type or property
2003-11-13 12:43:39,953 WARN  org.apache.commons.jelly.tags.ant.AntTag - Could not convert tag: td into an Ant task, data type or property
2003-11-13 12:43:39,953 WARN  org.apache.commons.jelly.tags.ant.AntTag - Could not convert tag: td into an Ant task, data type or property
2003-11-13 12:43:39,953 WARN  org.apache.commons.jelly.tags.ant.AntTag - Could not convert tag: td into an Ant task, data type or property
2003-11-13 12:43:39,953 WARN  org.apache.commons.jelly.tags.ant.AntTag - Could not convert tag: td into an Ant task, data type or property
2003-11-13 12:43:39,953 WARN  org.apache.commons.jelly.tags.ant.AntTag - Could not convert tag: td into an Ant task, data type or property
2003-11-13 12:43:39,953 WARN  org.apache.commons.jelly.tags.ant.AntTag - Could not convert tag: td into an Ant task, data type or property
2003-11-13 12:43:39,953 WARN  org.apache.commons.jelly.tags.ant.AntTag - Could not convert tag: tr into an Ant task, data type or property
2003-11-13 12:43:39,953 WARN  org.apache.commons.jelly.tags.ant.AntTag - Could not convert tag: td into an Ant task, data type or property
2003-11-13 12:43:39,953 WARN  org.apache.commons.jelly.tags.ant.AntTag - Could not convert tag: a into an Ant task, data type or property
2003-11-13 12:43:39,953 WARN  org.apache.commons.jelly.tags.ant.AntTag - Could not convert tag: td into an Ant task, data type or property
2003-11-13 12:43:39,953 WARN  org.apache.commons.jelly.tags.ant.AntTag - Could not convert tag: td into an Ant task, data type or property
2003-11-13 12:43:39,953 WARN  org.apache.commons.jelly.tags.ant.AntTag - Could not convert tag: td into an Ant task, data type or property
2003-11-13 12:43:39,953 WARN  org.apache.commons.jelly.tags.ant.AntTag - Could not convert tag: td into an Ant task, data type or property
2003-11-13 12:43:39,953 WARN  org.apache.commons.jelly.tags.ant.AntTag - Could not convert tag: td into an Ant task, data type or property
2003-11-13 12:43:39,953 WARN  org.apache.commons.jelly.tags.ant.AntTag - Could not convert tag: td into an Ant task, data type or property
2003-11-13 12:43:39,953 WARN  org.apache.commons.jelly.tags.ant.AntTag - Could not convert tag: td into an Ant task, data type or property
2003-11-13 12:43:39,953 WARN  org.apache.commons.jelly.tags.ant.AntTag - Could not convert tag: td into an Ant task, data type or property
2003-11-13 12:43:39,953 WARN  org.apache.commons.jelly.tags.ant.AntTag - Could not convert tag: tr into an Ant task, data type or property
2003-11-13 12:43:39,953 WARN  org.apache.commons.jelly.tags.ant.AntTag - Could not convert tag: td into an Ant task, data type or property
2003-11-13 12:43:39,953 WARN  org.apache.commons.jelly.tags.ant.AntTag - Could not convert tag: a into an Ant task, data type or property
2003-11-13 12:43:39,953 WARN  org.apache.commons.jelly.tags.ant.AntTag - Could not convert tag: td into an Ant task, data type or property
2003-11-13 12:43:39,953 WARN  org.apache.commons.jelly.tags.ant.AntTag - Could not convert tag: td into an Ant task, data type or property
2003-11-13 12:43:39,953 WARN  org.apache.commons.jelly.tags.ant.AntTag - Could not convert tag: td into an Ant task, data type or property
2003-11-13 12:43:39,953 WARN  org.apache.commons.jelly.tags.ant.AntTag - Could not convert tag: td into an Ant task, data type or property
2003-11-13 12:43:39,953 WARN  org.apache.commons.jelly.tags.ant.AntTag - Could not convert tag: td into an Ant task, data type or property
2003-11-13 12:43:39,953 WARN  org.apache.commons.jelly.tags.ant.AntTag - Could not convert tag: td into an Ant task, data type or property
2003-11-13 12:43:39,953 WARN  org.apache.commons.jelly.tags.ant.AntTag - Could not convert tag: td into an Ant task, data type or property
2003-11-13 12:43:39,953 WARN  org.apache.commons.jelly.tags.ant.AntTag - Could not convert tag: td into an Ant task, data type or property
2003-11-13 12:43:39,953 WARN  org.apache.commons.jelly.tags.ant.AntTag - Could not convert tag: tr into an Ant task, data type or property
2003-11-13 12:43:39,953 WARN  org.apache.commons.jelly.tags.ant.AntTag - Could not convert tag: td into an Ant task, data type or property
2003-11-13 12:43:39,953 WARN  org.apache.commons.jelly.tags.ant.AntTag - Could not convert tag: a into an Ant task, data type or property
2003-11-13 12:43:39,953 WARN  org.apache.commons.jelly.tags.ant.AntTag - Could not convert tag: td into an Ant task, data type or property
2003-11-13 12:43:39,953 WARN  org.apache.commons.jelly.tags.ant.AntTag - Could not convert tag: td into an Ant task, data type or property
2003-11-13 12:43:39,953 WARN  org.apache.commons.jelly.tags.ant.AntTag - Could not convert tag: td into an Ant task, data type or property
2003-11-13 12:43:39,953 WARN  org.apache.commons.jelly.tags.ant.AntTag - Could not convert tag: td into an Ant task, data type or property
2003-11-13 12:43:39,953 WARN  org.apache.commons.jelly.tags.ant.AntTag - Could not convert tag: td into an Ant task, data type or property
2003-11-13 12:43:39,953 WARN  org.apache.commons.jelly.tags.ant.AntTag - Could not convert tag: td into an Ant task, data type or property
2003-11-13 12:43:39,953 WARN  org.apache.commons.jelly.tags.ant.AntTag - Could not convert tag: td into an Ant task, data type or property
2003-11-13 12:43:39,953 WARN  org.apache.commons.jelly.tags.ant.AntTag - Could not convert tag: td into an Ant task, data type or property
2003-11-13 12:43:39,953 WARN  org.apache.commons.jelly.tags.ant.AntTag - Could not convert tag: tr into an Ant task, data type or property
2003-11-13 12:43:39,953 WARN  org.apache.commons.jelly.tags.ant.AntTag - Could not convert tag: td into an Ant task, data type or property
2003-11-13 12:43:39,953 WARN  org.apache.commons.jelly.tags.ant.AntTag - Could not convert tag: a into an Ant task, data type or property
2003-11-13 12:43:39,953 WARN  org.apache.commons.jelly.tags.ant.AntTag - Could not convert tag: td into an Ant task, data type or property
2003-11-13 12:43:39,953 WARN  org.apache.commons.jelly.tags.ant.AntTag - Could not convert tag: td into an Ant task, data type or property
2003-11-13 12:43:39,953 WARN  org.apache.commons.jelly.tags.ant.AntTag - Could not convert tag: td into an Ant task, data type or property
2003-11-13 12:43:39,953 WARN  org.apache.commons.jelly.tags.ant.AntTag - Could not convert tag: td into an Ant task, data type or property
2003-11-13 12:43:39,968 WARN  org.apache.commons.jelly.tags.ant.AntTag - Could not convert tag: td into an Ant task, data type or property
2003-11-13 12:43:39,968 WARN  org.apache.commons.jelly.tags.ant.AntTag - Could not convert tag: td into an Ant task, data type or property
2003-11-13 12:43:39,968 WARN  org.apache.commons.jelly.tags.ant.AntTag - Could not convert tag: td into an Ant task, data type or property
2003-11-13 12:43:39,968 WARN  org.apache.commons.jelly.tags.ant.AntTag - Could not convert tag: td into an Ant task, data type or property
2003-11-13 12:43:39,968 WARN  org.apache.commons.jelly.tags.ant.AntTag - Could not convert tag: tr into an Ant task, data type or property
2003-11-13 12:43:39,968 WARN  org.apache.commons.jelly.tags.ant.AntTag - Could not convert tag: td into an Ant task, data type or property
2003-11-13 12:43:39,968 WARN  org.apache.commons.jelly.tags.ant.AntTag - Could not convert tag: a into an Ant task, data type or property
2003-11-13 12:43:39,968 WARN  org.apache.commons.jelly.tags.ant.AntTag - Could not convert tag: td into an Ant task, data type or property
2003-11-13 12:43:39,968 WARN  org.apache.commons.jelly.tags.ant.AntTag - Could not convert tag: td into an Ant task, data type or property
2003-11-13 12:43:39,968 WARN  org.apache.commons.jelly.tags.ant.AntTag - Could not convert tag: td into an Ant task, data type or property
2003-11-13 12:43:39,968 WARN  org.apache.commons.jelly.tags.ant.AntTag - Could not convert tag: td into an Ant task, data type or property
2003-11-13 12:43:39,968 WARN  org.apache.commons.jelly.tags.ant.AntTag - Could not convert tag: td into an Ant task, data type or property
2003-11-13 12:43:39,968 WARN  org.apache.commons.jelly.tags.ant.AntTag - Could not convert tag: td into an Ant task, data type or property
2003-11-13 12:43:39,968 WARN  org.apache.commons.jelly.tags.ant.AntTag - Could not convert tag: td into an Ant task, data type or property
2003-11-13 12:43:39,968 WARN  org.apache.commons.jelly.tags.ant.AntTag - Could not convert tag: td into an Ant task, data type or property
2003-11-13 12:43:39,968 WARN  org.apache.commons.jelly.tags.ant.AntTag - Could not convert tag: tr into an Ant task, data type or property
2003-11-13 12:43:39,968 WARN  org.apache.commons.jelly.tags.ant.AntTag - Could not convert tag: td into an Ant task, data type or property
2003-11-13 12:43:39,968 WARN  org.apache.commons.jelly.tags.ant.AntTag - Could not convert tag: a into an Ant task, data type or property
2003-11-13 12:43:39,968 WARN  org.apache.commons.jelly.tags.ant.AntTag - Could not convert tag: td into an Ant task, data type or property
2003-11-13 12:43:39,968 WARN  org.apache.commons.jelly.tags.ant.AntTag - Could not convert tag: td into an Ant task, data type or property
2003-11-13 12:43:39,968 WARN  org.apache.commons.jelly.tags.ant.AntTag - Could not convert tag: td into an Ant task, data type or property
2003-11-13 12:43:39,968 WARN  org.apache.commons.jelly.tags.ant.AntTag - Could not convert tag: td into an Ant task, data type or property
2003-11-13 12:43:39,968 WARN  org.apache.commons.jelly.tags.ant.AntTag - Could not convert tag: td into an Ant task, data type or property
2003-11-13 12:43:39,968 WARN  org.apache.commons.jelly.tags.ant.AntTag - Could not convert tag: td into an Ant task, data type or property
2003-11-13 12:43:39,968 WARN  org.apache.commons.jelly.tags.ant.AntTag - Could not convert tag: td into an Ant task, data type or property
2003-11-13 12:43:39,968 WARN  org.apache.commons.jelly.tags.ant.AntTag - Could not convert tag: td into an Ant task, data type or property
2003-11-13 12:43:39,968 WARN  org.apache.commons.jelly.tags.ant.AntTag - Could not convert tag: tr into an Ant task, data type or property
2003-11-13 12:43:39,968 WARN  org.apache.commons.jelly.tags.ant.AntTag - Could not convert tag: td into an Ant task, data type or property
2003-11-13 12:43:39,968 WARN  org.apache.commons.jelly.tags.ant.AntTag - Could not convert tag: a into an Ant task, data type or property
2003-11-13 12:43:39,968 WARN  org.apache.commons.jelly.tags.ant.AntTag - Could not convert tag: td into an Ant task, data type or property
2003-11-13 12:43:39,968 WARN  org.apache.commons.jelly.tags.ant.AntTag - Could not convert tag: td into an Ant task, data type or property
2003-11-13 12:43:39,968 WARN  org.apache.commons.jelly.tags.ant.AntTag - Could not convert tag: td into an Ant task, data type or property
2003-11-13 12:43:39,968 WARN  org.apache.commons.jelly.tags.ant.AntTag - Could not convert tag: td into an Ant task, data type or property
2003-11-13 12:43:39,968 WARN  org.apache.commons.jelly.tags.ant.AntTag - Could not convert tag: td into an Ant task, data type or property
2003-11-13 12:43:39,968 WARN  org.apache.commons.jelly.tags.ant.AntTag - Could not convert tag: td into an Ant task, data type or property
2003-11-13 12:43:39,968 WARN  org.apache.commons.jelly.tags.ant.AntTag - Could not convert tag: td into an Ant task, data type or property
2003-11-13 12:43:39,968 WARN  org.apache.commons.jelly.tags.ant.AntTag - Could not convert tag: td into an Ant task, data type or property
2003-11-13 12:43:39,968 WARN  org.apache.commons.jelly.tags.ant.AntTag - Could not convert tag: tr into an Ant task, data type or property
2003-11-13 12:43:39,968 WARN  org.apache.commons.jelly.tags.ant.AntTag - Could not convert tag: td into an Ant task, data type or property
2003-11-13 12:43:39,968 WARN  org.apache.commons.jelly.tags.ant.AntTag - Could not convert tag: a into an Ant task, data type or property
2003-11-13 12:43:39,968 WARN  org.apache.commons.jelly.tags.ant.AntTag - Could not convert tag: td into an Ant task, data type or property
2003-11-13 12:43:39,968 WARN  org.apache.commons.jelly.tags.ant.AntTag - Could not convert tag: td into an Ant task, data type or property
2003-11-13 12:43:39,968 WARN  org.apache.commons.jelly.tags.ant.AntTag - Could not convert tag: td into an Ant task, data type or property
2003-11-13 12:43:39,968 WARN  org.apache.commons.jelly.tags.ant.AntTag - Could not convert tag: td into an Ant task, data type or property
2003-11-13 12:43:39,968 WARN  org.apache.commons.jelly.tags.ant.AntTag - Could not convert tag: td into an Ant task, data type or property
2003-11-13 12:43:39,968 WARN  org.apache.commons.jelly.tags.ant.AntTag - Could not convert tag: td into an Ant task, data type or property
2003-11-13 12:43:39,968 WARN  org.apache.commons.jelly.tags.ant.AntTag - Could not convert tag: td into an Ant task, data type or property
2003-11-13 12:43:39,968 WARN  org.apache.commons.jelly.tags.ant.AntTag - Could not convert tag: td into an Ant task, data type or property
2003-11-13 12:43:39,968 WARN  org.apache.commons.jelly.tags.ant.AntTag - Could not convert tag: tr into an Ant task, data type or property
2003-11-13 12:43:39,968 WARN  org.apache.commons.jelly.tags.ant.AntTag - Could not convert tag: td into an Ant task, data type or property
2003-11-13 12:43:39,968 WARN  org.apache.commons.jelly.tags.ant.AntTag - Could not convert tag: a into an Ant task, data type or property
2003-11-13 12:43:39,968 WARN  org.apache.commons.jelly.tags.ant.AntTag - Could not convert tag: td into an Ant task, data type or property
2003-11-13 12:43:39,968 WARN  org.apache.commons.jelly.tags.ant.AntTag - Could not convert tag: td into an Ant task, data type or property
2003-11-13 12:43:39,984 WARN  org.apache.commons.jelly.tags.ant.AntTag - Could not convert tag: td into an Ant task, data type or property
2003-11-13 12:43:39,984 WARN  org.apache.commons.jelly.tags.ant.AntTag - Could not convert tag: td into an Ant task, data type or property
2003-11-13 12:43:39,984 WARN  org.apache.commons.jelly.tags.ant.AntTag - Could not convert tag: td into an Ant task, data type or property
2003-11-13 12:43:39,984 WARN  org.apache.commons.jelly.tags.ant.AntTag - Could not convert tag: td into an Ant task, data type or property
2003-11-13 12:43:39,984 WARN  org.apache.commons.jelly.tags.ant.AntTag - Could not convert tag: td into an Ant task, data type or property
2003-11-13 12:43:39,984 WARN  org.apache.commons.jelly.tags.ant.AntTag - Could not convert tag: td into an Ant task, data type or property
2003-11-13 12:43:39,984 WARN  org.apache.commons.jelly.tags.ant.AntTag - Could not convert tag: tr into an Ant task, data type or property
2003-11-13 12:43:39,984 WARN  org.apache.commons.jelly.tags.ant.AntTag - Could not convert tag: td into an Ant task, data type or property
2003-11-13 12:43:39,984 WARN  org.apache.commons.jelly.tags.ant.AntTag - Could not convert tag: a into an Ant task, data type or property
2003-11-13 12:43:39,984 WARN  org.apache.commons.jelly.tags.ant.AntTag - Could not convert tag: td into an Ant task, data type or property
2003-11-13 12:43:39,984 WARN  org.apache.commons.jelly.tags.ant.AntTag - Could not convert tag: td into an Ant task, data type or property
2003-11-13 12:43:39,984 WARN  org.apache.commons.jelly.tags.ant.AntTag - Could not convert tag: td into an Ant task, data type or property
2003-11-13 12:43:39,984 WARN  org.apache.commons.jelly.tags.ant.AntTag - Could not convert tag: td into an Ant task, data type or property
2003-11-13 12:43:39,984 WARN  org.apache.commons.jelly.tags.ant.AntTag - Could not convert tag: td into an Ant task, data type or property
2003-11-13 12:43:39,984 WARN  org.apache.commons.jelly.tags.ant.AntTag - Could not convert tag: td into an Ant task, data type or property
2003-11-13 12:43:39,984 WARN  org.apache.commons.jelly.tags.ant.AntTag - Could not convert tag: td into an Ant task, data type or property
2003-11-13 12:43:39,984 WARN  org.apache.commons.jelly.tags.ant.AntTag - Could not convert tag: td into an Ant task, data type or property
2003-11-13 12:43:39,984 WARN  org.apache.commons.jelly.tags.ant.AntTag - Could not convert tag: tr into an Ant task, data type or property
2003-11-13 12:43:39,984 WARN  org.apache.commons.jelly.tags.ant.AntTag - Could not convert tag: td into an Ant task, data type or property
2003-11-13 12:43:39,984 WARN  org.apache.commons.jelly.tags.ant.AntTag - Could not convert tag: a into an Ant task, data type or property
2003-11-13 12:43:39,984 WARN  org.apache.commons.jelly.tags.ant.AntTag - Could not convert tag: td into an Ant task, data type or property
2003-11-13 12:43:39,984 WARN  org.apache.commons.jelly.tags.ant.AntTag - Could not convert tag: td into an Ant task, data type or property
2003-11-13 12:43:39,984 WARN  org.apache.commons.jelly.tags.ant.AntTag - Could not convert tag: td into an Ant task, data type or property
2003-11-13 12:43:39,984 WARN  org.apache.commons.jelly.tags.ant.AntTag - Could not convert tag: td into an Ant task, data type or property
2003-11-13 12:43:39,984 WARN  org.apache.commons.jelly.tags.ant.AntTag - Could not convert tag: td into an Ant task, data type or property
2003-11-13 12:43:39,984 WARN  org.apache.commons.jelly.tags.ant.AntTag - Could not convert tag: td into an Ant task, data type or property
2003-11-13 12:43:39,984 WARN  org.apache.commons.jelly.tags.ant.AntTag - Could not convert tag: td into an Ant task, data type or property
2003-11-13 12:43:39,984 WARN  org.apache.commons.jelly.tags.ant.AntTag - Could not convert tag: td into an Ant task, data type or property
2003-11-13 12:43:39,984 WARN  org.apache.commons.jelly.tags.ant.AntTag - Could not convert tag: tr into an Ant task, data type or property
2003-11-13 12:43:39,984 WARN  org.apache.commons.jelly.tags.ant.AntTag - Could not convert tag: td into an Ant task, data type or property
2003-11-13 12:43:39,984 WARN  org.apache.commons.jelly.tags.ant.AntTag - Could not convert tag: a into an Ant task, data type or property
2003-11-13 12:43:39,984 WARN  org.apache.commons.jelly.tags.ant.AntTag - Could not convert tag: td into an Ant task, data type or property
2003-11-13 12:43:39,984 WARN  org.apache.commons.jelly.tags.ant.AntTag - Could not convert tag: td into an Ant task, data type or property
2003-11-13 12:43:39,984 WARN  org.apache.commons.jelly.tags.ant.AntTag - Could not convert tag: td into an Ant task, data type or property
2003-11-13 12:43:39,984 WARN  org.apache.commons.jelly.tags.ant.AntTag - Could not convert tag: td into an Ant task, data type or property
2003-11-13 12:43:39,984 WARN  org.apache.commons.jelly.tags.ant.AntTag - Could not convert tag: td into an Ant task, data type or property
2003-11-13 12:43:39,984 WARN  org.apache.commons.jelly.tags.ant.AntTag - Could not convert tag: td into an Ant task, data type or property
2003-11-13 12:43:39,984 WARN  org.apache.commons.jelly.tags.ant.AntTag - Could not convert tag: td into an Ant task, data type or property
2003-11-13 12:43:39,984 WARN  org.apache.commons.jelly.tags.ant.AntTag - Could not convert tag: td into an Ant task, data type or property
2003-11-13 12:43:39,984 WARN  org.apache.commons.jelly.tags.ant.AntTag - Could not convert tag: tr into an Ant task, data type or property
2003-11-13 12:43:39,984 WARN  org.apache.commons.jelly.tags.ant.AntTag - Could not convert tag: td into an Ant task, data type or property
2003-11-13 12:43:39,984 WARN  org.apache.commons.jelly.tags.ant.AntTag - Could not convert tag: a into an Ant task, data type or property
2003-11-13 12:43:39,984 WARN  org.apache.commons.jelly.tags.ant.AntTag - Could not convert tag: td into an Ant task, data type or property
2003-11-13 12:43:39,984 WARN  org.apache.commons.jelly.tags.ant.AntTag - Could not convert tag: td into an Ant task, data type or property
2003-11-13 12:43:39,984 WARN  org.apache.commons.jelly.tags.ant.AntTag - Could not convert tag: td into an Ant task, data type or property
2003-11-13 12:43:40,000 WARN  org.apache.commons.jelly.tags.ant.AntTag - Could not convert tag: td into an Ant task, data type or property
2003-11-13 12:43:40,000 WARN  org.apache.commons.jelly.tags.ant.AntTag - Could not convert tag: td into an Ant task, data type or property
2003-11-13 12:43:40,000 WARN  org.apache.commons.jelly.tags.ant.AntTag - Could not convert tag: td into an Ant task, data type or property
2003-11-13 12:43:40,000 WARN  org.apache.commons.jelly.tags.ant.AntTag - Could not convert tag: td into an Ant task, data type or property
2003-11-13 12:43:40,000 WARN  org.apache.commons.jelly.tags.ant.AntTag - Could not convert tag: td into an Ant task, data type or property
2003-11-13 12:43:40,000 WARN  org.apache.commons.jelly.tags.ant.AntTag - Could not convert tag: tr into an Ant task, data type or property
2003-11-13 12:43:40,000 WARN  org.apache.commons.jelly.tags.ant.AntTag - Could not convert tag: td into an Ant task, data type or property
2003-11-13 12:43:40,000 WARN  org.apache.commons.jelly.tags.ant.AntTag - Could not convert tag: a into an Ant task, data type or property
2003-11-13 12:43:40,000 WARN  org.apache.commons.jelly.tags.ant.AntTag - Could not convert tag: td into an Ant task, data type or property
2003-11-13 12:43:40,000 WARN  org.apache.commons.jelly.tags.ant.AntTag - Could not convert tag: td into an Ant task, data type or property
2003-11-13 12:43:40,000 WARN  org.apache.commons.jelly.tags.ant.AntTag - Could not convert tag: td into an Ant task, data type or property
2003-11-13 12:43:40,000 WARN  org.apache.commons.jelly.tags.ant.AntTag - Could not convert tag: td into an Ant task, data type or property
2003-11-13 12:43:40,000 WARN  org.apache.commons.jelly.tags.ant.AntTag - Could not convert tag: td into an Ant task, data type or property
2003-11-13 12:43:40,000 WARN  org.apache.commons.jelly.tags.ant.AntTag - Could not convert tag: td into an Ant task, data type or property
2003-11-13 12:43:40,000 WARN  org.apache.commons.jelly.tags.ant.AntTag - Could not convert tag: td into an Ant task, data type or property
2003-11-13 12:43:40,000 WARN  org.apache.commons.jelly.tags.ant.AntTag - Could not convert tag: td into an Ant task, data type or property
2003-11-13 12:43:40,000 WARN  org.apache.commons.jelly.tags.ant.AntTag - Could not convert tag: tr into an Ant task, data type or property
2003-11-13 12:43:40,000 WARN  org.apache.commons.jelly.tags.ant.AntTag - Could not convert tag: td into an Ant task, data type or property
2003-11-13 12:43:40,000 WARN  org.apache.commons.jelly.tags.ant.AntTag - Could not convert tag: a into an Ant task, data type or property
2003-11-13 12:43:40,000 WARN  org.apache.commons.jelly.tags.ant.AntTag - Could not convert tag: td into an Ant task, data type or property
2003-11-13 12:43:40,000 WARN  org.apache.commons.jelly.tags.ant.AntTag - Could not convert tag: td into an Ant task, data type or property
2003-11-13 12:43:40,000 WARN  org.apache.commons.jelly.tags.ant.AntTag - Could not convert tag: td into an Ant task, data type or property
2003-11-13 12:43:40,000 WARN  org.apache.commons.jelly.tags.ant.AntTag - Could not convert tag: td into an Ant task, data type or property
2003-11-13 12:43:40,000 WARN  org.apache.commons.jelly.tags.ant.AntTag - Could not convert tag: td into an Ant task, data type or property
2003-11-13 12:43:40,000 WARN  org.apache.commons.jelly.tags.ant.AntTag - Could not convert tag: td into an Ant task, data type or property
2003-11-13 12:43:40,000 WARN  org.apache.commons.jelly.tags.ant.AntTag - Could not convert tag: td into an Ant task, data type or property
2003-11-13 12:43:40,000 WARN  org.apache.commons.jelly.tags.ant.AntTag - Could not convert tag: td into an Ant task, data type or property
2003-11-13 12:43:40,000 WARN  org.apache.commons.jelly.tags.ant.AntTag - Could not convert tag: tr into an Ant task, data type or property
2003-11-13 12:43:40,000 WARN  org.apache.commons.jelly.tags.ant.AntTag - Could not convert tag: td into an Ant task, data type or property
2003-11-13 12:43:40,000 WARN  org.apache.commons.jelly.tags.ant.AntTag - Could not convert tag: a into an Ant task, data type or property
2003-11-13 12:43:40,000 WARN  org.apache.commons.jelly.tags.ant.AntTag - Could not convert tag: td into an Ant task, data type or property
2003-11-13 12:43:40,000 WARN  org.apache.commons.jelly.tags.ant.AntTag - Could not convert tag: td into an Ant task, data type or property
2003-11-13 12:43:40,000 WARN  org.apache.commons.jelly.tags.ant.AntTag - Could not convert tag: td into an Ant task, data type or property
2003-11-13 12:43:40,000 WARN  org.apache.commons.jelly.tags.ant.AntTag - Could not convert tag: td into an Ant task, data type or property
2003-11-13 12:43:40,000 WARN  org.apache.commons.jelly.tags.ant.AntTag - Could not convert tag: td into an Ant task, data type or property
2003-11-13 12:43:40,000 WARN  org.apache.commons.jelly.tags.ant.AntTag - Could not convert tag: td into an Ant task, data type or property
2003-11-13 12:43:40,000 WARN  org.apache.commons.jelly.tags.ant.AntTag - Could not convert tag: td into an Ant task, data type or property
2003-11-13 12:43:40,000 WARN  org.apache.commons.jelly.tags.ant.AntTag - Could not convert tag: td into an Ant task, data type or property
2003-11-13 12:43:40,000 WARN  org.apache.commons.jelly.tags.ant.AntTag - Could not convert tag: tr into an Ant task, data type or property
2003-11-13 12:43:40,000 WARN  org.apache.commons.jelly.tags.ant.AntTag - Could not convert tag: td into an Ant task, data type or property
2003-11-13 12:43:40,000 WARN  org.apache.commons.jelly.tags.ant.AntTag - Could not convert tag: a into an Ant task, data type or property
2003-11-13 12:43:40,000 WARN  org.apache.commons.jelly.tags.ant.AntTag - Could not convert tag: td into an Ant task, data type or property
2003-11-13 12:43:40,000 WARN  org.apache.commons.jelly.tags.ant.AntTag - Could not convert tag: td into an Ant task, data type or property
2003-11-13 12:43:40,000 WARN  org.apache.commons.jelly.tags.ant.AntTag - Could not convert tag: td into an Ant task, data type or property
2003-11-13 12:43:40,000 WARN  org.apache.commons.jelly.tags.ant.AntTag - Could not convert tag: td into an Ant task, data type or property
2003-11-13 12:43:40,000 WARN  org.apache.commons.jelly.tags.ant.AntTag - Could not convert tag: td into an Ant task, data type or property
2003-11-13 12:43:40,000 WARN  org.apache.commons.jelly.tags.ant.AntTag - Could not convert tag: td into an Ant task, data type or property
2003-11-13 12:43:40,000 WARN  org.apache.commons.jelly.tags.ant.AntTag - Could not convert tag: td into an Ant task, data type or property
2003-11-13 12:43:40,000 WARN  org.apache.commons.jelly.tags.ant.AntTag - Could not convert tag: td into an Ant task, data type or property
2003-11-13 12:43:40,000 WARN  org.apache.commons.jelly.tags.ant.AntTag - Could not convert tag: tr into an Ant task, data type or property
2003-11-13 12:43:40,000 WARN  org.apache.commons.jelly.tags.ant.AntTag - Could not convert tag: td into an Ant task, data type or property
2003-11-13 12:43:40,000 WARN  org.apache.commons.jelly.tags.ant.AntTag - Could not convert tag: a into an Ant task, data type or property
2003-11-13 12:43:40,015 WARN  org.apache.commons.jelly.tags.ant.AntTag - Could not convert tag: td into an Ant task, data type or property
2003-11-13 12:43:40,015 WARN  org.apache.commons.jelly.tags.ant.AntTag - Could not convert tag: td into an Ant task, data type or property
2003-11-13 12:43:40,015 WARN  org.apache.commons.jelly.tags.ant.AntTag - Could not convert tag: td into an Ant task, data type or property
2003-11-13 12:43:40,015 WARN  org.apache.commons.jelly.tags.ant.AntTag - Could not convert tag: td into an Ant task, data type or property
2003-11-13 12:43:40,015 WARN  org.apache.commons.jelly.tags.ant.AntTag - Could not convert tag: td into an Ant task, data type or property
2003-11-13 12:43:40,015 WARN  org.apache.commons.jelly.tags.ant.AntTag - Could not convert tag: td into an Ant task, data type or property
2003-11-13 12:43:40,015 WARN  org.apache.commons.jelly.tags.ant.AntTag - Could not convert tag: td into an Ant task, data type or property
2003-11-13 12:43:40,015 WARN  org.apache.commons.jelly.tags.ant.AntTag - Could not convert tag: td into an Ant task, data type or property
2003-11-13 12:43:40,015 WARN  org.apache.commons.jelly.tags.ant.AntTag - Could not convert tag: tr into an Ant task, data type or property
2003-11-13 12:43:40,015 WARN  org.apache.commons.jelly.tags.ant.AntTag - Could not convert tag: td into an Ant task, data type or property
2003-11-13 12:43:40,015 WARN  org.apache.commons.jelly.tags.ant.AntTag - Could not convert tag: a into an Ant task, data type or property
2003-11-13 12:43:40,015 WARN  org.apache.commons.jelly.tags.ant.AntTag - Could not convert tag: td into an Ant task, data type or property
2003-11-13 12:43:40,015 WARN  org.apache.commons.jelly.tags.ant.AntTag - Could not convert tag: td into an Ant task, data type or property
2003-11-13 12:43:40,015 WARN  org.apache.commons.jelly.tags.ant.AntTag - Could not convert tag: td into an Ant task, data type or property
2003-11-13 12:43:40,015 WARN  org.apache.commons.jelly.tags.ant.AntTag - Could not convert tag: td into an Ant task, data type or property
2003-11-13 12:43:40,015 WARN  org.apache.commons.jelly.tags.ant.AntTag - Could not convert tag: td into an Ant task, data type or property
2003-11-13 12:43:40,015 WARN  org.apache.commons.jelly.tags.ant.AntTag - Could not convert tag: td into an Ant task, data type or property
2003-11-13 12:43:40,015 WARN  org.apache.commons.jelly.tags.ant.AntTag - Could not convert tag: td into an Ant task, data type or property
2003-11-13 12:43:40,015 WARN  org.apache.commons.jelly.tags.ant.AntTag - Could not convert tag: td into an Ant task, data type or property
2003-11-13 12:43:40,015 WARN  org.apache.commons.jelly.tags.ant.AntTag - Could not convert tag: tr into an Ant task, data type or property
2003-11-13 12:43:40,015 WARN  org.apache.commons.jelly.tags.ant.AntTag - Could not convert tag: td into an Ant task, data type or property
2003-11-13 12:43:40,015 WARN  org.apache.commons.jelly.tags.ant.AntTag - Could not convert tag: a into an Ant task, data type or property
2003-11-13 12:43:40,015 WARN  org.apache.commons.jelly.tags.ant.AntTag - Could not convert tag: td into an Ant task, data type or property
2003-11-13 12:43:40,015 WARN  org.apache.commons.jelly.tags.ant.AntTag - Could not convert tag: td into an Ant task, data type or property
2003-11-13 12:43:40,015 WARN  org.apache.commons.jelly.tags.ant.AntTag - Could not convert tag: td into an Ant task, data type or property
2003-11-13 12:43:40,015 WARN  org.apache.commons.jelly.tags.ant.AntTag - Could not convert tag: td into an Ant task, data type or property
2003-11-13 12:43:40,015 WARN  org.apache.commons.jelly.tags.ant.AntTag - Could not convert tag: td into an Ant task, data type or property
2003-11-13 12:43:40,015 WARN  org.apache.commons.jelly.tags.ant.AntTag - Could not convert tag: td into an Ant task, data type or property
2003-11-13 12:43:40,015 WARN  org.apache.commons.jelly.tags.ant.AntTag - Could not convert tag: td into an Ant task, data type or property
2003-11-13 12:43:40,015 WARN  org.apache.commons.jelly.tags.ant.AntTag - Could not convert tag: td into an Ant task, data type or property
2003-11-13 12:43:40,015 WARN  org.apache.commons.jelly.tags.ant.AntTag - Could not convert tag: tr into an Ant task, data type or property
2003-11-13 12:43:40,015 WARN  org.apache.commons.jelly.tags.ant.AntTag - Could not convert tag: td into an Ant task, data type or property
2003-11-13 12:43:40,015 WARN  org.apache.commons.jelly.tags.ant.AntTag - Could not convert tag: a into an Ant task, data type or property
2003-11-13 12:43:40,015 WARN  org.apache.commons.jelly.tags.ant.AntTag - Could not convert tag: td into an Ant task, data type or property
2003-11-13 12:43:40,015 WARN  org.apache.commons.jelly.tags.ant.AntTag - Could not convert tag: td into an Ant task, data type or property
2003-11-13 12:43:40,015 WARN  org.apache.commons.jelly.tags.ant.AntTag - Could not convert tag: td into an Ant task, data type or property
2003-11-13 12:43:40,015 WARN  org.apache.commons.jelly.tags.ant.AntTag - Could not convert tag: td into an Ant task, data type or property
2003-11-13 12:43:40,015 WARN  org.apache.commons.jelly.tags.ant.AntTag - Could not convert tag: td into an Ant task, data type or property
2003-11-13 12:43:40,015 WARN  org.apache.commons.jelly.tags.ant.AntTag - Could not convert tag: td into an Ant task, data type or property
2003-11-13 12:43:40,015 WARN  org.apache.commons.jelly.tags.ant.AntTag - Could not convert tag: td into an Ant task, data type or property
2003-11-13 12:43:40,015 WARN  org.apache.commons.jelly.tags.ant.AntTag - Could not convert tag: td into an Ant task, data type or property
2003-11-13 12:43:40,015 WARN  org.apache.commons.jelly.tags.ant.AntTag - Could not convert tag: tr into an Ant task, data type or property
2003-11-13 12:43:40,015 WARN  org.apache.commons.jelly.tags.ant.AntTag - Could not convert tag: td into an Ant task, data type or property
2003-11-13 12:43:40,015 WARN  org.apache.commons.jelly.tags.ant.AntTag - Could not convert tag: a into an Ant task, data type or property
2003-11-13 12:43:40,015 WARN  org.apache.commons.jelly.tags.ant.AntTag - Could not convert tag: td into an Ant task, data type or property
2003-11-13 12:43:40,015 WARN  org.apache.commons.jelly.tags.ant.AntTag - Could not convert tag: td into an Ant task, data type or property
2003-11-13 12:43:40,015 WARN  org.apache.commons.jelly.tags.ant.AntTag - Could not convert tag: td into an Ant task, data type or property
2003-11-13 12:43:40,015 WARN  org.apache.commons.jelly.tags.ant.AntTag - Could not convert tag: td into an Ant task, data type or property
2003-11-13 12:43:40,015 WARN  org.apache.commons.jelly.tags.ant.AntTag - Could not convert tag: td into an Ant task, data type or property
2003-11-13 12:43:40,015 WARN  org.apache.commons.jelly.tags.ant.AntTag - Could not convert tag: td into an Ant task, data type or property
2003-11-13 12:43:40,015 WARN  org.apache.commons.jelly.tags.ant.AntTag - Could not convert tag: td into an Ant task, data type or property
2003-11-13 12:43:40,031 WARN  org.apache.commons.jelly.tags.ant.AntTag - Could not convert tag: td into an Ant task, data type or property
2003-11-13 12:43:40,031 WARN  org.apache.commons.jelly.tags.ant.AntTag - Could not convert tag: tr into an Ant task, data type or property
2003-11-13 12:43:40,031 WARN  org.apache.commons.jelly.tags.ant.AntTag - Could not convert tag: td into an Ant task, data type or property
2003-11-13 12:43:40,031 WARN  org.apache.commons.jelly.tags.ant.AntTag - Could not convert tag: a into an Ant task, data type or property
2003-11-13 12:43:40,031 WARN  org.apache.commons.jelly.tags.ant.AntTag - Could not convert tag: td into an Ant task, data type or property
2003-11-13 12:43:40,031 WARN  org.apache.commons.jelly.tags.ant.AntTag - Could not convert tag: td into an Ant task, data type or property
2003-11-13 12:43:40,031 WARN  org.apache.commons.jelly.tags.ant.AntTag - Could not convert tag: td into an Ant task, data type or property
2003-11-13 12:43:40,031 WARN  org.apache.commons.jelly.tags.ant.AntTag - Could not convert tag: td into an Ant task, data type or property
2003-11-13 12:43:40,031 WARN  org.apache.commons.jelly.tags.ant.AntTag - Could not convert tag: td into an Ant task, data type or property
2003-11-13 12:43:40,031 WARN  org.apache.commons.jelly.tags.ant.AntTag - Could not convert tag: td into an Ant task, data type or property
2003-11-13 12:43:40,031 WARN  org.apache.commons.jelly.tags.ant.AntTag - Could not convert tag: td into an Ant task, data type or property
2003-11-13 12:43:40,031 WARN  org.apache.commons.jelly.tags.ant.AntTag - Could not convert tag: td into an Ant task, data type or property
2003-11-13 12:43:40,031 WARN  org.apache.commons.jelly.tags.ant.AntTag - Could not convert tag: tr into an Ant task, data type or property
2003-11-13 12:43:40,031 WARN  org.apache.commons.jelly.tags.ant.AntTag - Could not convert tag: td into an Ant task, data type or property
2003-11-13 12:43:40,031 WARN  org.apache.commons.jelly.tags.ant.AntTag - Could not convert tag: a into an Ant task, data type or property
2003-11-13 12:43:40,031 WARN  org.apache.commons.jelly.tags.ant.AntTag - Could not convert tag: td into an Ant task, data type or property
2003-11-13 12:43:40,031 WARN  org.apache.commons.jelly.tags.ant.AntTag - Could not convert tag: td into an Ant task, data type or property
2003-11-13 12:43:40,031 WARN  org.apache.commons.jelly.tags.ant.AntTag - Could not convert tag: td into an Ant task, data type or property
2003-11-13 12:43:40,031 WARN  org.apache.commons.jelly.tags.ant.AntTag - Could not convert tag: td into an Ant task, data type or property
2003-11-13 12:43:40,031 WARN  org.apache.commons.jelly.tags.ant.AntTag - Could not convert tag: td into an Ant task, data type or property
2003-11-13 12:43:40,031 WARN  org.apache.commons.jelly.tags.ant.AntTag - Could not convert tag: td into an Ant task, data type or property
2003-11-13 12:43:40,031 WARN  org.apache.commons.jelly.tags.ant.AntTag - Could not convert tag: td into an Ant task, data type or property
2003-11-13 12:43:40,031 WARN  org.apache.commons.jelly.tags.ant.AntTag - Could not convert tag: td into an Ant task, data type or property
2003-11-13 12:43:40,031 WARN  org.apache.commons.jelly.tags.ant.AntTag - Could not convert tag: tr into an Ant task, data type or property
2003-11-13 12:43:40,031 WARN  org.apache.commons.jelly.tags.ant.AntTag - Could not convert tag: td into an Ant task, data type or property
2003-11-13 12:43:40,031 WARN  org.apache.commons.jelly.tags.ant.AntTag - Could not convert tag: a into an Ant task, data type or property
2003-11-13 12:43:40,031 WARN  org.apache.commons.jelly.tags.ant.AntTag - Could not convert tag: td into an Ant task, data type or property
2003-11-13 12:43:40,031 WARN  org.apache.commons.jelly.tags.ant.AntTag - Could not convert tag: td into an Ant task, data type or property
2003-11-13 12:43:40,031 WARN  org.apache.commons.jelly.tags.ant.AntTag - Could not convert tag: td into an Ant task, data type or property
2003-11-13 12:43:40,031 WARN  org.apache.commons.jelly.tags.ant.AntTag - Could not convert tag: td into an Ant task, data type or property
2003-11-13 12:43:40,031 WARN  org.apache.commons.jelly.tags.ant.AntTag - Could not convert tag: td into an Ant task, data type or property
2003-11-13 12:43:40,031 WARN  org.apache.commons.jelly.tags.ant.AntTag - Could not convert tag: td into an Ant task, data type or property
2003-11-13 12:43:40,031 WARN  org.apache.commons.jelly.tags.ant.AntTag - Could not convert tag: td into an Ant task, data type or property
2003-11-13 12:43:40,031 WARN  org.apache.commons.jelly.tags.ant.AntTag - Could not convert tag: td into an Ant task, data type or property
2003-11-13 12:43:40,031 WARN  org.apache.commons.jelly.tags.ant.AntTag - Could not convert tag: tr into an Ant task, data type or property
2003-11-13 12:43:40,031 WARN  org.apache.commons.jelly.tags.ant.AntTag - Could not convert tag: td into an Ant task, data type or property
2003-11-13 12:43:40,031 WARN  org.apache.commons.jelly.tags.ant.AntTag - Could not convert tag: a into an Ant task, data type or property
2003-11-13 12:43:40,031 WARN  org.apache.commons.jelly.tags.ant.AntTag - Could not convert tag: td into an Ant task, data type or property
2003-11-13 12:43:40,031 WARN  org.apache.commons.jelly.tags.ant.AntTag - Could not convert tag: td into an Ant task, data type or property
2003-11-13 12:43:40,031 WARN  org.apache.commons.jelly.tags.ant.AntTag - Could not convert tag: td into an Ant task, data type or property
2003-11-13 12:43:40,031 WARN  org.apache.commons.jelly.tags.ant.AntTag - Could not convert tag: td into an Ant task, data type or property
2003-11-13 12:43:40,031 WARN  org.apache.commons.jelly.tags.ant.AntTag - Could not convert tag: td into an Ant task, data type or property
2003-11-13 12:43:40,031 WARN  org.apache.commons.jelly.tags.ant.AntTag - Could not convert tag: td into an Ant task, data type or property
2003-11-13 12:43:40,046 WARN  org.apache.commons.jelly.tags.ant.AntTag - Could not convert tag: td into an Ant task, data type or property
2003-11-13 12:43:40,046 WARN  org.apache.commons.jelly.tags.ant.AntTag - Could not convert tag: td into an Ant task, data type or property
2003-11-13 12:43:40,046 WARN  org.apache.commons.jelly.tags.ant.AntTag - Could not convert tag: tr into an Ant task, data type or property
2003-11-13 12:43:40,046 WARN  org.apache.commons.jelly.tags.ant.AntTag - Could not convert tag: td into an Ant task, data type or property
2003-11-13 12:43:40,046 WARN  org.apache.commons.jelly.tags.ant.AntTag - Could not convert tag: a into an Ant task, data type or property
2003-11-13 12:43:40,046 WARN  org.apache.commons.jelly.tags.ant.AntTag - Could not convert tag: td into an Ant task, data type or property
2003-11-13 12:43:40,046 WARN  org.apache.commons.jelly.tags.ant.AntTag - Could not convert tag: td into an Ant task, data type or property
2003-11-13 12:43:40,046 WARN  org.apache.commons.jelly.tags.ant.AntTag - Could not convert tag: td into an Ant task, data type or property
2003-11-13 12:43:40,046 WARN  org.apache.commons.jelly.tags.ant.AntTag - Could not convert tag: td into an Ant task, data type or property
2003-11-13 12:43:40,046 WARN  org.apache.commons.jelly.tags.ant.AntTag - Could not convert tag: td into an Ant task, data type or property
2003-11-13 12:43:40,046 WARN  org.apache.commons.jelly.tags.ant.AntTag - Could not convert tag: td into an Ant task, data type or property
2003-11-13 12:43:40,046 WARN  org.apache.commons.jelly.tags.ant.AntTag - Could not convert tag: td into an Ant task, data type or property
2003-11-13 12:43:40,046 WARN  org.apache.commons.jelly.tags.ant.AntTag - Could not convert tag: td into an Ant task, data type or property
2003-11-13 12:43:40,046 WARN  org.apache.commons.jelly.tags.ant.AntTag - Could not convert tag: tr into an Ant task, data type or property
2003-11-13 12:43:40,046 WARN  org.apache.commons.jelly.tags.ant.AntTag - Could not convert tag: td into an Ant task, data type or property
2003-11-13 12:43:40,046 WARN  org.apache.commons.jelly.tags.ant.AntTag - Could not convert tag: a into an Ant task, data type or property
2003-11-13 12:43:40,046 WARN  org.apache.commons.jelly.tags.ant.AntTag - Could not convert tag: td into an Ant task, data type or property
2003-11-13 12:43:40,046 WARN  org.apache.commons.jelly.tags.ant.AntTag - Could not convert tag: td into an Ant task, data type or property
2003-11-13 12:43:40,046 WARN  org.apache.commons.jelly.tags.ant.AntTag - Could not convert tag: td into an Ant task, data type or property
2003-11-13 12:43:40,046 WARN  org.apache.commons.jelly.tags.ant.AntTag - Could not convert tag: td into an Ant task, data type or property
2003-11-13 12:43:40,046 WARN  org.apache.commons.jelly.tags.ant.AntTag - Could not convert tag: td into an Ant task, data type or property
2003-11-13 12:43:40,046 WARN  org.apache.commons.jelly.tags.ant.AntTag - Could not convert tag: td into an Ant task, data type or property
2003-11-13 12:43:40,046 WARN  org.apache.commons.jelly.tags.ant.AntTag - Could not convert tag: td into an Ant task, data type or property
2003-11-13 12:43:40,046 WARN  org.apache.commons.jelly.tags.ant.AntTag - Could not convert tag: td into an Ant task, data type or property
2003-11-13 12:43:40,046 WARN  org.apache.commons.jelly.tags.ant.AntTag - Could not convert tag: tr into an Ant task, data type or property
2003-11-13 12:43:40,046 WARN  org.apache.commons.jelly.tags.ant.AntTag - Could not convert tag: td into an Ant task, data type or property
2003-11-13 12:43:40,046 WARN  org.apache.commons.jelly.tags.ant.AntTag - Could not convert tag: a into an Ant task, data type or property
2003-11-13 12:43:40,046 WARN  org.apache.commons.jelly.tags.ant.AntTag - Could not convert tag: td into an Ant task, data type or property
2003-11-13 12:43:40,046 WARN  org.apache.commons.jelly.tags.ant.AntTag - Could not convert tag: td into an Ant task, data type or property
2003-11-13 12:43:40,046 WARN  org.apache.commons.jelly.tags.ant.AntTag - Could not convert tag: td into an Ant task, data type or property
2003-11-13 12:43:40,046 WARN  org.apache.commons.jelly.tags.ant.AntTag - Could not convert tag: td into an Ant task, data type or property
2003-11-13 12:43:40,046 WARN  org.apache.commons.jelly.tags.ant.AntTag - Could not convert tag: td into an Ant task, data type or property
2003-11-13 12:43:40,046 WARN  org.apache.commons.jelly.tags.ant.AntTag - Could not convert tag: td into an Ant task, data type or property
2003-11-13 12:43:40,046 WARN  org.apache.commons.jelly.tags.ant.AntTag - Could not convert tag: td into an Ant task, data type or property
2003-11-13 12:43:40,046 WARN  org.apache.commons.jelly.tags.ant.AntTag - Could not convert tag: td into an Ant task, data type or property
2003-11-13 12:43:40,046 WARN  org.apache.commons.jelly.tags.ant.AntTag - Could not convert tag: tr into an Ant task, data type or property
2003-11-13 12:43:40,046 WARN  org.apache.commons.jelly.tags.ant.AntTag - Could not convert tag: td into an Ant task, data type or property
2003-11-13 12:43:40,046 WARN  org.apache.commons.jelly.tags.ant.AntTag - Could not convert tag: a into an Ant task, data type or property
2003-11-13 12:43:40,046 WARN  org.apache.commons.jelly.tags.ant.AntTag - Could not convert tag: td into an Ant task, data type or property
2003-11-13 12:43:40,046 WARN  org.apache.commons.jelly.tags.ant.AntTag - Could not convert tag: td into an Ant task, data type or property
2003-11-13 12:43:40,046 WARN  org.apache.commons.jelly.tags.ant.AntTag - Could not convert tag: td into an Ant task, data type or property
2003-11-13 12:43:40,046 WARN  org.apache.commons.jelly.tags.ant.AntTag - Could not convert tag: td into an Ant task, data type or property
2003-11-13 12:43:40,046 WARN  org.apache.commons.jelly.tags.ant.AntTag - Could not convert tag: td into an Ant task, data type or property
2003-11-13 12:43:40,046 WARN  org.apache.commons.jelly.tags.ant.AntTag - Could not convert tag: td into an Ant task, data type or property
2003-11-13 12:43:40,046 WARN  org.apache.commons.jelly.tags.ant.AntTag - Could not convert tag: td into an Ant task, data type or property
2003-11-13 12:43:40,046 WARN  org.apache.commons.jelly.tags.ant.AntTag - Could not convert tag: td into an Ant task, data type or property
2003-11-13 12:43:40,046 WARN  org.apache.commons.jelly.tags.ant.AntTag - Could not convert tag: tr into an Ant task, data type or property
2003-11-13 12:43:40,046 WARN  org.apache.commons.jelly.tags.ant.AntTag - Could not convert tag: td into an Ant task, data type or property
2003-11-13 12:43:40,046 WARN  org.apache.commons.jelly.tags.ant.AntTag - Could not convert tag: a into an Ant task, data type or property
2003-11-13 12:43:40,062 WARN  org.apache.commons.jelly.tags.ant.AntTag - Could not convert tag: td into an Ant task, data type or property
2003-11-13 12:43:40,062 WARN  org.apache.commons.jelly.tags.ant.AntTag - Could not convert tag: td into an Ant task, data type or property
2003-11-13 12:43:40,062 WARN  org.apache.commons.jelly.tags.ant.AntTag - Could not convert tag: td into an Ant task, data type or property
2003-11-13 12:43:40,062 WARN  org.apache.commons.jelly.tags.ant.AntTag - Could not convert tag: td into an Ant task, data type or property
2003-11-13 12:43:40,062 WARN  org.apache.commons.jelly.tags.ant.AntTag - Could not convert tag: td into an Ant task, data type or property
2003-11-13 12:43:40,062 WARN  org.apache.commons.jelly.tags.ant.AntTag - Could not convert tag: td into an Ant task, data type or property
2003-11-13 12:43:40,062 WARN  org.apache.commons.jelly.tags.ant.AntTag - Could not convert tag: td into an Ant task, data type or property
2003-11-13 12:43:40,062 WARN  org.apache.commons.jelly.tags.ant.AntTag - Could not convert tag: td into an Ant task, data type or property
2003-11-13 12:43:40,062 WARN  org.apache.commons.jelly.tags.ant.AntTag - Could not convert tag: tr into an Ant task, data type or property
2003-11-13 12:43:40,062 WARN  org.apache.commons.jelly.tags.ant.AntTag - Could not convert tag: td into an Ant task, data type or property
2003-11-13 12:43:40,062 WARN  org.apache.commons.jelly.tags.ant.AntTag - Could not convert tag: a into an Ant task, data type or property
2003-11-13 12:43:40,062 WARN  org.apache.commons.jelly.tags.ant.AntTag - Could not convert tag: td into an Ant task, data type or property
2003-11-13 12:43:40,062 WARN  org.apache.commons.jelly.tags.ant.AntTag - Could not convert tag: td into an Ant task, data type or property
2003-11-13 12:43:40,062 WARN  org.apache.commons.jelly.tags.ant.AntTag - Could not convert tag: td into an Ant task, data type or property
2003-11-13 12:43:40,062 WARN  org.apache.commons.jelly.tags.ant.AntTag - Could not convert tag: td into an Ant task, data type or property
2003-11-13 12:43:40,062 WARN  org.apache.commons.jelly.tags.ant.AntTag - Could not convert tag: td into an Ant task, data type or property
2003-11-13 12:43:40,062 WARN  org.apache.commons.jelly.tags.ant.AntTag - Could not convert tag: td into an Ant task, data type or property
2003-11-13 12:43:40,062 WARN  org.apache.commons.jelly.tags.ant.AntTag - Could not convert tag: td into an Ant task, data type or property
2003-11-13 12:43:40,062 WARN  org.apache.commons.jelly.tags.ant.AntTag - Could not convert tag: td into an Ant task, data type or property
2003-11-13 12:43:40,062 WARN  org.apache.commons.jelly.tags.ant.AntTag - Could not convert tag: tr into an Ant task, data type or property
2003-11-13 12:43:40,062 WARN  org.apache.commons.jelly.tags.ant.AntTag - Could not convert tag: td into an Ant task, data type or property
2003-11-13 12:43:40,062 WARN  org.apache.commons.jelly.tags.ant.AntTag - Could not convert tag: a into an Ant task, data type or property
2003-11-13 12:43:40,062 WARN  org.apache.commons.jelly.tags.ant.AntTag - Could not convert tag: td into an Ant task, data type or property
2003-11-13 12:43:40,062 WARN  org.apache.commons.jelly.tags.ant.AntTag - Could not convert tag: td into an Ant task, data type or property
2003-11-13 12:43:40,062 WARN  org.apache.commons.jelly.tags.ant.AntTag - Could not convert tag: td into an Ant task, data type or property
2003-11-13 12:43:40,062 WARN  org.apache.commons.jelly.tags.ant.AntTag - Could not convert tag: td into an Ant task, data type or property
2003-11-13 12:43:40,062 WARN  org.apache.commons.jelly.tags.ant.AntTag - Could not convert tag: td into an Ant task, data type or property
2003-11-13 12:43:40,062 WARN  org.apache.commons.jelly.tags.ant.AntTag - Could not convert tag: td into an Ant task, data type or property
2003-11-13 12:43:40,062 WARN  org.apache.commons.jelly.tags.ant.AntTag - Could not convert tag: td into an Ant task, data type or property
2003-11-13 12:43:40,062 WARN  org.apache.commons.jelly.tags.ant.AntTag - Could not convert tag: td into an Ant task, data type or property
2003-11-13 12:43:40,062 WARN  org.apache.commons.jelly.tags.ant.AntTag - Could not convert tag: tr into an Ant task, data type or property
2003-11-13 12:43:40,062 WARN  org.apache.commons.jelly.tags.ant.AntTag - Could not convert tag: td into an Ant task, data type or property
2003-11-13 12:43:40,062 WARN  org.apache.commons.jelly.tags.ant.AntTag - Could not convert tag: a into an Ant task, data type or property
2003-11-13 12:43:40,062 WARN  org.apache.commons.jelly.tags.ant.AntTag - Could not convert tag: td into an Ant task, data type or property
2003-11-13 12:43:40,062 WARN  org.apache.commons.jelly.tags.ant.AntTag - Could not convert tag: td into an Ant task, data type or property
2003-11-13 12:43:40,062 WARN  org.apache.commons.jelly.tags.ant.AntTag - Could not convert tag: td into an Ant task, data type or property
2003-11-13 12:43:40,062 WARN  org.apache.commons.jelly.tags.ant.AntTag - Could not convert tag: td into an Ant task, data type or property
2003-11-13 12:43:40,062 WARN  org.apache.commons.jelly.tags.ant.AntTag - Could not convert tag: td into an Ant task, data type or property
2003-11-13 12:43:40,062 WARN  org.apache.commons.jelly.tags.ant.AntTag - Could not convert tag: td into an Ant task, data type or property
2003-11-13 12:43:40,062 WARN  org.apache.commons.jelly.tags.ant.AntTag - Could not convert tag: td into an Ant task, data type or property
2003-11-13 12:43:40,062 WARN  org.apache.commons.jelly.tags.ant.AntTag - Could not convert tag: td into an Ant task, data type or property
2003-11-13 12:43:40,078 WARN  org.apache.commons.jelly.tags.ant.AntTag - Could not convert tag: tr into an Ant task, data type or property
2003-11-13 12:43:40,078 WARN  org.apache.commons.jelly.tags.ant.AntTag - Could not convert tag: td into an Ant task, data type or property
2003-11-13 12:43:40,078 WARN  org.apache.commons.jelly.tags.ant.AntTag - Could not convert tag: a into an Ant task, data type or property
2003-11-13 12:43:40,078 WARN  org.apache.commons.jelly.tags.ant.AntTag - Could not convert tag: td into an Ant task, data type or property
2003-11-13 12:43:40,078 WARN  org.apache.commons.jelly.tags.ant.AntTag - Could not convert tag: td into an Ant task, data type or property
2003-11-13 12:43:40,078 WARN  org.apache.commons.jelly.tags.ant.AntTag - Could not convert tag: td into an Ant task, data type or property
2003-11-13 12:43:40,078 WARN  org.apache.commons.jelly.tags.ant.AntTag - Could not convert tag: td into an Ant task, data type or property
2003-11-13 12:43:40,078 WARN  org.apache.commons.jelly.tags.ant.AntTag - Could not convert tag: td into an Ant task, data type or property
2003-11-13 12:43:40,078 WARN  org.apache.commons.jelly.tags.ant.AntTag - Could not convert tag: td into an Ant task, data type or property
2003-11-13 12:43:40,078 WARN  org.apache.commons.jelly.tags.ant.AntTag - Could not convert tag: td into an Ant task, data type or property
2003-11-13 12:43:40,078 WARN  org.apache.commons.jelly.tags.ant.AntTag - Could not convert tag: td into an Ant task, data type or property
2003-11-13 12:43:40,078 WARN  org.apache.commons.jelly.tags.ant.AntTag - Could not convert tag: tr into an Ant task, data type or property
2003-11-13 12:43:40,078 WARN  org.apache.commons.jelly.tags.ant.AntTag - Could not convert tag: td into an Ant task, data type or property
2003-11-13 12:43:40,078 WARN  org.apache.commons.jelly.tags.ant.AntTag - Could not convert tag: a into an Ant task, data type or property
2003-11-13 12:43:40,078 WARN  org.apache.commons.jelly.tags.ant.AntTag - Could not convert tag: td into an Ant task, data type or property
2003-11-13 12:43:40,078 WARN  org.apache.commons.jelly.tags.ant.AntTag - Could not convert tag: td into an Ant task, data type or property
2003-11-13 12:43:40,078 WARN  org.apache.commons.jelly.tags.ant.AntTag - Could not convert tag: td into an Ant task, data type or property
2003-11-13 12:43:40,078 WARN  org.apache.commons.jelly.tags.ant.AntTag - Could not convert tag: td into an Ant task, data type or property
2003-11-13 12:43:40,078 WARN  org.apache.commons.jelly.tags.ant.AntTag - Could not convert tag: td into an Ant task, data type or property
2003-11-13 12:43:40,078 WARN  org.apache.commons.jelly.tags.ant.AntTag - Could not convert tag: td into an Ant task, data type or property
2003-11-13 12:43:40,078 WARN  org.apache.commons.jelly.tags.ant.AntTag - Could not convert tag: td into an Ant task, data type or property
2003-11-13 12:43:40,078 WARN  org.apache.commons.jelly.tags.ant.AntTag - Could not convert tag: td into an Ant task, data type or property
2003-11-13 12:43:40,078 WARN  org.apache.commons.jelly.tags.ant.AntTag - Could not convert tag: tr into an Ant task, data type or property
2003-11-13 12:43:40,078 WARN  org.apache.commons.jelly.tags.ant.AntTag - Could not convert tag: td into an Ant task, data type or property
2003-11-13 12:43:40,078 WARN  org.apache.commons.jelly.tags.ant.AntTag - Could not convert tag: a into an Ant task, data type or property
2003-11-13 12:43:40,078 WARN  org.apache.commons.jelly.tags.ant.AntTag - Could not convert tag: td into an Ant task, data type or property
2003-11-13 12:43:40,078 WARN  org.apache.commons.jelly.tags.ant.AntTag - Could not convert tag: td into an Ant task, data type or property
2003-11-13 12:43:40,078 WARN  org.apache.commons.jelly.tags.ant.AntTag - Could not convert tag: td into an Ant task, data type or property
2003-11-13 12:43:40,078 WARN  org.apache.commons.jelly.tags.ant.AntTag - Could not convert tag: td into an Ant task, data type or property
2003-11-13 12:43:40,078 WARN  org.apache.commons.jelly.tags.ant.AntTag - Could not convert tag: td into an Ant task, data type or property
2003-11-13 12:43:40,078 WARN  org.apache.commons.jelly.tags.ant.AntTag - Could not convert tag: td into an Ant task, data type or property
2003-11-13 12:43:40,078 WARN  org.apache.commons.jelly.tags.ant.AntTag - Could not convert tag: td into an Ant task, data type or property
2003-11-13 12:43:40,078 WARN  org.apache.commons.jelly.tags.ant.AntTag - Could not convert tag: td into an Ant task, data type or property
2003-11-13 12:43:40,078 WARN  org.apache.commons.jelly.tags.ant.AntTag - Could not convert tag: tr into an Ant task, data type or property
2003-11-13 12:43:40,078 WARN  org.apache.commons.jelly.tags.ant.AntTag - Could not convert tag: td into an Ant task, data type or property
2003-11-13 12:43:40,078 WARN  org.apache.commons.jelly.tags.ant.AntTag - Could not convert tag: a into an Ant task, data type or property
2003-11-13 12:43:40,078 WARN  org.apache.commons.jelly.tags.ant.AntTag - Could not convert tag: td into an Ant task, data type or property
2003-11-13 12:43:40,078 WARN  org.apache.commons.jelly.tags.ant.AntTag - Could not convert tag: td into an Ant task, data type or property
2003-11-13 12:43:40,078 WARN  org.apache.commons.jelly.tags.ant.AntTag - Could not convert tag: td into an Ant task, data type or property
2003-11-13 12:43:40,078 WARN  org.apache.commons.jelly.tags.ant.AntTag - Could not convert tag: td into an Ant task, data type or property
2003-11-13 12:43:40,078 WARN  org.apache.commons.jelly.tags.ant.AntTag - Could not convert tag: td into an Ant task, data type or property
2003-11-13 12:43:40,078 WARN  org.apache.commons.jelly.tags.ant.AntTag - Could not convert tag: td into an Ant task, data type or property
2003-11-13 12:43:40,078 WARN  org.apache.commons.jelly.tags.ant.AntTag - Could not convert tag: td into an Ant task, data type or property
2003-11-13 12:43:40,078 WARN  org.apache.commons.jelly.tags.ant.AntTag - Could not convert tag: td into an Ant task, data type or property
2003-11-13 12:43:40,078 WARN  org.apache.commons.jelly.tags.ant.AntTag - Could not convert tag: tr into an Ant task, data type or property
2003-11-13 12:43:40,078 WARN  org.apache.commons.jelly.tags.ant.AntTag - Could not convert tag: td into an Ant task, data type or property
2003-11-13 12:43:40,078 WARN  org.apache.commons.jelly.tags.ant.AntTag - Could not convert tag: a into an Ant task, data type or property
2003-11-13 12:43:40,078 WARN  org.apache.commons.jelly.tags.ant.AntTag - Could not convert tag: td into an Ant task, data type or property
2003-11-13 12:43:40,078 WARN  org.apache.commons.jelly.tags.ant.AntTag - Could not convert tag: td into an Ant task, data type or property
2003-11-13 12:43:40,078 WARN  org.apache.commons.jelly.tags.ant.AntTag - Could not convert tag: td into an Ant task, data type or property
2003-11-13 12:43:40,093 WARN  org.apache.commons.jelly.tags.ant.AntTag - Could not convert tag: td into an Ant task, data type or property
2003-11-13 12:43:40,093 WARN  org.apache.commons.jelly.tags.ant.AntTag - Could not convert tag: td into an Ant task, data type or property
2003-11-13 12:43:40,093 WARN  org.apache.commons.jelly.tags.ant.AntTag - Could not convert tag: td into an Ant task, data type or property
2003-11-13 12:43:40,093 WARN  org.apache.commons.jelly.tags.ant.AntTag - Could not convert tag: td into an Ant task, data type or property
2003-11-13 12:43:40,093 WARN  org.apache.commons.jelly.tags.ant.AntTag - Could not convert tag: td into an Ant task, data type or property
2003-11-13 12:43:40,093 WARN  org.apache.commons.jelly.tags.ant.AntTag - Could not convert tag: tr into an Ant task, data type or property
2003-11-13 12:43:40,093 WARN  org.apache.commons.jelly.tags.ant.AntTag - Could not convert tag: td into an Ant task, data type or property
2003-11-13 12:43:40,093 WARN  org.apache.commons.jelly.tags.ant.AntTag - Could not convert tag: a into an Ant task, data type or property
2003-11-13 12:43:40,093 WARN  org.apache.commons.jelly.tags.ant.AntTag - Could not convert tag: td into an Ant task, data type or property
2003-11-13 12:43:40,093 WARN  org.apache.commons.jelly.tags.ant.AntTag - Could not convert tag: td into an Ant task, data type or property
2003-11-13 12:43:40,093 WARN  org.apache.commons.jelly.tags.ant.AntTag - Could not convert tag: td into an Ant task, data type or property
2003-11-13 12:43:40,093 WARN  org.apache.commons.jelly.tags.ant.AntTag - Could not convert tag: td into an Ant task, data type or property
2003-11-13 12:43:40,093 WARN  org.apache.commons.jelly.tags.ant.AntTag - Could not convert tag: td into an Ant task, data type or property
2003-11-13 12:43:40,093 WARN  org.apache.commons.jelly.tags.ant.AntTag - Could not convert tag: td into an Ant task, data type or property
2003-11-13 12:43:40,093 WARN  org.apache.commons.jelly.tags.ant.AntTag - Could not convert tag: td into an Ant task, data type or property
2003-11-13 12:43:40,093 WARN  org.apache.commons.jelly.tags.ant.AntTag - Could not convert tag: td into an Ant task, data type or property
2003-11-13 12:43:40,093 WARN  org.apache.commons.jelly.tags.ant.AntTag - Could not convert tag: tr into an Ant task, data type or property
2003-11-13 12:43:40,093 WARN  org.apache.commons.jelly.tags.ant.AntTag - Could not convert tag: td into an Ant task, data type or property
2003-11-13 12:43:40,093 WARN  org.apache.commons.jelly.tags.ant.AntTag - Could not convert tag: a into an Ant task, data type or property
2003-11-13 12:43:40,093 WARN  org.apache.commons.jelly.tags.ant.AntTag - Could not convert tag: td into an Ant task, data type or property
2003-11-13 12:43:40,093 WARN  org.apache.commons.jelly.tags.ant.AntTag - Could not convert tag: td into an Ant task, data type or property
2003-11-13 12:43:40,093 WARN  org.apache.commons.jelly.tags.ant.AntTag - Could not convert tag: td into an Ant task, data type or property
2003-11-13 12:43:40,093 WARN  org.apache.commons.jelly.tags.ant.AntTag - Could not convert tag: td into an Ant task, data type or property
2003-11-13 12:43:40,093 WARN  org.apache.commons.jelly.tags.ant.AntTag - Could not convert tag: td into an Ant task, data type or property
2003-11-13 12:43:40,093 WARN  org.apache.commons.jelly.tags.ant.AntTag - Could not convert tag: td into an Ant task, data type or property
2003-11-13 12:43:40,093 WARN  org.apache.commons.jelly.tags.ant.AntTag - Could not convert tag: td into an Ant task, data type or property
2003-11-13 12:43:40,093 WARN  org.apache.commons.jelly.tags.ant.AntTag - Could not convert tag: td into an Ant task, data type or property
2003-11-13 12:43:40,093 WARN  org.apache.commons.jelly.tags.ant.AntTag - Could not convert tag: tr into an Ant task, data type or property
2003-11-13 12:43:40,093 WARN  org.apache.commons.jelly.tags.ant.AntTag - Could not convert tag: td into an Ant task, data type or property
2003-11-13 12:43:40,093 WARN  org.apache.commons.jelly.tags.ant.AntTag - Could not convert tag: a into an Ant task, data type or property
2003-11-13 12:43:40,093 WARN  org.apache.commons.jelly.tags.ant.AntTag - Could not convert tag: td into an Ant task, data type or property
2003-11-13 12:43:40,093 WARN  org.apache.commons.jelly.tags.ant.AntTag - Could not convert tag: td into an Ant task, data type or property
2003-11-13 12:43:40,093 WARN  org.apache.commons.jelly.tags.ant.AntTag - Could not convert tag: td into an Ant task, data type or property
2003-11-13 12:43:40,093 WARN  org.apache.commons.jelly.tags.ant.AntTag - Could not convert tag: td into an Ant task, data type or property
2003-11-13 12:43:40,093 WARN  org.apache.commons.jelly.tags.ant.AntTag - Could not convert tag: td into an Ant task, data type or property
2003-11-13 12:43:40,093 WARN  org.apache.commons.jelly.tags.ant.AntTag - Could not convert tag: td into an Ant task, data type or property
2003-11-13 12:43:40,093 WARN  org.apache.commons.jelly.tags.ant.AntTag - Could not convert tag: td into an Ant task, data type or property
2003-11-13 12:43:40,093 WARN  org.apache.commons.jelly.tags.ant.AntTag - Could not convert tag: td into an Ant task, data type or property
2003-11-13 12:43:40,093 WARN  org.apache.commons.jelly.tags.ant.AntTag - Could not convert tag: tr into an Ant task, data type or property
2003-11-13 12:43:40,093 WARN  org.apache.commons.jelly.tags.ant.AntTag - Could not convert tag: td into an Ant task, data type or property
2003-11-13 12:43:40,093 WARN  org.apache.commons.jelly.tags.ant.AntTag - Could not convert tag: a into an Ant task, data type or property
2003-11-13 12:43:40,093 WARN  org.apache.commons.jelly.tags.ant.AntTag - Could not convert tag: td into an Ant task, data type or property
2003-11-13 12:43:40,093 WARN  org.apache.commons.jelly.tags.ant.AntTag - Could not convert tag: td into an Ant task, data type or property
2003-11-13 12:43:40,093 WARN  org.apache.commons.jelly.tags.ant.AntTag - Could not convert tag: td into an Ant task, data type or property
2003-11-13 12:43:40,093 WARN  org.apache.commons.jelly.tags.ant.AntTag - Could not convert tag: td into an Ant task, data type or property
2003-11-13 12:43:40,093 WARN  org.apache.commons.jelly.tags.ant.AntTag - Could not convert tag: td into an Ant task, data type or property
2003-11-13 12:43:40,093 WARN  org.apache.commons.jelly.tags.ant.AntTag - Could not convert tag: td into an Ant task, data type or property
2003-11-13 12:43:40,109 WARN  org.apache.commons.jelly.tags.ant.AntTag - Could not convert tag: td into an Ant task, data type or property
2003-11-13 12:43:40,109 WARN  org.apache.commons.jelly.tags.ant.AntTag - Could not convert tag: td into an Ant task, data type or property
2003-11-13 12:43:40,109 WARN  org.apache.commons.jelly.tags.ant.AntTag - Could not convert tag: tr into an Ant task, data type or property
2003-11-13 12:43:40,109 WARN  org.apache.commons.jelly.tags.ant.AntTag - Could not convert tag: td into an Ant task, data type or property
2003-11-13 12:43:40,109 WARN  org.apache.commons.jelly.tags.ant.AntTag - Could not convert tag: a into an Ant task, data type or property
2003-11-13 12:43:40,109 WARN  org.apache.commons.jelly.tags.ant.AntTag - Could not convert tag: td into an Ant task, data type or property
2003-11-13 12:43:40,109 WARN  org.apache.commons.jelly.tags.ant.AntTag - Could not convert tag: td into an Ant task, data type or property
2003-11-13 12:43:40,109 WARN  org.apache.commons.jelly.tags.ant.AntTag - Could not convert tag: td into an Ant task, data type or property
2003-11-13 12:43:40,109 WARN  org.apache.commons.jelly.tags.ant.AntTag - Could not convert tag: td into an Ant task, data type or property
2003-11-13 12:43:40,109 WARN  org.apache.commons.jelly.tags.ant.AntTag - Could not convert tag: td into an Ant task, data type or property
2003-11-13 12:43:40,109 WARN  org.apache.commons.jelly.tags.ant.AntTag - Could not convert tag: td into an Ant task, data type or property
2003-11-13 12:43:40,109 WARN  org.apache.commons.jelly.tags.ant.AntTag - Could not convert tag: td into an Ant task, data type or property
2003-11-13 12:43:40,109 WARN  org.apache.commons.jelly.tags.ant.AntTag - Could not convert tag: td into an Ant task, data type or property
2003-11-13 12:43:40,109 WARN  org.apache.commons.jelly.tags.ant.AntTag - Could not convert tag: tr into an Ant task, data type or property
2003-11-13 12:43:40,109 WARN  org.apache.commons.jelly.tags.ant.AntTag - Could not convert tag: td into an Ant task, data type or property
2003-11-13 12:43:40,109 WARN  org.apache.commons.jelly.tags.ant.AntTag - Could not convert tag: a into an Ant task, data type or property
2003-11-13 12:43:40,109 WARN  org.apache.commons.jelly.tags.ant.AntTag - Could not convert tag: td into an Ant task, data type or property
2003-11-13 12:43:40,109 WARN  org.apache.commons.jelly.tags.ant.AntTag - Could not convert tag: td into an Ant task, data type or property
2003-11-13 12:43:40,109 WARN  org.apache.commons.jelly.tags.ant.AntTag - Could not convert tag: td into an Ant task, data type or property
2003-11-13 12:43:40,109 WARN  org.apache.commons.jelly.tags.ant.AntTag - Could not convert tag: td into an Ant task, data type or property
2003-11-13 12:43:40,109 WARN  org.apache.commons.jelly.tags.ant.AntTag - Could not convert tag: td into an Ant task, data type or property
2003-11-13 12:43:40,109 WARN  org.apache.commons.jelly.tags.ant.AntTag - Could not convert tag: td into an Ant task, data type or property
2003-11-13 12:43:40,109 WARN  org.apache.commons.jelly.tags.ant.AntTag - Could not convert tag: td into an Ant task, data type or property
2003-11-13 12:43:40,109 WARN  org.apache.commons.jelly.tags.ant.AntTag - Could not convert tag: td into an Ant task, data type or property
2003-11-13 12:43:40,109 WARN  org.apache.commons.jelly.tags.ant.AntTag - Could not convert tag: tr into an Ant task, data type or property
2003-11-13 12:43:40,109 WARN  org.apache.commons.jelly.tags.ant.AntTag - Could not convert tag: td into an Ant task, data type or property
2003-11-13 12:43:40,109 WARN  org.apache.commons.jelly.tags.ant.AntTag - Could not convert tag: a into an Ant task, data type or property
2003-11-13 12:43:40,109 WARN  org.apache.commons.jelly.tags.ant.AntTag - Could not convert tag: td into an Ant task, data type or property
2003-11-13 12:43:40,109 WARN  org.apache.commons.jelly.tags.ant.AntTag - Could not convert tag: td into an Ant task, data type or property
2003-11-13 12:43:40,109 WARN  org.apache.commons.jelly.tags.ant.AntTag - Could not convert tag: td into an Ant task, data type or property
2003-11-13 12:43:40,109 WARN  org.apache.commons.jelly.tags.ant.AntTag - Could not convert tag: td into an Ant task, data type or property
2003-11-13 12:43:40,109 WARN  org.apache.commons.jelly.tags.ant.AntTag - Could not convert tag: td into an Ant task, data type or property
2003-11-13 12:43:40,109 WARN  org.apache.commons.jelly.tags.ant.AntTag - Could not convert tag: td into an Ant task, data type or property
2003-11-13 12:43:40,109 WARN  org.apache.commons.jelly.tags.ant.AntTag - Could not convert tag: td into an Ant task, data type or property
2003-11-13 12:43:40,109 WARN  org.apache.commons.jelly.tags.ant.AntTag - Could not convert tag: td into an Ant task, data type or property
2003-11-13 12:43:40,109 WARN  org.apache.commons.jelly.tags.ant.AntTag - Could not convert tag: tr into an Ant task, data type or property
2003-11-13 12:43:40,109 WARN  org.apache.commons.jelly.tags.ant.AntTag - Could not convert tag: td into an Ant task, data type or property
2003-11-13 12:43:40,109 WARN  org.apache.commons.jelly.tags.ant.AntTag - Could not convert tag: a into an Ant task, data type or property
2003-11-13 12:43:40,109 WARN  org.apache.commons.jelly.tags.ant.AntTag - Could not convert tag: td into an Ant task, data type or property
2003-11-13 12:43:40,125 WARN  org.apache.commons.jelly.tags.ant.AntTag - Could not convert tag: td into an Ant task, data type or property
2003-11-13 12:43:40,125 WARN  org.apache.commons.jelly.tags.ant.AntTag - Could not convert tag: td into an Ant task, data type or property
2003-11-13 12:43:40,125 WARN  org.apache.commons.jelly.tags.ant.AntTag - Could not convert tag: td into an Ant task, data type or property
2003-11-13 12:43:40,125 WARN  org.apache.commons.jelly.tags.ant.AntTag - Could not convert tag: td into an Ant task, data type or property
2003-11-13 12:43:40,125 WARN  org.apache.commons.jelly.tags.ant.AntTag - Could not convert tag: td into an Ant task, data type or property
2003-11-13 12:43:40,125 WARN  org.apache.commons.jelly.tags.ant.AntTag - Could not convert tag: td into an Ant task, data type or property
2003-11-13 12:43:40,125 WARN  org.apache.commons.jelly.tags.ant.AntTag - Could not convert tag: td into an Ant task, data type or property
2003-11-13 12:43:40,125 WARN  org.apache.commons.jelly.tags.ant.AntTag - Could not convert tag: tr into an Ant task, data type or property
2003-11-13 12:43:40,125 WARN  org.apache.commons.jelly.tags.ant.AntTag - Could not convert tag: td into an Ant task, data type or property
2003-11-13 12:43:40,125 WARN  org.apache.commons.jelly.tags.ant.AntTag - Could not convert tag: a into an Ant task, data type or property
2003-11-13 12:43:40,125 WARN  org.apache.commons.jelly.tags.ant.AntTag - Could not convert tag: td into an Ant task, data type or property
2003-11-13 12:43:40,125 WARN  org.apache.commons.jelly.tags.ant.AntTag - Could not convert tag: td into an Ant task, data type or property
2003-11-13 12:43:40,125 WARN  org.apache.commons.jelly.tags.ant.AntTag - Could not convert tag: td into an Ant task, data type or property
2003-11-13 12:43:40,125 WARN  org.apache.commons.jelly.tags.ant.AntTag - Could not convert tag: td into an Ant task, data type or property
2003-11-13 12:43:40,125 WARN  org.apache.commons.jelly.tags.ant.AntTag - Could not convert tag: td into an Ant task, data type or property
2003-11-13 12:43:40,125 WARN  org.apache.commons.jelly.tags.ant.AntTag - Could not convert tag: td into an Ant task, data type or property
2003-11-13 12:43:40,125 WARN  org.apache.commons.jelly.tags.ant.AntTag - Could not convert tag: td into an Ant task, data type or property
2003-11-13 12:43:40,125 WARN  org.apache.commons.jelly.tags.ant.AntTag - Could not convert tag: td into an Ant task, data type or property
2003-11-13 12:43:40,125 WARN  org.apache.commons.jelly.tags.ant.AntTag - Could not convert tag: tr into an Ant task, data type or property
2003-11-13 12:43:40,125 WARN  org.apache.commons.jelly.tags.ant.AntTag - Could not convert tag: td into an Ant task, data type or property
2003-11-13 12:43:40,125 WARN  org.apache.commons.jelly.tags.ant.AntTag - Could not convert tag: a into an Ant task, data type or property
2003-11-13 12:43:40,125 WARN  org.apache.commons.jelly.tags.ant.AntTag - Could not convert tag: td into an Ant task, data type or property
2003-11-13 12:43:40,125 WARN  org.apache.commons.jelly.tags.ant.AntTag - Could not convert tag: td into an Ant task, data type or property
2003-11-13 12:43:40,125 WARN  org.apache.commons.jelly.tags.ant.AntTag - Could not convert tag: td into an Ant task, data type or property
2003-11-13 12:43:40,125 WARN  org.apache.commons.jelly.tags.ant.AntTag - Could not convert tag: td into an Ant task, data type or property
2003-11-13 12:43:40,125 WARN  org.apache.commons.jelly.tags.ant.AntTag - Could not convert tag: td into an Ant task, data type or property
2003-11-13 12:43:40,125 WARN  org.apache.commons.jelly.tags.ant.AntTag - Could not convert tag: td into an Ant task, data type or property
2003-11-13 12:43:40,125 WARN  org.apache.commons.jelly.tags.ant.AntTag - Could not convert tag: td into an Ant task, data type or property
2003-11-13 12:43:40,125 WARN  org.apache.commons.jelly.tags.ant.AntTag - Could not convert tag: td into an Ant task, data type or property
2003-11-13 12:43:40,125 WARN  org.apache.commons.jelly.tags.ant.AntTag - Could not convert tag: section into an Ant task, data type or property
2003-11-13 12:43:40,125 WARN  org.apache.commons.jelly.tags.ant.AntTag - Could not convert tag: p into an Ant task, data type or property
2003-11-13 12:43:40,125 WARN  org.apache.commons.jelly.tags.ant.AntTag - Could not convert tag: a into an Ant task, data type or property
2003-11-13 12:43:40,125 WARN  org.apache.commons.jelly.tags.ant.AntTag - Could not convert tag: a into an Ant task, data type or property
2003-11-13 12:43:40,125 WARN  org.apache.commons.jelly.tags.ant.AntTag - Could not convert tag: a into an Ant task, data type or property
2003-11-13 12:43:40,125 WARN  org.apache.commons.jelly.tags.ant.AntTag - Could not convert tag: a into an Ant task, data type or property
2003-11-13 12:43:40,125 WARN  org.apache.commons.jelly.tags.ant.AntTag - Could not convert tag: subsection into an Ant task, data type or property
2003-11-13 12:43:40,125 WARN  org.apache.commons.jelly.tags.ant.AntTag - Could not convert tag: table into an Ant task, data type or property
2003-11-13 12:43:40,125 WARN  org.apache.commons.jelly.tags.ant.AntTag - Could not convert tag: tr into an Ant task, data type or property
2003-11-13 12:43:40,125 WARN  org.apache.commons.jelly.tags.ant.AntTag - Could not convert tag: th into an Ant task, data type or property
2003-11-13 12:43:40,125 WARN  org.apache.commons.jelly.tags.ant.AntTag - Could not convert tag: th into an Ant task, data type or property
2003-11-13 12:43:40,125 WARN  org.apache.commons.jelly.tags.ant.AntTag - Could not convert tag: th into an Ant task, data type or property
2003-11-13 12:43:40,125 WARN  org.apache.commons.jelly.tags.ant.AntTag - Could not convert tag: th into an Ant task, data type or property
2003-11-13 12:43:40,125 WARN  org.apache.commons.jelly.tags.ant.AntTag - Could not convert tag: th into an Ant task, data type or property
2003-11-13 12:43:40,125 WARN  org.apache.commons.jelly.tags.ant.AntTag - Could not convert tag: tr into an Ant task, data type or property
2003-11-13 12:43:40,125 WARN  org.apache.commons.jelly.tags.ant.AntTag - Could not convert tag: td into an Ant task, data type or property
2003-11-13 12:43:40,125 WARN  org.apache.commons.jelly.tags.ant.AntTag - Could not convert tag: td into an Ant task, data type or property
2003-11-13 12:43:40,125 WARN  org.apache.commons.jelly.tags.ant.AntTag - Could not convert tag: td into an Ant task, data type or property
2003-11-13 12:43:40,125 WARN  org.apache.commons.jelly.tags.ant.AntTag - Could not convert tag: td into an Ant task, data type or property
2003-11-13 12:43:40,125 WARN  org.apache.commons.jelly.tags.ant.AntTag - Could not convert tag: td into an Ant task, data type or property
2003-11-13 12:43:40,125 WARN  org.apache.commons.jelly.tags.ant.AntTag - Could not convert tag: table into an Ant task, data type or property
2003-11-13 12:43:40,125 WARN  org.apache.commons.jelly.tags.ant.AntTag - Could not convert tag: tr into an Ant task, data type or property
2003-11-13 12:43:40,125 WARN  org.apache.commons.jelly.tags.ant.AntTag - Could not convert tag: th into an Ant task, data type or property
2003-11-13 12:43:40,125 WARN  org.apache.commons.jelly.tags.ant.AntTag - Could not convert tag: th into an Ant task, data type or property
2003-11-13 12:43:40,125 WARN  org.apache.commons.jelly.tags.ant.AntTag - Could not convert tag: th into an Ant task, data type or property
2003-11-13 12:43:40,125 WARN  org.apache.commons.jelly.tags.ant.AntTag - Could not convert tag: th into an Ant task, data type or property
2003-11-13 12:43:40,125 WARN  org.apache.commons.jelly.tags.ant.AntTag - Could not convert tag: tr into an Ant task, data type or property
2003-11-13 12:43:40,125 WARN  org.apache.commons.jelly.tags.ant.AntTag - Could not convert tag: td into an Ant task, data type or property
2003-11-13 12:43:40,125 WARN  org.apache.commons.jelly.tags.ant.AntTag - Could not convert tag: td into an Ant task, data type or property
2003-11-13 12:43:40,140 WARN  org.apache.commons.jelly.tags.ant.AntTag - Could not convert tag: a into an Ant task, data type or property
2003-11-13 12:43:40,140 WARN  org.apache.commons.jelly.tags.ant.AntTag - Could not convert tag: br into an Ant task, data type or property
2003-11-13 12:43:40,140 WARN  org.apache.commons.jelly.tags.ant.AntTag - Could not convert tag: td into an Ant task, data type or property
2003-11-13 12:43:40,140 WARN  org.apache.commons.jelly.tags.ant.AntTag - Could not convert tag: td into an Ant task, data type or property
2003-11-13 12:43:40,140 WARN  org.apache.commons.jelly.tags.ant.AntTag - Could not convert tag: a into an Ant task, data type or property
2003-11-13 12:43:40,140 WARN  org.apache.commons.jelly.tags.ant.AntTag - Could not convert tag: br into an Ant task, data type or property
2003-11-13 12:43:40,140 WARN  org.apache.commons.jelly.tags.ant.AntTag - Could not convert tag: a into an Ant task, data type or property
2003-11-13 12:43:40,140 WARN  org.apache.commons.jelly.tags.ant.AntTag - Could not convert tag: br into an Ant task, data type or property
2003-11-13 12:43:40,140 WARN  org.apache.commons.jelly.tags.ant.AntTag - Could not convert tag: a into an Ant task, data type or property
2003-11-13 12:43:40,140 WARN  org.apache.commons.jelly.tags.ant.AntTag - Could not convert tag: br into an Ant task, data type or property
2003-11-13 12:43:40,140 WARN  org.apache.commons.jelly.tags.ant.AntTag - Could not convert tag: a into an Ant task, data type or property
2003-11-13 12:43:40,140 WARN  org.apache.commons.jelly.tags.ant.AntTag - Could not convert tag: br into an Ant task, data type or property
2003-11-13 12:43:40,140 WARN  org.apache.commons.jelly.tags.ant.AntTag - Could not convert tag: a into an Ant task, data type or property
2003-11-13 12:43:40,140 WARN  org.apache.commons.jelly.tags.ant.AntTag - Could not convert tag: br into an Ant task, data type or property
2003-11-13 12:43:40,140 WARN  org.apache.commons.jelly.tags.ant.AntTag - Could not convert tag: a into an Ant task, data type or property
2003-11-13 12:43:40,140 WARN  org.apache.commons.jelly.tags.ant.AntTag - Could not convert tag: br into an Ant task, data type or property
2003-11-13 12:43:40,140 WARN  org.apache.commons.jelly.tags.ant.AntTag - Could not convert tag: a into an Ant task, data type or property
2003-11-13 12:43:40,140 WARN  org.apache.commons.jelly.tags.ant.AntTag - Could not convert tag: br into an Ant task, data type or property
2003-11-13 12:43:40,140 WARN  org.apache.commons.jelly.tags.ant.AntTag - Could not convert tag: a into an Ant task, data type or property
2003-11-13 12:43:40,140 WARN  org.apache.commons.jelly.tags.ant.AntTag - Could not convert tag: br into an Ant task, data type or property
2003-11-13 12:43:40,140 WARN  org.apache.commons.jelly.tags.ant.AntTag - Could not convert tag: a into an Ant task, data type or property
2003-11-13 12:43:40,140 WARN  org.apache.commons.jelly.tags.ant.AntTag - Could not convert tag: br into an Ant task, data type or property
2003-11-13 12:43:40,140 WARN  org.apache.commons.jelly.tags.ant.AntTag - Could not convert tag: subsection into an Ant task, data type or property
2003-11-13 12:43:40,140 WARN  org.apache.commons.jelly.tags.ant.AntTag - Could not convert tag: table into an Ant task, data type or property
2003-11-13 12:43:40,140 WARN  org.apache.commons.jelly.tags.ant.AntTag - Could not convert tag: tr into an Ant task, data type or property
2003-11-13 12:43:40,140 WARN  org.apache.commons.jelly.tags.ant.AntTag - Could not convert tag: th into an Ant task, data type or property
2003-11-13 12:43:40,140 WARN  org.apache.commons.jelly.tags.ant.AntTag - Could not convert tag: th into an Ant task, data type or property
2003-11-13 12:43:40,140 WARN  org.apache.commons.jelly.tags.ant.AntTag - Could not convert tag: th into an Ant task, data type or property
2003-11-13 12:43:40,140 WARN  org.apache.commons.jelly.tags.ant.AntTag - Could not convert tag: th into an Ant task, data type or property
2003-11-13 12:43:40,140 WARN  org.apache.commons.jelly.tags.ant.AntTag - Could not convert tag: th into an Ant task, data type or property
2003-11-13 12:43:40,140 WARN  org.apache.commons.jelly.tags.ant.AntTag - Could not convert tag: tr into an Ant task, data type or property
2003-11-13 12:43:40,140 WARN  org.apache.commons.jelly.tags.ant.AntTag - Could not convert tag: td into an Ant task, data type or property
2003-11-13 12:43:40,140 WARN  org.apache.commons.jelly.tags.ant.AntTag - Could not convert tag: td into an Ant task, data type or property
2003-11-13 12:43:40,140 WARN  org.apache.commons.jelly.tags.ant.AntTag - Could not convert tag: td into an Ant task, data type or property
2003-11-13 12:43:40,140 WARN  org.apache.commons.jelly.tags.ant.AntTag - Could not convert tag: td into an Ant task, data type or property
2003-11-13 12:43:40,140 WARN  org.apache.commons.jelly.tags.ant.AntTag - Could not convert tag: td into an Ant task, data type or property
2003-11-13 12:43:40,140 WARN  org.apache.commons.jelly.tags.ant.AntTag - Could not convert tag: table into an Ant task, data type or property
2003-11-13 12:43:40,140 WARN  org.apache.commons.jelly.tags.ant.AntTag - Could not convert tag: tr into an Ant task, data type or property
2003-11-13 12:43:40,140 WARN  org.apache.commons.jelly.tags.ant.AntTag - Could not convert tag: th into an Ant task, data type or property
2003-11-13 12:43:40,140 WARN  org.apache.commons.jelly.tags.ant.AntTag - Could not convert tag: th into an Ant task, data type or property
2003-11-13 12:43:40,140 WARN  org.apache.commons.jelly.tags.ant.AntTag - Could not convert tag: th into an Ant task, data type or property
2003-11-13 12:43:40,140 WARN  org.apache.commons.jelly.tags.ant.AntTag - Could not convert tag: th into an Ant task, data type or property
2003-11-13 12:43:40,140 WARN  org.apache.commons.jelly.tags.ant.AntTag - Could not convert tag: tr into an Ant task, data type or property
2003-11-13 12:43:40,140 WARN  org.apache.commons.jelly.tags.ant.AntTag - Could not convert tag: td into an Ant task, data type or property
2003-11-13 12:43:40,140 WARN  org.apache.commons.jelly.tags.ant.AntTag - Could not convert tag: a into an Ant task, data type or property
2003-11-13 12:43:40,140 WARN  org.apache.commons.jelly.tags.ant.AntTag - Could not convert tag: br into an Ant task, data type or property
2003-11-13 12:43:40,140 WARN  org.apache.commons.jelly.tags.ant.AntTag - Could not convert tag: a into an Ant task, data type or property
2003-11-13 12:43:40,140 WARN  org.apache.commons.jelly.tags.ant.AntTag - Could not convert tag: br into an Ant task, data type or property
2003-11-13 12:43:40,140 WARN  org.apache.commons.jelly.tags.ant.AntTag - Could not convert tag: a into an Ant task, data type or property
2003-11-13 12:43:40,140 WARN  org.apache.commons.jelly.tags.ant.AntTag - Could not convert tag: br into an Ant task, data type or property
2003-11-13 12:43:40,140 WARN  org.apache.commons.jelly.tags.ant.AntTag - Could not convert tag: a into an Ant task, data type or property
2003-11-13 12:43:40,140 WARN  org.apache.commons.jelly.tags.ant.AntTag - Could not convert tag: br into an Ant task, data type or property
2003-11-13 12:43:40,156 WARN  org.apache.commons.jelly.tags.ant.AntTag - Could not convert tag: a into an Ant task, data type or property
2003-11-13 12:43:40,156 WARN  org.apache.commons.jelly.tags.ant.AntTag - Could not convert tag: br into an Ant task, data type or property
2003-11-13 12:43:40,156 WARN  org.apache.commons.jelly.tags.ant.AntTag - Could not convert tag: a into an Ant task, data type or property
2003-11-13 12:43:40,156 WARN  org.apache.commons.jelly.tags.ant.AntTag - Could not convert tag: br into an Ant task, data type or property
2003-11-13 12:43:40,156 WARN  org.apache.commons.jelly.tags.ant.AntTag - Could not convert tag: a into an Ant task, data type or property
2003-11-13 12:43:40,156 WARN  org.apache.commons.jelly.tags.ant.AntTag - Could not convert tag: br into an Ant task, data type or property
2003-11-13 12:43:40,156 WARN  org.apache.commons.jelly.tags.ant.AntTag - Could not convert tag: a into an Ant task, data type or property
2003-11-13 12:43:40,156 WARN  org.apache.commons.jelly.tags.ant.AntTag - Could not convert tag: br into an Ant task, data type or property
2003-11-13 12:43:40,156 WARN  org.apache.commons.jelly.tags.ant.AntTag - Could not convert tag: a into an Ant task, data type or property
2003-11-13 12:43:40,156 WARN  org.apache.commons.jelly.tags.ant.AntTag - Could not convert tag: br into an Ant task, data type or property
2003-11-13 12:43:40,156 WARN  org.apache.commons.jelly.tags.ant.AntTag - Could not convert tag: a into an Ant task, data type or property
2003-11-13 12:43:40,156 WARN  org.apache.commons.jelly.tags.ant.AntTag - Could not convert tag: br into an Ant task, data type or property
2003-11-13 12:43:40,156 WARN  org.apache.commons.jelly.tags.ant.AntTag - Could not convert tag: a into an Ant task, data type or property
2003-11-13 12:43:40,156 WARN  org.apache.commons.jelly.tags.ant.AntTag - Could not convert tag: br into an Ant task, data type or property
2003-11-13 12:43:40,156 WARN  org.apache.commons.jelly.tags.ant.AntTag - Could not convert tag: a into an Ant task, data type or property
2003-11-13 12:43:40,156 WARN  org.apache.commons.jelly.tags.ant.AntTag - Could not convert tag: br into an Ant task, data type or property
2003-11-13 12:43:40,156 WARN  org.apache.commons.jelly.tags.ant.AntTag - Could not convert tag: a into an Ant task, data type or property
2003-11-13 12:43:40,156 WARN  org.apache.commons.jelly.tags.ant.AntTag - Could not convert tag: br into an Ant task, data type or property
2003-11-13 12:43:40,156 WARN  org.apache.commons.jelly.tags.ant.AntTag - Could not convert tag: a into an Ant task, data type or property
2003-11-13 12:43:40,156 WARN  org.apache.commons.jelly.tags.ant.AntTag - Could not convert tag: br into an Ant task, data type or property
2003-11-13 12:43:40,156 WARN  org.apache.commons.jelly.tags.ant.AntTag - Could not convert tag: a into an Ant task, data type or property
2003-11-13 12:43:40,156 WARN  org.apache.commons.jelly.tags.ant.AntTag - Could not convert tag: br into an Ant task, data type or property
2003-11-13 12:43:40,156 WARN  org.apache.commons.jelly.tags.ant.AntTag - Could not convert tag: a into an Ant task, data type or property
2003-11-13 12:43:40,156 WARN  org.apache.commons.jelly.tags.ant.AntTag - Could not convert tag: br into an Ant task, data type or property
2003-11-13 12:43:40,156 WARN  org.apache.commons.jelly.tags.ant.AntTag - Could not convert tag: a into an Ant task, data type or property
2003-11-13 12:43:40,156 WARN  org.apache.commons.jelly.tags.ant.AntTag - Could not convert tag: br into an Ant task, data type or property
2003-11-13 12:43:40,156 WARN  org.apache.commons.jelly.tags.ant.AntTag - Could not convert tag: a into an Ant task, data type or property
2003-11-13 12:43:40,156 WARN  org.apache.commons.jelly.tags.ant.AntTag - Could not convert tag: br into an Ant task, data type or property
2003-11-13 12:43:40,156 WARN  org.apache.commons.jelly.tags.ant.AntTag - Could not convert tag: a into an Ant task, data type or property
2003-11-13 12:43:40,156 WARN  org.apache.commons.jelly.tags.ant.AntTag - Could not convert tag: br into an Ant task, data type or property
2003-11-13 12:43:40,156 WARN  org.apache.commons.jelly.tags.ant.AntTag - Could not convert tag: a into an Ant task, data type or property
2003-11-13 12:43:40,156 WARN  org.apache.commons.jelly.tags.ant.AntTag - Could not convert tag: br into an Ant task, data type or property
2003-11-13 12:43:40,156 WARN  org.apache.commons.jelly.tags.ant.AntTag - Could not convert tag: td into an Ant task, data type or property
2003-11-13 12:43:40,156 WARN  org.apache.commons.jelly.tags.ant.AntTag - Could not convert tag: a into an Ant task, data type or property
2003-11-13 12:43:40,156 WARN  org.apache.commons.jelly.tags.ant.AntTag - Could not convert tag: br into an Ant task, data type or property
2003-11-13 12:43:40,156 WARN  org.apache.commons.jelly.tags.ant.AntTag - Could not convert tag: a into an Ant task, data type or property
2003-11-13 12:43:40,156 WARN  org.apache.commons.jelly.tags.ant.AntTag - Could not convert tag: br into an Ant task, data type or property
2003-11-13 12:43:40,156 WARN  org.apache.commons.jelly.tags.ant.AntTag - Could not convert tag: a into an Ant task, data type or property
2003-11-13 12:43:40,156 WARN  org.apache.commons.jelly.tags.ant.AntTag - Could not convert tag: br into an Ant task, data type or property
2003-11-13 12:43:40,156 WARN  org.apache.commons.jelly.tags.ant.AntTag - Could not convert tag: a into an Ant task, data type or property
2003-11-13 12:43:40,156 WARN  org.apache.commons.jelly.tags.ant.AntTag - Could not convert tag: br into an Ant task, data type or property
2003-11-13 12:43:40,156 WARN  org.apache.commons.jelly.tags.ant.AntTag - Could not convert tag: a into an Ant task, data type or property
2003-11-13 12:43:40,156 WARN  org.apache.commons.jelly.tags.ant.AntTag - Could not convert tag: br into an Ant task, data type or property
2003-11-13 12:43:40,171 WARN  org.apache.commons.jelly.tags.ant.AntTag - Could not convert tag: a into an Ant task, data type or property
2003-11-13 12:43:40,171 WARN  org.apache.commons.jelly.tags.ant.AntTag - Could not convert tag: br into an Ant task, data type or property
2003-11-13 12:43:40,171 WARN  org.apache.commons.jelly.tags.ant.AntTag - Could not convert tag: a into an Ant task, data type or property
2003-11-13 12:43:40,171 WARN  org.apache.commons.jelly.tags.ant.AntTag - Could not convert tag: br into an Ant task, data type or property
2003-11-13 12:43:40,171 WARN  org.apache.commons.jelly.tags.ant.AntTag - Could not convert tag: a into an Ant task, data type or property
2003-11-13 12:43:40,171 WARN  org.apache.commons.jelly.tags.ant.AntTag - Could not convert tag: br into an Ant task, data type or property
2003-11-13 12:43:40,171 WARN  org.apache.commons.jelly.tags.ant.AntTag - Could not convert tag: a into an Ant task, data type or property
2003-11-13 12:43:40,171 WARN  org.apache.commons.jelly.tags.ant.AntTag - Could not convert tag: br into an Ant task, data type or property
2003-11-13 12:43:40,171 WARN  org.apache.commons.jelly.tags.ant.AntTag - Could not convert tag: a into an Ant task, data type or property
2003-11-13 12:43:40,171 WARN  org.apache.commons.jelly.tags.ant.AntTag - Could not convert tag: br into an Ant task, data type or property
2003-11-13 12:43:40,171 WARN  org.apache.commons.jelly.tags.ant.AntTag - Could not convert tag: a into an Ant task, data type or property
2003-11-13 12:43:40,171 WARN  org.apache.commons.jelly.tags.ant.AntTag - Could not convert tag: br into an Ant task, data type or property
2003-11-13 12:43:40,171 WARN  org.apache.commons.jelly.tags.ant.AntTag - Could not convert tag: a into an Ant task, data type or property
2003-11-13 12:43:40,171 WARN  org.apache.commons.jelly.tags.ant.AntTag - Could not convert tag: br into an Ant task, data type or property
2003-11-13 12:43:40,171 WARN  org.apache.commons.jelly.tags.ant.AntTag - Could not convert tag: a into an Ant task, data type or property
2003-11-13 12:43:40,171 WARN  org.apache.commons.jelly.tags.ant.AntTag - Could not convert tag: br into an Ant task, data type or property
2003-11-13 12:43:40,171 WARN  org.apache.commons.jelly.tags.ant.AntTag - Could not convert tag: a into an Ant task, data type or property
2003-11-13 12:43:40,171 WARN  org.apache.commons.jelly.tags.ant.AntTag - Could not convert tag: br into an Ant task, data type or property
2003-11-13 12:43:40,171 WARN  org.apache.commons.jelly.tags.ant.AntTag - Could not convert tag: a into an Ant task, data type or property
2003-11-13 12:43:40,171 WARN  org.apache.commons.jelly.tags.ant.AntTag - Could not convert tag: br into an Ant task, data type or property
2003-11-13 12:43:40,171 WARN  org.apache.commons.jelly.tags.ant.AntTag - Could not convert tag: a into an Ant task, data type or property
2003-11-13 12:43:40,171 WARN  org.apache.commons.jelly.tags.ant.AntTag - Could not convert tag: br into an Ant task, data type or property
2003-11-13 12:43:40,171 WARN  org.apache.commons.jelly.tags.ant.AntTag - Could not convert tag: a into an Ant task, data type or property
2003-11-13 12:43:40,171 WARN  org.apache.commons.jelly.tags.ant.AntTag - Could not convert tag: br into an Ant task, data type or property
2003-11-13 12:43:40,171 WARN  org.apache.commons.jelly.tags.ant.AntTag - Could not convert tag: a into an Ant task, data type or property
2003-11-13 12:43:40,171 WARN  org.apache.commons.jelly.tags.ant.AntTag - Could not convert tag: br into an Ant task, data type or property
2003-11-13 12:43:40,171 WARN  org.apache.commons.jelly.tags.ant.AntTag - Could not convert tag: a into an Ant task, data type or property
2003-11-13 12:43:40,171 WARN  org.apache.commons.jelly.tags.ant.AntTag - Could not convert tag: br into an Ant task, data type or property
2003-11-13 12:43:40,171 WARN  org.apache.commons.jelly.tags.ant.AntTag - Could not convert tag: a into an Ant task, data type or property
2003-11-13 12:43:40,171 WARN  org.apache.commons.jelly.tags.ant.AntTag - Could not convert tag: br into an Ant task, data type or property
2003-11-13 12:43:40,171 WARN  org.apache.commons.jelly.tags.ant.AntTag - Could not convert tag: a into an Ant task, data type or property
2003-11-13 12:43:40,171 WARN  org.apache.commons.jelly.tags.ant.AntTag - Could not convert tag: br into an Ant task, data type or property
2003-11-13 12:43:40,171 WARN  org.apache.commons.jelly.tags.ant.AntTag - Could not convert tag: a into an Ant task, data type or property
2003-11-13 12:43:40,171 WARN  org.apache.commons.jelly.tags.ant.AntTag - Could not convert tag: br into an Ant task, data type or property
2003-11-13 12:43:40,171 WARN  org.apache.commons.jelly.tags.ant.AntTag - Could not convert tag: a into an Ant task, data type or property
2003-11-13 12:43:40,171 WARN  org.apache.commons.jelly.tags.ant.AntTag - Could not convert tag: br into an Ant task, data type or property
2003-11-13 12:43:40,171 WARN  org.apache.commons.jelly.tags.ant.AntTag - Could not convert tag: td into an Ant task, data type or property
2003-11-13 12:43:40,171 WARN  org.apache.commons.jelly.tags.ant.AntTag - Could not convert tag: a into an Ant task, data type or property
2003-11-13 12:43:40,171 WARN  org.apache.commons.jelly.tags.ant.AntTag - Could not convert tag: br into an Ant task, data type or property
2003-11-13 12:43:40,171 WARN  org.apache.commons.jelly.tags.ant.AntTag - Could not convert tag: a into an Ant task, data type or property
2003-11-13 12:43:40,171 WARN  org.apache.commons.jelly.tags.ant.AntTag - Could not convert tag: br into an Ant task, data type or property
2003-11-13 12:43:40,171 WARN  org.apache.commons.jelly.tags.ant.AntTag - Could not convert tag: a into an Ant task, data type or property
2003-11-13 12:43:40,171 WARN  org.apache.commons.jelly.tags.ant.AntTag - Could not convert tag: br into an Ant task, data type or property
2003-11-13 12:43:40,171 WARN  org.apache.commons.jelly.tags.ant.AntTag - Could not convert tag: a into an Ant task, data type or property
2003-11-13 12:43:40,171 WARN  org.apache.commons.jelly.tags.ant.AntTag - Could not convert tag: br into an Ant task, data type or property
2003-11-13 12:43:40,171 WARN  org.apache.commons.jelly.tags.ant.AntTag - Could not convert tag: td into an Ant task, data type or property
2003-11-13 12:43:40,171 WARN  org.apache.commons.jelly.tags.ant.AntTag - Could not convert tag: a into an Ant task, data type or property
2003-11-13 12:43:40,171 WARN  org.apache.commons.jelly.tags.ant.AntTag - Could not convert tag: br into an Ant task, data type or property
2003-11-13 12:43:40,171 WARN  org.apache.commons.jelly.tags.ant.AntTag - Could not convert tag: a into an Ant task, data type or property
2003-11-13 12:43:40,171 WARN  org.apache.commons.jelly.tags.ant.AntTag - Could not convert tag: br into an Ant task, data type or property
2003-11-13 12:43:40,171 WARN  org.apache.commons.jelly.tags.ant.AntTag - Could not convert tag: a into an Ant task, data type or property
2003-11-13 12:43:40,171 WARN  org.apache.commons.jelly.tags.ant.AntTag - Could not convert tag: br into an Ant task, data type or property
2003-11-13 12:43:40,171 WARN  org.apache.commons.jelly.tags.ant.AntTag - Could not convert tag: a into an Ant task, data type or property
2003-11-13 12:43:40,187 WARN  org.apache.commons.jelly.tags.ant.AntTag - Could not convert tag: br into an Ant task, data type or property
2003-11-13 12:43:40,187 WARN  org.apache.commons.jelly.tags.ant.AntTag - Could not convert tag: a into an Ant task, data type or property
2003-11-13 12:43:40,187 WARN  org.apache.commons.jelly.tags.ant.AntTag - Could not convert tag: br into an Ant task, data type or property
2003-11-13 12:43:40,187 WARN  org.apache.commons.jelly.tags.ant.AntTag - Could not convert tag: subsection into an Ant task, data type or property
2003-11-13 12:43:40,187 WARN  org.apache.commons.jelly.tags.ant.AntTag - Could not convert tag: table into an Ant task, data type or property
2003-11-13 12:43:40,187 WARN  org.apache.commons.jelly.tags.ant.AntTag - Could not convert tag: tr into an Ant task, data type or property
2003-11-13 12:43:40,187 WARN  org.apache.commons.jelly.tags.ant.AntTag - Could not convert tag: th into an Ant task, data type or property
2003-11-13 12:43:40,187 WARN  org.apache.commons.jelly.tags.ant.AntTag - Could not convert tag: th into an Ant task, data type or property
2003-11-13 12:43:40,187 WARN  org.apache.commons.jelly.tags.ant.AntTag - Could not convert tag: th into an Ant task, data type or property
2003-11-13 12:43:40,187 WARN  org.apache.commons.jelly.tags.ant.AntTag - Could not convert tag: th into an Ant task, data type or property
2003-11-13 12:43:40,187 WARN  org.apache.commons.jelly.tags.ant.AntTag - Could not convert tag: th into an Ant task, data type or property
2003-11-13 12:43:40,187 WARN  org.apache.commons.jelly.tags.ant.AntTag - Could not convert tag: tr into an Ant task, data type or property
2003-11-13 12:43:40,187 WARN  org.apache.commons.jelly.tags.ant.AntTag - Could not convert tag: td into an Ant task, data type or property
2003-11-13 12:43:40,187 WARN  org.apache.commons.jelly.tags.ant.AntTag - Could not convert tag: td into an Ant task, data type or property
2003-11-13 12:43:40,187 WARN  org.apache.commons.jelly.tags.ant.AntTag - Could not convert tag: td into an Ant task, data type or property
2003-11-13 12:43:40,187 WARN  org.apache.commons.jelly.tags.ant.AntTag - Could not convert tag: td into an Ant task, data type or property
2003-11-13 12:43:40,187 WARN  org.apache.commons.jelly.tags.ant.AntTag - Could not convert tag: td into an Ant task, data type or property
2003-11-13 12:43:40,187 WARN  org.apache.commons.jelly.tags.ant.AntTag - Could not convert tag: table into an Ant task, data type or property
2003-11-13 12:43:40,187 WARN  org.apache.commons.jelly.tags.ant.AntTag - Could not convert tag: tr into an Ant task, data type or property
2003-11-13 12:43:40,187 WARN  org.apache.commons.jelly.tags.ant.AntTag - Could not convert tag: th into an Ant task, data type or property
2003-11-13 12:43:40,187 WARN  org.apache.commons.jelly.tags.ant.AntTag - Could not convert tag: th into an Ant task, data type or property
2003-11-13 12:43:40,187 WARN  org.apache.commons.jelly.tags.ant.AntTag - Could not convert tag: th into an Ant task, data type or property
2003-11-13 12:43:40,187 WARN  org.apache.commons.jelly.tags.ant.AntTag - Could not convert tag: th into an Ant task, data type or property
2003-11-13 12:43:40,187 WARN  org.apache.commons.jelly.tags.ant.AntTag - Could not convert tag: tr into an Ant task, data type or property
2003-11-13 12:43:40,187 WARN  org.apache.commons.jelly.tags.ant.AntTag - Could not convert tag: td into an Ant task, data type or property
2003-11-13 12:43:40,187 WARN  org.apache.commons.jelly.tags.ant.AntTag - Could not convert tag: a into an Ant task, data type or property
2003-11-13 12:43:40,187 WARN  org.apache.commons.jelly.tags.ant.AntTag - Could not convert tag: br into an Ant task, data type or property
2003-11-13 12:43:40,187 WARN  org.apache.commons.jelly.tags.ant.AntTag - Could not convert tag: a into an Ant task, data type or property
2003-11-13 12:43:40,187 WARN  org.apache.commons.jelly.tags.ant.AntTag - Could not convert tag: br into an Ant task, data type or property
2003-11-13 12:43:40,187 WARN  org.apache.commons.jelly.tags.ant.AntTag - Could not convert tag: a into an Ant task, data type or property
2003-11-13 12:43:40,187 WARN  org.apache.commons.jelly.tags.ant.AntTag - Could not convert tag: br into an Ant task, data type or property
2003-11-13 12:43:40,187 WARN  org.apache.commons.jelly.tags.ant.AntTag - Could not convert tag: a into an Ant task, data type or property
2003-11-13 12:43:40,187 WARN  org.apache.commons.jelly.tags.ant.AntTag - Could not convert tag: br into an Ant task, data type or property
2003-11-13 12:43:40,187 WARN  org.apache.commons.jelly.tags.ant.AntTag - Could not convert tag: a into an Ant task, data type or property
2003-11-13 12:43:40,187 WARN  org.apache.commons.jelly.tags.ant.AntTag - Could not convert tag: br into an Ant task, data type or property
2003-11-13 12:43:40,187 WARN  org.apache.commons.jelly.tags.ant.AntTag - Could not convert tag: a into an Ant task, data type or property
2003-11-13 12:43:40,187 WARN  org.apache.commons.jelly.tags.ant.AntTag - Could not convert tag: br into an Ant task, data type or property
2003-11-13 12:43:40,187 WARN  org.apache.commons.jelly.tags.ant.AntTag - Could not convert tag: td into an Ant task, data type or property
2003-11-13 12:43:40,187 WARN  org.apache.commons.jelly.tags.ant.AntTag - Could not convert tag: a into an Ant task, data type or property
2003-11-13 12:43:40,187 WARN  org.apache.commons.jelly.tags.ant.AntTag - Could not convert tag: br into an Ant task, data type or property
2003-11-13 12:43:40,187 WARN  org.apache.commons.jelly.tags.ant.AntTag - Could not convert tag: a into an Ant task, data type or property
2003-11-13 12:43:40,187 WARN  org.apache.commons.jelly.tags.ant.AntTag - Could not convert tag: br into an Ant task, data type or property
2003-11-13 12:43:40,187 WARN  org.apache.commons.jelly.tags.ant.AntTag - Could not convert tag: a into an Ant task, data type or property
2003-11-13 12:43:40,187 WARN  org.apache.commons.jelly.tags.ant.AntTag - Could not convert tag: br into an Ant task, data type or property
2003-11-13 12:43:40,187 WARN  org.apache.commons.jelly.tags.ant.AntTag - Could not convert tag: a into an Ant task, data type or property
2003-11-13 12:43:40,187 WARN  org.apache.commons.jelly.tags.ant.AntTag - Could not convert tag: br into an Ant task, data type or property
2003-11-13 12:43:40,187 WARN  org.apache.commons.jelly.tags.ant.AntTag - Could not convert tag: a into an Ant task, data type or property
2003-11-13 12:43:40,187 WARN  org.apache.commons.jelly.tags.ant.AntTag - Could not convert tag: br into an Ant task, data type or property
2003-11-13 12:43:40,187 WARN  org.apache.commons.jelly.tags.ant.AntTag - Could not convert tag: a into an Ant task, data type or property
2003-11-13 12:43:40,187 WARN  org.apache.commons.jelly.tags.ant.AntTag - Could not convert tag: br into an Ant task, data type or property
2003-11-13 12:43:40,187 WARN  org.apache.commons.jelly.tags.ant.AntTag - Could not convert tag: a into an Ant task, data type or property
2003-11-13 12:43:40,187 WARN  org.apache.commons.jelly.tags.ant.AntTag - Could not convert tag: br into an Ant task, data type or property
2003-11-13 12:43:40,187 WARN  org.apache.commons.jelly.tags.ant.AntTag - Could not convert tag: a into an Ant task, data type or property
2003-11-13 12:43:40,187 WARN  org.apache.commons.jelly.tags.ant.AntTag - Could not convert tag: br into an Ant task, data type or property
2003-11-13 12:43:40,187 WARN  org.apache.commons.jelly.tags.ant.AntTag - Could not convert tag: a into an Ant task, data type or property
2003-11-13 12:43:40,187 WARN  org.apache.commons.jelly.tags.ant.AntTag - Could not convert tag: br into an Ant task, data type or property
2003-11-13 12:43:40,187 WARN  org.apache.commons.jelly.tags.ant.AntTag - Could not convert tag: a into an Ant task, data type or property
2003-11-13 12:43:40,203 WARN  org.apache.commons.jelly.tags.ant.AntTag - Could not convert tag: br into an Ant task, data type or property
2003-11-13 12:43:40,203 WARN  org.apache.commons.jelly.tags.ant.AntTag - Could not convert tag: a into an Ant task, data type or property
2003-11-13 12:43:40,203 WARN  org.apache.commons.jelly.tags.ant.AntTag - Could not convert tag: br into an Ant task, data type or property
2003-11-13 12:43:40,203 WARN  org.apache.commons.jelly.tags.ant.AntTag - Could not convert tag: a into an Ant task, data type or property
2003-11-13 12:43:40,203 WARN  org.apache.commons.jelly.tags.ant.AntTag - Could not convert tag: br into an Ant task, data type or property
2003-11-13 12:43:40,203 WARN  org.apache.commons.jelly.tags.ant.AntTag - Could not convert tag: a into an Ant task, data type or property
2003-11-13 12:43:40,203 WARN  org.apache.commons.jelly.tags.ant.AntTag - Could not convert tag: br into an Ant task, data type or property
2003-11-13 12:43:40,203 WARN  org.apache.commons.jelly.tags.ant.AntTag - Could not convert tag: a into an Ant task, data type or property
2003-11-13 12:43:40,203 WARN  org.apache.commons.jelly.tags.ant.AntTag - Could not convert tag: br into an Ant task, data type or property
2003-11-13 12:43:40,203 WARN  org.apache.commons.jelly.tags.ant.AntTag - Could not convert tag: a into an Ant task, data type or property
2003-11-13 12:43:40,203 WARN  org.apache.commons.jelly.tags.ant.AntTag - Could not convert tag: br into an Ant task, data type or property
2003-11-13 12:43:40,203 WARN  org.apache.commons.jelly.tags.ant.AntTag - Could not convert tag: td into an Ant task, data type or property
2003-11-13 12:43:40,203 WARN  org.apache.commons.jelly.tags.ant.AntTag - Could not convert tag: a into an Ant task, data type or property
2003-11-13 12:43:40,203 WARN  org.apache.commons.jelly.tags.ant.AntTag - Could not convert tag: br into an Ant task, data type or property
2003-11-13 12:43:40,203 WARN  org.apache.commons.jelly.tags.ant.AntTag - Could not convert tag: a into an Ant task, data type or property
2003-11-13 12:43:40,203 WARN  org.apache.commons.jelly.tags.ant.AntTag - Could not convert tag: br into an Ant task, data type or property
2003-11-13 12:43:40,203 WARN  org.apache.commons.jelly.tags.ant.AntTag - Could not convert tag: a into an Ant task, data type or property
2003-11-13 12:43:40,203 WARN  org.apache.commons.jelly.tags.ant.AntTag - Could not convert tag: br into an Ant task, data type or property
2003-11-13 12:43:40,203 WARN  org.apache.commons.jelly.tags.ant.AntTag - Could not convert tag: a into an Ant task, data type or property
2003-11-13 12:43:40,203 WARN  org.apache.commons.jelly.tags.ant.AntTag - Could not convert tag: br into an Ant task, data type or property
2003-11-13 12:43:40,203 WARN  org.apache.commons.jelly.tags.ant.AntTag - Could not convert tag: a into an Ant task, data type or property
2003-11-13 12:43:40,203 WARN  org.apache.commons.jelly.tags.ant.AntTag - Could not convert tag: br into an Ant task, data type or property
2003-11-13 12:43:40,203 WARN  org.apache.commons.jelly.tags.ant.AntTag - Could not convert tag: td into an Ant task, data type or property
2003-11-13 12:43:40,203 WARN  org.apache.commons.jelly.tags.ant.AntTag - Could not convert tag: a into an Ant task, data type or property
2003-11-13 12:43:40,203 WARN  org.apache.commons.jelly.tags.ant.AntTag - Could not convert tag: br into an Ant task, data type or property
2003-11-13 12:43:40,203 WARN  org.apache.commons.jelly.tags.ant.AntTag - Could not convert tag: a into an Ant task, data type or property
2003-11-13 12:43:40,203 WARN  org.apache.commons.jelly.tags.ant.AntTag - Could not convert tag: br into an Ant task, data type or property
2003-11-13 12:43:40,203 WARN  org.apache.commons.jelly.tags.ant.AntTag - Could not convert tag: a into an Ant task, data type or property
2003-11-13 12:43:40,203 WARN  org.apache.commons.jelly.tags.ant.AntTag - Could not convert tag: br into an Ant task, data type or property
2003-11-13 12:43:40,203 WARN  org.apache.commons.jelly.tags.ant.AntTag - Could not convert tag: a into an Ant task, data type or property
2003-11-13 12:43:40,203 WARN  org.apache.commons.jelly.tags.ant.AntTag - Could not convert tag: br into an Ant task, data type or property
2003-11-13 12:43:40,203 WARN  org.apache.commons.jelly.tags.ant.AntTag - Could not convert tag: a into an Ant task, data type or property
2003-11-13 12:43:40,203 WARN  org.apache.commons.jelly.tags.ant.AntTag - Could not convert tag: br into an Ant task, data type or property
2003-11-13 12:43:40,203 WARN  org.apache.commons.jelly.tags.ant.AntTag - Could not convert tag: a into an Ant task, data type or property
2003-11-13 12:43:40,203 WARN  org.apache.commons.jelly.tags.ant.AntTag - Could not convert tag: br into an Ant task, data type or property
2003-11-13 12:43:40,203 WARN  org.apache.commons.jelly.tags.ant.AntTag - Could not convert tag: a into an Ant task, data type or property
2003-11-13 12:43:40,203 WARN  org.apache.commons.jelly.tags.ant.AntTag - Could not convert tag: br into an Ant task, data type or property
2003-11-13 12:43:40,203 WARN  org.apache.commons.jelly.tags.ant.AntTag - Could not convert tag: subsection into an Ant task, data type or property
2003-11-13 12:43:40,203 WARN  org.apache.commons.jelly.tags.ant.AntTag - Could not convert tag: table into an Ant task, data type or property
2003-11-13 12:43:40,203 WARN  org.apache.commons.jelly.tags.ant.AntTag - Could not convert tag: tr into an Ant task, data type or property
2003-11-13 12:43:40,203 WARN  org.apache.commons.jelly.tags.ant.AntTag - Could not convert tag: th into an Ant task, data type or property
2003-11-13 12:43:40,203 WARN  org.apache.commons.jelly.tags.ant.AntTag - Could not convert tag: th into an Ant task, data type or property
2003-11-13 12:43:40,203 WARN  org.apache.commons.jelly.tags.ant.AntTag - Could not convert tag: th into an Ant task, data type or property
2003-11-13 12:43:40,203 WARN  org.apache.commons.jelly.tags.ant.AntTag - Could not convert tag: th into an Ant task, data type or property
2003-11-13 12:43:40,203 WARN  org.apache.commons.jelly.tags.ant.AntTag - Could not convert tag: th into an Ant task, data type or property
2003-11-13 12:43:40,203 WARN  org.apache.commons.jelly.tags.ant.AntTag - Could not convert tag: tr into an Ant task, data type or property
2003-11-13 12:43:40,203 WARN  org.apache.commons.jelly.tags.ant.AntTag - Could not convert tag: td into an Ant task, data type or property
2003-11-13 12:43:40,203 WARN  org.apache.commons.jelly.tags.ant.AntTag - Could not convert tag: td into an Ant task, data type or property
2003-11-13 12:43:40,203 WARN  org.apache.commons.jelly.tags.ant.AntTag - Could not convert tag: td into an Ant task, data type or property
2003-11-13 12:43:40,203 WARN  org.apache.commons.jelly.tags.ant.AntTag - Could not convert tag: td into an Ant task, data type or property
2003-11-13 12:43:40,203 WARN  org.apache.commons.jelly.tags.ant.AntTag - Could not convert tag: td into an Ant task, data type or property
2003-11-13 12:43:40,203 WARN  org.apache.commons.jelly.tags.ant.AntTag - Could not convert tag: table into an Ant task, data type or property
2003-11-13 12:43:40,203 WARN  org.apache.commons.jelly.tags.ant.AntTag - Could not convert tag: tr into an Ant task, data type or property
2003-11-13 12:43:40,203 WARN  org.apache.commons.jelly.tags.ant.AntTag - Could not convert tag: th into an Ant task, data type or property
2003-11-13 12:43:40,203 WARN  org.apache.commons.jelly.tags.ant.AntTag - Could not convert tag: th into an Ant task, data type or property
2003-11-13 12:43:40,203 WARN  org.apache.commons.jelly.tags.ant.AntTag - Could not convert tag: th into an Ant task, data type or property
2003-11-13 12:43:40,203 WARN  org.apache.commons.jelly.tags.ant.AntTag - Could not convert tag: th into an Ant task, data type or property
2003-11-13 12:43:40,203 WARN  org.apache.commons.jelly.tags.ant.AntTag - Could not convert tag: tr into an Ant task, data type or property
2003-11-13 12:43:40,203 WARN  org.apache.commons.jelly.tags.ant.AntTag - Could not convert tag: td into an Ant task, data type or property
2003-11-13 12:43:40,203 WARN  org.apache.commons.jelly.tags.ant.AntTag - Could not convert tag: a into an Ant task, data type or property
2003-11-13 12:43:40,203 WARN  org.apache.commons.jelly.tags.ant.AntTag - Could not convert tag: br into an Ant task, data type or property
2003-11-13 12:43:40,203 WARN  org.apache.commons.jelly.tags.ant.AntTag - Could not convert tag: a into an Ant task, data type or property
2003-11-13 12:43:40,203 WARN  org.apache.commons.jelly.tags.ant.AntTag - Could not convert tag: br into an Ant task, data type or property
2003-11-13 12:43:40,203 WARN  org.apache.commons.jelly.tags.ant.AntTag - Could not convert tag: a into an Ant task, data type or property
2003-11-13 12:43:40,203 WARN  org.apache.commons.jelly.tags.ant.AntTag - Could not convert tag: br into an Ant task, data type or property
2003-11-13 12:43:40,203 WARN  org.apache.commons.jelly.tags.ant.AntTag - Could not convert tag: td into an Ant task, data type or property
2003-11-13 12:43:40,203 WARN  org.apache.commons.jelly.tags.ant.AntTag - Could not convert tag: a into an Ant task, data type or property
2003-11-13 12:43:40,203 WARN  org.apache.commons.jelly.tags.ant.AntTag - Could not convert tag: br into an Ant task, data type or property
2003-11-13 12:43:40,218 WARN  org.apache.commons.jelly.tags.ant.AntTag - Could not convert tag: a into an Ant task, data type or property
2003-11-13 12:43:40,218 WARN  org.apache.commons.jelly.tags.ant.AntTag - Could not convert tag: br into an Ant task, data type or property
2003-11-13 12:43:40,218 WARN  org.apache.commons.jelly.tags.ant.AntTag - Could not convert tag: a into an Ant task, data type or property
2003-11-13 12:43:40,218 WARN  org.apache.commons.jelly.tags.ant.AntTag - Could not convert tag: br into an Ant task, data type or property
2003-11-13 12:43:40,218 WARN  org.apache.commons.jelly.tags.ant.AntTag - Could not convert tag: a into an Ant task, data type or property
2003-11-13 12:43:40,218 WARN  org.apache.commons.jelly.tags.ant.AntTag - Could not convert tag: br into an Ant task, data type or property
2003-11-13 12:43:40,218 WARN  org.apache.commons.jelly.tags.ant.AntTag - Could not convert tag: a into an Ant task, data type or property
2003-11-13 12:43:40,218 WARN  org.apache.commons.jelly.tags.ant.AntTag - Could not convert tag: br into an Ant task, data type or property
2003-11-13 12:43:40,218 WARN  org.apache.commons.jelly.tags.ant.AntTag - Could not convert tag: a into an Ant task, data type or property
2003-11-13 12:43:40,218 WARN  org.apache.commons.jelly.tags.ant.AntTag - Could not convert tag: br into an Ant task, data type or property
2003-11-13 12:43:40,218 WARN  org.apache.commons.jelly.tags.ant.AntTag - Could not convert tag: a into an Ant task, data type or property
2003-11-13 12:43:40,218 WARN  org.apache.commons.jelly.tags.ant.AntTag - Could not convert tag: br into an Ant task, data type or property
2003-11-13 12:43:40,218 WARN  org.apache.commons.jelly.tags.ant.AntTag - Could not convert tag: a into an Ant task, data type or property
2003-11-13 12:43:40,218 WARN  org.apache.commons.jelly.tags.ant.AntTag - Could not convert tag: br into an Ant task, data type or property
2003-11-13 12:43:40,218 WARN  org.apache.commons.jelly.tags.ant.AntTag - Could not convert tag: a into an Ant task, data type or property
2003-11-13 12:43:40,218 WARN  org.apache.commons.jelly.tags.ant.AntTag - Could not convert tag: br into an Ant task, data type or property
2003-11-13 12:43:40,218 WARN  org.apache.commons.jelly.tags.ant.AntTag - Could not convert tag: a into an Ant task, data type or property
2003-11-13 12:43:40,218 WARN  org.apache.commons.jelly.tags.ant.AntTag - Could not convert tag: br into an Ant task, data type or property
2003-11-13 12:43:40,218 WARN  org.apache.commons.jelly.tags.ant.AntTag - Could not convert tag: a into an Ant task, data type or property
2003-11-13 12:43:40,218 WARN  org.apache.commons.jelly.tags.ant.AntTag - Could not convert tag: br into an Ant task, data type or property
2003-11-13 12:43:40,218 WARN  org.apache.commons.jelly.tags.ant.AntTag - Could not convert tag: td into an Ant task, data type or property
2003-11-13 12:43:40,218 WARN  org.apache.commons.jelly.tags.ant.AntTag - Could not convert tag: a into an Ant task, data type or property
2003-11-13 12:43:40,218 WARN  org.apache.commons.jelly.tags.ant.AntTag - Could not convert tag: br into an Ant task, data type or property
2003-11-13 12:43:40,218 WARN  org.apache.commons.jelly.tags.ant.AntTag - Could not convert tag: a into an Ant task, data type or property
2003-11-13 12:43:40,218 WARN  org.apache.commons.jelly.tags.ant.AntTag - Could not convert tag: br into an Ant task, data type or property
2003-11-13 12:43:40,218 WARN  org.apache.commons.jelly.tags.ant.AntTag - Could not convert tag: a into an Ant task, data type or property
2003-11-13 12:43:40,218 WARN  org.apache.commons.jelly.tags.ant.AntTag - Could not convert tag: br into an Ant task, data type or property
2003-11-13 12:43:40,218 WARN  org.apache.commons.jelly.tags.ant.AntTag - Could not convert tag: a into an Ant task, data type or property
2003-11-13 12:43:40,218 WARN  org.apache.commons.jelly.tags.ant.AntTag - Could not convert tag: br into an Ant task, data type or property
2003-11-13 12:43:40,218 WARN  org.apache.commons.jelly.tags.ant.AntTag - Could not convert tag: a into an Ant task, data type or property
2003-11-13 12:43:40,218 WARN  org.apache.commons.jelly.tags.ant.AntTag - Could not convert tag: br into an Ant task, data type or property
2003-11-13 12:43:40,218 WARN  org.apache.commons.jelly.tags.ant.AntTag - Could not convert tag: a into an Ant task, data type or property
2003-11-13 12:43:40,218 WARN  org.apache.commons.jelly.tags.ant.AntTag - Could not convert tag: br into an Ant task, data type or property
2003-11-13 12:43:40,218 WARN  org.apache.commons.jelly.tags.ant.AntTag - Could not convert tag: a into an Ant task, data type or property
2003-11-13 12:43:40,218 WARN  org.apache.commons.jelly.tags.ant.AntTag - Could not convert tag: br into an Ant task, data type or property
2003-11-13 12:43:40,218 WARN  org.apache.commons.jelly.tags.ant.AntTag - Could not convert tag: a into an Ant task, data type or property
2003-11-13 12:43:40,218 WARN  org.apache.commons.jelly.tags.ant.AntTag - Could not convert tag: br into an Ant task, data type or property
2003-11-13 12:43:40,218 WARN  org.apache.commons.jelly.tags.ant.AntTag - Could not convert tag: td into an Ant task, data type or property
2003-11-13 12:43:40,218 WARN  org.apache.commons.jelly.tags.ant.AntTag - Could not convert tag: a into an Ant task, data type or property
2003-11-13 12:43:40,218 WARN  org.apache.commons.jelly.tags.ant.AntTag - Could not convert tag: br into an Ant task, data type or property
2003-11-13 12:43:40,218 WARN  org.apache.commons.jelly.tags.ant.AntTag - Could not convert tag: a into an Ant task, data type or property
2003-11-13 12:43:40,218 WARN  org.apache.commons.jelly.tags.ant.AntTag - Could not convert tag: br into an Ant task, data type or property
2003-11-13 12:43:40,218 WARN  org.apache.commons.jelly.tags.ant.AntTag - Could not convert tag: a into an Ant task, data type or property
2003-11-13 12:43:40,218 WARN  org.apache.commons.jelly.tags.ant.AntTag - Could not convert tag: br into an Ant task, data type or property
2003-11-13 12:43:40,218 WARN  org.apache.commons.jelly.tags.ant.AntTag - Could not convert tag: a into an Ant task, data type or property
2003-11-13 12:43:40,218 WARN  org.apache.commons.jelly.tags.ant.AntTag - Could not convert tag: br into an Ant task, data type or property
2003-11-13 12:43:40,218 WARN  org.apache.commons.jelly.tags.ant.AntTag - Could not convert tag: a into an Ant task, data type or property
2003-11-13 12:43:40,218 WARN  org.apache.commons.jelly.tags.ant.AntTag - Could not convert tag: br into an Ant task, data type or property
2003-11-13 12:43:40,218 WARN  org.apache.commons.jelly.tags.ant.AntTag - Could not convert tag: a into an Ant task, data type or property
2003-11-13 12:43:40,218 WARN  org.apache.commons.jelly.tags.ant.AntTag - Could not convert tag: br into an Ant task, data type or property
2003-11-13 12:43:40,218 WARN  org.apache.commons.jelly.tags.ant.AntTag - Could not convert tag: subsection into an Ant task, data type or property
2003-11-13 12:43:40,218 WARN  org.apache.commons.jelly.tags.ant.AntTag - Could not convert tag: table into an Ant task, data type or property
2003-11-13 12:43:40,218 WARN  org.apache.commons.jelly.tags.ant.AntTag - Could not convert tag: tr into an Ant task, data type or property
2003-11-13 12:43:40,218 WARN  org.apache.commons.jelly.tags.ant.AntTag - Could not convert tag: th into an Ant task, data type or property
2003-11-13 12:43:40,218 WARN  org.apache.commons.jelly.tags.ant.AntTag - Could not convert tag: th into an Ant task, data type or property
2003-11-13 12:43:40,218 WARN  org.apache.commons.jelly.tags.ant.AntTag - Could not convert tag: th into an Ant task, data type or property
2003-11-13 12:43:40,218 WARN  org.apache.commons.jelly.tags.ant.AntTag - Could not convert tag: th into an Ant task, data type or property
2003-11-13 12:43:40,218 WARN  org.apache.commons.jelly.tags.ant.AntTag - Could not convert tag: th into an Ant task, data type or property
2003-11-13 12:43:40,218 WARN  org.apache.commons.jelly.tags.ant.AntTag - Could not convert tag: tr into an Ant task, data type or property
2003-11-13 12:43:40,218 WARN  org.apache.commons.jelly.tags.ant.AntTag - Could not convert tag: td into an Ant task, data type or property
2003-11-13 12:43:40,218 WARN  org.apache.commons.jelly.tags.ant.AntTag - Could not convert tag: td into an Ant task, data type or property
2003-11-13 12:43:40,218 WARN  org.apache.commons.jelly.tags.ant.AntTag - Could not convert tag: td into an Ant task, data type or property
2003-11-13 12:43:40,218 WARN  org.apache.commons.jelly.tags.ant.AntTag - Could not convert tag: td into an Ant task, data type or property
2003-11-13 12:43:40,234 WARN  org.apache.commons.jelly.tags.ant.AntTag - Could not convert tag: td into an Ant task, data type or property
2003-11-13 12:43:40,234 WARN  org.apache.commons.jelly.tags.ant.AntTag - Could not convert tag: table into an Ant task, data type or property
2003-11-13 12:43:40,234 WARN  org.apache.commons.jelly.tags.ant.AntTag - Could not convert tag: tr into an Ant task, data type or property
2003-11-13 12:43:40,234 WARN  org.apache.commons.jelly.tags.ant.AntTag - Could not convert tag: th into an Ant task, data type or property
2003-11-13 12:43:40,234 WARN  org.apache.commons.jelly.tags.ant.AntTag - Could not convert tag: th into an Ant task, data type or property
2003-11-13 12:43:40,234 WARN  org.apache.commons.jelly.tags.ant.AntTag - Could not convert tag: th into an Ant task, data type or property
2003-11-13 12:43:40,234 WARN  org.apache.commons.jelly.tags.ant.AntTag - Could not convert tag: th into an Ant task, data type or property
2003-11-13 12:43:40,234 WARN  org.apache.commons.jelly.tags.ant.AntTag - Could not convert tag: tr into an Ant task, data type or property
2003-11-13 12:43:40,234 WARN  org.apache.commons.jelly.tags.ant.AntTag - Could not convert tag: td into an Ant task, data type or property
2003-11-13 12:43:40,234 WARN  org.apache.commons.jelly.tags.ant.AntTag - Could not convert tag: td into an Ant task, data type or property
2003-11-13 12:43:40,234 WARN  org.apache.commons.jelly.tags.ant.AntTag - Could not convert tag: a into an Ant task, data type or property
2003-11-13 12:43:40,234 WARN  org.apache.commons.jelly.tags.ant.AntTag - Could not convert tag: br into an Ant task, data type or property
2003-11-13 12:43:40,234 WARN  org.apache.commons.jelly.tags.ant.AntTag - Could not convert tag: a into an Ant task, data type or property
2003-11-13 12:43:40,234 WARN  org.apache.commons.jelly.tags.ant.AntTag - Could not convert tag: br into an Ant task, data type or property
2003-11-13 12:43:40,234 WARN  org.apache.commons.jelly.tags.ant.AntTag - Could not convert tag: a into an Ant task, data type or property
2003-11-13 12:43:40,234 WARN  org.apache.commons.jelly.tags.ant.AntTag - Could not convert tag: br into an Ant task, data type or property
2003-11-13 12:43:40,234 WARN  org.apache.commons.jelly.tags.ant.AntTag - Could not convert tag: td into an Ant task, data type or property
2003-11-13 12:43:40,250 WARN  org.apache.commons.jelly.tags.ant.AntTag - Could not convert tag: td into an Ant task, data type or property
2003-11-13 12:43:40,250 WARN  org.apache.commons.jelly.tags.ant.AntTag - Could not convert tag: a into an Ant task, data type or property
2003-11-13 12:43:40,250 WARN  org.apache.commons.jelly.tags.ant.AntTag - Could not convert tag: br into an Ant task, data type or property
2003-11-13 12:43:40,250 WARN  org.apache.commons.jelly.tags.ant.AntTag - Could not convert tag: a into an Ant task, data type or property
2003-11-13 12:43:40,250 WARN  org.apache.commons.jelly.tags.ant.AntTag - Could not convert tag: br into an Ant task, data type or property
2003-11-13 12:43:40,250 WARN  org.apache.commons.jelly.tags.ant.AntTag - Could not convert tag: a into an Ant task, data type or property
2003-11-13 12:43:40,250 WARN  org.apache.commons.jelly.tags.ant.AntTag - Could not convert tag: br into an Ant task, data type or property
2003-11-13 12:43:40,250 WARN  org.apache.commons.jelly.tags.ant.AntTag - Could not convert tag: subsection into an Ant task, data type or property
2003-11-13 12:43:40,250 WARN  org.apache.commons.jelly.tags.ant.AntTag - Could not convert tag: table into an Ant task, data type or property
2003-11-13 12:43:40,250 WARN  org.apache.commons.jelly.tags.ant.AntTag - Could not convert tag: tr into an Ant task, data type or property
2003-11-13 12:43:40,250 WARN  org.apache.commons.jelly.tags.ant.AntTag - Could not convert tag: th into an Ant task, data type or property
2003-11-13 12:43:40,250 WARN  org.apache.commons.jelly.tags.ant.AntTag - Could not convert tag: th into an Ant task, data type or property
2003-11-13 12:43:40,250 WARN  org.apache.commons.jelly.tags.ant.AntTag - Could not convert tag: th into an Ant task, data type or property
2003-11-13 12:43:40,250 WARN  org.apache.commons.jelly.tags.ant.AntTag - Could not convert tag: th into an Ant task, data type or property
2003-11-13 12:43:40,250 WARN  org.apache.commons.jelly.tags.ant.AntTag - Could not convert tag: th into an Ant task, data type or property
2003-11-13 12:43:40,250 WARN  org.apache.commons.jelly.tags.ant.AntTag - Could not convert tag: tr into an Ant task, data type or property
2003-11-13 12:43:40,250 WARN  org.apache.commons.jelly.tags.ant.AntTag - Could not convert tag: td into an Ant task, data type or property
2003-11-13 12:43:40,250 WARN  org.apache.commons.jelly.tags.ant.AntTag - Could not convert tag: td into an Ant task, data type or property
2003-11-13 12:43:40,250 WARN  org.apache.commons.jelly.tags.ant.AntTag - Could not convert tag: td into an Ant task, data type or property
2003-11-13 12:43:40,250 WARN  org.apache.commons.jelly.tags.ant.AntTag - Could not convert tag: td into an Ant task, data type or property
2003-11-13 12:43:40,250 WARN  org.apache.commons.jelly.tags.ant.AntTag - Could not convert tag: td into an Ant task, data type or property
2003-11-13 12:43:40,250 WARN  org.apache.commons.jelly.tags.ant.AntTag - Could not convert tag: table into an Ant task, data type or property
2003-11-13 12:43:40,250 WARN  org.apache.commons.jelly.tags.ant.AntTag - Could not convert tag: tr into an Ant task, data type or property
2003-11-13 12:43:40,250 WARN  org.apache.commons.jelly.tags.ant.AntTag - Could not convert tag: th into an Ant task, data type or property
2003-11-13 12:43:40,250 WARN  org.apache.commons.jelly.tags.ant.AntTag - Could not convert tag: th into an Ant task, data type or property
2003-11-13 12:43:40,250 WARN  org.apache.commons.jelly.tags.ant.AntTag - Could not convert tag: th into an Ant task, data type or property
2003-11-13 12:43:40,250 WARN  org.apache.commons.jelly.tags.ant.AntTag - Could not convert tag: th into an Ant task, data type or property
2003-11-13 12:43:40,250 WARN  org.apache.commons.jelly.tags.ant.AntTag - Could not convert tag: tr into an Ant task, data type or property
2003-11-13 12:43:40,250 WARN  org.apache.commons.jelly.tags.ant.AntTag - Could not convert tag: td into an Ant task, data type or property
2003-11-13 12:43:40,250 WARN  org.apache.commons.jelly.tags.ant.AntTag - Could not convert tag: a into an Ant task, data type or property
2003-11-13 12:43:40,250 WARN  org.apache.commons.jelly.tags.ant.AntTag - Could not convert tag: br into an Ant task, data type or property
2003-11-13 12:43:40,250 WARN  org.apache.commons.jelly.tags.ant.AntTag - Could not convert tag: a into an Ant task, data type or property
2003-11-13 12:43:40,250 WARN  org.apache.commons.jelly.tags.ant.AntTag - Could not convert tag: br into an Ant task, data type or property
2003-11-13 12:43:40,250 WARN  org.apache.commons.jelly.tags.ant.AntTag - Could not convert tag: a into an Ant task, data type or property
2003-11-13 12:43:40,250 WARN  org.apache.commons.jelly.tags.ant.AntTag - Could not convert tag: br into an Ant task, data type or property
2003-11-13 12:43:40,250 WARN  org.apache.commons.jelly.tags.ant.AntTag - Could not convert tag: td into an Ant task, data type or property
2003-11-13 12:43:40,250 WARN  org.apache.commons.jelly.tags.ant.AntTag - Could not convert tag: a into an Ant task, data type or property
2003-11-13 12:43:40,250 WARN  org.apache.commons.jelly.tags.ant.AntTag - Could not convert tag: br into an Ant task, data type or property
2003-11-13 12:43:40,250 WARN  org.apache.commons.jelly.tags.ant.AntTag - Could not convert tag: td into an Ant task, data type or property
2003-11-13 12:43:40,250 WARN  org.apache.commons.jelly.tags.ant.AntTag - Could not convert tag: a into an Ant task, data type or property
2003-11-13 12:43:40,250 WARN  org.apache.commons.jelly.tags.ant.AntTag - Could not convert tag: br into an Ant task, data type or property
2003-11-13 12:43:40,250 WARN  org.apache.commons.jelly.tags.ant.AntTag - Could not convert tag: a into an Ant task, data type or property
2003-11-13 12:43:40,250 WARN  org.apache.commons.jelly.tags.ant.AntTag - Could not convert tag: br into an Ant task, data type or property
2003-11-13 12:43:40,250 WARN  org.apache.commons.jelly.tags.ant.AntTag - Could not convert tag: td into an Ant task, data type or property
2003-11-13 12:43:40,250 WARN  org.apache.commons.jelly.tags.ant.AntTag - Could not convert tag: a into an Ant task, data type or property
2003-11-13 12:43:40,250 WARN  org.apache.commons.jelly.tags.ant.AntTag - Could not convert tag: br into an Ant task, data type or property
2003-11-13 12:43:40,250 WARN  org.apache.commons.jelly.tags.ant.AntTag - Could not convert tag: a into an Ant task, data type or property
2003-11-13 12:43:40,250 WARN  org.apache.commons.jelly.tags.ant.AntTag - Could not convert tag: br into an Ant task, data type or property
2003-11-13 12:43:40,250 WARN  org.apache.commons.jelly.tags.ant.AntTag - Could not convert tag: a into an Ant task, data type or property
2003-11-13 12:43:40,265 WARN  org.apache.commons.jelly.tags.ant.AntTag - Could not convert tag: br into an Ant task, data type or property
2003-11-13 12:43:40,265 WARN  org.apache.commons.jelly.tags.ant.AntTag - Could not convert tag: subsection into an Ant task, data type or property
2003-11-13 12:43:40,265 WARN  org.apache.commons.jelly.tags.ant.AntTag - Could not convert tag: table into an Ant task, data type or property
2003-11-13 12:43:40,265 WARN  org.apache.commons.jelly.tags.ant.AntTag - Could not convert tag: tr into an Ant task, data type or property
2003-11-13 12:43:40,265 WARN  org.apache.commons.jelly.tags.ant.AntTag - Could not convert tag: th into an Ant task, data type or property
2003-11-13 12:43:40,265 WARN  org.apache.commons.jelly.tags.ant.AntTag - Could not convert tag: th into an Ant task, data type or property
2003-11-13 12:43:40,265 WARN  org.apache.commons.jelly.tags.ant.AntTag - Could not convert tag: th into an Ant task, data type or property
2003-11-13 12:43:40,265 WARN  org.apache.commons.jelly.tags.ant.AntTag - Could not convert tag: th into an Ant task, data type or property
2003-11-13 12:43:40,265 WARN  org.apache.commons.jelly.tags.ant.AntTag - Could not convert tag: th into an Ant task, data type or property
2003-11-13 12:43:40,265 WARN  org.apache.commons.jelly.tags.ant.AntTag - Could not convert tag: tr into an Ant task, data type or property
2003-11-13 12:43:40,265 WARN  org.apache.commons.jelly.tags.ant.AntTag - Could not convert tag: td into an Ant task, data type or property
2003-11-13 12:43:40,265 WARN  org.apache.commons.jelly.tags.ant.AntTag - Could not convert tag: td into an Ant task, data type or property
2003-11-13 12:43:40,265 WARN  org.apache.commons.jelly.tags.ant.AntTag - Could not convert tag: td into an Ant task, data type or property
2003-11-13 12:43:40,265 WARN  org.apache.commons.jelly.tags.ant.AntTag - Could not convert tag: td into an Ant task, data type or property
2003-11-13 12:43:40,265 WARN  org.apache.commons.jelly.tags.ant.AntTag - Could not convert tag: td into an Ant task, data type or property
2003-11-13 12:43:40,265 WARN  org.apache.commons.jelly.tags.ant.AntTag - Could not convert tag: table into an Ant task, data type or property
2003-11-13 12:43:40,265 WARN  org.apache.commons.jelly.tags.ant.AntTag - Could not convert tag: tr into an Ant task, data type or property
2003-11-13 12:43:40,265 WARN  org.apache.commons.jelly.tags.ant.AntTag - Could not convert tag: th into an Ant task, data type or property
2003-11-13 12:43:40,265 WARN  org.apache.commons.jelly.tags.ant.AntTag - Could not convert tag: th into an Ant task, data type or property
2003-11-13 12:43:40,265 WARN  org.apache.commons.jelly.tags.ant.AntTag - Could not convert tag: th into an Ant task, data type or property
2003-11-13 12:43:40,265 WARN  org.apache.commons.jelly.tags.ant.AntTag - Could not convert tag: th into an Ant task, data type or property
2003-11-13 12:43:40,265 WARN  org.apache.commons.jelly.tags.ant.AntTag - Could not convert tag: tr into an Ant task, data type or property
2003-11-13 12:43:40,265 WARN  org.apache.commons.jelly.tags.ant.AntTag - Could not convert tag: td into an Ant task, data type or property
2003-11-13 12:43:40,265 WARN  org.apache.commons.jelly.tags.ant.AntTag - Could not convert tag: a into an Ant task, data type or property
2003-11-13 12:43:40,265 WARN  org.apache.commons.jelly.tags.ant.AntTag - Could not convert tag: br into an Ant task, data type or property
2003-11-13 12:43:40,265 WARN  org.apache.commons.jelly.tags.ant.AntTag - Could not convert tag: td into an Ant task, data type or property
2003-11-13 12:43:40,265 WARN  org.apache.commons.jelly.tags.ant.AntTag - Could not convert tag: a into an Ant task, data type or property
2003-11-13 12:43:40,265 WARN  org.apache.commons.jelly.tags.ant.AntTag - Could not convert tag: br into an Ant task, data type or property
2003-11-13 12:43:40,265 WARN  org.apache.commons.jelly.tags.ant.AntTag - Could not convert tag: a into an Ant task, data type or property
2003-11-13 12:43:40,265 WARN  org.apache.commons.jelly.tags.ant.AntTag - Could not convert tag: br into an Ant task, data type or property
2003-11-13 12:43:40,265 WARN  org.apache.commons.jelly.tags.ant.AntTag - Could not convert tag: a into an Ant task, data type or property
2003-11-13 12:43:40,265 WARN  org.apache.commons.jelly.tags.ant.AntTag - Could not convert tag: br into an Ant task, data type or property
2003-11-13 12:43:40,265 WARN  org.apache.commons.jelly.tags.ant.AntTag - Could not convert tag: a into an Ant task, data type or property
2003-11-13 12:43:40,265 WARN  org.apache.commons.jelly.tags.ant.AntTag - Could not convert tag: br into an Ant task, data type or property
2003-11-13 12:43:40,265 WARN  org.apache.commons.jelly.tags.ant.AntTag - Could not convert tag: a into an Ant task, data type or property
2003-11-13 12:43:40,265 WARN  org.apache.commons.jelly.tags.ant.AntTag - Could not convert tag: br into an Ant task, data type or property
2003-11-13 12:43:40,265 WARN  org.apache.commons.jelly.tags.ant.AntTag - Could not convert tag: a into an Ant task, data type or property
2003-11-13 12:43:40,265 WARN  org.apache.commons.jelly.tags.ant.AntTag - Could not convert tag: br into an Ant task, data type or property
2003-11-13 12:43:40,265 WARN  org.apache.commons.jelly.tags.ant.AntTag - Could not convert tag: a into an Ant task, data type or property
2003-11-13 12:43:40,265 WARN  org.apache.commons.jelly.tags.ant.AntTag - Could not convert tag: br into an Ant task, data type or property
2003-11-13 12:43:40,265 WARN  org.apache.commons.jelly.tags.ant.AntTag - Could not convert tag: a into an Ant task, data type or property
2003-11-13 12:43:40,265 WARN  org.apache.commons.jelly.tags.ant.AntTag - Could not convert tag: br into an Ant task, data type or property
2003-11-13 12:43:40,265 WARN  org.apache.commons.jelly.tags.ant.AntTag - Could not convert tag: td into an Ant task, data type or property
2003-11-13 12:43:40,265 WARN  org.apache.commons.jelly.tags.ant.AntTag - Could not convert tag: a into an Ant task, data type or property
2003-11-13 12:43:40,265 WARN  org.apache.commons.jelly.tags.ant.AntTag - Could not convert tag: br into an Ant task, data type or property
2003-11-13 12:43:40,265 WARN  org.apache.commons.jelly.tags.ant.AntTag - Could not convert tag: a into an Ant task, data type or property
2003-11-13 12:43:40,265 WARN  org.apache.commons.jelly.tags.ant.AntTag - Could not convert tag: br into an Ant task, data type or property
2003-11-13 12:43:40,265 WARN  org.apache.commons.jelly.tags.ant.AntTag - Could not convert tag: td into an Ant task, data type or property
2003-11-13 12:43:40,265 WARN  org.apache.commons.jelly.tags.ant.AntTag - Could not convert tag: a into an Ant task, data type or property
2003-11-13 12:43:40,265 WARN  org.apache.commons.jelly.tags.ant.AntTag - Could not convert tag: br into an Ant task, data type or property
2003-11-13 12:43:40,265 WARN  org.apache.commons.jelly.tags.ant.AntTag - Could not convert tag: a into an Ant task, data type or property
2003-11-13 12:43:40,265 WARN  org.apache.commons.jelly.tags.ant.AntTag - Could not convert tag: br into an Ant task, data type or property
2003-11-13 12:43:40,265 WARN  org.apache.commons.jelly.tags.ant.AntTag - Could not convert tag: a into an Ant task, data type or property
2003-11-13 12:43:40,265 WARN  org.apache.commons.jelly.tags.ant.AntTag - Could not convert tag: br into an Ant task, data type or property
2003-11-13 12:43:40,265 WARN  org.apache.commons.jelly.tags.ant.AntTag - Could not convert tag: a into an Ant task, data type or property
2003-11-13 12:43:40,265 WARN  org.apache.commons.jelly.tags.ant.AntTag - Could not convert tag: br into an Ant task, data type or property
2003-11-13 12:43:40,265 WARN  org.apache.commons.jelly.tags.ant.AntTag - Could not convert tag: a into an Ant task, data type or property
2003-11-13 12:43:40,265 WARN  org.apache.commons.jelly.tags.ant.AntTag - Could not convert tag: br into an Ant task, data type or property
2003-11-13 12:43:40,265 WARN  org.apache.commons.jelly.tags.ant.AntTag - Could not convert tag: a into an Ant task, data type or property
2003-11-13 12:43:40,265 WARN  org.apache.commons.jelly.tags.ant.AntTag - Could not convert tag: br into an Ant task, data type or property
2003-11-13 12:43:40,265 WARN  org.apache.commons.jelly.tags.ant.AntTag - Could not convert tag: a into an Ant task, data type or property
2003-11-13 12:43:40,265 WARN  org.apache.commons.jelly.tags.ant.AntTag - Could not convert tag: br into an Ant task, data type or property
2003-11-13 12:43:40,265 WARN  org.apache.commons.jelly.tags.ant.AntTag - Could not convert tag: a into an Ant task, data type or property
2003-11-13 12:43:40,265 WARN  org.apache.commons.jelly.tags.ant.AntTag - Could not convert tag: br into an Ant task, data type or property
2003-11-13 12:43:40,265 WARN  org.apache.commons.jelly.tags.ant.AntTag - Could not convert tag: a into an Ant task, data type or property
2003-11-13 12:43:40,265 WARN  org.apache.commons.jelly.tags.ant.AntTag - Could not convert tag: br into an Ant task, data type or property
2003-11-13 12:43:40,265 WARN  org.apache.commons.jelly.tags.ant.AntTag - Could not convert tag: subsection into an Ant task, data type or property
2003-11-13 12:43:40,265 WARN  org.apache.commons.jelly.tags.ant.AntTag - Could not convert tag: table into an Ant task, data type or property
2003-11-13 12:43:40,265 WARN  org.apache.commons.jelly.tags.ant.AntTag - Could not convert tag: tr into an Ant task, data type or property
2003-11-13 12:43:40,265 WARN  org.apache.commons.jelly.tags.ant.AntTag - Could not convert tag: th into an Ant task, data type or property
2003-11-13 12:43:40,265 WARN  org.apache.commons.jelly.tags.ant.AntTag - Could not convert tag: th into an Ant task, data type or property
2003-11-13 12:43:40,265 WARN  org.apache.commons.jelly.tags.ant.AntTag - Could not convert tag: th into an Ant task, data type or property
2003-11-13 12:43:40,265 WARN  org.apache.commons.jelly.tags.ant.AntTag - Could not convert tag: th into an Ant task, data type or property
2003-11-13 12:43:40,265 WARN  org.apache.commons.jelly.tags.ant.AntTag - Could not convert tag: th into an Ant task, data type or property
2003-11-13 12:43:40,265 WARN  org.apache.commons.jelly.tags.ant.AntTag - Could not convert tag: tr into an Ant task, data type or property
2003-11-13 12:43:40,265 WARN  org.apache.commons.jelly.tags.ant.AntTag - Could not convert tag: td into an Ant task, data type or property
2003-11-13 12:43:40,265 WARN  org.apache.commons.jelly.tags.ant.AntTag - Could not convert tag: td into an Ant task, data type or property
2003-11-13 12:43:40,265 WARN  org.apache.commons.jelly.tags.ant.AntTag - Could not convert tag: td into an Ant task, data type or property
2003-11-13 12:43:40,281 WARN  org.apache.commons.jelly.tags.ant.AntTag - Could not convert tag: td into an Ant task, data type or property
2003-11-13 12:43:40,281 WARN  org.apache.commons.jelly.tags.ant.AntTag - Could not convert tag: td into an Ant task, data type or property
2003-11-13 12:43:40,281 WARN  org.apache.commons.jelly.tags.ant.AntTag - Could not convert tag: table into an Ant task, data type or property
2003-11-13 12:43:40,281 WARN  org.apache.commons.jelly.tags.ant.AntTag - Could not convert tag: tr into an Ant task, data type or property
2003-11-13 12:43:40,281 WARN  org.apache.commons.jelly.tags.ant.AntTag - Could not convert tag: th into an Ant task, data type or property
2003-11-13 12:43:40,281 WARN  org.apache.commons.jelly.tags.ant.AntTag - Could not convert tag: th into an Ant task, data type or property
2003-11-13 12:43:40,281 WARN  org.apache.commons.jelly.tags.ant.AntTag - Could not convert tag: th into an Ant task, data type or property
2003-11-13 12:43:40,281 WARN  org.apache.commons.jelly.tags.ant.AntTag - Could not convert tag: th into an Ant task, data type or property
2003-11-13 12:43:40,281 WARN  org.apache.commons.jelly.tags.ant.AntTag - Could not convert tag: tr into an Ant task, data type or property
2003-11-13 12:43:40,281 WARN  org.apache.commons.jelly.tags.ant.AntTag - Could not convert tag: td into an Ant task, data type or property
2003-11-13 12:43:40,281 WARN  org.apache.commons.jelly.tags.ant.AntTag - Could not convert tag: a into an Ant task, data type or property
2003-11-13 12:43:40,281 WARN  org.apache.commons.jelly.tags.ant.AntTag - Could not convert tag: br into an Ant task, data type or property
2003-11-13 12:43:40,281 WARN  org.apache.commons.jelly.tags.ant.AntTag - Could not convert tag: a into an Ant task, data type or property
2003-11-13 12:43:40,281 WARN  org.apache.commons.jelly.tags.ant.AntTag - Could not convert tag: br into an Ant task, data type or property
2003-11-13 12:43:40,281 WARN  org.apache.commons.jelly.tags.ant.AntTag - Could not convert tag: a into an Ant task, data type or property
2003-11-13 12:43:40,281 WARN  org.apache.commons.jelly.tags.ant.AntTag - Could not convert tag: br into an Ant task, data type or property
2003-11-13 12:43:40,281 WARN  org.apache.commons.jelly.tags.ant.AntTag - Could not convert tag: td into an Ant task, data type or property
2003-11-13 12:43:40,281 WARN  org.apache.commons.jelly.tags.ant.AntTag - Could not convert tag: a into an Ant task, data type or property
2003-11-13 12:43:40,281 WARN  org.apache.commons.jelly.tags.ant.AntTag - Could not convert tag: br into an Ant task, data type or property
2003-11-13 12:43:40,281 WARN  org.apache.commons.jelly.tags.ant.AntTag - Could not convert tag: a into an Ant task, data type or property
2003-11-13 12:43:40,281 WARN  org.apache.commons.jelly.tags.ant.AntTag - Could not convert tag: br into an Ant task, data type or property
2003-11-13 12:43:40,281 WARN  org.apache.commons.jelly.tags.ant.AntTag - Could not convert tag: a into an Ant task, data type or property
2003-11-13 12:43:40,281 WARN  org.apache.commons.jelly.tags.ant.AntTag - Could not convert tag: br into an Ant task, data type or property
2003-11-13 12:43:40,281 WARN  org.apache.commons.jelly.tags.ant.AntTag - Could not convert tag: a into an Ant task, data type or property
2003-11-13 12:43:40,281 WARN  org.apache.commons.jelly.tags.ant.AntTag - Could not convert tag: br into an Ant task, data type or property
2003-11-13 12:43:40,281 WARN  org.apache.commons.jelly.tags.ant.AntTag - Could not convert tag: a into an Ant task, data type or property
2003-11-13 12:43:40,281 WARN  org.apache.commons.jelly.tags.ant.AntTag - Could not convert tag: br into an Ant task, data type or property
2003-11-13 12:43:40,281 WARN  org.apache.commons.jelly.tags.ant.AntTag - Could not convert tag: a into an Ant task, data type or property
2003-11-13 12:43:40,281 WARN  org.apache.commons.jelly.tags.ant.AntTag - Could not convert tag: br into an Ant task, data type or property
2003-11-13 12:43:40,281 WARN  org.apache.commons.jelly.tags.ant.AntTag - Could not convert tag: a into an Ant task, data type or property
2003-11-13 12:43:40,281 WARN  org.apache.commons.jelly.tags.ant.AntTag - Could not convert tag: br into an Ant task, data type or property
2003-11-13 12:43:40,281 WARN  org.apache.commons.jelly.tags.ant.AntTag - Could not convert tag: a into an Ant task, data type or property
2003-11-13 12:43:40,281 WARN  org.apache.commons.jelly.tags.ant.AntTag - Could not convert tag: br into an Ant task, data type or property
2003-11-13 12:43:40,281 WARN  org.apache.commons.jelly.tags.ant.AntTag - Could not convert tag: a into an Ant task, data type or property
2003-11-13 12:43:40,281 WARN  org.apache.commons.jelly.tags.ant.AntTag - Could not convert tag: br into an Ant task, data type or property
2003-11-13 12:43:40,281 WARN  org.apache.commons.jelly.tags.ant.AntTag - Could not convert tag: a into an Ant task, data type or property
2003-11-13 12:43:40,281 WARN  org.apache.commons.jelly.tags.ant.AntTag - Could not convert tag: br into an Ant task, data type or property
2003-11-13 12:43:40,281 WARN  org.apache.commons.jelly.tags.ant.AntTag - Could not convert tag: td into an Ant task, data type or property
2003-11-13 12:43:40,281 WARN  org.apache.commons.jelly.tags.ant.AntTag - Could not convert tag: a into an Ant task, data type or property
2003-11-13 12:43:40,281 WARN  org.apache.commons.jelly.tags.ant.AntTag - Could not convert tag: br into an Ant task, data type or property
2003-11-13 12:43:40,281 WARN  org.apache.commons.jelly.tags.ant.AntTag - Could not convert tag: a into an Ant task, data type or property
2003-11-13 12:43:40,281 WARN  org.apache.commons.jelly.tags.ant.AntTag - Could not convert tag: br into an Ant task, data type or property
2003-11-13 12:43:40,281 WARN  org.apache.commons.jelly.tags.ant.AntTag - Could not convert tag: a into an Ant task, data type or property
2003-11-13 12:43:40,281 WARN  org.apache.commons.jelly.tags.ant.AntTag - Could not convert tag: br into an Ant task, data type or property
2003-11-13 12:43:40,281 WARN  org.apache.commons.jelly.tags.ant.AntTag - Could not convert tag: a into an Ant task, data type or property
2003-11-13 12:43:40,281 WARN  org.apache.commons.jelly.tags.ant.AntTag - Could not convert tag: br into an Ant task, data type or property
2003-11-13 12:43:40,281 WARN  org.apache.commons.jelly.tags.ant.AntTag - Could not convert tag: a into an Ant task, data type or property
2003-11-13 12:43:40,281 WARN  org.apache.commons.jelly.tags.ant.AntTag - Could not convert tag: br into an Ant task, data type or property
2003-11-13 12:43:40,281 WARN  org.apache.commons.jelly.tags.ant.AntTag - Could not convert tag: a into an Ant task, data type or property
2003-11-13 12:43:40,281 WARN  org.apache.commons.jelly.tags.ant.AntTag - Could not convert tag: br into an Ant task, data type or property
2003-11-13 12:43:40,281 WARN  org.apache.commons.jelly.tags.ant.AntTag - Could not convert tag: td into an Ant task, data type or property
2003-11-13 12:43:40,281 WARN  org.apache.commons.jelly.tags.ant.AntTag - Could not convert tag: a into an Ant task, data type or property
2003-11-13 12:43:40,281 WARN  org.apache.commons.jelly.tags.ant.AntTag - Could not convert tag: br into an Ant task, data type or property
2003-11-13 12:43:40,281 WARN  org.apache.commons.jelly.tags.ant.AntTag - Could not convert tag: a into an Ant task, data type or property
2003-11-13 12:43:40,281 WARN  org.apache.commons.jelly.tags.ant.AntTag - Could not convert tag: br into an Ant task, data type or property
2003-11-13 12:43:40,281 WARN  org.apache.commons.jelly.tags.ant.AntTag - Could not convert tag: a into an Ant task, data type or property
2003-11-13 12:43:40,281 WARN  org.apache.commons.jelly.tags.ant.AntTag - Could not convert tag: br into an Ant task, data type or property
2003-11-13 12:43:40,281 WARN  org.apache.commons.jelly.tags.ant.AntTag - Could not convert tag: a into an Ant task, data type or property
2003-11-13 12:43:40,281 WARN  org.apache.commons.jelly.tags.ant.AntTag - Could not convert tag: br into an Ant task, data type or property
2003-11-13 12:43:40,296 WARN  org.apache.commons.jelly.tags.ant.AntTag - Could not convert tag: a into an Ant task, data type or property
2003-11-13 12:43:40,296 WARN  org.apache.commons.jelly.tags.ant.AntTag - Could not convert tag: br into an Ant task, data type or property
2003-11-13 12:43:40,296 WARN  org.apache.commons.jelly.tags.ant.AntTag - Could not convert tag: a into an Ant task, data type or property
2003-11-13 12:43:40,296 WARN  org.apache.commons.jelly.tags.ant.AntTag - Could not convert tag: br into an Ant task, data type or property
2003-11-13 12:43:40,296 WARN  org.apache.commons.jelly.tags.ant.AntTag - Could not convert tag: a into an Ant task, data type or property
2003-11-13 12:43:40,296 WARN  org.apache.commons.jelly.tags.ant.AntTag - Could not convert tag: br into an Ant task, data type or property
2003-11-13 12:43:40,296 WARN  org.apache.commons.jelly.tags.ant.AntTag - Could not convert tag: a into an Ant task, data type or property
2003-11-13 12:43:40,296 WARN  org.apache.commons.jelly.tags.ant.AntTag - Could not convert tag: br into an Ant task, data type or property
2003-11-13 12:43:40,296 WARN  org.apache.commons.jelly.tags.ant.AntTag - Could not convert tag: subsection into an Ant task, data type or property
2003-11-13 12:43:40,296 WARN  org.apache.commons.jelly.tags.ant.AntTag - Could not convert tag: table into an Ant task, data type or property
2003-11-13 12:43:40,296 WARN  org.apache.commons.jelly.tags.ant.AntTag - Could not convert tag: tr into an Ant task, data type or property
2003-11-13 12:43:40,296 WARN  org.apache.commons.jelly.tags.ant.AntTag - Could not convert tag: th into an Ant task, data type or property
2003-11-13 12:43:40,296 WARN  org.apache.commons.jelly.tags.ant.AntTag - Could not convert tag: th into an Ant task, data type or property
2003-11-13 12:43:40,296 WARN  org.apache.commons.jelly.tags.ant.AntTag - Could not convert tag: th into an Ant task, data type or property
2003-11-13 12:43:40,296 WARN  org.apache.commons.jelly.tags.ant.AntTag - Could not convert tag: th into an Ant task, data type or property
2003-11-13 12:43:40,296 WARN  org.apache.commons.jelly.tags.ant.AntTag - Could not convert tag: th into an Ant task, data type or property
2003-11-13 12:43:40,296 WARN  org.apache.commons.jelly.tags.ant.AntTag - Could not convert tag: tr into an Ant task, data type or property
2003-11-13 12:43:40,296 WARN  org.apache.commons.jelly.tags.ant.AntTag - Could not convert tag: td into an Ant task, data type or property
2003-11-13 12:43:40,296 WARN  org.apache.commons.jelly.tags.ant.AntTag - Could not convert tag: td into an Ant task, data type or property
2003-11-13 12:43:40,296 WARN  org.apache.commons.jelly.tags.ant.AntTag - Could not convert tag: td into an Ant task, data type or property
2003-11-13 12:43:40,296 WARN  org.apache.commons.jelly.tags.ant.AntTag - Could not convert tag: td into an Ant task, data type or property
2003-11-13 12:43:40,296 WARN  org.apache.commons.jelly.tags.ant.AntTag - Could not convert tag: td into an Ant task, data type or property
2003-11-13 12:43:40,296 WARN  org.apache.commons.jelly.tags.ant.AntTag - Could not convert tag: table into an Ant task, data type or property
2003-11-13 12:43:40,296 WARN  org.apache.commons.jelly.tags.ant.AntTag - Could not convert tag: tr into an Ant task, data type or property
2003-11-13 12:43:40,296 WARN  org.apache.commons.jelly.tags.ant.AntTag - Could not convert tag: th into an Ant task, data type or property
2003-11-13 12:43:40,296 WARN  org.apache.commons.jelly.tags.ant.AntTag - Could not convert tag: th into an Ant task, data type or property
2003-11-13 12:43:40,296 WARN  org.apache.commons.jelly.tags.ant.AntTag - Could not convert tag: th into an Ant task, data type or property
2003-11-13 12:43:40,296 WARN  org.apache.commons.jelly.tags.ant.AntTag - Could not convert tag: th into an Ant task, data type or property
2003-11-13 12:43:40,296 WARN  org.apache.commons.jelly.tags.ant.AntTag - Could not convert tag: tr into an Ant task, data type or property
2003-11-13 12:43:40,296 WARN  org.apache.commons.jelly.tags.ant.AntTag - Could not convert tag: td into an Ant task, data type or property
2003-11-13 12:43:40,296 WARN  org.apache.commons.jelly.tags.ant.AntTag - Could not convert tag: td into an Ant task, data type or property
2003-11-13 12:43:40,296 WARN  org.apache.commons.jelly.tags.ant.AntTag - Could not convert tag: a into an Ant task, data type or property
2003-11-13 12:43:40,296 WARN  org.apache.commons.jelly.tags.ant.AntTag - Could not convert tag: br into an Ant task, data type or property
2003-11-13 12:43:40,296 WARN  org.apache.commons.jelly.tags.ant.AntTag - Could not convert tag: a into an Ant task, data type or property
2003-11-13 12:43:40,296 WARN  org.apache.commons.jelly.tags.ant.AntTag - Could not convert tag: br into an Ant task, data type or property
2003-11-13 12:43:40,296 WARN  org.apache.commons.jelly.tags.ant.AntTag - Could not convert tag: a into an Ant task, data type or property
2003-11-13 12:43:40,296 WARN  org.apache.commons.jelly.tags.ant.AntTag - Could not convert tag: br into an Ant task, data type or property
2003-11-13 12:43:40,296 WARN  org.apache.commons.jelly.tags.ant.AntTag - Could not convert tag: a into an Ant task, data type or property
2003-11-13 12:43:40,296 WARN  org.apache.commons.jelly.tags.ant.AntTag - Could not convert tag: br into an Ant task, data type or property
2003-11-13 12:43:40,296 WARN  org.apache.commons.jelly.tags.ant.AntTag - Could not convert tag: a into an Ant task, data type or property
2003-11-13 12:43:40,296 WARN  org.apache.commons.jelly.tags.ant.AntTag - Could not convert tag: br into an Ant task, data type or property
2003-11-13 12:43:40,296 WARN  org.apache.commons.jelly.tags.ant.AntTag - Could not convert tag: td into an Ant task, data type or property
2003-11-13 12:43:40,296 WARN  org.apache.commons.jelly.tags.ant.AntTag - Could not convert tag: a into an Ant task, data type or property
2003-11-13 12:43:40,296 WARN  org.apache.commons.jelly.tags.ant.AntTag - Could not convert tag: br into an Ant task, data type or property
2003-11-13 12:43:40,296 WARN  org.apache.commons.jelly.tags.ant.AntTag - Could not convert tag: td into an Ant task, data type or property
2003-11-13 12:43:40,296 WARN  org.apache.commons.jelly.tags.ant.AntTag - Could not convert tag: a into an Ant task, data type or property
2003-11-13 12:43:40,296 WARN  org.apache.commons.jelly.tags.ant.AntTag - Could not convert tag: br into an Ant task, data type or property
2003-11-13 12:43:40,296 WARN  org.apache.commons.jelly.tags.ant.AntTag - Could not convert tag: a into an Ant task, data type or property
2003-11-13 12:43:40,296 WARN  org.apache.commons.jelly.tags.ant.AntTag - Could not convert tag: br into an Ant task, data type or property
2003-11-13 12:43:40,296 WARN  org.apache.commons.jelly.tags.ant.AntTag - Could not convert tag: a into an Ant task, data type or property
2003-11-13 12:43:40,296 WARN  org.apache.commons.jelly.tags.ant.AntTag - Could not convert tag: br into an Ant task, data type or property
2003-11-13 12:43:40,296 WARN  org.apache.commons.jelly.tags.ant.AntTag - Could not convert tag: a into an Ant task, data type or property
2003-11-13 12:43:40,296 WARN  org.apache.commons.jelly.tags.ant.AntTag - Could not convert tag: br into an Ant task, data type or property
2003-11-13 12:43:40,296 WARN  org.apache.commons.jelly.tags.ant.AntTag - Could not convert tag: a into an Ant task, data type or property
2003-11-13 12:43:40,296 WARN  org.apache.commons.jelly.tags.ant.AntTag - Could not convert tag: br into an Ant task, data type or property
2003-11-13 12:43:40,296 WARN  org.apache.commons.jelly.tags.ant.AntTag - Could not convert tag: a into an Ant task, data type or property
2003-11-13 12:43:40,296 WARN  org.apache.commons.jelly.tags.ant.AntTag - Could not convert tag: br into an Ant task, data type or property
2003-11-13 12:43:40,296 WARN  org.apache.commons.jelly.tags.ant.AntTag - Could not convert tag: subsection into an Ant task, data type or property
2003-11-13 12:43:40,296 WARN  org.apache.commons.jelly.tags.ant.AntTag - Could not convert tag: table into an Ant task, data type or property
2003-11-13 12:43:40,296 WARN  org.apache.commons.jelly.tags.ant.AntTag - Could not convert tag: tr into an Ant task, data type or property
2003-11-13 12:43:40,296 WARN  org.apache.commons.jelly.tags.ant.AntTag - Could not convert tag: th into an Ant task, data type or property
2003-11-13 12:43:40,296 WARN  org.apache.commons.jelly.tags.ant.AntTag - Could not convert tag: th into an Ant task, data type or property
2003-11-13 12:43:40,296 WARN  org.apache.commons.jelly.tags.ant.AntTag - Could not convert tag: th into an Ant task, data type or property
2003-11-13 12:43:40,296 WARN  org.apache.commons.jelly.tags.ant.AntTag - Could not convert tag: th into an Ant task, data type or property
2003-11-13 12:43:40,296 WARN  org.apache.commons.jelly.tags.ant.AntTag - Could not convert tag: th into an Ant task, data type or property
2003-11-13 12:43:40,296 WARN  org.apache.commons.jelly.tags.ant.AntTag - Could not convert tag: tr into an Ant task, data type or property
2003-11-13 12:43:40,296 WARN  org.apache.commons.jelly.tags.ant.AntTag - Could not convert tag: td into an Ant task, data type or property
2003-11-13 12:43:40,296 WARN  org.apache.commons.jelly.tags.ant.AntTag - Could not convert tag: td into an Ant task, data type or property
2003-11-13 12:43:40,296 WARN  org.apache.commons.jelly.tags.ant.AntTag - Could not convert tag: td into an Ant task, data type or property
2003-11-13 12:43:40,296 WARN  org.apache.commons.jelly.tags.ant.AntTag - Could not convert tag: td into an Ant task, data type or property
2003-11-13 12:43:40,296 WARN  org.apache.commons.jelly.tags.ant.AntTag - Could not convert tag: td into an Ant task, data type or property
2003-11-13 12:43:40,296 WARN  org.apache.commons.jelly.tags.ant.AntTag - Could not convert tag: table into an Ant task, data type or property
2003-11-13 12:43:40,296 WARN  org.apache.commons.jelly.tags.ant.AntTag - Could not convert tag: tr into an Ant task, data type or property
2003-11-13 12:43:40,296 WARN  org.apache.commons.jelly.tags.ant.AntTag - Could not convert tag: th into an Ant task, data type or property
2003-11-13 12:43:40,296 WARN  org.apache.commons.jelly.tags.ant.AntTag - Could not convert tag: th into an Ant task, data type or property
2003-11-13 12:43:40,296 WARN  org.apache.commons.jelly.tags.ant.AntTag - Could not convert tag: th into an Ant task, data type or property
2003-11-13 12:43:40,296 WARN  org.apache.commons.jelly.tags.ant.AntTag - Could not convert tag: th into an Ant task, data type or property
2003-11-13 12:43:40,296 WARN  org.apache.commons.jelly.tags.ant.AntTag - Could not convert tag: tr into an Ant task, data type or property
2003-11-13 12:43:40,296 WARN  org.apache.commons.jelly.tags.ant.AntTag - Could not convert tag: td into an Ant task, data type or property
2003-11-13 12:43:40,296 WARN  org.apache.commons.jelly.tags.ant.AntTag - Could not convert tag: a into an Ant task, data type or property
2003-11-13 12:43:40,312 WARN  org.apache.commons.jelly.tags.ant.AntTag - Could not convert tag: br into an Ant task, data type or property
2003-11-13 12:43:40,312 WARN  org.apache.commons.jelly.tags.ant.AntTag - Could not convert tag: td into an Ant task, data type or property
2003-11-13 12:43:40,312 WARN  org.apache.commons.jelly.tags.ant.AntTag - Could not convert tag: a into an Ant task, data type or property
2003-11-13 12:43:40,312 WARN  org.apache.commons.jelly.tags.ant.AntTag - Could not convert tag: br into an Ant task, data type or property
2003-11-13 12:43:40,312 WARN  org.apache.commons.jelly.tags.ant.AntTag - Could not convert tag: a into an Ant task, data type or property
2003-11-13 12:43:40,312 WARN  org.apache.commons.jelly.tags.ant.AntTag - Could not convert tag: br into an Ant task, data type or property
2003-11-13 12:43:40,312 WARN  org.apache.commons.jelly.tags.ant.AntTag - Could not convert tag: a into an Ant task, data type or property
2003-11-13 12:43:40,312 WARN  org.apache.commons.jelly.tags.ant.AntTag - Could not convert tag: br into an Ant task, data type or property
2003-11-13 12:43:40,312 WARN  org.apache.commons.jelly.tags.ant.AntTag - Could not convert tag: a into an Ant task, data type or property
2003-11-13 12:43:40,312 WARN  org.apache.commons.jelly.tags.ant.AntTag - Could not convert tag: br into an Ant task, data type or property
2003-11-13 12:43:40,312 WARN  org.apache.commons.jelly.tags.ant.AntTag - Could not convert tag: a into an Ant task, data type or property
2003-11-13 12:43:40,312 WARN  org.apache.commons.jelly.tags.ant.AntTag - Could not convert tag: br into an Ant task, data type or property
2003-11-13 12:43:40,312 WARN  org.apache.commons.jelly.tags.ant.AntTag - Could not convert tag: a into an Ant task, data type or property
2003-11-13 12:43:40,312 WARN  org.apache.commons.jelly.tags.ant.AntTag - Could not convert tag: br into an Ant task, data type or property
2003-11-13 12:43:40,312 WARN  org.apache.commons.jelly.tags.ant.AntTag - Could not convert tag: a into an Ant task, data type or property
2003-11-13 12:43:40,312 WARN  org.apache.commons.jelly.tags.ant.AntTag - Could not convert tag: br into an Ant task, data type or property
2003-11-13 12:43:40,312 WARN  org.apache.commons.jelly.tags.ant.AntTag - Could not convert tag: a into an Ant task, data type or property
2003-11-13 12:43:40,312 WARN  org.apache.commons.jelly.tags.ant.AntTag - Could not convert tag: br into an Ant task, data type or property
2003-11-13 12:43:40,312 WARN  org.apache.commons.jelly.tags.ant.AntTag - Could not convert tag: a into an Ant task, data type or property
2003-11-13 12:43:40,312 WARN  org.apache.commons.jelly.tags.ant.AntTag - Could not convert tag: br into an Ant task, data type or property
2003-11-13 12:43:40,312 WARN  org.apache.commons.jelly.tags.ant.AntTag - Could not convert tag: a into an Ant task, data type or property
2003-11-13 12:43:40,312 WARN  org.apache.commons.jelly.tags.ant.AntTag - Could not convert tag: br into an Ant task, data type or property
2003-11-13 12:43:40,312 WARN  org.apache.commons.jelly.tags.ant.AntTag - Could not convert tag: a into an Ant task, data type or property
2003-11-13 12:43:40,312 WARN  org.apache.commons.jelly.tags.ant.AntTag - Could not convert tag: br into an Ant task, data type or property
2003-11-13 12:43:40,312 WARN  org.apache.commons.jelly.tags.ant.AntTag - Could not convert tag: a into an Ant task, data type or property
2003-11-13 12:43:40,312 WARN  org.apache.commons.jelly.tags.ant.AntTag - Could not convert tag: br into an Ant task, data type or property
2003-11-13 12:43:40,312 WARN  org.apache.commons.jelly.tags.ant.AntTag - Could not convert tag: a into an Ant task, data type or property
2003-11-13 12:43:40,312 WARN  org.apache.commons.jelly.tags.ant.AntTag - Could not convert tag: br into an Ant task, data type or property
2003-11-13 12:43:40,312 WARN  org.apache.commons.jelly.tags.ant.AntTag - Could not convert tag: td into an Ant task, data type or property
2003-11-13 12:43:40,312 WARN  org.apache.commons.jelly.tags.ant.AntTag - Could not convert tag: a into an Ant task, data type or property
2003-11-13 12:43:40,312 WARN  org.apache.commons.jelly.tags.ant.AntTag - Could not convert tag: br into an Ant task, data type or property
2003-11-13 12:43:40,312 WARN  org.apache.commons.jelly.tags.ant.AntTag - Could not convert tag: a into an Ant task, data type or property
2003-11-13 12:43:40,312 WARN  org.apache.commons.jelly.tags.ant.AntTag - Could not convert tag: br into an Ant task, data type or property
2003-11-13 12:43:40,312 WARN  org.apache.commons.jelly.tags.ant.AntTag - Could not convert tag: a into an Ant task, data type or property
2003-11-13 12:43:40,312 WARN  org.apache.commons.jelly.tags.ant.AntTag - Could not convert tag: br into an Ant task, data type or property
2003-11-13 12:43:40,312 WARN  org.apache.commons.jelly.tags.ant.AntTag - Could not convert tag: td into an Ant task, data type or property
2003-11-13 12:43:40,312 WARN  org.apache.commons.jelly.tags.ant.AntTag - Could not convert tag: a into an Ant task, data type or property
2003-11-13 12:43:40,312 WARN  org.apache.commons.jelly.tags.ant.AntTag - Could not convert tag: br into an Ant task, data type or property
2003-11-13 12:43:40,312 WARN  org.apache.commons.jelly.tags.ant.AntTag - Could not convert tag: a into an Ant task, data type or property
2003-11-13 12:43:40,312 WARN  org.apache.commons.jelly.tags.ant.AntTag - Could not convert tag: br into an Ant task, data type or property
2003-11-13 12:43:40,312 WARN  org.apache.commons.jelly.tags.ant.AntTag - Could not convert tag: a into an Ant task, data type or property
2003-11-13 12:43:40,312 WARN  org.apache.commons.jelly.tags.ant.AntTag - Could not convert tag: br into an Ant task, data type or property
2003-11-13 12:43:40,312 WARN  org.apache.commons.jelly.tags.ant.AntTag - Could not convert tag: a into an Ant task, data type or property
2003-11-13 12:43:40,312 WARN  org.apache.commons.jelly.tags.ant.AntTag - Could not convert tag: br into an Ant task, data type or property
2003-11-13 12:43:40,312 WARN  org.apache.commons.jelly.tags.ant.AntTag - Could not convert tag: a into an Ant task, data type or property
2003-11-13 12:43:40,312 WARN  org.apache.commons.jelly.tags.ant.AntTag - Could not convert tag: br into an Ant task, data type or property
2003-11-13 12:43:40,328 WARN  org.apache.commons.jelly.tags.ant.AntTag - Could not convert tag: subsection into an Ant task, data type or property
2003-11-13 12:43:40,328 WARN  org.apache.commons.jelly.tags.ant.AntTag - Could not convert tag: table into an Ant task, data type or property
2003-11-13 12:43:40,328 WARN  org.apache.commons.jelly.tags.ant.AntTag - Could not convert tag: tr into an Ant task, data type or property
2003-11-13 12:43:40,328 WARN  org.apache.commons.jelly.tags.ant.AntTag - Could not convert tag: th into an Ant task, data type or property
2003-11-13 12:43:40,328 WARN  org.apache.commons.jelly.tags.ant.AntTag - Could not convert tag: th into an Ant task, data type or property
2003-11-13 12:43:40,328 WARN  org.apache.commons.jelly.tags.ant.AntTag - Could not convert tag: th into an Ant task, data type or property
2003-11-13 12:43:40,328 WARN  org.apache.commons.jelly.tags.ant.AntTag - Could not convert tag: th into an Ant task, data type or property
2003-11-13 12:43:40,328 WARN  org.apache.commons.jelly.tags.ant.AntTag - Could not convert tag: th into an Ant task, data type or property
2003-11-13 12:43:40,328 WARN  org.apache.commons.jelly.tags.ant.AntTag - Could not convert tag: tr into an Ant task, data type or property
2003-11-13 12:43:40,328 WARN  org.apache.commons.jelly.tags.ant.AntTag - Could not convert tag: td into an Ant task, data type or property
2003-11-13 12:43:40,328 WARN  org.apache.commons.jelly.tags.ant.AntTag - Could not convert tag: td into an Ant task, data type or property
2003-11-13 12:43:40,328 WARN  org.apache.commons.jelly.tags.ant.AntTag - Could not convert tag: td into an Ant task, data type or property
2003-11-13 12:43:40,328 WARN  org.apache.commons.jelly.tags.ant.AntTag - Could not convert tag: td into an Ant task, data type or property
2003-11-13 12:43:40,328 WARN  org.apache.commons.jelly.tags.ant.AntTag - Could not convert tag: td into an Ant task, data type or property
2003-11-13 12:43:40,328 WARN  org.apache.commons.jelly.tags.ant.AntTag - Could not convert tag: table into an Ant task, data type or property
2003-11-13 12:43:40,328 WARN  org.apache.commons.jelly.tags.ant.AntTag - Could not convert tag: tr into an Ant task, data type or property
2003-11-13 12:43:40,328 WARN  org.apache.commons.jelly.tags.ant.AntTag - Could not convert tag: th into an Ant task, data type or property
2003-11-13 12:43:40,343 WARN  org.apache.commons.jelly.tags.ant.AntTag - Could not convert tag: th into an Ant task, data type or property
2003-11-13 12:43:40,343 WARN  org.apache.commons.jelly.tags.ant.AntTag - Could not convert tag: th into an Ant task, data type or property
2003-11-13 12:43:40,343 WARN  org.apache.commons.jelly.tags.ant.AntTag - Could not convert tag: th into an Ant task, data type or property
2003-11-13 12:43:40,343 WARN  org.apache.commons.jelly.tags.ant.AntTag - Could not convert tag: tr into an Ant task, data type or property
2003-11-13 12:43:40,343 WARN  org.apache.commons.jelly.tags.ant.AntTag - Could not convert tag: td into an Ant task, data type or property
2003-11-13 12:43:40,343 WARN  org.apache.commons.jelly.tags.ant.AntTag - Could not convert tag: td into an Ant task, data type or property
2003-11-13 12:43:40,343 WARN  org.apache.commons.jelly.tags.ant.AntTag - Could not convert tag: a into an Ant task, data type or property
2003-11-13 12:43:40,343 WARN  org.apache.commons.jelly.tags.ant.AntTag - Could not convert tag: br into an Ant task, data type or property
2003-11-13 12:43:40,343 WARN  org.apache.commons.jelly.tags.ant.AntTag - Could not convert tag: a into an Ant task, data type or property
2003-11-13 12:43:40,343 WARN  org.apache.commons.jelly.tags.ant.AntTag - Could not convert tag: br into an Ant task, data type or property
2003-11-13 12:43:40,343 WARN  org.apache.commons.jelly.tags.ant.AntTag - Could not convert tag: td into an Ant task, data type or property
2003-11-13 12:43:40,343 WARN  org.apache.commons.jelly.tags.ant.AntTag - Could not convert tag: a into an Ant task, data type or property
2003-11-13 12:43:40,343 WARN  org.apache.commons.jelly.tags.ant.AntTag - Could not convert tag: br into an Ant task, data type or property
2003-11-13 12:43:40,343 WARN  org.apache.commons.jelly.tags.ant.AntTag - Could not convert tag: td into an Ant task, data type or property
2003-11-13 12:43:40,343 WARN  org.apache.commons.jelly.tags.ant.AntTag - Could not convert tag: a into an Ant task, data type or property
2003-11-13 12:43:40,343 WARN  org.apache.commons.jelly.tags.ant.AntTag - Could not convert tag: br into an Ant task, data type or property
2003-11-13 12:43:40,343 WARN  org.apache.commons.jelly.tags.ant.AntTag - Could not convert tag: a into an Ant task, data type or property
2003-11-13 12:43:40,343 WARN  org.apache.commons.jelly.tags.ant.AntTag - Could not convert tag: br into an Ant task, data type or property
2003-11-13 12:43:40,343 WARN  org.apache.commons.jelly.tags.ant.AntTag - Could not convert tag: a into an Ant task, data type or property
2003-11-13 12:43:40,343 WARN  org.apache.commons.jelly.tags.ant.AntTag - Could not convert tag: br into an Ant task, data type or property
2003-11-13 12:43:40,343 WARN  org.apache.commons.jelly.tags.ant.AntTag - Could not convert tag: a into an Ant task, data type or property
2003-11-13 12:43:40,343 WARN  org.apache.commons.jelly.tags.ant.AntTag - Could not convert tag: br into an Ant task, data type or property
2003-11-13 12:43:40,343 WARN  org.apache.commons.jelly.tags.ant.AntTag - Could not convert tag: a into an Ant task, data type or property
2003-11-13 12:43:40,343 WARN  org.apache.commons.jelly.tags.ant.AntTag - Could not convert tag: br into an Ant task, data type or property
2003-11-13 12:43:40,343 WARN  org.apache.commons.jelly.tags.ant.AntTag - Could not convert tag: subsection into an Ant task, data type or property
2003-11-13 12:43:40,343 WARN  org.apache.commons.jelly.tags.ant.AntTag - Could not convert tag: table into an Ant task, data type or property
2003-11-13 12:43:40,343 WARN  org.apache.commons.jelly.tags.ant.AntTag - Could not convert tag: tr into an Ant task, data type or property
2003-11-13 12:43:40,343 WARN  org.apache.commons.jelly.tags.ant.AntTag - Could not convert tag: th into an Ant task, data type or property
2003-11-13 12:43:40,343 WARN  org.apache.commons.jelly.tags.ant.AntTag - Could not convert tag: th into an Ant task, data type or property
2003-11-13 12:43:40,343 WARN  org.apache.commons.jelly.tags.ant.AntTag - Could not convert tag: th into an Ant task, data type or property
2003-11-13 12:43:40,343 WARN  org.apache.commons.jelly.tags.ant.AntTag - Could not convert tag: th into an Ant task, data type or property
2003-11-13 12:43:40,343 WARN  org.apache.commons.jelly.tags.ant.AntTag - Could not convert tag: th into an Ant task, data type or property
2003-11-13 12:43:40,343 WARN  org.apache.commons.jelly.tags.ant.AntTag - Could not convert tag: tr into an Ant task, data type or property
2003-11-13 12:43:40,343 WARN  org.apache.commons.jelly.tags.ant.AntTag - Could not convert tag: td into an Ant task, data type or property
2003-11-13 12:43:40,343 WARN  org.apache.commons.jelly.tags.ant.AntTag - Could not convert tag: td into an Ant task, data type or property
2003-11-13 12:43:40,343 WARN  org.apache.commons.jelly.tags.ant.AntTag - Could not convert tag: td into an Ant task, data type or property
2003-11-13 12:43:40,343 WARN  org.apache.commons.jelly.tags.ant.AntTag - Could not convert tag: td into an Ant task, data type or property
2003-11-13 12:43:40,343 WARN  org.apache.commons.jelly.tags.ant.AntTag - Could not convert tag: td into an Ant task, data type or property
2003-11-13 12:43:40,343 WARN  org.apache.commons.jelly.tags.ant.AntTag - Could not convert tag: table into an Ant task, data type or property
2003-11-13 12:43:40,343 WARN  org.apache.commons.jelly.tags.ant.AntTag - Could not convert tag: tr into an Ant task, data type or property
2003-11-13 12:43:40,343 WARN  org.apache.commons.jelly.tags.ant.AntTag - Could not convert tag: th into an Ant task, data type or property
2003-11-13 12:43:40,343 WARN  org.apache.commons.jelly.tags.ant.AntTag - Could not convert tag: th into an Ant task, data type or property
2003-11-13 12:43:40,343 WARN  org.apache.commons.jelly.tags.ant.AntTag - Could not convert tag: th into an Ant task, data type or property
2003-11-13 12:43:40,343 WARN  org.apache.commons.jelly.tags.ant.AntTag - Could not convert tag: th into an Ant task, data type or property
2003-11-13 12:43:40,343 WARN  org.apache.commons.jelly.tags.ant.AntTag - Could not convert tag: tr into an Ant task, data type or property
2003-11-13 12:43:40,343 WARN  org.apache.commons.jelly.tags.ant.AntTag - Could not convert tag: td into an Ant task, data type or property
2003-11-13 12:43:40,343 WARN  org.apache.commons.jelly.tags.ant.AntTag - Could not convert tag: a into an Ant task, data type or property
2003-11-13 12:43:40,343 WARN  org.apache.commons.jelly.tags.ant.AntTag - Could not convert tag: br into an Ant task, data type or property
2003-11-13 12:43:40,343 WARN  org.apache.commons.jelly.tags.ant.AntTag - Could not convert tag: a into an Ant task, data type or property
2003-11-13 12:43:40,343 WARN  org.apache.commons.jelly.tags.ant.AntTag - Could not convert tag: br into an Ant task, data type or property
2003-11-13 12:43:40,343 WARN  org.apache.commons.jelly.tags.ant.AntTag - Could not convert tag: a into an Ant task, data type or property
2003-11-13 12:43:40,343 WARN  org.apache.commons.jelly.tags.ant.AntTag - Could not convert tag: br into an Ant task, data type or property
2003-11-13 12:43:40,343 WARN  org.apache.commons.jelly.tags.ant.AntTag - Could not convert tag: a into an Ant task, data type or property
2003-11-13 12:43:40,343 WARN  org.apache.commons.jelly.tags.ant.AntTag - Could not convert tag: br into an Ant task, data type or property
2003-11-13 12:43:40,343 WARN  org.apache.commons.jelly.tags.ant.AntTag - Could not convert tag: td into an Ant task, data type or property
2003-11-13 12:43:40,343 WARN  org.apache.commons.jelly.tags.ant.AntTag - Could not convert tag: a into an Ant task, data type or property
2003-11-13 12:43:40,343 WARN  org.apache.commons.jelly.tags.ant.AntTag - Could not convert tag: br into an Ant task, data type or property
2003-11-13 12:43:40,343 WARN  org.apache.commons.jelly.tags.ant.AntTag - Could not convert tag: a into an Ant task, data type or property
2003-11-13 12:43:40,343 WARN  org.apache.commons.jelly.tags.ant.AntTag - Could not convert tag: br into an Ant task, data type or property
2003-11-13 12:43:40,343 WARN  org.apache.commons.jelly.tags.ant.AntTag - Could not convert tag: td into an Ant task, data type or property
2003-11-13 12:43:40,343 WARN  org.apache.commons.jelly.tags.ant.AntTag - Could not convert tag: a into an Ant task, data type or property
2003-11-13 12:43:40,343 WARN  org.apache.commons.jelly.tags.ant.AntTag - Could not convert tag: br into an Ant task, data type or property
2003-11-13 12:43:40,343 WARN  org.apache.commons.jelly.tags.ant.AntTag - Could not convert tag: a into an Ant task, data type or property
2003-11-13 12:43:40,343 WARN  org.apache.commons.jelly.tags.ant.AntTag - Could not convert tag: br into an Ant task, data type or property
2003-11-13 12:43:40,343 WARN  org.apache.commons.jelly.tags.ant.AntTag - Could not convert tag: a into an Ant task, data type or property
2003-11-13 12:43:40,343 WARN  org.apache.commons.jelly.tags.ant.AntTag - Could not convert tag: br into an Ant task, data type or property
2003-11-13 12:43:40,343 WARN  org.apache.commons.jelly.tags.ant.AntTag - Could not convert tag: td into an Ant task, data type or property
2003-11-13 12:43:40,343 WARN  org.apache.commons.jelly.tags.ant.AntTag - Could not convert tag: a into an Ant task, data type or property
2003-11-13 12:43:40,343 WARN  org.apache.commons.jelly.tags.ant.AntTag - Could not convert tag: br into an Ant task, data type or property
2003-11-13 12:43:40,343 WARN  org.apache.commons.jelly.tags.ant.AntTag - Could not convert tag: a into an Ant task, data type or property
2003-11-13 12:43:40,343 WARN  org.apache.commons.jelly.tags.ant.AntTag - Could not convert tag: br into an Ant task, data type or property
2003-11-13 12:43:40,343 WARN  org.apache.commons.jelly.tags.ant.AntTag - Could not convert tag: a into an Ant task, data type or property
2003-11-13 12:43:40,343 WARN  org.apache.commons.jelly.tags.ant.AntTag - Could not convert tag: br into an Ant task, data type or property
2003-11-13 12:43:40,343 WARN  org.apache.commons.jelly.tags.ant.AntTag - Could not convert tag: a into an Ant task, data type or property
2003-11-13 12:43:40,343 WARN  org.apache.commons.jelly.tags.ant.AntTag - Could not convert tag: br into an Ant task, data type or property
2003-11-13 12:43:40,359 WARN  org.apache.commons.jelly.tags.ant.AntTag - Could not convert tag: a into an Ant task, data type or property
2003-11-13 12:43:40,359 WARN  org.apache.commons.jelly.tags.ant.AntTag - Could not convert tag: br into an Ant task, data type or property
2003-11-13 12:43:40,359 WARN  org.apache.commons.jelly.tags.ant.AntTag - Could not convert tag: subsection into an Ant task, data type or property
2003-11-13 12:43:40,359 WARN  org.apache.commons.jelly.tags.ant.AntTag - Could not convert tag: table into an Ant task, data type or property
2003-11-13 12:43:40,359 WARN  org.apache.commons.jelly.tags.ant.AntTag - Could not convert tag: tr into an Ant task, data type or property
2003-11-13 12:43:40,359 WARN  org.apache.commons.jelly.tags.ant.AntTag - Could not convert tag: th into an Ant task, data type or property
2003-11-13 12:43:40,359 WARN  org.apache.commons.jelly.tags.ant.AntTag - Could not convert tag: th into an Ant task, data type or property
2003-11-13 12:43:40,359 WARN  org.apache.commons.jelly.tags.ant.AntTag - Could not convert tag: th into an Ant task, data type or property
2003-11-13 12:43:40,359 WARN  org.apache.commons.jelly.tags.ant.AntTag - Could not convert tag: th into an Ant task, data type or property
2003-11-13 12:43:40,359 WARN  org.apache.commons.jelly.tags.ant.AntTag - Could not convert tag: th into an Ant task, data type or property
2003-11-13 12:43:40,359 WARN  org.apache.commons.jelly.tags.ant.AntTag - Could not convert tag: tr into an Ant task, data type or property
2003-11-13 12:43:40,359 WARN  org.apache.commons.jelly.tags.ant.AntTag - Could not convert tag: td into an Ant task, data type or property
2003-11-13 12:43:40,359 WARN  org.apache.commons.jelly.tags.ant.AntTag - Could not convert tag: td into an Ant task, data type or property
2003-11-13 12:43:40,359 WARN  org.apache.commons.jelly.tags.ant.AntTag - Could not convert tag: td into an Ant task, data type or property
2003-11-13 12:43:40,359 WARN  org.apache.commons.jelly.tags.ant.AntTag - Could not convert tag: td into an Ant task, data type or property
2003-11-13 12:43:40,359 WARN  org.apache.commons.jelly.tags.ant.AntTag - Could not convert tag: td into an Ant task, data type or property
2003-11-13 12:43:40,359 WARN  org.apache.commons.jelly.tags.ant.AntTag - Could not convert tag: table into an Ant task, data type or property
2003-11-13 12:43:40,359 WARN  org.apache.commons.jelly.tags.ant.AntTag - Could not convert tag: tr into an Ant task, data type or property
2003-11-13 12:43:40,359 WARN  org.apache.commons.jelly.tags.ant.AntTag - Could not convert tag: th into an Ant task, data type or property
2003-11-13 12:43:40,359 WARN  org.apache.commons.jelly.tags.ant.AntTag - Could not convert tag: th into an Ant task, data type or property
2003-11-13 12:43:40,359 WARN  org.apache.commons.jelly.tags.ant.AntTag - Could not convert tag: th into an Ant task, data type or property
2003-11-13 12:43:40,359 WARN  org.apache.commons.jelly.tags.ant.AntTag - Could not convert tag: th into an Ant task, data type or property
2003-11-13 12:43:40,359 WARN  org.apache.commons.jelly.tags.ant.AntTag - Could not convert tag: tr into an Ant task, data type or property
2003-11-13 12:43:40,359 WARN  org.apache.commons.jelly.tags.ant.AntTag - Could not convert tag: td into an Ant task, data type or property
2003-11-13 12:43:40,359 WARN  org.apache.commons.jelly.tags.ant.AntTag - Could not convert tag: td into an Ant task, data type or property
2003-11-13 12:43:40,359 WARN  org.apache.commons.jelly.tags.ant.AntTag - Could not convert tag: a into an Ant task, data type or property
2003-11-13 12:43:40,359 WARN  org.apache.commons.jelly.tags.ant.AntTag - Could not convert tag: br into an Ant task, data type or property
2003-11-13 12:43:40,359 WARN  org.apache.commons.jelly.tags.ant.AntTag - Could not convert tag: a into an Ant task, data type or property
2003-11-13 12:43:40,359 WARN  org.apache.commons.jelly.tags.ant.AntTag - Could not convert tag: br into an Ant task, data type or property
2003-11-13 12:43:40,359 WARN  org.apache.commons.jelly.tags.ant.AntTag - Could not convert tag: a into an Ant task, data type or property
2003-11-13 12:43:40,359 WARN  org.apache.commons.jelly.tags.ant.AntTag - Could not convert tag: br into an Ant task, data type or property
2003-11-13 12:43:40,359 WARN  org.apache.commons.jelly.tags.ant.AntTag - Could not convert tag: a into an Ant task, data type or property
2003-11-13 12:43:40,359 WARN  org.apache.commons.jelly.tags.ant.AntTag - Could not convert tag: br into an Ant task, data type or property
2003-11-13 12:43:40,359 WARN  org.apache.commons.jelly.tags.ant.AntTag - Could not convert tag: td into an Ant task, data type or property
2003-11-13 12:43:40,359 WARN  org.apache.commons.jelly.tags.ant.AntTag - Could not convert tag: a into an Ant task, data type or property
2003-11-13 12:43:40,359 WARN  org.apache.commons.jelly.tags.ant.AntTag - Could not convert tag: br into an Ant task, data type or property
2003-11-13 12:43:40,359 WARN  org.apache.commons.jelly.tags.ant.AntTag - Could not convert tag: a into an Ant task, data type or property
2003-11-13 12:43:40,359 WARN  org.apache.commons.jelly.tags.ant.AntTag - Could not convert tag: br into an Ant task, data type or property
2003-11-13 12:43:40,359 WARN  org.apache.commons.jelly.tags.ant.AntTag - Could not convert tag: a into an Ant task, data type or property
2003-11-13 12:43:40,359 WARN  org.apache.commons.jelly.tags.ant.AntTag - Could not convert tag: br into an Ant task, data type or property
2003-11-13 12:43:40,359 WARN  org.apache.commons.jelly.tags.ant.AntTag - Could not convert tag: a into an Ant task, data type or property
2003-11-13 12:43:40,359 WARN  org.apache.commons.jelly.tags.ant.AntTag - Could not convert tag: br into an Ant task, data type or property
2003-11-13 12:43:40,359 WARN  org.apache.commons.jelly.tags.ant.AntTag - Could not convert tag: td into an Ant task, data type or property
2003-11-13 12:43:40,359 WARN  org.apache.commons.jelly.tags.ant.AntTag - Could not convert tag: a into an Ant task, data type or property
2003-11-13 12:43:40,359 WARN  org.apache.commons.jelly.tags.ant.AntTag - Could not convert tag: br into an Ant task, data type or property
2003-11-13 12:43:40,359 WARN  org.apache.commons.jelly.tags.ant.AntTag - Could not convert tag: a into an Ant task, data type or property
2003-11-13 12:43:40,359 WARN  org.apache.commons.jelly.tags.ant.AntTag - Could not convert tag: br into an Ant task, data type or property
2003-11-13 12:43:40,359 WARN  org.apache.commons.jelly.tags.ant.AntTag - Could not convert tag: subsection into an Ant task, data type or property
2003-11-13 12:43:40,359 WARN  org.apache.commons.jelly.tags.ant.AntTag - Could not convert tag: table into an Ant task, data type or property
2003-11-13 12:43:40,359 WARN  org.apache.commons.jelly.tags.ant.AntTag - Could not convert tag: tr into an Ant task, data type or property
2003-11-13 12:43:40,359 WARN  org.apache.commons.jelly.tags.ant.AntTag - Could not convert tag: th into an Ant task, data type or property
2003-11-13 12:43:40,359 WARN  org.apache.commons.jelly.tags.ant.AntTag - Could not convert tag: th into an Ant task, data type or property
2003-11-13 12:43:40,359 WARN  org.apache.commons.jelly.tags.ant.AntTag - Could not convert tag: th into an Ant task, data type or property
2003-11-13 12:43:40,359 WARN  org.apache.commons.jelly.tags.ant.AntTag - Could not convert tag: th into an Ant task, data type or property
2003-11-13 12:43:40,359 WARN  org.apache.commons.jelly.tags.ant.AntTag - Could not convert tag: th into an Ant task, data type or property
2003-11-13 12:43:40,359 WARN  org.apache.commons.jelly.tags.ant.AntTag - Could not convert tag: tr into an Ant task, data type or property
2003-11-13 12:43:40,359 WARN  org.apache.commons.jelly.tags.ant.AntTag - Could not convert tag: td into an Ant task, data type or property
2003-11-13 12:43:40,359 WARN  org.apache.commons.jelly.tags.ant.AntTag - Could not convert tag: td into an Ant task, data type or property
2003-11-13 12:43:40,359 WARN  org.apache.commons.jelly.tags.ant.AntTag - Could not convert tag: td into an Ant task, data type or property
2003-11-13 12:43:40,359 WARN  org.apache.commons.jelly.tags.ant.AntTag - Could not convert tag: td into an Ant task, data type or property
2003-11-13 12:43:40,359 WARN  org.apache.commons.jelly.tags.ant.AntTag - Could not convert tag: td into an Ant task, data type or property
2003-11-13 12:43:40,359 WARN  org.apache.commons.jelly.tags.ant.AntTag - Could not convert tag: table into an Ant task, data type or property
2003-11-13 12:43:40,359 WARN  org.apache.commons.jelly.tags.ant.AntTag - Could not convert tag: tr into an Ant task, data type or property
2003-11-13 12:43:40,359 WARN  org.apache.commons.jelly.tags.ant.AntTag - Could not convert tag: th into an Ant task, data type or property
2003-11-13 12:43:40,359 WARN  org.apache.commons.jelly.tags.ant.AntTag - Could not convert tag: th into an Ant task, data type or property
2003-11-13 12:43:40,359 WARN  org.apache.commons.jelly.tags.ant.AntTag - Could not convert tag: th into an Ant task, data type or property
2003-11-13 12:43:40,359 WARN  org.apache.commons.jelly.tags.ant.AntTag - Could not convert tag: th into an Ant task, data type or property
2003-11-13 12:43:40,359 WARN  org.apache.commons.jelly.tags.ant.AntTag - Could not convert tag: tr into an Ant task, data type or property
2003-11-13 12:43:40,359 WARN  org.apache.commons.jelly.tags.ant.AntTag - Could not convert tag: td into an Ant task, data type or property
2003-11-13 12:43:40,359 WARN  org.apache.commons.jelly.tags.ant.AntTag - Could not convert tag: a into an Ant task, data type or property
2003-11-13 12:43:40,359 WARN  org.apache.commons.jelly.tags.ant.AntTag - Could not convert tag: br into an Ant task, data type or property
2003-11-13 12:43:40,359 WARN  org.apache.commons.jelly.tags.ant.AntTag - Could not convert tag: td into an Ant task, data type or property
2003-11-13 12:43:40,375 WARN  org.apache.commons.jelly.tags.ant.AntTag - Could not convert tag: a into an Ant task, data type or property
2003-11-13 12:43:40,375 WARN  org.apache.commons.jelly.tags.ant.AntTag - Could not convert tag: br into an Ant task, data type or property
2003-11-13 12:43:40,375 WARN  org.apache.commons.jelly.tags.ant.AntTag - Could not convert tag: td into an Ant task, data type or property
2003-11-13 12:43:40,375 WARN  org.apache.commons.jelly.tags.ant.AntTag - Could not convert tag: td into an Ant task, data type or property
2003-11-13 12:43:40,375 WARN  org.apache.commons.jelly.tags.ant.AntTag - Could not convert tag: a into an Ant task, data type or property
2003-11-13 12:43:40,375 WARN  org.apache.commons.jelly.tags.ant.AntTag - Could not convert tag: br into an Ant task, data type or property
2003-11-13 12:43:40,375 WARN  org.apache.commons.jelly.tags.ant.AntTag - Could not convert tag: a into an Ant task, data type or property
2003-11-13 12:43:40,375 WARN  org.apache.commons.jelly.tags.ant.AntTag - Could not convert tag: br into an Ant task, data type or property
2003-11-13 12:43:40,375 WARN  org.apache.commons.jelly.tags.ant.AntTag - Could not convert tag: subsection into an Ant task, data type or property
2003-11-13 12:43:40,375 WARN  org.apache.commons.jelly.tags.ant.AntTag - Could not convert tag: table into an Ant task, data type or property
2003-11-13 12:43:40,375 WARN  org.apache.commons.jelly.tags.ant.AntTag - Could not convert tag: tr into an Ant task, data type or property
2003-11-13 12:43:40,375 WARN  org.apache.commons.jelly.tags.ant.AntTag - Could not convert tag: th into an Ant task, data type or property
2003-11-13 12:43:40,375 WARN  org.apache.commons.jelly.tags.ant.AntTag - Could not convert tag: th into an Ant task, data type or property
2003-11-13 12:43:40,375 WARN  org.apache.commons.jelly.tags.ant.AntTag - Could not convert tag: th into an Ant task, data type or property
2003-11-13 12:43:40,375 WARN  org.apache.commons.jelly.tags.ant.AntTag - Could not convert tag: th into an Ant task, data type or property
2003-11-13 12:43:40,375 WARN  org.apache.commons.jelly.tags.ant.AntTag - Could not convert tag: th into an Ant task, data type or property
2003-11-13 12:43:40,375 WARN  org.apache.commons.jelly.tags.ant.AntTag - Could not convert tag: tr into an Ant task, data type or property
2003-11-13 12:43:40,375 WARN  org.apache.commons.jelly.tags.ant.AntTag - Could not convert tag: td into an Ant task, data type or property
2003-11-13 12:43:40,375 WARN  org.apache.commons.jelly.tags.ant.AntTag - Could not convert tag: td into an Ant task, data type or property
2003-11-13 12:43:40,375 WARN  org.apache.commons.jelly.tags.ant.AntTag - Could not convert tag: td into an Ant task, data type or property
2003-11-13 12:43:40,375 WARN  org.apache.commons.jelly.tags.ant.AntTag - Could not convert tag: td into an Ant task, data type or property
2003-11-13 12:43:40,375 WARN  org.apache.commons.jelly.tags.ant.AntTag - Could not convert tag: td into an Ant task, data type or property
2003-11-13 12:43:40,375 WARN  org.apache.commons.jelly.tags.ant.AntTag - Could not convert tag: table into an Ant task, data type or property
2003-11-13 12:43:40,375 WARN  org.apache.commons.jelly.tags.ant.AntTag - Could not convert tag: tr into an Ant task, data type or property
2003-11-13 12:43:40,375 WARN  org.apache.commons.jelly.tags.ant.AntTag - Could not convert tag: th into an Ant task, data type or property
2003-11-13 12:43:40,375 WARN  org.apache.commons.jelly.tags.ant.AntTag - Could not convert tag: th into an Ant task, data type or property
2003-11-13 12:43:40,375 WARN  org.apache.commons.jelly.tags.ant.AntTag - Could not convert tag: th into an Ant task, data type or property
2003-11-13 12:43:40,375 WARN  org.apache.commons.jelly.tags.ant.AntTag - Could not convert tag: th into an Ant task, data type or property
2003-11-13 12:43:40,375 WARN  org.apache.commons.jelly.tags.ant.AntTag - Could not convert tag: tr into an Ant task, data type or property
2003-11-13 12:43:40,375 WARN  org.apache.commons.jelly.tags.ant.AntTag - Could not convert tag: td into an Ant task, data type or property
2003-11-13 12:43:40,375 WARN  org.apache.commons.jelly.tags.ant.AntTag - Could not convert tag: a into an Ant task, data type or property
2003-11-13 12:43:40,375 WARN  org.apache.commons.jelly.tags.ant.AntTag - Could not convert tag: br into an Ant task, data type or property
2003-11-13 12:43:40,375 WARN  org.apache.commons.jelly.tags.ant.AntTag - Could not convert tag: a into an Ant task, data type or property
2003-11-13 12:43:40,375 WARN  org.apache.commons.jelly.tags.ant.AntTag - Could not convert tag: br into an Ant task, data type or property
2003-11-13 12:43:40,375 WARN  org.apache.commons.jelly.tags.ant.AntTag - Could not convert tag: a into an Ant task, data type or property
2003-11-13 12:43:40,375 WARN  org.apache.commons.jelly.tags.ant.AntTag - Could not convert tag: br into an Ant task, data type or property
2003-11-13 12:43:40,375 WARN  org.apache.commons.jelly.tags.ant.AntTag - Could not convert tag: td into an Ant task, data type or property
2003-11-13 12:43:40,375 WARN  org.apache.commons.jelly.tags.ant.AntTag - Could not convert tag: a into an Ant task, data type or property
2003-11-13 12:43:40,375 WARN  org.apache.commons.jelly.tags.ant.AntTag - Could not convert tag: br into an Ant task, data type or property
2003-11-13 12:43:40,375 WARN  org.apache.commons.jelly.tags.ant.AntTag - Could not convert tag: a into an Ant task, data type or property
2003-11-13 12:43:40,375 WARN  org.apache.commons.jelly.tags.ant.AntTag - Could not convert tag: br into an Ant task, data type or property
2003-11-13 12:43:40,375 WARN  org.apache.commons.jelly.tags.ant.AntTag - Could not convert tag: a into an Ant task, data type or property
2003-11-13 12:43:40,375 WARN  org.apache.commons.jelly.tags.ant.AntTag - Could not convert tag: br into an Ant task, data type or property
2003-11-13 12:43:40,375 WARN  org.apache.commons.jelly.tags.ant.AntTag - Could not convert tag: a into an Ant task, data type or property
2003-11-13 12:43:40,375 WARN  org.apache.commons.jelly.tags.ant.AntTag - Could not convert tag: br into an Ant task, data type or property
2003-11-13 12:43:40,375 WARN  org.apache.commons.jelly.tags.ant.AntTag - Could not convert tag: a into an Ant task, data type or property
2003-11-13 12:43:40,375 WARN  org.apache.commons.jelly.tags.ant.AntTag - Could not convert tag: br into an Ant task, data type or property
2003-11-13 12:43:40,375 WARN  org.apache.commons.jelly.tags.ant.AntTag - Could not convert tag: a into an Ant task, data type or property
2003-11-13 12:43:40,375 WARN  org.apache.commons.jelly.tags.ant.AntTag - Could not convert tag: br into an Ant task, data type or property
2003-11-13 12:43:40,375 WARN  org.apache.commons.jelly.tags.ant.AntTag - Could not convert tag: a into an Ant task, data type or property
2003-11-13 12:43:40,375 WARN  org.apache.commons.jelly.tags.ant.AntTag - Could not convert tag: br into an Ant task, data type or property
2003-11-13 12:43:40,375 WARN  org.apache.commons.jelly.tags.ant.AntTag - Could not convert tag: a into an Ant task, data type or property
2003-11-13 12:43:40,375 WARN  org.apache.commons.jelly.tags.ant.AntTag - Could not convert tag: br into an Ant task, data type or property
2003-11-13 12:43:40,375 WARN  org.apache.commons.jelly.tags.ant.AntTag - Could not convert tag: a into an Ant task, data type or property
2003-11-13 12:43:40,375 WARN  org.apache.commons.jelly.tags.ant.AntTag - Could not convert tag: br into an Ant task, data type or property
2003-11-13 12:43:40,375 WARN  org.apache.commons.jelly.tags.ant.AntTag - Could not convert tag: a into an Ant task, data type or property
2003-11-13 12:43:40,375 WARN  org.apache.commons.jelly.tags.ant.AntTag - Could not convert tag: br into an Ant task, data type or property
2003-11-13 12:43:40,375 WARN  org.apache.commons.jelly.tags.ant.AntTag - Could not convert tag: a into an Ant task, data type or property
2003-11-13 12:43:40,390 WARN  org.apache.commons.jelly.tags.ant.AntTag - Could not convert tag: br into an Ant task, data type or property
2003-11-13 12:43:40,390 WARN  org.apache.commons.jelly.tags.ant.AntTag - Could not convert tag: a into an Ant task, data type or property
2003-11-13 12:43:40,390 WARN  org.apache.commons.jelly.tags.ant.AntTag - Could not convert tag: br into an Ant task, data type or property
2003-11-13 12:43:40,390 WARN  org.apache.commons.jelly.tags.ant.AntTag - Could not convert tag: a into an Ant task, data type or property
2003-11-13 12:43:40,390 WARN  org.apache.commons.jelly.tags.ant.AntTag - Could not convert tag: br into an Ant task, data type or property
2003-11-13 12:43:40,390 WARN  org.apache.commons.jelly.tags.ant.AntTag - Could not convert tag: a into an Ant task, data type or property
2003-11-13 12:43:40,390 WARN  org.apache.commons.jelly.tags.ant.AntTag - Could not convert tag: br into an Ant task, data type or property
2003-11-13 12:43:40,390 WARN  org.apache.commons.jelly.tags.ant.AntTag - Could not convert tag: a into an Ant task, data type or property
2003-11-13 12:43:40,390 WARN  org.apache.commons.jelly.tags.ant.AntTag - Could not convert tag: br into an Ant task, data type or property
2003-11-13 12:43:40,390 WARN  org.apache.commons.jelly.tags.ant.AntTag - Could not convert tag: a into an Ant task, data type or property
2003-11-13 12:43:40,390 WARN  org.apache.commons.jelly.tags.ant.AntTag - Could not convert tag: br into an Ant task, data type or property
2003-11-13 12:43:40,390 WARN  org.apache.commons.jelly.tags.ant.AntTag - Could not convert tag: a into an Ant task, data type or property
2003-11-13 12:43:40,390 WARN  org.apache.commons.jelly.tags.ant.AntTag - Could not convert tag: br into an Ant task, data type or property
2003-11-13 12:43:40,390 WARN  org.apache.commons.jelly.tags.ant.AntTag - Could not convert tag: a into an Ant task, data type or property
2003-11-13 12:43:40,390 WARN  org.apache.commons.jelly.tags.ant.AntTag - Could not convert tag: br into an Ant task, data type or property
2003-11-13 12:43:40,390 WARN  org.apache.commons.jelly.tags.ant.AntTag - Could not convert tag: a into an Ant task, data type or property
2003-11-13 12:43:40,390 WARN  org.apache.commons.jelly.tags.ant.AntTag - Could not convert tag: br into an Ant task, data type or property
2003-11-13 12:43:40,390 WARN  org.apache.commons.jelly.tags.ant.AntTag - Could not convert tag: a into an Ant task, data type or property
2003-11-13 12:43:40,390 WARN  org.apache.commons.jelly.tags.ant.AntTag - Could not convert tag: br into an Ant task, data type or property
2003-11-13 12:43:40,390 WARN  org.apache.commons.jelly.tags.ant.AntTag - Could not convert tag: a into an Ant task, data type or property
2003-11-13 12:43:40,390 WARN  org.apache.commons.jelly.tags.ant.AntTag - Could not convert tag: br into an Ant task, data type or property
2003-11-13 12:43:40,390 WARN  org.apache.commons.jelly.tags.ant.AntTag - Could not convert tag: a into an Ant task, data type or property
2003-11-13 12:43:40,390 WARN  org.apache.commons.jelly.tags.ant.AntTag - Could not convert tag: br into an Ant task, data type or property
2003-11-13 12:43:40,390 WARN  org.apache.commons.jelly.tags.ant.AntTag - Could not convert tag: a into an Ant task, data type or property
2003-11-13 12:43:40,390 WARN  org.apache.commons.jelly.tags.ant.AntTag - Could not convert tag: br into an Ant task, data type or property
2003-11-13 12:43:40,390 WARN  org.apache.commons.jelly.tags.ant.AntTag - Could not convert tag: a into an Ant task, data type or property
2003-11-13 12:43:40,390 WARN  org.apache.commons.jelly.tags.ant.AntTag - Could not convert tag: br into an Ant task, data type or property
2003-11-13 12:43:40,390 WARN  org.apache.commons.jelly.tags.ant.AntTag - Could not convert tag: a into an Ant task, data type or property
2003-11-13 12:43:40,390 WARN  org.apache.commons.jelly.tags.ant.AntTag - Could not convert tag: br into an Ant task, data type or property
2003-11-13 12:43:40,390 WARN  org.apache.commons.jelly.tags.ant.AntTag - Could not convert tag: a into an Ant task, data type or property
2003-11-13 12:43:40,390 WARN  org.apache.commons.jelly.tags.ant.AntTag - Could not convert tag: br into an Ant task, data type or property
2003-11-13 12:43:40,390 WARN  org.apache.commons.jelly.tags.ant.AntTag - Could not convert tag: a into an Ant task, data type or property
2003-11-13 12:43:40,390 WARN  org.apache.commons.jelly.tags.ant.AntTag - Could not convert tag: br into an Ant task, data type or property
2003-11-13 12:43:40,390 WARN  org.apache.commons.jelly.tags.ant.AntTag - Could not convert tag: a into an Ant task, data type or property
2003-11-13 12:43:40,390 WARN  org.apache.commons.jelly.tags.ant.AntTag - Could not convert tag: br into an Ant task, data type or property
2003-11-13 12:43:40,390 WARN  org.apache.commons.jelly.tags.ant.AntTag - Could not convert tag: a into an Ant task, data type or property
2003-11-13 12:43:40,390 WARN  org.apache.commons.jelly.tags.ant.AntTag - Could not convert tag: br into an Ant task, data type or property
2003-11-13 12:43:40,390 WARN  org.apache.commons.jelly.tags.ant.AntTag - Could not convert tag: a into an Ant task, data type or property
2003-11-13 12:43:40,390 WARN  org.apache.commons.jelly.tags.ant.AntTag - Could not convert tag: br into an Ant task, data type or property
2003-11-13 12:43:40,390 WARN  org.apache.commons.jelly.tags.ant.AntTag - Could not convert tag: td into an Ant task, data type or property
2003-11-13 12:43:40,390 WARN  org.apache.commons.jelly.tags.ant.AntTag - Could not convert tag: a into an Ant task, data type or property
2003-11-13 12:43:40,390 WARN  org.apache.commons.jelly.tags.ant.AntTag - Could not convert tag: br into an Ant task, data type or property
2003-11-13 12:43:40,390 WARN  org.apache.commons.jelly.tags.ant.AntTag - Could not convert tag: a into an Ant task, data type or property
2003-11-13 12:43:40,390 WARN  org.apache.commons.jelly.tags.ant.AntTag - Could not convert tag: br into an Ant task, data type or property
2003-11-13 12:43:40,390 WARN  org.apache.commons.jelly.tags.ant.AntTag - Could not convert tag: td into an Ant task, data type or property
2003-11-13 12:43:40,390 WARN  org.apache.commons.jelly.tags.ant.AntTag - Could not convert tag: a into an Ant task, data type or property
2003-11-13 12:43:40,390 WARN  org.apache.commons.jelly.tags.ant.AntTag - Could not convert tag: br into an Ant task, data type or property
2003-11-13 12:43:40,390 WARN  org.apache.commons.jelly.tags.ant.AntTag - Could not convert tag: a into an Ant task, data type or property
2003-11-13 12:43:40,390 WARN  org.apache.commons.jelly.tags.ant.AntTag - Could not convert tag: br into an Ant task, data type or property
2003-11-13 12:43:40,390 WARN  org.apache.commons.jelly.tags.ant.AntTag - Could not convert tag: a into an Ant task, data type or property
2003-11-13 12:43:40,390 WARN  org.apache.commons.jelly.tags.ant.AntTag - Could not convert tag: br into an Ant task, data type or property
2003-11-13 12:43:40,390 WARN  org.apache.commons.jelly.tags.ant.AntTag - Could not convert tag: a into an Ant task, data type or property
2003-11-13 12:43:40,390 WARN  org.apache.commons.jelly.tags.ant.AntTag - Could not convert tag: br into an Ant task, data type or property
2003-11-13 12:43:40,390 WARN  org.apache.commons.jelly.tags.ant.AntTag - Could not convert tag: a into an Ant task, data type or property
2003-11-13 12:43:40,390 WARN  org.apache.commons.jelly.tags.ant.AntTag - Could not convert tag: br into an Ant task, data type or property
2003-11-13 12:43:40,390 WARN  org.apache.commons.jelly.tags.ant.AntTag - Could not convert tag: subsection into an Ant task, data type or property
2003-11-13 12:43:40,390 WARN  org.apache.commons.jelly.tags.ant.AntTag - Could not convert tag: table into an Ant task, data type or property
2003-11-13 12:43:40,390 WARN  org.apache.commons.jelly.tags.ant.AntTag - Could not convert tag: tr into an Ant task, data type or property
2003-11-13 12:43:40,406 WARN  org.apache.commons.jelly.tags.ant.AntTag - Could not convert tag: th into an Ant task, data type or property
2003-11-13 12:43:40,406 WARN  org.apache.commons.jelly.tags.ant.AntTag - Could not convert tag: th into an Ant task, data type or property
2003-11-13 12:43:40,406 WARN  org.apache.commons.jelly.tags.ant.AntTag - Could not convert tag: th into an Ant task, data type or property
2003-11-13 12:43:40,406 WARN  org.apache.commons.jelly.tags.ant.AntTag - Could not convert tag: th into an Ant task, data type or property
2003-11-13 12:43:40,406 WARN  org.apache.commons.jelly.tags.ant.AntTag - Could not convert tag: th into an Ant task, data type or property
2003-11-13 12:43:40,406 WARN  org.apache.commons.jelly.tags.ant.AntTag - Could not convert tag: tr into an Ant task, data type or property
2003-11-13 12:43:40,406 WARN  org.apache.commons.jelly.tags.ant.AntTag - Could not convert tag: td into an Ant task, data type or property
2003-11-13 12:43:40,406 WARN  org.apache.commons.jelly.tags.ant.AntTag - Could not convert tag: td into an Ant task, data type or property
2003-11-13 12:43:40,406 WARN  org.apache.commons.jelly.tags.ant.AntTag - Could not convert tag: td into an Ant task, data type or property
2003-11-13 12:43:40,406 WARN  org.apache.commons.jelly.tags.ant.AntTag - Could not convert tag: td into an Ant task, data type or property
2003-11-13 12:43:40,406 WARN  org.apache.commons.jelly.tags.ant.AntTag - Could not convert tag: td into an Ant task, data type or property
2003-11-13 12:43:40,406 WARN  org.apache.commons.jelly.tags.ant.AntTag - Could not convert tag: table into an Ant task, data type or property
2003-11-13 12:43:40,406 WARN  org.apache.commons.jelly.tags.ant.AntTag - Could not convert tag: tr into an Ant task, data type or property
2003-11-13 12:43:40,406 WARN  org.apache.commons.jelly.tags.ant.AntTag - Could not convert tag: th into an Ant task, data type or property
2003-11-13 12:43:40,406 WARN  org.apache.commons.jelly.tags.ant.AntTag - Could not convert tag: th into an Ant task, data type or property
2003-11-13 12:43:40,406 WARN  org.apache.commons.jelly.tags.ant.AntTag - Could not convert tag: th into an Ant task, data type or property
2003-11-13 12:43:40,406 WARN  org.apache.commons.jelly.tags.ant.AntTag - Could not convert tag: th into an Ant task, data type or property
2003-11-13 12:43:40,406 WARN  org.apache.commons.jelly.tags.ant.AntTag - Could not convert tag: tr into an Ant task, data type or property
2003-11-13 12:43:40,406 WARN  org.apache.commons.jelly.tags.ant.AntTag - Could not convert tag: td into an Ant task, data type or property
2003-11-13 12:43:40,406 WARN  org.apache.commons.jelly.tags.ant.AntTag - Could not convert tag: a into an Ant task, data type or property
2003-11-13 12:43:40,406 WARN  org.apache.commons.jelly.tags.ant.AntTag - Could not convert tag: br into an Ant task, data type or property
2003-11-13 12:43:40,406 WARN  org.apache.commons.jelly.tags.ant.AntTag - Could not convert tag: a into an Ant task, data type or property
2003-11-13 12:43:40,406 WARN  org.apache.commons.jelly.tags.ant.AntTag - Could not convert tag: br into an Ant task, data type or property
2003-11-13 12:43:40,406 WARN  org.apache.commons.jelly.tags.ant.AntTag - Could not convert tag: a into an Ant task, data type or property
2003-11-13 12:43:40,406 WARN  org.apache.commons.jelly.tags.ant.AntTag - Could not convert tag: br into an Ant task, data type or property
2003-11-13 12:43:40,406 WARN  org.apache.commons.jelly.tags.ant.AntTag - Could not convert tag: a into an Ant task, data type or property
2003-11-13 12:43:40,406 WARN  org.apache.commons.jelly.tags.ant.AntTag - Could not convert tag: br into an Ant task, data type or property
2003-11-13 12:43:40,406 WARN  org.apache.commons.jelly.tags.ant.AntTag - Could not convert tag: a into an Ant task, data type or property
2003-11-13 12:43:40,406 WARN  org.apache.commons.jelly.tags.ant.AntTag - Could not convert tag: br into an Ant task, data type or property
2003-11-13 12:43:40,406 WARN  org.apache.commons.jelly.tags.ant.AntTag - Could not convert tag: a into an Ant task, data type or property
2003-11-13 12:43:40,406 WARN  org.apache.commons.jelly.tags.ant.AntTag - Could not convert tag: br into an Ant task, data type or property
2003-11-13 12:43:40,406 WARN  org.apache.commons.jelly.tags.ant.AntTag - Could not convert tag: a into an Ant task, data type or property
2003-11-13 12:43:40,406 WARN  org.apache.commons.jelly.tags.ant.AntTag - Could not convert tag: br into an Ant task, data type or property
2003-11-13 12:43:40,406 WARN  org.apache.commons.jelly.tags.ant.AntTag - Could not convert tag: td into an Ant task, data type or property
2003-11-13 12:43:40,406 WARN  org.apache.commons.jelly.tags.ant.AntTag - Could not convert tag: a into an Ant task, data type or property
2003-11-13 12:43:40,406 WARN  org.apache.commons.jelly.tags.ant.AntTag - Could not convert tag: br into an Ant task, data type or property
2003-11-13 12:43:40,406 WARN  org.apache.commons.jelly.tags.ant.AntTag - Could not convert tag: a into an Ant task, data type or property
2003-11-13 12:43:40,406 WARN  org.apache.commons.jelly.tags.ant.AntTag - Could not convert tag: br into an Ant task, data type or property
2003-11-13 12:43:40,406 WARN  org.apache.commons.jelly.tags.ant.AntTag - Could not convert tag: a into an Ant task, data type or property
2003-11-13 12:43:40,406 WARN  org.apache.commons.jelly.tags.ant.AntTag - Could not convert tag: br into an Ant task, data type or property
2003-11-13 12:43:40,406 WARN  org.apache.commons.jelly.tags.ant.AntTag - Could not convert tag: a into an Ant task, data type or property
2003-11-13 12:43:40,406 WARN  org.apache.commons.jelly.tags.ant.AntTag - Could not convert tag: br into an Ant task, data type or property
2003-11-13 12:43:40,406 WARN  org.apache.commons.jelly.tags.ant.AntTag - Could not convert tag: a into an Ant task, data type or property
2003-11-13 12:43:40,406 WARN  org.apache.commons.jelly.tags.ant.AntTag - Could not convert tag: br into an Ant task, data type or property
2003-11-13 12:43:40,406 WARN  org.apache.commons.jelly.tags.ant.AntTag - Could not convert tag: a into an Ant task, data type or property
2003-11-13 12:43:40,406 WARN  org.apache.commons.jelly.tags.ant.AntTag - Could not convert tag: br into an Ant task, data type or property
2003-11-13 12:43:40,406 WARN  org.apache.commons.jelly.tags.ant.AntTag - Could not convert tag: a into an Ant task, data type or property
2003-11-13 12:43:40,406 WARN  org.apache.commons.jelly.tags.ant.AntTag - Could not convert tag: br into an Ant task, data type or property
2003-11-13 12:43:40,406 WARN  org.apache.commons.jelly.tags.ant.AntTag - Could not convert tag: a into an Ant task, data type or property
2003-11-13 12:43:40,406 WARN  org.apache.commons.jelly.tags.ant.AntTag - Could not convert tag: br into an Ant task, data type or property
2003-11-13 12:43:40,406 WARN  org.apache.commons.jelly.tags.ant.AntTag - Could not convert tag: a into an Ant task, data type or property
2003-11-13 12:43:40,406 WARN  org.apache.commons.jelly.tags.ant.AntTag - Could not convert tag: br into an Ant task, data type or property
2003-11-13 12:43:40,406 WARN  org.apache.commons.jelly.tags.ant.AntTag - Could not convert tag: a into an Ant task, data type or property
2003-11-13 12:43:40,421 WARN  org.apache.commons.jelly.tags.ant.AntTag - Could not convert tag: br into an Ant task, data type or property
2003-11-13 12:43:40,421 WARN  org.apache.commons.jelly.tags.ant.AntTag - Could not convert tag: a into an Ant task, data type or property
2003-11-13 12:43:40,421 WARN  org.apache.commons.jelly.tags.ant.AntTag - Could not convert tag: br into an Ant task, data type or property
2003-11-13 12:43:40,421 WARN  org.apache.commons.jelly.tags.ant.AntTag - Could not convert tag: a into an Ant task, data type or property
2003-11-13 12:43:40,421 WARN  org.apache.commons.jelly.tags.ant.AntTag - Could not convert tag: br into an Ant task, data type or property
2003-11-13 12:43:40,421 WARN  org.apache.commons.jelly.tags.ant.AntTag - Could not convert tag: a into an Ant task, data type or property
2003-11-13 12:43:40,421 WARN  org.apache.commons.jelly.tags.ant.AntTag - Could not convert tag: br into an Ant task, data type or property
2003-11-13 12:43:40,421 WARN  org.apache.commons.jelly.tags.ant.AntTag - Could not convert tag: a into an Ant task, data type or property
2003-11-13 12:43:40,421 WARN  org.apache.commons.jelly.tags.ant.AntTag - Could not convert tag: br into an Ant task, data type or property
2003-11-13 12:43:40,421 WARN  org.apache.commons.jelly.tags.ant.AntTag - Could not convert tag: a into an Ant task, data type or property
2003-11-13 12:43:40,421 WARN  org.apache.commons.jelly.tags.ant.AntTag - Could not convert tag: br into an Ant task, data type or property
2003-11-13 12:43:40,421 WARN  org.apache.commons.jelly.tags.ant.AntTag - Could not convert tag: a into an Ant task, data type or property
2003-11-13 12:43:40,421 WARN  org.apache.commons.jelly.tags.ant.AntTag - Could not convert tag: br into an Ant task, data type or property
2003-11-13 12:43:40,421 WARN  org.apache.commons.jelly.tags.ant.AntTag - Could not convert tag: a into an Ant task, data type or property
2003-11-13 12:43:40,421 WARN  org.apache.commons.jelly.tags.ant.AntTag - Could not convert tag: br into an Ant task, data type or property
2003-11-13 12:43:40,421 WARN  org.apache.commons.jelly.tags.ant.AntTag - Could not convert tag: a into an Ant task, data type or property
2003-11-13 12:43:40,421 WARN  org.apache.commons.jelly.tags.ant.AntTag - Could not convert tag: br into an Ant task, data type or property
2003-11-13 12:43:40,421 WARN  org.apache.commons.jelly.tags.ant.AntTag - Could not convert tag: a into an Ant task, data type or property
2003-11-13 12:43:40,421 WARN  org.apache.commons.jelly.tags.ant.AntTag - Could not convert tag: br into an Ant task, data type or property
2003-11-13 12:43:40,421 WARN  org.apache.commons.jelly.tags.ant.AntTag - Could not convert tag: a into an Ant task, data type or property
2003-11-13 12:43:40,421 WARN  org.apache.commons.jelly.tags.ant.AntTag - Could not convert tag: br into an Ant task, data type or property
2003-11-13 12:43:40,421 WARN  org.apache.commons.jelly.tags.ant.AntTag - Could not convert tag: a into an Ant task, data type or property
2003-11-13 12:43:40,421 WARN  org.apache.commons.jelly.tags.ant.AntTag - Could not convert tag: br into an Ant task, data type or property
2003-11-13 12:43:40,421 WARN  org.apache.commons.jelly.tags.ant.AntTag - Could not convert tag: a into an Ant task, data type or property
2003-11-13 12:43:40,421 WARN  org.apache.commons.jelly.tags.ant.AntTag - Could not convert tag: br into an Ant task, data type or property
2003-11-13 12:43:40,421 WARN  org.apache.commons.jelly.tags.ant.AntTag - Could not convert tag: a into an Ant task, data type or property
2003-11-13 12:43:40,421 WARN  org.apache.commons.jelly.tags.ant.AntTag - Could not convert tag: br into an Ant task, data type or property
2003-11-13 12:43:40,421 WARN  org.apache.commons.jelly.tags.ant.AntTag - Could not convert tag: a into an Ant task, data type or property
2003-11-13 12:43:40,421 WARN  org.apache.commons.jelly.tags.ant.AntTag - Could not convert tag: br into an Ant task, data type or property
2003-11-13 12:43:40,421 WARN  org.apache.commons.jelly.tags.ant.AntTag - Could not convert tag: a into an Ant task, data type or property
2003-11-13 12:43:40,421 WARN  org.apache.commons.jelly.tags.ant.AntTag - Could not convert tag: br into an Ant task, data type or property
2003-11-13 12:43:40,421 WARN  org.apache.commons.jelly.tags.ant.AntTag - Could not convert tag: a into an Ant task, data type or property
2003-11-13 12:43:40,421 WARN  org.apache.commons.jelly.tags.ant.AntTag - Could not convert tag: br into an Ant task, data type or property
2003-11-13 12:43:40,421 WARN  org.apache.commons.jelly.tags.ant.AntTag - Could not convert tag: a into an Ant task, data type or property
2003-11-13 12:43:40,421 WARN  org.apache.commons.jelly.tags.ant.AntTag - Could not convert tag: br into an Ant task, data type or property
2003-11-13 12:43:40,421 WARN  org.apache.commons.jelly.tags.ant.AntTag - Could not convert tag: a into an Ant task, data type or property
2003-11-13 12:43:40,421 WARN  org.apache.commons.jelly.tags.ant.AntTag - Could not convert tag: br into an Ant task, data type or property
2003-11-13 12:43:40,421 WARN  org.apache.commons.jelly.tags.ant.AntTag - Could not convert tag: a into an Ant task, data type or property
2003-11-13 12:43:40,421 WARN  org.apache.commons.jelly.tags.ant.AntTag - Could not convert tag: br into an Ant task, data type or property
2003-11-13 12:43:40,421 WARN  org.apache.commons.jelly.tags.ant.AntTag - Could not convert tag: a into an Ant task, data type or property
2003-11-13 12:43:40,421 WARN  org.apache.commons.jelly.tags.ant.AntTag - Could not convert tag: br into an Ant task, data type or property
2003-11-13 12:43:40,421 WARN  org.apache.commons.jelly.tags.ant.AntTag - Could not convert tag: a into an Ant task, data type or property
2003-11-13 12:43:40,421 WARN  org.apache.commons.jelly.tags.ant.AntTag - Could not convert tag: br into an Ant task, data type or property
2003-11-13 12:43:40,421 WARN  org.apache.commons.jelly.tags.ant.AntTag - Could not convert tag: a into an Ant task, data type or property
2003-11-13 12:43:40,421 WARN  org.apache.commons.jelly.tags.ant.AntTag - Could not convert tag: br into an Ant task, data type or property
2003-11-13 12:43:40,421 WARN  org.apache.commons.jelly.tags.ant.AntTag - Could not convert tag: a into an Ant task, data type or property
2003-11-13 12:43:40,421 WARN  org.apache.commons.jelly.tags.ant.AntTag - Could not convert tag: br into an Ant task, data type or property
2003-11-13 12:43:40,421 WARN  org.apache.commons.jelly.tags.ant.AntTag - Could not convert tag: td into an Ant task, data type or property
2003-11-13 12:43:40,421 WARN  org.apache.commons.jelly.tags.ant.AntTag - Could not convert tag: a into an Ant task, data type or property
2003-11-13 12:43:40,421 WARN  org.apache.commons.jelly.tags.ant.AntTag - Could not convert tag: br into an Ant task, data type or property
2003-11-13 12:43:40,421 WARN  org.apache.commons.jelly.tags.ant.AntTag - Could not convert tag: a into an Ant task, data type or property
2003-11-13 12:43:40,421 WARN  org.apache.commons.jelly.tags.ant.AntTag - Could not convert tag: br into an Ant task, data type or property
2003-11-13 12:43:40,421 WARN  org.apache.commons.jelly.tags.ant.AntTag - Could not convert tag: a into an Ant task, data type or property
2003-11-13 12:43:40,421 WARN  org.apache.commons.jelly.tags.ant.AntTag - Could not convert tag: br into an Ant task, data type or property
2003-11-13 12:43:40,421 WARN  org.apache.commons.jelly.tags.ant.AntTag - Could not convert tag: a into an Ant task, data type or property
2003-11-13 12:43:40,421 WARN  org.apache.commons.jelly.tags.ant.AntTag - Could not convert tag: br into an Ant task, data type or property
2003-11-13 12:43:40,437 WARN  org.apache.commons.jelly.tags.ant.AntTag - Could not convert tag: a into an Ant task, data type or property
2003-11-13 12:43:40,437 WARN  org.apache.commons.jelly.tags.ant.AntTag - Could not convert tag: br into an Ant task, data type or property
2003-11-13 12:43:40,437 WARN  org.apache.commons.jelly.tags.ant.AntTag - Could not convert tag: a into an Ant task, data type or property
2003-11-13 12:43:40,437 WARN  org.apache.commons.jelly.tags.ant.AntTag - Could not convert tag: br into an Ant task, data type or property
2003-11-13 12:43:40,437 WARN  org.apache.commons.jelly.tags.ant.AntTag - Could not convert tag: a into an Ant task, data type or property
2003-11-13 12:43:40,437 WARN  org.apache.commons.jelly.tags.ant.AntTag - Could not convert tag: br into an Ant task, data type or property
2003-11-13 12:43:40,437 WARN  org.apache.commons.jelly.tags.ant.AntTag - Could not convert tag: a into an Ant task, data type or property
2003-11-13 12:43:40,437 WARN  org.apache.commons.jelly.tags.ant.AntTag - Could not convert tag: br into an Ant task, data type or property
2003-11-13 12:43:40,437 WARN  org.apache.commons.jelly.tags.ant.AntTag - Could not convert tag: a into an Ant task, data type or property
2003-11-13 12:43:40,437 WARN  org.apache.commons.jelly.tags.ant.AntTag - Could not convert tag: br into an Ant task, data type or property
2003-11-13 12:43:40,437 WARN  org.apache.commons.jelly.tags.ant.AntTag - Could not convert tag: a into an Ant task, data type or property
2003-11-13 12:43:40,437 WARN  org.apache.commons.jelly.tags.ant.AntTag - Could not convert tag: br into an Ant task, data type or property
2003-11-13 12:43:40,437 WARN  org.apache.commons.jelly.tags.ant.AntTag - Could not convert tag: a into an Ant task, data type or property
2003-11-13 12:43:40,437 WARN  org.apache.commons.jelly.tags.ant.AntTag - Could not convert tag: br into an Ant task, data type or property
2003-11-13 12:43:40,437 WARN  org.apache.commons.jelly.tags.ant.AntTag - Could not convert tag: a into an Ant task, data type or property
2003-11-13 12:43:40,437 WARN  org.apache.commons.jelly.tags.ant.AntTag - Could not convert tag: br into an Ant task, data type or property
2003-11-13 12:43:40,437 WARN  org.apache.commons.jelly.tags.ant.AntTag - Could not convert tag: a into an Ant task, data type or property
2003-11-13 12:43:40,437 WARN  org.apache.commons.jelly.tags.ant.AntTag - Could not convert tag: br into an Ant task, data type or property
2003-11-13 12:43:40,437 WARN  org.apache.commons.jelly.tags.ant.AntTag - Could not convert tag: a into an Ant task, data type or property
2003-11-13 12:43:40,437 WARN  org.apache.commons.jelly.tags.ant.AntTag - Could not convert tag: br into an Ant task, data type or property
2003-11-13 12:43:40,437 WARN  org.apache.commons.jelly.tags.ant.AntTag - Could not convert tag: a into an Ant task, data type or property
2003-11-13 12:43:40,437 WARN  org.apache.commons.jelly.tags.ant.AntTag - Could not convert tag: br into an Ant task, data type or property
2003-11-13 12:43:40,437 WARN  org.apache.commons.jelly.tags.ant.AntTag - Could not convert tag: a into an Ant task, data type or property
2003-11-13 12:43:40,437 WARN  org.apache.commons.jelly.tags.ant.AntTag - Could not convert tag: br into an Ant task, data type or property
2003-11-13 12:43:40,437 WARN  org.apache.commons.jelly.tags.ant.AntTag - Could not convert tag: a into an Ant task, data type or property
2003-11-13 12:43:40,437 WARN  org.apache.commons.jelly.tags.ant.AntTag - Could not convert tag: br into an Ant task, data type or property
2003-11-13 12:43:40,437 WARN  org.apache.commons.jelly.tags.ant.AntTag - Could not convert tag: a into an Ant task, data type or property
2003-11-13 12:43:40,437 WARN  org.apache.commons.jelly.tags.ant.AntTag - Could not convert tag: br into an Ant task, data type or property
2003-11-13 12:43:40,437 WARN  org.apache.commons.jelly.tags.ant.AntTag - Could not convert tag: a into an Ant task, data type or property
2003-11-13 12:43:40,437 WARN  org.apache.commons.jelly.tags.ant.AntTag - Could not convert tag: br into an Ant task, data type or property
2003-11-13 12:43:40,437 WARN  org.apache.commons.jelly.tags.ant.AntTag - Could not convert tag: a into an Ant task, data type or property
2003-11-13 12:43:40,437 WARN  org.apache.commons.jelly.tags.ant.AntTag - Could not convert tag: br into an Ant task, data type or property
2003-11-13 12:43:40,437 WARN  org.apache.commons.jelly.tags.ant.AntTag - Could not convert tag: a into an Ant task, data type or property
2003-11-13 12:43:40,437 WARN  org.apache.commons.jelly.tags.ant.AntTag - Could not convert tag: br into an Ant task, data type or property
2003-11-13 12:43:40,437 WARN  org.apache.commons.jelly.tags.ant.AntTag - Could not convert tag: a into an Ant task, data type or property
2003-11-13 12:43:40,437 WARN  org.apache.commons.jelly.tags.ant.AntTag - Could not convert tag: br into an Ant task, data type or property
2003-11-13 12:43:40,437 WARN  org.apache.commons.jelly.tags.ant.AntTag - Could not convert tag: a into an Ant task, data type or property
2003-11-13 12:43:40,437 WARN  org.apache.commons.jelly.tags.ant.AntTag - Could not convert tag: br into an Ant task, data type or property
2003-11-13 12:43:40,437 WARN  org.apache.commons.jelly.tags.ant.AntTag - Could not convert tag: a into an Ant task, data type or property
2003-11-13 12:43:40,437 WARN  org.apache.commons.jelly.tags.ant.AntTag - Could not convert tag: br into an Ant task, data type or property
2003-11-13 12:43:40,437 WARN  org.apache.commons.jelly.tags.ant.AntTag - Could not convert tag: a into an Ant task, data type or property
2003-11-13 12:43:40,437 WARN  org.apache.commons.jelly.tags.ant.AntTag - Could not convert tag: br into an Ant task, data type or property
2003-11-13 12:43:40,437 WARN  org.apache.commons.jelly.tags.ant.AntTag - Could not convert tag: a into an Ant task, data type or property
2003-11-13 12:43:40,437 WARN  org.apache.commons.jelly.tags.ant.AntTag - Could not convert tag: br into an Ant task, data type or property
2003-11-13 12:43:40,437 WARN  org.apache.commons.jelly.tags.ant.AntTag - Could not convert tag: a into an Ant task, data type or property
2003-11-13 12:43:40,437 WARN  org.apache.commons.jelly.tags.ant.AntTag - Could not convert tag: br into an Ant task, data type or property
2003-11-13 12:43:40,437 WARN  org.apache.commons.jelly.tags.ant.AntTag - Could not convert tag: a into an Ant task, data type or property
2003-11-13 12:43:40,437 WARN  org.apache.commons.jelly.tags.ant.AntTag - Could not convert tag: br into an Ant task, data type or property
2003-11-13 12:43:40,437 WARN  org.apache.commons.jelly.tags.ant.AntTag - Could not convert tag: td into an Ant task, data type or property
2003-11-13 12:43:40,437 WARN  org.apache.commons.jelly.tags.ant.AntTag - Could not convert tag: a into an Ant task, data type or property
2003-11-13 12:43:40,437 WARN  org.apache.commons.jelly.tags.ant.AntTag - Could not convert tag: br into an Ant task, data type or property
2003-11-13 12:43:40,437 WARN  org.apache.commons.jelly.tags.ant.AntTag - Could not convert tag: a into an Ant task, data type or property
2003-11-13 12:43:40,437 WARN  org.apache.commons.jelly.tags.ant.AntTag - Could not convert tag: br into an Ant task, data type or property
2003-11-13 12:43:40,437 WARN  org.apache.commons.jelly.tags.ant.AntTag - Could not convert tag: a into an Ant task, data type or property
2003-11-13 12:43:40,437 WARN  org.apache.commons.jelly.tags.ant.AntTag - Could not convert tag: br into an Ant task, data type or property
2003-11-13 12:43:40,437 WARN  org.apache.commons.jelly.tags.ant.AntTag - Could not convert tag: a into an Ant task, data type or property
2003-11-13 12:43:40,437 WARN  org.apache.commons.jelly.tags.ant.AntTag - Could not convert tag: br into an Ant task, data type or property
2003-11-13 12:43:40,437 WARN  org.apache.commons.jelly.tags.ant.AntTag - Could not convert tag: a into an Ant task, data type or property
2003-11-13 12:43:40,437 WARN  org.apache.commons.jelly.tags.ant.AntTag - Could not convert tag: br into an Ant task, data type or property
2003-11-13 12:43:40,437 WARN  org.apache.commons.jelly.tags.ant.AntTag - Could not convert tag: a into an Ant task, data type or property
2003-11-13 12:43:40,437 WARN  org.apache.commons.jelly.tags.ant.AntTag - Could not convert tag: br into an Ant task, data type or property
2003-11-13 12:43:40,437 WARN  org.apache.commons.jelly.tags.ant.AntTag - Could not convert tag: a into an Ant task, data type or property
2003-11-13 12:43:40,437 WARN  org.apache.commons.jelly.tags.ant.AntTag - Could not convert tag: br into an Ant task, data type or property
2003-11-13 12:43:40,437 WARN  org.apache.commons.jelly.tags.ant.AntTag - Could not convert tag: a into an Ant task, data type or property
2003-11-13 12:43:40,437 WARN  org.apache.commons.jelly.tags.ant.AntTag - Could not convert tag: br into an Ant task, data type or property
2003-11-13 12:43:40,437 WARN  org.apache.commons.jelly.tags.ant.AntTag - Could not convert tag: a into an Ant task, data type or property
2003-11-13 12:43:40,437 WARN  org.apache.commons.jelly.tags.ant.AntTag - Could not convert tag: br into an Ant task, data type or property
2003-11-13 12:43:40,437 WARN  org.apache.commons.jelly.tags.ant.AntTag - Could not convert tag: a into an Ant task, data type or property
2003-11-13 12:43:40,437 WARN  org.apache.commons.jelly.tags.ant.AntTag - Could not convert tag: br into an Ant task, data type or property
2003-11-13 12:43:40,437 WARN  org.apache.commons.jelly.tags.ant.AntTag - Could not convert tag: a into an Ant task, data type or property
2003-11-13 12:43:40,437 WARN  org.apache.commons.jelly.tags.ant.AntTag - Could not convert tag: br into an Ant task, data type or property
2003-11-13 12:43:40,437 WARN  org.apache.commons.jelly.tags.ant.AntTag - Could not convert tag: a into an Ant task, data type or property
2003-11-13 12:43:40,437 WARN  org.apache.commons.jelly.tags.ant.AntTag - Could not convert tag: br into an Ant task, data type or property
2003-11-13 12:43:40,437 WARN  org.apache.commons.jelly.tags.ant.AntTag - Could not convert tag: a into an Ant task, data type or property
2003-11-13 12:43:40,437 WARN  org.apache.commons.jelly.tags.ant.AntTag - Could not convert tag: br into an Ant task, data type or property
2003-11-13 12:43:40,437 WARN  org.apache.commons.jelly.tags.ant.AntTag - Could not convert tag: a into an Ant task, data type or property
2003-11-13 12:43:40,437 WARN  org.apache.commons.jelly.tags.ant.AntTag - Could not convert tag: br into an Ant task, data type or property
2003-11-13 12:43:40,437 WARN  org.apache.commons.jelly.tags.ant.AntTag - Could not convert tag: a into an Ant task, data type or property
2003-11-13 12:43:40,437 WARN  org.apache.commons.jelly.tags.ant.AntTag - Could not convert tag: br into an Ant task, data type or property
2003-11-13 12:43:40,437 WARN  org.apache.commons.jelly.tags.ant.AntTag - Could not convert tag: a into an Ant task, data type or property
2003-11-13 12:43:40,437 WARN  org.apache.commons.jelly.tags.ant.AntTag - Could not convert tag: br into an Ant task, data type or property
2003-11-13 12:43:40,437 WARN  org.apache.commons.jelly.tags.ant.AntTag - Could not convert tag: a into an Ant task, data type or property
2003-11-13 12:43:40,437 WARN  org.apache.commons.jelly.tags.ant.AntTag - Could not convert tag: br into an Ant task, data type or property
2003-11-13 12:43:40,437 WARN  org.apache.commons.jelly.tags.ant.AntTag - Could not convert tag: subsection into an Ant task, data type or property
2003-11-13 12:43:40,437 WARN  org.apache.commons.jelly.tags.ant.AntTag - Could not convert tag: table into an Ant task, data type or property
2003-11-13 12:43:40,437 WARN  org.apache.commons.jelly.tags.ant.AntTag - Could not convert tag: tr into an Ant task, data type or property
2003-11-13 12:43:40,437 WARN  org.apache.commons.jelly.tags.ant.AntTag - Could not convert tag: th into an Ant task, data type or property
2003-11-13 12:43:40,437 WARN  org.apache.commons.jelly.tags.ant.AntTag - Could not convert tag: th into an Ant task, data type or property
2003-11-13 12:43:40,437 WARN  org.apache.commons.jelly.tags.ant.AntTag - Could not convert tag: th into an Ant task, data type or property
2003-11-13 12:43:40,437 WARN  org.apache.commons.jelly.tags.ant.AntTag - Could not convert tag: th into an Ant task, data type or property
2003-11-13 12:43:40,437 WARN  org.apache.commons.jelly.tags.ant.AntTag - Could not convert tag: th into an Ant task, data type or property
2003-11-13 12:43:40,437 WARN  org.apache.commons.jelly.tags.ant.AntTag - Could not convert tag: tr into an Ant task, data type or property
2003-11-13 12:43:40,437 WARN  org.apache.commons.jelly.tags.ant.AntTag - Could not convert tag: td into an Ant task, data type or property
2003-11-13 12:43:40,437 WARN  org.apache.commons.jelly.tags.ant.AntTag - Could not convert tag: td into an Ant task, data type or property
2003-11-13 12:43:40,437 WARN  org.apache.commons.jelly.tags.ant.AntTag - Could not convert tag: td into an Ant task, data type or property
2003-11-13 12:43:40,437 WARN  org.apache.commons.jelly.tags.ant.AntTag - Could not convert tag: td into an Ant task, data type or property
2003-11-13 12:43:40,437 WARN  org.apache.commons.jelly.tags.ant.AntTag - Could not convert tag: td into an Ant task, data type or property
2003-11-13 12:43:40,437 WARN  org.apache.commons.jelly.tags.ant.AntTag - Could not convert tag: table into an Ant task, data type or property
2003-11-13 12:43:40,437 WARN  org.apache.commons.jelly.tags.ant.AntTag - Could not convert tag: tr into an Ant task, data type or property
2003-11-13 12:43:40,437 WARN  org.apache.commons.jelly.tags.ant.AntTag - Could not convert tag: th into an Ant task, data type or property
2003-11-13 12:43:40,437 WARN  org.apache.commons.jelly.tags.ant.AntTag - Could not convert tag: th into an Ant task, data type or property
2003-11-13 12:43:40,437 WARN  org.apache.commons.jelly.tags.ant.AntTag - Could not convert tag: th into an Ant task, data type or property
2003-11-13 12:43:40,437 WARN  org.apache.commons.jelly.tags.ant.AntTag - Could not convert tag: th into an Ant task, data type or property
2003-11-13 12:43:40,437 WARN  org.apache.commons.jelly.tags.ant.AntTag - Could not convert tag: tr into an Ant task, data type or property
2003-11-13 12:43:40,437 WARN  org.apache.commons.jelly.tags.ant.AntTag - Could not convert tag: td into an Ant task, data type or property
2003-11-13 12:43:40,453 WARN  org.apache.commons.jelly.tags.ant.AntTag - Could not convert tag: a into an Ant task, data type or property
2003-11-13 12:43:40,453 WARN  org.apache.commons.jelly.tags.ant.AntTag - Could not convert tag: br into an Ant task, data type or property
2003-11-13 12:43:40,453 WARN  org.apache.commons.jelly.tags.ant.AntTag - Could not convert tag: a into an Ant task, data type or property
2003-11-13 12:43:40,453 WARN  org.apache.commons.jelly.tags.ant.AntTag - Could not convert tag: br into an Ant task, data type or property
2003-11-13 12:43:40,453 WARN  org.apache.commons.jelly.tags.ant.AntTag - Could not convert tag: a into an Ant task, data type or property
2003-11-13 12:43:40,453 WARN  org.apache.commons.jelly.tags.ant.AntTag - Could not convert tag: br into an Ant task, data type or property
2003-11-13 12:43:40,453 WARN  org.apache.commons.jelly.tags.ant.AntTag - Could not convert tag: a into an Ant task, data type or property
2003-11-13 12:43:40,453 WARN  org.apache.commons.jelly.tags.ant.AntTag - Could not convert tag: br into an Ant task, data type or property
2003-11-13 12:43:40,453 WARN  org.apache.commons.jelly.tags.ant.AntTag - Could not convert tag: a into an Ant task, data type or property
2003-11-13 12:43:40,453 WARN  org.apache.commons.jelly.tags.ant.AntTag - Could not convert tag: br into an Ant task, data type or property
2003-11-13 12:43:40,453 WARN  org.apache.commons.jelly.tags.ant.AntTag - Could not convert tag: a into an Ant task, data type or property
2003-11-13 12:43:40,453 WARN  org.apache.commons.jelly.tags.ant.AntTag - Could not convert tag: br into an Ant task, data type or property
2003-11-13 12:43:40,453 WARN  org.apache.commons.jelly.tags.ant.AntTag - Could not convert tag: a into an Ant task, data type or property
2003-11-13 12:43:40,453 WARN  org.apache.commons.jelly.tags.ant.AntTag - Could not convert tag: br into an Ant task, data type or property
2003-11-13 12:43:40,453 WARN  org.apache.commons.jelly.tags.ant.AntTag - Could not convert tag: a into an Ant task, data type or property
2003-11-13 12:43:40,453 WARN  org.apache.commons.jelly.tags.ant.AntTag - Could not convert tag: br into an Ant task, data type or property
2003-11-13 12:43:40,453 WARN  org.apache.commons.jelly.tags.ant.AntTag - Could not convert tag: a into an Ant task, data type or property
2003-11-13 12:43:40,453 WARN  org.apache.commons.jelly.tags.ant.AntTag - Could not convert tag: br into an Ant task, data type or property
2003-11-13 12:43:40,453 WARN  org.apache.commons.jelly.tags.ant.AntTag - Could not convert tag: a into an Ant task, data type or property
2003-11-13 12:43:40,453 WARN  org.apache.commons.jelly.tags.ant.AntTag - Could not convert tag: br into an Ant task, data type or property
2003-11-13 12:43:40,453 WARN  org.apache.commons.jelly.tags.ant.AntTag - Could not convert tag: a into an Ant task, data type or property
2003-11-13 12:43:40,453 WARN  org.apache.commons.jelly.tags.ant.AntTag - Could not convert tag: br into an Ant task, data type or property
2003-11-13 12:43:40,453 WARN  org.apache.commons.jelly.tags.ant.AntTag - Could not convert tag: a into an Ant task, data type or property
2003-11-13 12:43:40,453 WARN  org.apache.commons.jelly.tags.ant.AntTag - Could not convert tag: br into an Ant task, data type or property
2003-11-13 12:43:40,453 WARN  org.apache.commons.jelly.tags.ant.AntTag - Could not convert tag: a into an Ant task, data type or property
2003-11-13 12:43:40,453 WARN  org.apache.commons.jelly.tags.ant.AntTag - Could not convert tag: br into an Ant task, data type or property
2003-11-13 12:43:40,453 WARN  org.apache.commons.jelly.tags.ant.AntTag - Could not convert tag: a into an Ant task, data type or property
2003-11-13 12:43:40,453 WARN  org.apache.commons.jelly.tags.ant.AntTag - Could not convert tag: br into an Ant task, data type or property
2003-11-13 12:43:40,453 WARN  org.apache.commons.jelly.tags.ant.AntTag - Could not convert tag: a into an Ant task, data type or property
2003-11-13 12:43:40,453 WARN  org.apache.commons.jelly.tags.ant.AntTag - Could not convert tag: br into an Ant task, data type or property
2003-11-13 12:43:40,453 WARN  org.apache.commons.jelly.tags.ant.AntTag - Could not convert tag: a into an Ant task, data type or property
2003-11-13 12:43:40,453 WARN  org.apache.commons.jelly.tags.ant.AntTag - Could not convert tag: br into an Ant task, data type or property
2003-11-13 12:43:40,453 WARN  org.apache.commons.jelly.tags.ant.AntTag - Could not convert tag: a into an Ant task, data type or property
2003-11-13 12:43:40,453 WARN  org.apache.commons.jelly.tags.ant.AntTag - Could not convert tag: br into an Ant task, data type or property
2003-11-13 12:43:40,453 WARN  org.apache.commons.jelly.tags.ant.AntTag - Could not convert tag: td into an Ant task, data type or property
2003-11-13 12:43:40,453 WARN  org.apache.commons.jelly.tags.ant.AntTag - Could not convert tag: a into an Ant task, data type or property
2003-11-13 12:43:40,453 WARN  org.apache.commons.jelly.tags.ant.AntTag - Could not convert tag: br into an Ant task, data type or property
2003-11-13 12:43:40,453 WARN  org.apache.commons.jelly.tags.ant.AntTag - Could not convert tag: a into an Ant task, data type or property
2003-11-13 12:43:40,453 WARN  org.apache.commons.jelly.tags.ant.AntTag - Could not convert tag: br into an Ant task, data type or property
2003-11-13 12:43:40,453 WARN  org.apache.commons.jelly.tags.ant.AntTag - Could not convert tag: a into an Ant task, data type or property
2003-11-13 12:43:40,453 WARN  org.apache.commons.jelly.tags.ant.AntTag - Could not convert tag: br into an Ant task, data type or property
2003-11-13 12:43:40,453 WARN  org.apache.commons.jelly.tags.ant.AntTag - Could not convert tag: a into an Ant task, data type or property
2003-11-13 12:43:40,453 WARN  org.apache.commons.jelly.tags.ant.AntTag - Could not convert tag: br into an Ant task, data type or property
2003-11-13 12:43:40,453 WARN  org.apache.commons.jelly.tags.ant.AntTag - Could not convert tag: a into an Ant task, data type or property
2003-11-13 12:43:40,453 WARN  org.apache.commons.jelly.tags.ant.AntTag - Could not convert tag: br into an Ant task, data type or property
2003-11-13 12:43:40,453 WARN  org.apache.commons.jelly.tags.ant.AntTag - Could not convert tag: a into an Ant task, data type or property
2003-11-13 12:43:40,453 WARN  org.apache.commons.jelly.tags.ant.AntTag - Could not convert tag: br into an Ant task, data type or property
2003-11-13 12:43:40,453 WARN  org.apache.commons.jelly.tags.ant.AntTag - Could not convert tag: a into an Ant task, data type or property
2003-11-13 12:43:40,453 WARN  org.apache.commons.jelly.tags.ant.AntTag - Could not convert tag: br into an Ant task, data type or property
2003-11-13 12:43:40,453 WARN  org.apache.commons.jelly.tags.ant.AntTag - Could not convert tag: a into an Ant task, data type or property
2003-11-13 12:43:40,453 WARN  org.apache.commons.jelly.tags.ant.AntTag - Could not convert tag: br into an Ant task, data type or property
2003-11-13 12:43:40,453 WARN  org.apache.commons.jelly.tags.ant.AntTag - Could not convert tag: a into an Ant task, data type or property
2003-11-13 12:43:40,468 WARN  org.apache.commons.jelly.tags.ant.AntTag - Could not convert tag: br into an Ant task, data type or property
2003-11-13 12:43:40,468 WARN  org.apache.commons.jelly.tags.ant.AntTag - Could not convert tag: a into an Ant task, data type or property
2003-11-13 12:43:40,468 WARN  org.apache.commons.jelly.tags.ant.AntTag - Could not convert tag: br into an Ant task, data type or property
2003-11-13 12:43:40,468 WARN  org.apache.commons.jelly.tags.ant.AntTag - Could not convert tag: a into an Ant task, data type or property
2003-11-13 12:43:40,468 WARN  org.apache.commons.jelly.tags.ant.AntTag - Could not convert tag: br into an Ant task, data type or property
2003-11-13 12:43:40,468 WARN  org.apache.commons.jelly.tags.ant.AntTag - Could not convert tag: a into an Ant task, data type or property
2003-11-13 12:43:40,468 WARN  org.apache.commons.jelly.tags.ant.AntTag - Could not convert tag: br into an Ant task, data type or property
2003-11-13 12:43:40,468 WARN  org.apache.commons.jelly.tags.ant.AntTag - Could not convert tag: a into an Ant task, data type or property
2003-11-13 12:43:40,468 WARN  org.apache.commons.jelly.tags.ant.AntTag - Could not convert tag: br into an Ant task, data type or property
2003-11-13 12:43:40,468 WARN  org.apache.commons.jelly.tags.ant.AntTag - Could not convert tag: a into an Ant task, data type or property
2003-11-13 12:43:40,468 WARN  org.apache.commons.jelly.tags.ant.AntTag - Could not convert tag: br into an Ant task, data type or property
2003-11-13 12:43:40,468 WARN  org.apache.commons.jelly.tags.ant.AntTag - Could not convert tag: a into an Ant task, data type or property
2003-11-13 12:43:40,468 WARN  org.apache.commons.jelly.tags.ant.AntTag - Could not convert tag: br into an Ant task, data type or property
2003-11-13 12:43:40,468 WARN  org.apache.commons.jelly.tags.ant.AntTag - Could not convert tag: a into an Ant task, data type or property
2003-11-13 12:43:40,468 WARN  org.apache.commons.jelly.tags.ant.AntTag - Could not convert tag: br into an Ant task, data type or property
2003-11-13 12:43:40,468 WARN  org.apache.commons.jelly.tags.ant.AntTag - Could not convert tag: a into an Ant task, data type or property
2003-11-13 12:43:40,468 WARN  org.apache.commons.jelly.tags.ant.AntTag - Could not convert tag: br into an Ant task, data type or property
2003-11-13 12:43:40,468 WARN  org.apache.commons.jelly.tags.ant.AntTag - Could not convert tag: a into an Ant task, data type or property
2003-11-13 12:43:40,468 WARN  org.apache.commons.jelly.tags.ant.AntTag - Could not convert tag: br into an Ant task, data type or property
2003-11-13 12:43:40,468 WARN  org.apache.commons.jelly.tags.ant.AntTag - Could not convert tag: a into an Ant task, data type or property
2003-11-13 12:43:40,468 WARN  org.apache.commons.jelly.tags.ant.AntTag - Could not convert tag: br into an Ant task, data type or property
2003-11-13 12:43:40,468 WARN  org.apache.commons.jelly.tags.ant.AntTag - Could not convert tag: a into an Ant task, data type or property
2003-11-13 12:43:40,468 WARN  org.apache.commons.jelly.tags.ant.AntTag - Could not convert tag: br into an Ant task, data type or property
2003-11-13 12:43:40,468 WARN  org.apache.commons.jelly.tags.ant.AntTag - Could not convert tag: a into an Ant task, data type or property
2003-11-13 12:43:40,468 WARN  org.apache.commons.jelly.tags.ant.AntTag - Could not convert tag: br into an Ant task, data type or property
2003-11-13 12:43:40,468 WARN  org.apache.commons.jelly.tags.ant.AntTag - Could not convert tag: a into an Ant task, data type or property
2003-11-13 12:43:40,468 WARN  org.apache.commons.jelly.tags.ant.AntTag - Could not convert tag: br into an Ant task, data type or property
2003-11-13 12:43:40,468 WARN  org.apache.commons.jelly.tags.ant.AntTag - Could not convert tag: a into an Ant task, data type or property
2003-11-13 12:43:40,468 WARN  org.apache.commons.jelly.tags.ant.AntTag - Could not convert tag: br into an Ant task, data type or property
2003-11-13 12:43:40,468 WARN  org.apache.commons.jelly.tags.ant.AntTag - Could not convert tag: a into an Ant task, data type or property
2003-11-13 12:43:40,468 WARN  org.apache.commons.jelly.tags.ant.AntTag - Could not convert tag: br into an Ant task, data type or property
2003-11-13 12:43:40,468 WARN  org.apache.commons.jelly.tags.ant.AntTag - Could not convert tag: a into an Ant task, data type or property
2003-11-13 12:43:40,468 WARN  org.apache.commons.jelly.tags.ant.AntTag - Could not convert tag: br into an Ant task, data type or property
2003-11-13 12:43:40,468 WARN  org.apache.commons.jelly.tags.ant.AntTag - Could not convert tag: a into an Ant task, data type or property
2003-11-13 12:43:40,468 WARN  org.apache.commons.jelly.tags.ant.AntTag - Could not convert tag: br into an Ant task, data type or property
2003-11-13 12:43:40,468 WARN  org.apache.commons.jelly.tags.ant.AntTag - Could not convert tag: a into an Ant task, data type or property
2003-11-13 12:43:40,468 WARN  org.apache.commons.jelly.tags.ant.AntTag - Could not convert tag: br into an Ant task, data type or property
2003-11-13 12:43:40,468 WARN  org.apache.commons.jelly.tags.ant.AntTag - Could not convert tag: a into an Ant task, data type or property
2003-11-13 12:43:40,468 WARN  org.apache.commons.jelly.tags.ant.AntTag - Could not convert tag: br into an Ant task, data type or property
2003-11-13 12:43:40,468 WARN  org.apache.commons.jelly.tags.ant.AntTag - Could not convert tag: a into an Ant task, data type or property
2003-11-13 12:43:40,468 WARN  org.apache.commons.jelly.tags.ant.AntTag - Could not convert tag: br into an Ant task, data type or property
2003-11-13 12:43:40,468 WARN  org.apache.commons.jelly.tags.ant.AntTag - Could not convert tag: a into an Ant task, data type or property
2003-11-13 12:43:40,468 WARN  org.apache.commons.jelly.tags.ant.AntTag - Could not convert tag: br into an Ant task, data type or property
2003-11-13 12:43:40,468 WARN  org.apache.commons.jelly.tags.ant.AntTag - Could not convert tag: a into an Ant task, data type or property
2003-11-13 12:43:40,468 WARN  org.apache.commons.jelly.tags.ant.AntTag - Could not convert tag: br into an Ant task, data type or property
2003-11-13 12:43:40,484 WARN  org.apache.commons.jelly.tags.ant.AntTag - Could not convert tag: a into an Ant task, data type or property
2003-11-13 12:43:40,484 WARN  org.apache.commons.jelly.tags.ant.AntTag - Could not convert tag: br into an Ant task, data type or property
2003-11-13 12:43:40,484 WARN  org.apache.commons.jelly.tags.ant.AntTag - Could not convert tag: a into an Ant task, data type or property
2003-11-13 12:43:40,484 WARN  org.apache.commons.jelly.tags.ant.AntTag - Could not convert tag: br into an Ant task, data type or property
2003-11-13 12:43:40,484 WARN  org.apache.commons.jelly.tags.ant.AntTag - Could not convert tag: td into an Ant task, data type or property
2003-11-13 12:43:40,484 WARN  org.apache.commons.jelly.tags.ant.AntTag - Could not convert tag: a into an Ant task, data type or property
2003-11-13 12:43:40,484 WARN  org.apache.commons.jelly.tags.ant.AntTag - Could not convert tag: br into an Ant task, data type or property
2003-11-13 12:43:40,484 WARN  org.apache.commons.jelly.tags.ant.AntTag - Could not convert tag: a into an Ant task, data type or property
2003-11-13 12:43:40,484 WARN  org.apache.commons.jelly.tags.ant.AntTag - Could not convert tag: br into an Ant task, data type or property
2003-11-13 12:43:40,484 WARN  org.apache.commons.jelly.tags.ant.AntTag - Could not convert tag: a into an Ant task, data type or property
2003-11-13 12:43:40,484 WARN  org.apache.commons.jelly.tags.ant.AntTag - Could not convert tag: br into an Ant task, data type or property
2003-11-13 12:43:40,484 WARN  org.apache.commons.jelly.tags.ant.AntTag - Could not convert tag: a into an Ant task, data type or property
2003-11-13 12:43:40,484 WARN  org.apache.commons.jelly.tags.ant.AntTag - Could not convert tag: br into an Ant task, data type or property
2003-11-13 12:43:40,484 WARN  org.apache.commons.jelly.tags.ant.AntTag - Could not convert tag: a into an Ant task, data type or property
2003-11-13 12:43:40,484 WARN  org.apache.commons.jelly.tags.ant.AntTag - Could not convert tag: br into an Ant task, data type or property
2003-11-13 12:43:40,484 WARN  org.apache.commons.jelly.tags.ant.AntTag - Could not convert tag: a into an Ant task, data type or property
2003-11-13 12:43:40,484 WARN  org.apache.commons.jelly.tags.ant.AntTag - Could not convert tag: br into an Ant task, data type or property
2003-11-13 12:43:40,484 WARN  org.apache.commons.jelly.tags.ant.AntTag - Could not convert tag: a into an Ant task, data type or property
2003-11-13 12:43:40,484 WARN  org.apache.commons.jelly.tags.ant.AntTag - Could not convert tag: br into an Ant task, data type or property
2003-11-13 12:43:40,484 WARN  org.apache.commons.jelly.tags.ant.AntTag - Could not convert tag: a into an Ant task, data type or property
2003-11-13 12:43:40,484 WARN  org.apache.commons.jelly.tags.ant.AntTag - Could not convert tag: br into an Ant task, data type or property
2003-11-13 12:43:40,484 WARN  org.apache.commons.jelly.tags.ant.AntTag - Could not convert tag: a into an Ant task, data type or property
2003-11-13 12:43:40,484 WARN  org.apache.commons.jelly.tags.ant.AntTag - Could not convert tag: br into an Ant task, data type or property
2003-11-13 12:43:40,484 WARN  org.apache.commons.jelly.tags.ant.AntTag - Could not convert tag: a into an Ant task, data type or property
2003-11-13 12:43:40,484 WARN  org.apache.commons.jelly.tags.ant.AntTag - Could not convert tag: br into an Ant task, data type or property
2003-11-13 12:43:40,484 WARN  org.apache.commons.jelly.tags.ant.AntTag - Could not convert tag: a into an Ant task, data type or property
2003-11-13 12:43:40,484 WARN  org.apache.commons.jelly.tags.ant.AntTag - Could not convert tag: br into an Ant task, data type or property
2003-11-13 12:43:40,484 WARN  org.apache.commons.jelly.tags.ant.AntTag - Could not convert tag: a into an Ant task, data type or property
2003-11-13 12:43:40,484 WARN  org.apache.commons.jelly.tags.ant.AntTag - Could not convert tag: br into an Ant task, data type or property
2003-11-13 12:43:40,484 WARN  org.apache.commons.jelly.tags.ant.AntTag - Could not convert tag: a into an Ant task, data type or property
2003-11-13 12:43:40,484 WARN  org.apache.commons.jelly.tags.ant.AntTag - Could not convert tag: br into an Ant task, data type or property
2003-11-13 12:43:40,484 WARN  org.apache.commons.jelly.tags.ant.AntTag - Could not convert tag: td into an Ant task, data type or property
2003-11-13 12:43:40,484 WARN  org.apache.commons.jelly.tags.ant.AntTag - Could not convert tag: a into an Ant task, data type or property
2003-11-13 12:43:40,484 WARN  org.apache.commons.jelly.tags.ant.AntTag - Could not convert tag: br into an Ant task, data type or property
2003-11-13 12:43:40,484 WARN  org.apache.commons.jelly.tags.ant.AntTag - Could not convert tag: a into an Ant task, data type or property
2003-11-13 12:43:40,484 WARN  org.apache.commons.jelly.tags.ant.AntTag - Could not convert tag: br into an Ant task, data type or property
2003-11-13 12:43:40,484 WARN  org.apache.commons.jelly.tags.ant.AntTag - Could not convert tag: a into an Ant task, data type or property
2003-11-13 12:43:40,484 WARN  org.apache.commons.jelly.tags.ant.AntTag - Could not convert tag: br into an Ant task, data type or property
2003-11-13 12:43:40,484 WARN  org.apache.commons.jelly.tags.ant.AntTag - Could not convert tag: a into an Ant task, data type or property
2003-11-13 12:43:40,484 WARN  org.apache.commons.jelly.tags.ant.AntTag - Could not convert tag: br into an Ant task, data type or property
2003-11-13 12:43:40,484 WARN  org.apache.commons.jelly.tags.ant.AntTag - Could not convert tag: a into an Ant task, data type or property
2003-11-13 12:43:40,484 WARN  org.apache.commons.jelly.tags.ant.AntTag - Could not convert tag: br into an Ant task, data type or property
2003-11-13 12:43:40,484 WARN  org.apache.commons.jelly.tags.ant.AntTag - Could not convert tag: a into an Ant task, data type or property
2003-11-13 12:43:40,484 WARN  org.apache.commons.jelly.tags.ant.AntTag - Could not convert tag: br into an Ant task, data type or property
2003-11-13 12:43:40,484 WARN  org.apache.commons.jelly.tags.ant.AntTag - Could not convert tag: a into an Ant task, data type or property
2003-11-13 12:43:40,484 WARN  org.apache.commons.jelly.tags.ant.AntTag - Could not convert tag: br into an Ant task, data type or property
2003-11-13 12:43:40,484 WARN  org.apache.commons.jelly.tags.ant.AntTag - Could not convert tag: a into an Ant task, data type or property
2003-11-13 12:43:40,484 WARN  org.apache.commons.jelly.tags.ant.AntTag - Could not convert tag: br into an Ant task, data type or property
2003-11-13 12:43:40,484 WARN  org.apache.commons.jelly.tags.ant.AntTag - Could not convert tag: subsection into an Ant task, data type or property
2003-11-13 12:43:40,484 WARN  org.apache.commons.jelly.tags.ant.AntTag - Could not convert tag: table into an Ant task, data type or property
2003-11-13 12:43:40,484 WARN  org.apache.commons.jelly.tags.ant.AntTag - Could not convert tag: tr into an Ant task, data type or property
2003-11-13 12:43:40,484 WARN  org.apache.commons.jelly.tags.ant.AntTag - Could not convert tag: th into an Ant task, data type or property
2003-11-13 12:43:40,484 WARN  org.apache.commons.jelly.tags.ant.AntTag - Could not convert tag: th into an Ant task, data type or property
2003-11-13 12:43:40,484 WARN  org.apache.commons.jelly.tags.ant.AntTag - Could not convert tag: th into an Ant task, data type or property
2003-11-13 12:43:40,484 WARN  org.apache.commons.jelly.tags.ant.AntTag - Could not convert tag: th into an Ant task, data type or property
2003-11-13 12:43:40,484 WARN  org.apache.commons.jelly.tags.ant.AntTag - Could not convert tag: th into an Ant task, data type or property
2003-11-13 12:43:40,484 WARN  org.apache.commons.jelly.tags.ant.AntTag - Could not convert tag: tr into an Ant task, data type or property
2003-11-13 12:43:40,484 WARN  org.apache.commons.jelly.tags.ant.AntTag - Could not convert tag: td into an Ant task, data type or property
2003-11-13 12:43:40,484 WARN  org.apache.commons.jelly.tags.ant.AntTag - Could not convert tag: td into an Ant task, data type or property
2003-11-13 12:43:40,484 WARN  org.apache.commons.jelly.tags.ant.AntTag - Could not convert tag: td into an Ant task, data type or property
2003-11-13 12:43:40,484 WARN  org.apache.commons.jelly.tags.ant.AntTag - Could not convert tag: td into an Ant task, data type or property
2003-11-13 12:43:40,484 WARN  org.apache.commons.jelly.tags.ant.AntTag - Could not convert tag: td into an Ant task, data type or property
2003-11-13 12:43:40,484 WARN  org.apache.commons.jelly.tags.ant.AntTag - Could not convert tag: table into an Ant task, data type or property
2003-11-13 12:43:40,484 WARN  org.apache.commons.jelly.tags.ant.AntTag - Could not convert tag: tr into an Ant task, data type or property
2003-11-13 12:43:40,484 WARN  org.apache.commons.jelly.tags.ant.AntTag - Could not convert tag: th into an Ant task, data type or property
2003-11-13 12:43:40,484 WARN  org.apache.commons.jelly.tags.ant.AntTag - Could not convert tag: th into an Ant task, data type or property
2003-11-13 12:43:40,484 WARN  org.apache.commons.jelly.tags.ant.AntTag - Could not convert tag: th into an Ant task, data type or property
2003-11-13 12:43:40,484 WARN  org.apache.commons.jelly.tags.ant.AntTag - Could not convert tag: th into an Ant task, data type or property
2003-11-13 12:43:40,484 WARN  org.apache.commons.jelly.tags.ant.AntTag - Could not convert tag: tr into an Ant task, data type or property
2003-11-13 12:43:40,484 WARN  org.apache.commons.jelly.tags.ant.AntTag - Could not convert tag: td into an Ant task, data type or property
2003-11-13 12:43:40,484 WARN  org.apache.commons.jelly.tags.ant.AntTag - Could not convert tag: a into an Ant task, data type or property
2003-11-13 12:43:40,484 WARN  org.apache.commons.jelly.tags.ant.AntTag - Could not convert tag: br into an Ant task, data type or property
2003-11-13 12:43:40,484 WARN  org.apache.commons.jelly.tags.ant.AntTag - Could not convert tag: td into an Ant task, data type or property
2003-11-13 12:43:40,484 WARN  org.apache.commons.jelly.tags.ant.AntTag - Could not convert tag: a into an Ant task, data type or property
2003-11-13 12:43:40,484 WARN  org.apache.commons.jelly.tags.ant.AntTag - Could not convert tag: br into an Ant task, data type or property
2003-11-13 12:43:40,484 WARN  org.apache.commons.jelly.tags.ant.AntTag - Could not convert tag: a into an Ant task, data type or property
2003-11-13 12:43:40,484 WARN  org.apache.commons.jelly.tags.ant.AntTag - Could not convert tag: br into an Ant task, data type or property
2003-11-13 12:43:40,484 WARN  org.apache.commons.jelly.tags.ant.AntTag - Could not convert tag: a into an Ant task, data type or property
2003-11-13 12:43:40,484 WARN  org.apache.commons.jelly.tags.ant.AntTag - Could not convert tag: br into an Ant task, data type or property
2003-11-13 12:43:40,500 WARN  org.apache.commons.jelly.tags.ant.AntTag - Could not convert tag: a into an Ant task, data type or property
2003-11-13 12:43:40,500 WARN  org.apache.commons.jelly.tags.ant.AntTag - Could not convert tag: br into an Ant task, data type or property
2003-11-13 12:43:40,500 WARN  org.apache.commons.jelly.tags.ant.AntTag - Could not convert tag: a into an Ant task, data type or property
2003-11-13 12:43:40,500 WARN  org.apache.commons.jelly.tags.ant.AntTag - Could not convert tag: br into an Ant task, data type or property
2003-11-13 12:43:40,500 WARN  org.apache.commons.jelly.tags.ant.AntTag - Could not convert tag: td into an Ant task, data type or property
2003-11-13 12:43:40,500 WARN  org.apache.commons.jelly.tags.ant.AntTag - Could not convert tag: a into an Ant task, data type or property
2003-11-13 12:43:40,500 WARN  org.apache.commons.jelly.tags.ant.AntTag - Could not convert tag: br into an Ant task, data type or property
2003-11-13 12:43:40,500 WARN  org.apache.commons.jelly.tags.ant.AntTag - Could not convert tag: a into an Ant task, data type or property
2003-11-13 12:43:40,500 WARN  org.apache.commons.jelly.tags.ant.AntTag - Could not convert tag: br into an Ant task, data type or property
2003-11-13 12:43:40,500 WARN  org.apache.commons.jelly.tags.ant.AntTag - Could not convert tag: a into an Ant task, data type or property
2003-11-13 12:43:40,500 WARN  org.apache.commons.jelly.tags.ant.AntTag - Could not convert tag: br into an Ant task, data type or property
2003-11-13 12:43:40,500 WARN  org.apache.commons.jelly.tags.ant.AntTag - Could not convert tag: a into an Ant task, data type or property
2003-11-13 12:43:40,500 WARN  org.apache.commons.jelly.tags.ant.AntTag - Could not convert tag: br into an Ant task, data type or property
2003-11-13 12:43:40,500 WARN  org.apache.commons.jelly.tags.ant.AntTag - Could not convert tag: a into an Ant task, data type or property
2003-11-13 12:43:40,500 WARN  org.apache.commons.jelly.tags.ant.AntTag - Could not convert tag: br into an Ant task, data type or property
2003-11-13 12:43:40,500 WARN  org.apache.commons.jelly.tags.ant.AntTag - Could not convert tag: td into an Ant task, data type or property
2003-11-13 12:43:40,500 WARN  org.apache.commons.jelly.tags.ant.AntTag - Could not convert tag: a into an Ant task, data type or property
2003-11-13 12:43:40,500 WARN  org.apache.commons.jelly.tags.ant.AntTag - Could not convert tag: br into an Ant task, data type or property
2003-11-13 12:43:40,500 WARN  org.apache.commons.jelly.tags.ant.AntTag - Could not convert tag: a into an Ant task, data type or property
2003-11-13 12:43:40,500 WARN  org.apache.commons.jelly.tags.ant.AntTag - Could not convert tag: br into an Ant task, data type or property
2003-11-13 12:43:40,500 WARN  org.apache.commons.jelly.tags.ant.AntTag - Could not convert tag: a into an Ant task, data type or property
2003-11-13 12:43:40,500 WARN  org.apache.commons.jelly.tags.ant.AntTag - Could not convert tag: br into an Ant task, data type or property
2003-11-13 12:43:40,500 WARN  org.apache.commons.jelly.tags.ant.AntTag - Could not convert tag: a into an Ant task, data type or property
2003-11-13 12:43:40,500 WARN  org.apache.commons.jelly.tags.ant.AntTag - Could not convert tag: br into an Ant task, data type or property
2003-11-13 12:43:40,500 WARN  org.apache.commons.jelly.tags.ant.AntTag - Could not convert tag: a into an Ant task, data type or property
2003-11-13 12:43:40,500 WARN  org.apache.commons.jelly.tags.ant.AntTag - Could not convert tag: br into an Ant task, data type or property
2003-11-13 12:43:40,500 WARN  org.apache.commons.jelly.tags.ant.AntTag - Could not convert tag: a into an Ant task, data type or property
2003-11-13 12:43:40,500 WARN  org.apache.commons.jelly.tags.ant.AntTag - Could not convert tag: br into an Ant task, data type or property
2003-11-13 12:43:40,500 WARN  org.apache.commons.jelly.tags.ant.AntTag - Could not convert tag: a into an Ant task, data type or property
2003-11-13 12:43:40,500 WARN  org.apache.commons.jelly.tags.ant.AntTag - Could not convert tag: br into an Ant task, data type or property
2003-11-13 12:43:40,500 WARN  org.apache.commons.jelly.tags.ant.AntTag - Could not convert tag: a into an Ant task, data type or property
2003-11-13 12:43:40,500 WARN  org.apache.commons.jelly.tags.ant.AntTag - Could not convert tag: br into an Ant task, data type or property
2003-11-13 12:43:40,500 WARN  org.apache.commons.jelly.tags.ant.AntTag - Could not convert tag: a into an Ant task, data type or property
2003-11-13 12:43:40,500 WARN  org.apache.commons.jelly.tags.ant.AntTag - Could not convert tag: br into an Ant task, data type or property
2003-11-13 12:43:40,500 WARN  org.apache.commons.jelly.tags.ant.AntTag - Could not convert tag: a into an Ant task, data type or property
2003-11-13 12:43:40,500 WARN  org.apache.commons.jelly.tags.ant.AntTag - Could not convert tag: br into an Ant task, data type or property
2003-11-13 12:43:40,500 WARN  org.apache.commons.jelly.tags.ant.AntTag - Could not convert tag: a into an Ant task, data type or property
2003-11-13 12:43:40,500 WARN  org.apache.commons.jelly.tags.ant.AntTag - Could not convert tag: br into an Ant task, data type or property
2003-11-13 12:43:40,500 WARN  org.apache.commons.jelly.tags.ant.AntTag - Could not convert tag: subsection into an Ant task, data type or property
2003-11-13 12:43:40,500 WARN  org.apache.commons.jelly.tags.ant.AntTag - Could not convert tag: table into an Ant task, data type or property
2003-11-13 12:43:40,500 WARN  org.apache.commons.jelly.tags.ant.AntTag - Could not convert tag: tr into an Ant task, data type or property
2003-11-13 12:43:40,500 WARN  org.apache.commons.jelly.tags.ant.AntTag - Could not convert tag: th into an Ant task, data type or property
2003-11-13 12:43:40,500 WARN  org.apache.commons.jelly.tags.ant.AntTag - Could not convert tag: th into an Ant task, data type or property
2003-11-13 12:43:40,500 WARN  org.apache.commons.jelly.tags.ant.AntTag - Could not convert tag: th into an Ant task, data type or property
2003-11-13 12:43:40,500 WARN  org.apache.commons.jelly.tags.ant.AntTag - Could not convert tag: th into an Ant task, data type or property
2003-11-13 12:43:40,500 WARN  org.apache.commons.jelly.tags.ant.AntTag - Could not convert tag: th into an Ant task, data type or property
2003-11-13 12:43:40,500 WARN  org.apache.commons.jelly.tags.ant.AntTag - Could not convert tag: tr into an Ant task, data type or property
2003-11-13 12:43:40,500 WARN  org.apache.commons.jelly.tags.ant.AntTag - Could not convert tag: td into an Ant task, data type or property
2003-11-13 12:43:40,500 WARN  org.apache.commons.jelly.tags.ant.AntTag - Could not convert tag: td into an Ant task, data type or property
2003-11-13 12:43:40,500 WARN  org.apache.commons.jelly.tags.ant.AntTag - Could not convert tag: td into an Ant task, data type or property
2003-11-13 12:43:40,500 WARN  org.apache.commons.jelly.tags.ant.AntTag - Could not convert tag: td into an Ant task, data type or property
2003-11-13 12:43:40,500 WARN  org.apache.commons.jelly.tags.ant.AntTag - Could not convert tag: td into an Ant task, data type or property
2003-11-13 12:43:40,500 WARN  org.apache.commons.jelly.tags.ant.AntTag - Could not convert tag: table into an Ant task, data type or property
2003-11-13 12:43:40,500 WARN  org.apache.commons.jelly.tags.ant.AntTag - Could not convert tag: tr into an Ant task, data type or property
2003-11-13 12:43:40,500 WARN  org.apache.commons.jelly.tags.ant.AntTag - Could not convert tag: th into an Ant task, data type or property
2003-11-13 12:43:40,500 WARN  org.apache.commons.jelly.tags.ant.AntTag - Could not convert tag: th into an Ant task, data type or property
2003-11-13 12:43:40,500 WARN  org.apache.commons.jelly.tags.ant.AntTag - Could not convert tag: th into an Ant task, data type or property
2003-11-13 12:43:40,500 WARN  org.apache.commons.jelly.tags.ant.AntTag - Could not convert tag: th into an Ant task, data type or property
2003-11-13 12:43:40,500 WARN  org.apache.commons.jelly.tags.ant.AntTag - Could not convert tag: tr into an Ant task, data type or property
2003-11-13 12:43:40,500 WARN  org.apache.commons.jelly.tags.ant.AntTag - Could not convert tag: td into an Ant task, data type or property
2003-11-13 12:43:40,500 WARN  org.apache.commons.jelly.tags.ant.AntTag - Could not convert tag: td into an Ant task, data type or property
2003-11-13 12:43:40,500 WARN  org.apache.commons.jelly.tags.ant.AntTag - Could not convert tag: a into an Ant task, data type or property
2003-11-13 12:43:40,500 WARN  org.apache.commons.jelly.tags.ant.AntTag - Could not convert tag: br into an Ant task, data type or property
2003-11-13 12:43:40,500 WARN  org.apache.commons.jelly.tags.ant.AntTag - Could not convert tag: a into an Ant task, data type or property
2003-11-13 12:43:40,500 WARN  org.apache.commons.jelly.tags.ant.AntTag - Could not convert tag: br into an Ant task, data type or property
2003-11-13 12:43:40,500 WARN  org.apache.commons.jelly.tags.ant.AntTag - Could not convert tag: a into an Ant task, data type or property
2003-11-13 12:43:40,500 WARN  org.apache.commons.jelly.tags.ant.AntTag - Could not convert tag: br into an Ant task, data type or property
2003-11-13 12:43:40,500 WARN  org.apache.commons.jelly.tags.ant.AntTag - Could not convert tag: a into an Ant task, data type or property
2003-11-13 12:43:40,500 WARN  org.apache.commons.jelly.tags.ant.AntTag - Could not convert tag: br into an Ant task, data type or property
2003-11-13 12:43:40,500 WARN  org.apache.commons.jelly.tags.ant.AntTag - Could not convert tag: a into an Ant task, data type or property
2003-11-13 12:43:40,500 WARN  org.apache.commons.jelly.tags.ant.AntTag - Could not convert tag: br into an Ant task, data type or property
2003-11-13 12:43:40,500 WARN  org.apache.commons.jelly.tags.ant.AntTag - Could not convert tag: a into an Ant task, data type or property
2003-11-13 12:43:40,500 WARN  org.apache.commons.jelly.tags.ant.AntTag - Could not convert tag: br into an Ant task, data type or property
2003-11-13 12:43:40,500 WARN  org.apache.commons.jelly.tags.ant.AntTag - Could not convert tag: a into an Ant task, data type or property
2003-11-13 12:43:40,500 WARN  org.apache.commons.jelly.tags.ant.AntTag - Could not convert tag: br into an Ant task, data type or property
2003-11-13 12:43:40,515 WARN  org.apache.commons.jelly.tags.ant.AntTag - Could not convert tag: a into an Ant task, data type or property
2003-11-13 12:43:40,515 WARN  org.apache.commons.jelly.tags.ant.AntTag - Could not convert tag: br into an Ant task, data type or property
2003-11-13 12:43:40,515 WARN  org.apache.commons.jelly.tags.ant.AntTag - Could not convert tag: a into an Ant task, data type or property
2003-11-13 12:43:40,515 WARN  org.apache.commons.jelly.tags.ant.AntTag - Could not convert tag: br into an Ant task, data type or property
2003-11-13 12:43:40,515 WARN  org.apache.commons.jelly.tags.ant.AntTag - Could not convert tag: a into an Ant task, data type or property
2003-11-13 12:43:40,515 WARN  org.apache.commons.jelly.tags.ant.AntTag - Could not convert tag: br into an Ant task, data type or property
2003-11-13 12:43:40,515 WARN  org.apache.commons.jelly.tags.ant.AntTag - Could not convert tag: a into an Ant task, data type or property
2003-11-13 12:43:40,515 WARN  org.apache.commons.jelly.tags.ant.AntTag - Could not convert tag: br into an Ant task, data type or property
2003-11-13 12:43:40,515 WARN  org.apache.commons.jelly.tags.ant.AntTag - Could not convert tag: a into an Ant task, data type or property
2003-11-13 12:43:40,515 WARN  org.apache.commons.jelly.tags.ant.AntTag - Could not convert tag: br into an Ant task, data type or property
2003-11-13 12:43:40,515 WARN  org.apache.commons.jelly.tags.ant.AntTag - Could not convert tag: a into an Ant task, data type or property
2003-11-13 12:43:40,515 WARN  org.apache.commons.jelly.tags.ant.AntTag - Could not convert tag: br into an Ant task, data type or property
2003-11-13 12:43:40,515 WARN  org.apache.commons.jelly.tags.ant.AntTag - Could not convert tag: a into an Ant task, data type or property
2003-11-13 12:43:40,515 WARN  org.apache.commons.jelly.tags.ant.AntTag - Could not convert tag: br into an Ant task, data type or property
2003-11-13 12:43:40,515 WARN  org.apache.commons.jelly.tags.ant.AntTag - Could not convert tag: a into an Ant task, data type or property
2003-11-13 12:43:40,515 WARN  org.apache.commons.jelly.tags.ant.AntTag - Could not convert tag: br into an Ant task, data type or property
2003-11-13 12:43:40,515 WARN  org.apache.commons.jelly.tags.ant.AntTag - Could not convert tag: a into an Ant task, data type or property
2003-11-13 12:43:40,515 WARN  org.apache.commons.jelly.tags.ant.AntTag - Could not convert tag: br into an Ant task, data type or property
2003-11-13 12:43:40,515 WARN  org.apache.commons.jelly.tags.ant.AntTag - Could not convert tag: a into an Ant task, data type or property
2003-11-13 12:43:40,515 WARN  org.apache.commons.jelly.tags.ant.AntTag - Could not convert tag: br into an Ant task, data type or property
2003-11-13 12:43:40,515 WARN  org.apache.commons.jelly.tags.ant.AntTag - Could not convert tag: a into an Ant task, data type or property
2003-11-13 12:43:40,515 WARN  org.apache.commons.jelly.tags.ant.AntTag - Could not convert tag: br into an Ant task, data type or property
2003-11-13 12:43:40,515 WARN  org.apache.commons.jelly.tags.ant.AntTag - Could not convert tag: a into an Ant task, data type or property
2003-11-13 12:43:40,515 WARN  org.apache.commons.jelly.tags.ant.AntTag - Could not convert tag: br into an Ant task, data type or property
2003-11-13 12:43:40,515 WARN  org.apache.commons.jelly.tags.ant.AntTag - Could not convert tag: a into an Ant task, data type or property
2003-11-13 12:43:40,515 WARN  org.apache.commons.jelly.tags.ant.AntTag - Could not convert tag: br into an Ant task, data type or property
2003-11-13 12:43:40,515 WARN  org.apache.commons.jelly.tags.ant.AntTag - Could not convert tag: a into an Ant task, data type or property
2003-11-13 12:43:40,515 WARN  org.apache.commons.jelly.tags.ant.AntTag - Could not convert tag: br into an Ant task, data type or property
2003-11-13 12:43:40,515 WARN  org.apache.commons.jelly.tags.ant.AntTag - Could not convert tag: a into an Ant task, data type or property
2003-11-13 12:43:40,515 WARN  org.apache.commons.jelly.tags.ant.AntTag - Could not convert tag: br into an Ant task, data type or property
2003-11-13 12:43:40,515 WARN  org.apache.commons.jelly.tags.ant.AntTag - Could not convert tag: a into an Ant task, data type or property
2003-11-13 12:43:40,515 WARN  org.apache.commons.jelly.tags.ant.AntTag - Could not convert tag: br into an Ant task, data type or property
2003-11-13 12:43:40,515 WARN  org.apache.commons.jelly.tags.ant.AntTag - Could not convert tag: a into an Ant task, data type or property
2003-11-13 12:43:40,515 WARN  org.apache.commons.jelly.tags.ant.AntTag - Could not convert tag: br into an Ant task, data type or property
2003-11-13 12:43:40,515 WARN  org.apache.commons.jelly.tags.ant.AntTag - Could not convert tag: a into an Ant task, data type or property
2003-11-13 12:43:40,515 WARN  org.apache.commons.jelly.tags.ant.AntTag - Could not convert tag: br into an Ant task, data type or property
2003-11-13 12:43:40,515 WARN  org.apache.commons.jelly.tags.ant.AntTag - Could not convert tag: a into an Ant task, data type or property
2003-11-13 12:43:40,515 WARN  org.apache.commons.jelly.tags.ant.AntTag - Could not convert tag: br into an Ant task, data type or property
2003-11-13 12:43:40,515 WARN  org.apache.commons.jelly.tags.ant.AntTag - Could not convert tag: a into an Ant task, data type or property
2003-11-13 12:43:40,515 WARN  org.apache.commons.jelly.tags.ant.AntTag - Could not convert tag: br into an Ant task, data type or property
2003-11-13 12:43:40,531 WARN  org.apache.commons.jelly.tags.ant.AntTag - Could not convert tag: a into an Ant task, data type or property
2003-11-13 12:43:40,531 WARN  org.apache.commons.jelly.tags.ant.AntTag - Could not convert tag: br into an Ant task, data type or property
2003-11-13 12:43:40,531 WARN  org.apache.commons.jelly.tags.ant.AntTag - Could not convert tag: a into an Ant task, data type or property
2003-11-13 12:43:40,531 WARN  org.apache.commons.jelly.tags.ant.AntTag - Could not convert tag: br into an Ant task, data type or property
2003-11-13 12:43:40,531 WARN  org.apache.commons.jelly.tags.ant.AntTag - Could not convert tag: a into an Ant task, data type or property
2003-11-13 12:43:40,531 WARN  org.apache.commons.jelly.tags.ant.AntTag - Could not convert tag: br into an Ant task, data type or property
2003-11-13 12:43:40,531 WARN  org.apache.commons.jelly.tags.ant.AntTag - Could not convert tag: a into an Ant task, data type or property
2003-11-13 12:43:40,531 WARN  org.apache.commons.jelly.tags.ant.AntTag - Could not convert tag: br into an Ant task, data type or property
2003-11-13 12:43:40,531 WARN  org.apache.commons.jelly.tags.ant.AntTag - Could not convert tag: a into an Ant task, data type or property
2003-11-13 12:43:40,531 WARN  org.apache.commons.jelly.tags.ant.AntTag - Could not convert tag: br into an Ant task, data type or property
2003-11-13 12:43:40,531 WARN  org.apache.commons.jelly.tags.ant.AntTag - Could not convert tag: a into an Ant task, data type or property
2003-11-13 12:43:40,531 WARN  org.apache.commons.jelly.tags.ant.AntTag - Could not convert tag: br into an Ant task, data type or property
2003-11-13 12:43:40,531 WARN  org.apache.commons.jelly.tags.ant.AntTag - Could not convert tag: a into an Ant task, data type or property
2003-11-13 12:43:40,531 WARN  org.apache.commons.jelly.tags.ant.AntTag - Could not convert tag: br into an Ant task, data type or property
2003-11-13 12:43:40,531 WARN  org.apache.commons.jelly.tags.ant.AntTag - Could not convert tag: a into an Ant task, data type or property
2003-11-13 12:43:40,531 WARN  org.apache.commons.jelly.tags.ant.AntTag - Could not convert tag: br into an Ant task, data type or property
2003-11-13 12:43:40,531 WARN  org.apache.commons.jelly.tags.ant.AntTag - Could not convert tag: a into an Ant task, data type or property
2003-11-13 12:43:40,531 WARN  org.apache.commons.jelly.tags.ant.AntTag - Could not convert tag: br into an Ant task, data type or property
2003-11-13 12:43:40,531 WARN  org.apache.commons.jelly.tags.ant.AntTag - Could not convert tag: a into an Ant task, data type or property
2003-11-13 12:43:40,531 WARN  org.apache.commons.jelly.tags.ant.AntTag - Could not convert tag: br into an Ant task, data type or property
2003-11-13 12:43:40,531 WARN  org.apache.commons.jelly.tags.ant.AntTag - Could not convert tag: a into an Ant task, data type or property
2003-11-13 12:43:40,531 WARN  org.apache.commons.jelly.tags.ant.AntTag - Could not convert tag: br into an Ant task, data type or property
2003-11-13 12:43:40,531 WARN  org.apache.commons.jelly.tags.ant.AntTag - Could not convert tag: a into an Ant task, data type or property
2003-11-13 12:43:40,531 WARN  org.apache.commons.jelly.tags.ant.AntTag - Could not convert tag: br into an Ant task, data type or property
2003-11-13 12:43:40,531 WARN  org.apache.commons.jelly.tags.ant.AntTag - Could not convert tag: a into an Ant task, data type or property
2003-11-13 12:43:40,531 WARN  org.apache.commons.jelly.tags.ant.AntTag - Could not convert tag: br into an Ant task, data type or property
2003-11-13 12:43:40,531 WARN  org.apache.commons.jelly.tags.ant.AntTag - Could not convert tag: a into an Ant task, data type or property
2003-11-13 12:43:40,531 WARN  org.apache.commons.jelly.tags.ant.AntTag - Could not convert tag: br into an Ant task, data type or property
2003-11-13 12:43:40,531 WARN  org.apache.commons.jelly.tags.ant.AntTag - Could not convert tag: a into an Ant task, data type or property
2003-11-13 12:43:40,531 WARN  org.apache.commons.jelly.tags.ant.AntTag - Could not convert tag: br into an Ant task, data type or property
2003-11-13 12:43:40,531 WARN  org.apache.commons.jelly.tags.ant.AntTag - Could not convert tag: a into an Ant task, data type or property
2003-11-13 12:43:40,531 WARN  org.apache.commons.jelly.tags.ant.AntTag - Could not convert tag: br into an Ant task, data type or property
2003-11-13 12:43:40,531 WARN  org.apache.commons.jelly.tags.ant.AntTag - Could not convert tag: a into an Ant task, data type or property
2003-11-13 12:43:40,531 WARN  org.apache.commons.jelly.tags.ant.AntTag - Could not convert tag: br into an Ant task, data type or property
2003-11-13 12:43:40,531 WARN  org.apache.commons.jelly.tags.ant.AntTag - Could not convert tag: a into an Ant task, data type or property
2003-11-13 12:43:40,531 WARN  org.apache.commons.jelly.tags.ant.AntTag - Could not convert tag: br into an Ant task, data type or property
2003-11-13 12:43:40,531 WARN  org.apache.commons.jelly.tags.ant.AntTag - Could not convert tag: a into an Ant task, data type or property
2003-11-13 12:43:40,531 WARN  org.apache.commons.jelly.tags.ant.AntTag - Could not convert tag: br into an Ant task, data type or property
2003-11-13 12:43:40,531 WARN  org.apache.commons.jelly.tags.ant.AntTag - Could not convert tag: a into an Ant task, data type or property
2003-11-13 12:43:40,531 WARN  org.apache.commons.jelly.tags.ant.AntTag - Could not convert tag: br into an Ant task, data type or property
2003-11-13 12:43:40,531 WARN  org.apache.commons.jelly.tags.ant.AntTag - Could not convert tag: a into an Ant task, data type or property
2003-11-13 12:43:40,531 WARN  org.apache.commons.jelly.tags.ant.AntTag - Could not convert tag: br into an Ant task, data type or property
2003-11-13 12:43:40,531 WARN  org.apache.commons.jelly.tags.ant.AntTag - Could not convert tag: a into an Ant task, data type or property
2003-11-13 12:43:40,531 WARN  org.apache.commons.jelly.tags.ant.AntTag - Could not convert tag: br into an Ant task, data type or property
2003-11-13 12:43:40,531 WARN  org.apache.commons.jelly.tags.ant.AntTag - Could not convert tag: a into an Ant task, data type or property
2003-11-13 12:43:40,531 WARN  org.apache.commons.jelly.tags.ant.AntTag - Could not convert tag: br into an Ant task, data type or property
2003-11-13 12:43:40,546 WARN  org.apache.commons.jelly.tags.ant.AntTag - Could not convert tag: a into an Ant task, data type or property
2003-11-13 12:43:40,546 WARN  org.apache.commons.jelly.tags.ant.AntTag - Could not convert tag: br into an Ant task, data type or property
2003-11-13 12:43:40,546 WARN  org.apache.commons.jelly.tags.ant.AntTag - Could not convert tag: a into an Ant task, data type or property
2003-11-13 12:43:40,546 WARN  org.apache.commons.jelly.tags.ant.AntTag - Could not convert tag: br into an Ant task, data type or property
2003-11-13 12:43:40,546 WARN  org.apache.commons.jelly.tags.ant.AntTag - Could not convert tag: a into an Ant task, data type or property
2003-11-13 12:43:40,546 WARN  org.apache.commons.jelly.tags.ant.AntTag - Could not convert tag: br into an Ant task, data type or property
2003-11-13 12:43:40,546 WARN  org.apache.commons.jelly.tags.ant.AntTag - Could not convert tag: a into an Ant task, data type or property
2003-11-13 12:43:40,546 WARN  org.apache.commons.jelly.tags.ant.AntTag - Could not convert tag: br into an Ant task, data type or property
2003-11-13 12:43:40,546 WARN  org.apache.commons.jelly.tags.ant.AntTag - Could not convert tag: a into an Ant task, data type or property
2003-11-13 12:43:40,546 WARN  org.apache.commons.jelly.tags.ant.AntTag - Could not convert tag: br into an Ant task, data type or property
2003-11-13 12:43:40,546 WARN  org.apache.commons.jelly.tags.ant.AntTag - Could not convert tag: a into an Ant task, data type or property
2003-11-13 12:43:40,546 WARN  org.apache.commons.jelly.tags.ant.AntTag - Could not convert tag: br into an Ant task, data type or property
2003-11-13 12:43:40,546 WARN  org.apache.commons.jelly.tags.ant.AntTag - Could not convert tag: a into an Ant task, data type or property
2003-11-13 12:43:40,546 WARN  org.apache.commons.jelly.tags.ant.AntTag - Could not convert tag: br into an Ant task, data type or property
2003-11-13 12:43:40,546 WARN  org.apache.commons.jelly.tags.ant.AntTag - Could not convert tag: a into an Ant task, data type or property
2003-11-13 12:43:40,546 WARN  org.apache.commons.jelly.tags.ant.AntTag - Could not convert tag: br into an Ant task, data type or property
2003-11-13 12:43:40,546 WARN  org.apache.commons.jelly.tags.ant.AntTag - Could not convert tag: a into an Ant task, data type or property
2003-11-13 12:43:40,546 WARN  org.apache.commons.jelly.tags.ant.AntTag - Could not convert tag: br into an Ant task, data type or property
2003-11-13 12:43:40,546 WARN  org.apache.commons.jelly.tags.ant.AntTag - Could not convert tag: a into an Ant task, data type or property
2003-11-13 12:43:40,546 WARN  org.apache.commons.jelly.tags.ant.AntTag - Could not convert tag: br into an Ant task, data type or property
2003-11-13 12:43:40,546 WARN  org.apache.commons.jelly.tags.ant.AntTag - Could not convert tag: a into an Ant task, data type or property
2003-11-13 12:43:40,546 WARN  org.apache.commons.jelly.tags.ant.AntTag - Could not convert tag: br into an Ant task, data type or property
2003-11-13 12:43:40,546 WARN  org.apache.commons.jelly.tags.ant.AntTag - Could not convert tag: td into an Ant task, data type or property
2003-11-13 12:43:40,546 WARN  org.apache.commons.jelly.tags.ant.AntTag - Could not convert tag: a into an Ant task, data type or property
2003-11-13 12:43:40,546 WARN  org.apache.commons.jelly.tags.ant.AntTag - Could not convert tag: br into an Ant task, data type or property
2003-11-13 12:43:40,546 WARN  org.apache.commons.jelly.tags.ant.AntTag - Could not convert tag: td into an Ant task, data type or property
2003-11-13 12:43:40,546 WARN  org.apache.commons.jelly.tags.ant.AntTag - Could not convert tag: a into an Ant task, data type or property
2003-11-13 12:43:40,546 WARN  org.apache.commons.jelly.tags.ant.AntTag - Could not convert tag: br into an Ant task, data type or property
2003-11-13 12:43:40,546 WARN  org.apache.commons.jelly.tags.ant.AntTag - Could not convert tag: a into an Ant task, data type or property
2003-11-13 12:43:40,546 WARN  org.apache.commons.jelly.tags.ant.AntTag - Could not convert tag: br into an Ant task, data type or property
2003-11-13 12:43:40,546 WARN  org.apache.commons.jelly.tags.ant.AntTag - Could not convert tag: a into an Ant task, data type or property
2003-11-13 12:43:40,546 WARN  org.apache.commons.jelly.tags.ant.AntTag - Could not convert tag: br into an Ant task, data type or property
2003-11-13 12:43:40,546 WARN  org.apache.commons.jelly.tags.ant.AntTag - Could not convert tag: a into an Ant task, data type or property
2003-11-13 12:43:40,546 WARN  org.apache.commons.jelly.tags.ant.AntTag - Could not convert tag: br into an Ant task, data type or property
2003-11-13 12:43:40,546 WARN  org.apache.commons.jelly.tags.ant.AntTag - Could not convert tag: a into an Ant task, data type or property
2003-11-13 12:43:40,546 WARN  org.apache.commons.jelly.tags.ant.AntTag - Could not convert tag: br into an Ant task, data type or property
2003-11-13 12:43:40,546 WARN  org.apache.commons.jelly.tags.ant.AntTag - Could not convert tag: a into an Ant task, data type or property
2003-11-13 12:43:40,546 WARN  org.apache.commons.jelly.tags.ant.AntTag - Could not convert tag: br into an Ant task, data type or property
2003-11-13 12:43:40,546 WARN  org.apache.commons.jelly.tags.ant.AntTag - Could not convert tag: a into an Ant task, data type or property
2003-11-13 12:43:40,546 WARN  org.apache.commons.jelly.tags.ant.AntTag - Could not convert tag: br into an Ant task, data type or property
2003-11-13 12:43:40,546 WARN  org.apache.commons.jelly.tags.ant.AntTag - Could not convert tag: a into an Ant task, data type or property
2003-11-13 12:43:40,546 WARN  org.apache.commons.jelly.tags.ant.AntTag - Could not convert tag: br into an Ant task, data type or property
2003-11-13 12:43:40,546 WARN  org.apache.commons.jelly.tags.ant.AntTag - Could not convert tag: subsection into an Ant task, data type or property
2003-11-13 12:43:40,546 WARN  org.apache.commons.jelly.tags.ant.AntTag - Could not convert tag: table into an Ant task, data type or property
2003-11-13 12:43:40,546 WARN  org.apache.commons.jelly.tags.ant.AntTag - Could not convert tag: tr into an Ant task, data type or property
2003-11-13 12:43:40,546 WARN  org.apache.commons.jelly.tags.ant.AntTag - Could not convert tag: th into an Ant task, data type or property
2003-11-13 12:43:40,546 WARN  org.apache.commons.jelly.tags.ant.AntTag - Could not convert tag: th into an Ant task, data type or property
2003-11-13 12:43:40,546 WARN  org.apache.commons.jelly.tags.ant.AntTag - Could not convert tag: th into an Ant task, data type or property
2003-11-13 12:43:40,546 WARN  org.apache.commons.jelly.tags.ant.AntTag - Could not convert tag: th into an Ant task, data type or property
2003-11-13 12:43:40,546 WARN  org.apache.commons.jelly.tags.ant.AntTag - Could not convert tag: th into an Ant task, data type or property
2003-11-13 12:43:40,546 WARN  org.apache.commons.jelly.tags.ant.AntTag - Could not convert tag: tr into an Ant task, data type or property
2003-11-13 12:43:40,546 WARN  org.apache.commons.jelly.tags.ant.AntTag - Could not convert tag: td into an Ant task, data type or property
2003-11-13 12:43:40,546 WARN  org.apache.commons.jelly.tags.ant.AntTag - Could not convert tag: td into an Ant task, data type or property
2003-11-13 12:43:40,546 WARN  org.apache.commons.jelly.tags.ant.AntTag - Could not convert tag: td into an Ant task, data type or property
2003-11-13 12:43:40,546 WARN  org.apache.commons.jelly.tags.ant.AntTag - Could not convert tag: td into an Ant task, data type or property
2003-11-13 12:43:40,546 WARN  org.apache.commons.jelly.tags.ant.AntTag - Could not convert tag: td into an Ant task, data type or property
2003-11-13 12:43:40,546 WARN  org.apache.commons.jelly.tags.ant.AntTag - Could not convert tag: table into an Ant task, data type or property
2003-11-13 12:43:40,546 WARN  org.apache.commons.jelly.tags.ant.AntTag - Could not convert tag: tr into an Ant task, data type or property
2003-11-13 12:43:40,546 WARN  org.apache.commons.jelly.tags.ant.AntTag - Could not convert tag: th into an Ant task, data type or property
2003-11-13 12:43:40,546 WARN  org.apache.commons.jelly.tags.ant.AntTag - Could not convert tag: th into an Ant task, data type or property
2003-11-13 12:43:40,546 WARN  org.apache.commons.jelly.tags.ant.AntTag - Could not convert tag: th into an Ant task, data type or property
2003-11-13 12:43:40,546 WARN  org.apache.commons.jelly.tags.ant.AntTag - Could not convert tag: th into an Ant task, data type or property
2003-11-13 12:43:40,546 WARN  org.apache.commons.jelly.tags.ant.AntTag - Could not convert tag: tr into an Ant task, data type or property
2003-11-13 12:43:40,546 WARN  org.apache.commons.jelly.tags.ant.AntTag - Could not convert tag: td into an Ant task, data type or property
2003-11-13 12:43:40,546 WARN  org.apache.commons.jelly.tags.ant.AntTag - Could not convert tag: a into an Ant task, data type or property
2003-11-13 12:43:40,546 WARN  org.apache.commons.jelly.tags.ant.AntTag - Could not convert tag: br into an Ant task, data type or property
2003-11-13 12:43:40,562 WARN  org.apache.commons.jelly.tags.ant.AntTag - Could not convert tag: a into an Ant task, data type or property
2003-11-13 12:43:40,562 WARN  org.apache.commons.jelly.tags.ant.AntTag - Could not convert tag: br into an Ant task, data type or property
2003-11-13 12:43:40,562 WARN  org.apache.commons.jelly.tags.ant.AntTag - Could not convert tag: td into an Ant task, data type or property
2003-11-13 12:43:40,562 WARN  org.apache.commons.jelly.tags.ant.AntTag - Could not convert tag: a into an Ant task, data type or property
2003-11-13 12:43:40,562 WARN  org.apache.commons.jelly.tags.ant.AntTag - Could not convert tag: br into an Ant task, data type or property
2003-11-13 12:43:40,562 WARN  org.apache.commons.jelly.tags.ant.AntTag - Could not convert tag: a into an Ant task, data type or property
2003-11-13 12:43:40,562 WARN  org.apache.commons.jelly.tags.ant.AntTag - Could not convert tag: br into an Ant task, data type or property
2003-11-13 12:43:40,562 WARN  org.apache.commons.jelly.tags.ant.AntTag - Could not convert tag: a into an Ant task, data type or property
2003-11-13 12:43:40,562 WARN  org.apache.commons.jelly.tags.ant.AntTag - Could not convert tag: br into an Ant task, data type or property
2003-11-13 12:43:40,562 WARN  org.apache.commons.jelly.tags.ant.AntTag - Could not convert tag: a into an Ant task, data type or property
2003-11-13 12:43:40,562 WARN  org.apache.commons.jelly.tags.ant.AntTag - Could not convert tag: br into an Ant task, data type or property
2003-11-13 12:43:40,562 WARN  org.apache.commons.jelly.tags.ant.AntTag - Could not convert tag: a into an Ant task, data type or property
2003-11-13 12:43:40,562 WARN  org.apache.commons.jelly.tags.ant.AntTag - Could not convert tag: br into an Ant task, data type or property
2003-11-13 12:43:40,562 WARN  org.apache.commons.jelly.tags.ant.AntTag - Could not convert tag: a into an Ant task, data type or property
2003-11-13 12:43:40,562 WARN  org.apache.commons.jelly.tags.ant.AntTag - Could not convert tag: br into an Ant task, data type or property
2003-11-13 12:43:40,562 WARN  org.apache.commons.jelly.tags.ant.AntTag - Could not convert tag: a into an Ant task, data type or property
2003-11-13 12:43:40,562 WARN  org.apache.commons.jelly.tags.ant.AntTag - Could not convert tag: br into an Ant task, data type or property
2003-11-13 12:43:40,562 WARN  org.apache.commons.jelly.tags.ant.AntTag - Could not convert tag: a into an Ant task, data type or property
2003-11-13 12:43:40,562 WARN  org.apache.commons.jelly.tags.ant.AntTag - Could not convert tag: br into an Ant task, data type or property
2003-11-13 12:43:40,562 WARN  org.apache.commons.jelly.tags.ant.AntTag - Could not convert tag: a into an Ant task, data type or property
2003-11-13 12:43:40,562 WARN  org.apache.commons.jelly.tags.ant.AntTag - Could not convert tag: br into an Ant task, data type or property
2003-11-13 12:43:40,562 WARN  org.apache.commons.jelly.tags.ant.AntTag - Could not convert tag: a into an Ant task, data type or property
2003-11-13 12:43:40,562 WARN  org.apache.commons.jelly.tags.ant.AntTag - Could not convert tag: br into an Ant task, data type or property
2003-11-13 12:43:40,562 WARN  org.apache.commons.jelly.tags.ant.AntTag - Could not convert tag: a into an Ant task, data type or property
2003-11-13 12:43:40,562 WARN  org.apache.commons.jelly.tags.ant.AntTag - Could not convert tag: br into an Ant task, data type or property
2003-11-13 12:43:40,562 WARN  org.apache.commons.jelly.tags.ant.AntTag - Could not convert tag: a into an Ant task, data type or property
2003-11-13 12:43:40,562 WARN  org.apache.commons.jelly.tags.ant.AntTag - Could not convert tag: br into an Ant task, data type or property
2003-11-13 12:43:40,562 WARN  org.apache.commons.jelly.tags.ant.AntTag - Could not convert tag: a into an Ant task, data type or property
2003-11-13 12:43:40,562 WARN  org.apache.commons.jelly.tags.ant.AntTag - Could not convert tag: br into an Ant task, data type or property
2003-11-13 12:43:40,562 WARN  org.apache.commons.jelly.tags.ant.AntTag - Could not convert tag: a into an Ant task, data type or property
2003-11-13 12:43:40,562 WARN  org.apache.commons.jelly.tags.ant.AntTag - Could not convert tag: br into an Ant task, data type or property
2003-11-13 12:43:40,562 WARN  org.apache.commons.jelly.tags.ant.AntTag - Could not convert tag: td into an Ant task, data type or property
2003-11-13 12:43:40,562 WARN  org.apache.commons.jelly.tags.ant.AntTag - Could not convert tag: a into an Ant task, data type or property
2003-11-13 12:43:40,562 WARN  org.apache.commons.jelly.tags.ant.AntTag - Could not convert tag: br into an Ant task, data type or property
2003-11-13 12:43:40,562 WARN  org.apache.commons.jelly.tags.ant.AntTag - Could not convert tag: td into an Ant task, data type or property
2003-11-13 12:43:40,562 WARN  org.apache.commons.jelly.tags.ant.AntTag - Could not convert tag: a into an Ant task, data type or property
2003-11-13 12:43:40,562 WARN  org.apache.commons.jelly.tags.ant.AntTag - Could not convert tag: br into an Ant task, data type or property
2003-11-13 12:43:40,562 WARN  org.apache.commons.jelly.tags.ant.AntTag - Could not convert tag: a into an Ant task, data type or property
2003-11-13 12:43:40,562 WARN  org.apache.commons.jelly.tags.ant.AntTag - Could not convert tag: br into an Ant task, data type or property
2003-11-13 12:43:40,562 WARN  org.apache.commons.jelly.tags.ant.AntTag - Could not convert tag: a into an Ant task, data type or property
2003-11-13 12:43:40,562 WARN  org.apache.commons.jelly.tags.ant.AntTag - Could not convert tag: br into an Ant task, data type or property
2003-11-13 12:43:40,562 WARN  org.apache.commons.jelly.tags.ant.AntTag - Could not convert tag: a into an Ant task, data type or property
2003-11-13 12:43:40,562 WARN  org.apache.commons.jelly.tags.ant.AntTag - Could not convert tag: br into an Ant task, data type or property
2003-11-13 12:43:40,562 WARN  org.apache.commons.jelly.tags.ant.AntTag - Could not convert tag: a into an Ant task, data type or property
2003-11-13 12:43:40,562 WARN  org.apache.commons.jelly.tags.ant.AntTag - Could not convert tag: br into an Ant task, data type or property
2003-11-13 12:43:40,562 WARN  org.apache.commons.jelly.tags.ant.AntTag - Could not convert tag: a into an Ant task, data type or property
2003-11-13 12:43:40,562 WARN  org.apache.commons.jelly.tags.ant.AntTag - Could not convert tag: br into an Ant task, data type or property
2003-11-13 12:43:40,562 WARN  org.apache.commons.jelly.tags.ant.AntTag - Could not convert tag: a into an Ant task, data type or property
2003-11-13 12:43:40,562 WARN  org.apache.commons.jelly.tags.ant.AntTag - Could not convert tag: br into an Ant task, data type or property
2003-11-13 12:43:40,562 WARN  org.apache.commons.jelly.tags.ant.AntTag - Could not convert tag: a into an Ant task, data type or property
2003-11-13 12:43:40,562 WARN  org.apache.commons.jelly.tags.ant.AntTag - Could not convert tag: br into an Ant task, data type or property
2003-11-13 12:43:40,562 WARN  org.apache.commons.jelly.tags.ant.AntTag - Could not convert tag: a into an Ant task, data type or property
2003-11-13 12:43:40,562 WARN  org.apache.commons.jelly.tags.ant.AntTag - Could not convert tag: br into an Ant task, data type or property
2003-11-13 12:43:40,562 WARN  org.apache.commons.jelly.tags.ant.AntTag - Could not convert tag: a into an Ant task, data type or property
2003-11-13 12:43:40,562 WARN  org.apache.commons.jelly.tags.ant.AntTag - Could not convert tag: br into an Ant task, data type or property
2003-11-13 12:43:40,562 WARN  org.apache.commons.jelly.tags.ant.AntTag - Could not convert tag: a into an Ant task, data type or property
2003-11-13 12:43:40,562 WARN  org.apache.commons.jelly.tags.ant.AntTag - Could not convert tag: br into an Ant task, data type or property
2003-11-13 12:43:40,562 WARN  org.apache.commons.jelly.tags.ant.AntTag - Could not convert tag: a into an Ant task, data type or property
2003-11-13 12:43:40,562 WARN  org.apache.commons.jelly.tags.ant.AntTag - Could not convert tag: br into an Ant task, data type or property
2003-11-13 12:43:40,562 WARN  org.apache.commons.jelly.tags.ant.AntTag - Could not convert tag: a into an Ant task, data type or property
2003-11-13 12:43:40,562 WARN  org.apache.commons.jelly.tags.ant.AntTag - Could not convert tag: br into an Ant task, data type or property
2003-11-13 12:43:40,562 WARN  org.apache.commons.jelly.tags.ant.AntTag - Could not convert tag: a into an Ant task, data type or property
2003-11-13 12:43:40,562 WARN  org.apache.commons.jelly.tags.ant.AntTag - Could not convert tag: br into an Ant task, data type or property
2003-11-13 12:43:40,562 WARN  org.apache.commons.jelly.tags.ant.AntTag - Could not convert tag: a into an Ant task, data type or property
2003-11-13 12:43:40,562 WARN  org.apache.commons.jelly.tags.ant.AntTag - Could not convert tag: br into an Ant task, data type or property
2003-11-13 12:43:40,562 WARN  org.apache.commons.jelly.tags.ant.AntTag - Could not convert tag: a into an Ant task, data type or property
2003-11-13 12:43:40,562 WARN  org.apache.commons.jelly.tags.ant.AntTag - Could not convert tag: br into an Ant task, data type or property
2003-11-13 12:43:40,562 WARN  org.apache.commons.jelly.tags.ant.AntTag - Could not convert tag: a into an Ant task, data type or property
2003-11-13 12:43:40,562 WARN  org.apache.commons.jelly.tags.ant.AntTag - Could not convert tag: br into an Ant task, data type or property
2003-11-13 12:43:40,562 WARN  org.apache.commons.jelly.tags.ant.AntTag - Could not convert tag: a into an Ant task, data type or property
2003-11-13 12:43:40,578 WARN  org.apache.commons.jelly.tags.ant.AntTag - Could not convert tag: br into an Ant task, data type or property
2003-11-13 12:43:40,578 WARN  org.apache.commons.jelly.tags.ant.AntTag - Could not convert tag: subsection into an Ant task, data type or property
2003-11-13 12:43:40,578 WARN  org.apache.commons.jelly.tags.ant.AntTag - Could not convert tag: table into an Ant task, data type or property
2003-11-13 12:43:40,578 WARN  org.apache.commons.jelly.tags.ant.AntTag - Could not convert tag: tr into an Ant task, data type or property
2003-11-13 12:43:40,578 WARN  org.apache.commons.jelly.tags.ant.AntTag - Could not convert tag: th into an Ant task, data type or property
2003-11-13 12:43:40,578 WARN  org.apache.commons.jelly.tags.ant.AntTag - Could not convert tag: th into an Ant task, data type or property
2003-11-13 12:43:40,578 WARN  org.apache.commons.jelly.tags.ant.AntTag - Could not convert tag: th into an Ant task, data type or property
2003-11-13 12:43:40,578 WARN  org.apache.commons.jelly.tags.ant.AntTag - Could not convert tag: th into an Ant task, data type or property
2003-11-13 12:43:40,578 WARN  org.apache.commons.jelly.tags.ant.AntTag - Could not convert tag: th into an Ant task, data type or property
2003-11-13 12:43:40,578 WARN  org.apache.commons.jelly.tags.ant.AntTag - Could not convert tag: tr into an Ant task, data type or property
2003-11-13 12:43:40,578 WARN  org.apache.commons.jelly.tags.ant.AntTag - Could not convert tag: td into an Ant task, data type or property
2003-11-13 12:43:40,578 WARN  org.apache.commons.jelly.tags.ant.AntTag - Could not convert tag: td into an Ant task, data type or property
2003-11-13 12:43:40,578 WARN  org.apache.commons.jelly.tags.ant.AntTag - Could not convert tag: td into an Ant task, data type or property
2003-11-13 12:43:40,578 WARN  org.apache.commons.jelly.tags.ant.AntTag - Could not convert tag: td into an Ant task, data type or property
2003-11-13 12:43:40,578 WARN  org.apache.commons.jelly.tags.ant.AntTag - Could not convert tag: td into an Ant task, data type or property
2003-11-13 12:43:40,578 WARN  org.apache.commons.jelly.tags.ant.AntTag - Could not convert tag: table into an Ant task, data type or property
2003-11-13 12:43:40,578 WARN  org.apache.commons.jelly.tags.ant.AntTag - Could not convert tag: tr into an Ant task, data type or property
2003-11-13 12:43:40,578 WARN  org.apache.commons.jelly.tags.ant.AntTag - Could not convert tag: th into an Ant task, data type or property
2003-11-13 12:43:40,578 WARN  org.apache.commons.jelly.tags.ant.AntTag - Could not convert tag: th into an Ant task, data type or property
2003-11-13 12:43:40,578 WARN  org.apache.commons.jelly.tags.ant.AntTag - Could not convert tag: th into an Ant task, data type or property
2003-11-13 12:43:40,578 WARN  org.apache.commons.jelly.tags.ant.AntTag - Could not convert tag: th into an Ant task, data type or property
2003-11-13 12:43:40,578 WARN  org.apache.commons.jelly.tags.ant.AntTag - Could not convert tag: tr into an Ant task, data type or property
2003-11-13 12:43:40,578 WARN  org.apache.commons.jelly.tags.ant.AntTag - Could not convert tag: td into an Ant task, data type or property
2003-11-13 12:43:40,578 WARN  org.apache.commons.jelly.tags.ant.AntTag - Could not convert tag: td into an Ant task, data type or property
2003-11-13 12:43:40,578 WARN  org.apache.commons.jelly.tags.ant.AntTag - Could not convert tag: a into an Ant task, data type or property
2003-11-13 12:43:40,578 WARN  org.apache.commons.jelly.tags.ant.AntTag - Could not convert tag: br into an Ant task, data type or property
2003-11-13 12:43:40,578 WARN  org.apache.commons.jelly.tags.ant.AntTag - Could not convert tag: a into an Ant task, data type or property
2003-11-13 12:43:40,578 WARN  org.apache.commons.jelly.tags.ant.AntTag - Could not convert tag: br into an Ant task, data type or property
2003-11-13 12:43:40,578 WARN  org.apache.commons.jelly.tags.ant.AntTag - Could not convert tag: a into an Ant task, data type or property
2003-11-13 12:43:40,578 WARN  org.apache.commons.jelly.tags.ant.AntTag - Could not convert tag: br into an Ant task, data type or property
2003-11-13 12:43:40,578 WARN  org.apache.commons.jelly.tags.ant.AntTag - Could not convert tag: a into an Ant task, data type or property
2003-11-13 12:43:40,578 WARN  org.apache.commons.jelly.tags.ant.AntTag - Could not convert tag: br into an Ant task, data type or property
2003-11-13 12:43:40,578 WARN  org.apache.commons.jelly.tags.ant.AntTag - Could not convert tag: a into an Ant task, data type or property
2003-11-13 12:43:40,578 WARN  org.apache.commons.jelly.tags.ant.AntTag - Could not convert tag: br into an Ant task, data type or property
2003-11-13 12:43:40,578 WARN  org.apache.commons.jelly.tags.ant.AntTag - Could not convert tag: a into an Ant task, data type or property
2003-11-13 12:43:40,578 WARN  org.apache.commons.jelly.tags.ant.AntTag - Could not convert tag: br into an Ant task, data type or property
2003-11-13 12:43:40,578 WARN  org.apache.commons.jelly.tags.ant.AntTag - Could not convert tag: a into an Ant task, data type or property
2003-11-13 12:43:40,578 WARN  org.apache.commons.jelly.tags.ant.AntTag - Could not convert tag: br into an Ant task, data type or property
2003-11-13 12:43:40,578 WARN  org.apache.commons.jelly.tags.ant.AntTag - Could not convert tag: a into an Ant task, data type or property
2003-11-13 12:43:40,578 WARN  org.apache.commons.jelly.tags.ant.AntTag - Could not convert tag: br into an Ant task, data type or property
2003-11-13 12:43:40,578 WARN  org.apache.commons.jelly.tags.ant.AntTag - Could not convert tag: a into an Ant task, data type or property
2003-11-13 12:43:40,578 WARN  org.apache.commons.jelly.tags.ant.AntTag - Could not convert tag: br into an Ant task, data type or property
2003-11-13 12:43:40,578 WARN  org.apache.commons.jelly.tags.ant.AntTag - Could not convert tag: td into an Ant task, data type or property
2003-11-13 12:43:40,578 WARN  org.apache.commons.jelly.tags.ant.AntTag - Could not convert tag: a into an Ant task, data type or property
2003-11-13 12:43:40,578 WARN  org.apache.commons.jelly.tags.ant.AntTag - Could not convert tag: br into an Ant task, data type or property
2003-11-13 12:43:40,578 WARN  org.apache.commons.jelly.tags.ant.AntTag - Could not convert tag: a into an Ant task, data type or property
2003-11-13 12:43:40,578 WARN  org.apache.commons.jelly.tags.ant.AntTag - Could not convert tag: br into an Ant task, data type or property
2003-11-13 12:43:40,578 WARN  org.apache.commons.jelly.tags.ant.AntTag - Could not convert tag: a into an Ant task, data type or property
2003-11-13 12:43:40,578 WARN  org.apache.commons.jelly.tags.ant.AntTag - Could not convert tag: br into an Ant task, data type or property
2003-11-13 12:43:40,578 WARN  org.apache.commons.jelly.tags.ant.AntTag - Could not convert tag: td into an Ant task, data type or property
2003-11-13 12:43:40,578 WARN  org.apache.commons.jelly.tags.ant.AntTag - Could not convert tag: a into an Ant task, data type or property
2003-11-13 12:43:40,578 WARN  org.apache.commons.jelly.tags.ant.AntTag - Could not convert tag: br into an Ant task, data type or property
2003-11-13 12:43:40,578 WARN  org.apache.commons.jelly.tags.ant.AntTag - Could not convert tag: a into an Ant task, data type or property
2003-11-13 12:43:40,578 WARN  org.apache.commons.jelly.tags.ant.AntTag - Could not convert tag: br into an Ant task, data type or property
2003-11-13 12:43:40,578 WARN  org.apache.commons.jelly.tags.ant.AntTag - Could not convert tag: a into an Ant task, data type or property
2003-11-13 12:43:40,578 WARN  org.apache.commons.jelly.tags.ant.AntTag - Could not convert tag: br into an Ant task, data type or property
2003-11-13 12:43:40,578 WARN  org.apache.commons.jelly.tags.ant.AntTag - Could not convert tag: a into an Ant task, data type or property
2003-11-13 12:43:40,578 WARN  org.apache.commons.jelly.tags.ant.AntTag - Could not convert tag: br into an Ant task, data type or property
2003-11-13 12:43:40,578 WARN  org.apache.commons.jelly.tags.ant.AntTag - Could not convert tag: a into an Ant task, data type or property
2003-11-13 12:43:40,578 WARN  org.apache.commons.jelly.tags.ant.AntTag - Could not convert tag: br into an Ant task, data type or property
2003-11-13 12:43:40,578 WARN  org.apache.commons.jelly.tags.ant.AntTag - Could not convert tag: a into an Ant task, data type or property
2003-11-13 12:43:40,578 WARN  org.apache.commons.jelly.tags.ant.AntTag - Could not convert tag: br into an Ant task, data type or property
2003-11-13 12:43:40,578 WARN  org.apache.commons.jelly.tags.ant.AntTag - Could not convert tag: a into an Ant task, data type or property
2003-11-13 12:43:40,578 WARN  org.apache.commons.jelly.tags.ant.AntTag - Could not convert tag: br into an Ant task, data type or property
2003-11-13 12:43:40,578 WARN  org.apache.commons.jelly.tags.ant.AntTag - Could not convert tag: a into an Ant task, data type or property
2003-11-13 12:43:40,578 WARN  org.apache.commons.jelly.tags.ant.AntTag - Could not convert tag: br into an Ant task, data type or property
2003-11-13 12:43:40,578 WARN  org.apache.commons.jelly.tags.ant.AntTag - Could not convert tag: a into an Ant task, data type or property
2003-11-13 12:43:40,578 WARN  org.apache.commons.jelly.tags.ant.AntTag - Could not convert tag: br into an Ant task, data type or property
2003-11-13 12:43:40,578 WARN  org.apache.commons.jelly.tags.ant.AntTag - Could not convert tag: a into an Ant task, data type or property
2003-11-13 12:43:40,578 WARN  org.apache.commons.jelly.tags.ant.AntTag - Could not convert tag: br into an Ant task, data type or property
2003-11-13 12:43:40,578 WARN  org.apache.commons.jelly.tags.ant.AntTag - Could not convert tag: a into an Ant task, data type or property
2003-11-13 12:43:40,578 WARN  org.apache.commons.jelly.tags.ant.AntTag - Could not convert tag: br into an Ant task, data type or property
2003-11-13 12:43:40,578 WARN  org.apache.commons.jelly.tags.ant.AntTag - Could not convert tag: a into an Ant task, data type or property
2003-11-13 12:43:40,578 WARN  org.apache.commons.jelly.tags.ant.AntTag - Could not convert tag: br into an Ant task, data type or property
2003-11-13 12:43:40,578 WARN  org.apache.commons.jelly.tags.ant.AntTag - Could not convert tag: subsection into an Ant task, data type or property
2003-11-13 12:43:40,578 WARN  org.apache.commons.jelly.tags.ant.AntTag - Could not convert tag: table into an Ant task, data type or property
2003-11-13 12:43:40,578 WARN  org.apache.commons.jelly.tags.ant.AntTag - Could not convert tag: tr into an Ant task, data type or property
2003-11-13 12:43:40,578 WARN  org.apache.commons.jelly.tags.ant.AntTag - Could not convert tag: th into an Ant task, data type or property
2003-11-13 12:43:40,578 WARN  org.apache.commons.jelly.tags.ant.AntTag - Could not convert tag: th into an Ant task, data type or property
2003-11-13 12:43:40,578 WARN  org.apache.commons.jelly.tags.ant.AntTag - Could not convert tag: th into an Ant task, data type or property
2003-11-13 12:43:40,578 WARN  org.apache.commons.jelly.tags.ant.AntTag - Could not convert tag: th into an Ant task, data type or property
2003-11-13 12:43:40,593 WARN  org.apache.commons.jelly.tags.ant.AntTag - Could not convert tag: th into an Ant task, data type or property
2003-11-13 12:43:40,593 WARN  org.apache.commons.jelly.tags.ant.AntTag - Could not convert tag: tr into an Ant task, data type or property
2003-11-13 12:43:40,593 WARN  org.apache.commons.jelly.tags.ant.AntTag - Could not convert tag: td into an Ant task, data type or property
2003-11-13 12:43:40,593 WARN  org.apache.commons.jelly.tags.ant.AntTag - Could not convert tag: td into an Ant task, data type or property
2003-11-13 12:43:40,593 WARN  org.apache.commons.jelly.tags.ant.AntTag - Could not convert tag: td into an Ant task, data type or property
2003-11-13 12:43:40,593 WARN  org.apache.commons.jelly.tags.ant.AntTag - Could not convert tag: td into an Ant task, data type or property
2003-11-13 12:43:40,593 WARN  org.apache.commons.jelly.tags.ant.AntTag - Could not convert tag: td into an Ant task, data type or property
2003-11-13 12:43:40,593 WARN  org.apache.commons.jelly.tags.ant.AntTag - Could not convert tag: table into an Ant task, data type or property
2003-11-13 12:43:40,593 WARN  org.apache.commons.jelly.tags.ant.AntTag - Could not convert tag: tr into an Ant task, data type or property
2003-11-13 12:43:40,593 WARN  org.apache.commons.jelly.tags.ant.AntTag - Could not convert tag: th into an Ant task, data type or property
2003-11-13 12:43:40,593 WARN  org.apache.commons.jelly.tags.ant.AntTag - Could not convert tag: th into an Ant task, data type or property
2003-11-13 12:43:40,593 WARN  org.apache.commons.jelly.tags.ant.AntTag - Could not convert tag: th into an Ant task, data type or property
2003-11-13 12:43:40,593 WARN  org.apache.commons.jelly.tags.ant.AntTag - Could not convert tag: th into an Ant task, data type or property
2003-11-13 12:43:40,593 WARN  org.apache.commons.jelly.tags.ant.AntTag - Could not convert tag: tr into an Ant task, data type or property
2003-11-13 12:43:40,593 WARN  org.apache.commons.jelly.tags.ant.AntTag - Could not convert tag: td into an Ant task, data type or property
2003-11-13 12:43:40,593 WARN  org.apache.commons.jelly.tags.ant.AntTag - Could not convert tag: a into an Ant task, data type or property
2003-11-13 12:43:40,593 WARN  org.apache.commons.jelly.tags.ant.AntTag - Could not convert tag: br into an Ant task, data type or property
2003-11-13 12:43:40,593 WARN  org.apache.commons.jelly.tags.ant.AntTag - Could not convert tag: td into an Ant task, data type or property
2003-11-13 12:43:40,593 WARN  org.apache.commons.jelly.tags.ant.AntTag - Could not convert tag: a into an Ant task, data type or property
2003-11-13 12:43:40,593 WARN  org.apache.commons.jelly.tags.ant.AntTag - Could not convert tag: br into an Ant task, data type or property
2003-11-13 12:43:40,593 WARN  org.apache.commons.jelly.tags.ant.AntTag - Could not convert tag: a into an Ant task, data type or property
2003-11-13 12:43:40,593 WARN  org.apache.commons.jelly.tags.ant.AntTag - Could not convert tag: br into an Ant task, data type or property
2003-11-13 12:43:40,593 WARN  org.apache.commons.jelly.tags.ant.AntTag - Could not convert tag: a into an Ant task, data type or property
2003-11-13 12:43:40,593 WARN  org.apache.commons.jelly.tags.ant.AntTag - Could not convert tag: br into an Ant task, data type or property
2003-11-13 12:43:40,593 WARN  org.apache.commons.jelly.tags.ant.AntTag - Could not convert tag: a into an Ant task, data type or property
2003-11-13 12:43:40,593 WARN  org.apache.commons.jelly.tags.ant.AntTag - Could not convert tag: br into an Ant task, data type or property
2003-11-13 12:43:40,593 WARN  org.apache.commons.jelly.tags.ant.AntTag - Could not convert tag: a into an Ant task, data type or property
2003-11-13 12:43:40,593 WARN  org.apache.commons.jelly.tags.ant.AntTag - Could not convert tag: br into an Ant task, data type or property
2003-11-13 12:43:40,593 WARN  org.apache.commons.jelly.tags.ant.AntTag - Could not convert tag: a into an Ant task, data type or property
2003-11-13 12:43:40,593 WARN  org.apache.commons.jelly.tags.ant.AntTag - Could not convert tag: br into an Ant task, data type or property
2003-11-13 12:43:40,593 WARN  org.apache.commons.jelly.tags.ant.AntTag - Could not convert tag: a into an Ant task, data type or property
2003-11-13 12:43:40,593 WARN  org.apache.commons.jelly.tags.ant.AntTag - Could not convert tag: br into an Ant task, data type or property
2003-11-13 12:43:40,593 WARN  org.apache.commons.jelly.tags.ant.AntTag - Could not convert tag: a into an Ant task, data type or property
2003-11-13 12:43:40,593 WARN  org.apache.commons.jelly.tags.ant.AntTag - Could not convert tag: br into an Ant task, data type or property
2003-11-13 12:43:40,593 WARN  org.apache.commons.jelly.tags.ant.AntTag - Could not convert tag: td into an Ant task, data type or property
2003-11-13 12:43:40,593 WARN  org.apache.commons.jelly.tags.ant.AntTag - Could not convert tag: a into an Ant task, data type or property
2003-11-13 12:43:40,593 WARN  org.apache.commons.jelly.tags.ant.AntTag - Could not convert tag: br into an Ant task, data type or property
2003-11-13 12:43:40,593 WARN  org.apache.commons.jelly.tags.ant.AntTag - Could not convert tag: a into an Ant task, data type or property
2003-11-13 12:43:40,593 WARN  org.apache.commons.jelly.tags.ant.AntTag - Could not convert tag: br into an Ant task, data type or property
2003-11-13 12:43:40,593 WARN  org.apache.commons.jelly.tags.ant.AntTag - Could not convert tag: a into an Ant task, data type or property
2003-11-13 12:43:40,593 WARN  org.apache.commons.jelly.tags.ant.AntTag - Could not convert tag: br into an Ant task, data type or property
2003-11-13 12:43:40,593 WARN  org.apache.commons.jelly.tags.ant.AntTag - Could not convert tag: a into an Ant task, data type or property
2003-11-13 12:43:40,593 WARN  org.apache.commons.jelly.tags.ant.AntTag - Could not convert tag: br into an Ant task, data type or property
2003-11-13 12:43:40,593 WARN  org.apache.commons.jelly.tags.ant.AntTag - Could not convert tag: a into an Ant task, data type or property
2003-11-13 12:43:40,593 WARN  org.apache.commons.jelly.tags.ant.AntTag - Could not convert tag: br into an Ant task, data type or property
2003-11-13 12:43:40,593 WARN  org.apache.commons.jelly.tags.ant.AntTag - Could not convert tag: a into an Ant task, data type or property
2003-11-13 12:43:40,593 WARN  org.apache.commons.jelly.tags.ant.AntTag - Could not convert tag: br into an Ant task, data type or property
2003-11-13 12:43:40,593 WARN  org.apache.commons.jelly.tags.ant.AntTag - Could not convert tag: a into an Ant task, data type or property
2003-11-13 12:43:40,593 WARN  org.apache.commons.jelly.tags.ant.AntTag - Could not convert tag: br into an Ant task, data type or property
2003-11-13 12:43:40,593 WARN  org.apache.commons.jelly.tags.ant.AntTag - Could not convert tag: a into an Ant task, data type or property
2003-11-13 12:43:40,593 WARN  org.apache.commons.jelly.tags.ant.AntTag - Could not convert tag: br into an Ant task, data type or property
2003-11-13 12:43:40,593 WARN  org.apache.commons.jelly.tags.ant.AntTag - Could not convert tag: td into an Ant task, data type or property
2003-11-13 12:43:40,593 WARN  org.apache.commons.jelly.tags.ant.AntTag - Could not convert tag: a into an Ant task, data type or property
2003-11-13 12:43:40,593 WARN  org.apache.commons.jelly.tags.ant.AntTag - Could not convert tag: br into an Ant task, data type or property
2003-11-13 12:43:40,593 WARN  org.apache.commons.jelly.tags.ant.AntTag - Could not convert tag: a into an Ant task, data type or property
2003-11-13 12:43:40,593 WARN  org.apache.commons.jelly.tags.ant.AntTag - Could not convert tag: br into an Ant task, data type or property
2003-11-13 12:43:40,593 WARN  org.apache.commons.jelly.tags.ant.AntTag - Could not convert tag: a into an Ant task, data type or property
2003-11-13 12:43:40,593 WARN  org.apache.commons.jelly.tags.ant.AntTag - Could not convert tag: br into an Ant task, data type or property
2003-11-13 12:43:40,593 WARN  org.apache.commons.jelly.tags.ant.AntTag - Could not convert tag: a into an Ant task, data type or property
2003-11-13 12:43:40,593 WARN  org.apache.commons.jelly.tags.ant.AntTag - Could not convert tag: br into an Ant task, data type or property
2003-11-13 12:43:40,593 WARN  org.apache.commons.jelly.tags.ant.AntTag - Could not convert tag: a into an Ant task, data type or property
2003-11-13 12:43:40,593 WARN  org.apache.commons.jelly.tags.ant.AntTag - Could not convert tag: br into an Ant task, data type or property
2003-11-13 12:43:40,593 WARN  org.apache.commons.jelly.tags.ant.AntTag - Could not convert tag: a into an Ant task, data type or property
2003-11-13 12:43:40,593 WARN  org.apache.commons.jelly.tags.ant.AntTag - Could not convert tag: br into an Ant task, data type or property
2003-11-13 12:43:40,593 WARN  org.apache.commons.jelly.tags.ant.AntTag - Could not convert tag: a into an Ant task, data type or property
2003-11-13 12:43:40,593 WARN  org.apache.commons.jelly.tags.ant.AntTag - Could not convert tag: br into an Ant task, data type or property
2003-11-13 12:43:40,593 WARN  org.apache.commons.jelly.tags.ant.AntTag - Could not convert tag: a into an Ant task, data type or property
2003-11-13 12:43:40,593 WARN  org.apache.commons.jelly.tags.ant.AntTag - Could not convert tag: br into an Ant task, data type or property
2003-11-13 12:43:40,593 WARN  org.apache.commons.jelly.tags.ant.AntTag - Could not convert tag: subsection into an Ant task, data type or property
2003-11-13 12:43:40,593 WARN  org.apache.commons.jelly.tags.ant.AntTag - Could not convert tag: table into an Ant task, data type or property
2003-11-13 12:43:40,593 WARN  org.apache.commons.jelly.tags.ant.AntTag - Could not convert tag: tr into an Ant task, data type or property
2003-11-13 12:43:40,593 WARN  org.apache.commons.jelly.tags.ant.AntTag - Could not convert tag: th into an Ant task, data type or property
2003-11-13 12:43:40,593 WARN  org.apache.commons.jelly.tags.ant.AntTag - Could not convert tag: th into an Ant task, data type or property
2003-11-13 12:43:40,593 WARN  org.apache.commons.jelly.tags.ant.AntTag - Could not convert tag: th into an Ant task, data type or property
2003-11-13 12:43:40,593 WARN  org.apache.commons.jelly.tags.ant.AntTag - Could not convert tag: th into an Ant task, data type or property
2003-11-13 12:43:40,593 WARN  org.apache.commons.jelly.tags.ant.AntTag - Could not convert tag: th into an Ant task, data type or property
2003-11-13 12:43:40,593 WARN  org.apache.commons.jelly.tags.ant.AntTag - Could not convert tag: tr into an Ant task, data type or property
2003-11-13 12:43:40,593 WARN  org.apache.commons.jelly.tags.ant.AntTag - Could not convert tag: td into an Ant task, data type or property
2003-11-13 12:43:40,593 WARN  org.apache.commons.jelly.tags.ant.AntTag - Could not convert tag: td into an Ant task, data type or property
2003-11-13 12:43:40,593 WARN  org.apache.commons.jelly.tags.ant.AntTag - Could not convert tag: td into an Ant task, data type or property
2003-11-13 12:43:40,609 WARN  org.apache.commons.jelly.tags.ant.AntTag - Could not convert tag: td into an Ant task, data type or property
2003-11-13 12:43:40,609 WARN  org.apache.commons.jelly.tags.ant.AntTag - Could not convert tag: td into an Ant task, data type or property
2003-11-13 12:43:40,609 WARN  org.apache.commons.jelly.tags.ant.AntTag - Could not convert tag: table into an Ant task, data type or property
2003-11-13 12:43:40,609 WARN  org.apache.commons.jelly.tags.ant.AntTag - Could not convert tag: tr into an Ant task, data type or property
2003-11-13 12:43:40,609 WARN  org.apache.commons.jelly.tags.ant.AntTag - Could not convert tag: th into an Ant task, data type or property
2003-11-13 12:43:40,609 WARN  org.apache.commons.jelly.tags.ant.AntTag - Could not convert tag: th into an Ant task, data type or property
2003-11-13 12:43:40,609 WARN  org.apache.commons.jelly.tags.ant.AntTag - Could not convert tag: th into an Ant task, data type or property
2003-11-13 12:43:40,609 WARN  org.apache.commons.jelly.tags.ant.AntTag - Could not convert tag: th into an Ant task, data type or property
2003-11-13 12:43:40,609 WARN  org.apache.commons.jelly.tags.ant.AntTag - Could not convert tag: tr into an Ant task, data type or property
2003-11-13 12:43:40,609 WARN  org.apache.commons.jelly.tags.ant.AntTag - Could not convert tag: td into an Ant task, data type or property
2003-11-13 12:43:40,609 WARN  org.apache.commons.jelly.tags.ant.AntTag - Could not convert tag: a into an Ant task, data type or property
2003-11-13 12:43:40,609 WARN  org.apache.commons.jelly.tags.ant.AntTag - Could not convert tag: br into an Ant task, data type or property
2003-11-13 12:43:40,609 WARN  org.apache.commons.jelly.tags.ant.AntTag - Could not convert tag: td into an Ant task, data type or property
2003-11-13 12:43:40,609 WARN  org.apache.commons.jelly.tags.ant.AntTag - Could not convert tag: a into an Ant task, data type or property
2003-11-13 12:43:40,609 WARN  org.apache.commons.jelly.tags.ant.AntTag - Could not convert tag: br into an Ant task, data type or property
2003-11-13 12:43:40,609 WARN  org.apache.commons.jelly.tags.ant.AntTag - Could not convert tag: a into an Ant task, data type or property
2003-11-13 12:43:40,609 WARN  org.apache.commons.jelly.tags.ant.AntTag - Could not convert tag: br into an Ant task, data type or property
2003-11-13 12:43:40,609 WARN  org.apache.commons.jelly.tags.ant.AntTag - Could not convert tag: a into an Ant task, data type or property
2003-11-13 12:43:40,609 WARN  org.apache.commons.jelly.tags.ant.AntTag - Could not convert tag: br into an Ant task, data type or property
2003-11-13 12:43:40,609 WARN  org.apache.commons.jelly.tags.ant.AntTag - Could not convert tag: a into an Ant task, data type or property
2003-11-13 12:43:40,609 WARN  org.apache.commons.jelly.tags.ant.AntTag - Could not convert tag: br into an Ant task, data type or property
2003-11-13 12:43:40,609 WARN  org.apache.commons.jelly.tags.ant.AntTag - Could not convert tag: a into an Ant task, data type or property
2003-11-13 12:43:40,609 WARN  org.apache.commons.jelly.tags.ant.AntTag - Could not convert tag: br into an Ant task, data type or property
2003-11-13 12:43:40,609 WARN  org.apache.commons.jelly.tags.ant.AntTag - Could not convert tag: td into an Ant task, data type or property
2003-11-13 12:43:40,609 WARN  org.apache.commons.jelly.tags.ant.AntTag - Could not convert tag: a into an Ant task, data type or property
2003-11-13 12:43:40,609 WARN  org.apache.commons.jelly.tags.ant.AntTag - Could not convert tag: br into an Ant task, data type or property
2003-11-13 12:43:40,609 WARN  org.apache.commons.jelly.tags.ant.AntTag - Could not convert tag: a into an Ant task, data type or property
2003-11-13 12:43:40,609 WARN  org.apache.commons.jelly.tags.ant.AntTag - Could not convert tag: br into an Ant task, data type or property
2003-11-13 12:43:40,609 WARN  org.apache.commons.jelly.tags.ant.AntTag - Could not convert tag: a into an Ant task, data type or property
2003-11-13 12:43:40,609 WARN  org.apache.commons.jelly.tags.ant.AntTag - Could not convert tag: br into an Ant task, data type or property
2003-11-13 12:43:40,609 WARN  org.apache.commons.jelly.tags.ant.AntTag - Could not convert tag: td into an Ant task, data type or property
2003-11-13 12:43:40,609 WARN  org.apache.commons.jelly.tags.ant.AntTag - Could not convert tag: a into an Ant task, data type or property
2003-11-13 12:43:40,609 WARN  org.apache.commons.jelly.tags.ant.AntTag - Could not convert tag: br into an Ant task, data type or property
2003-11-13 12:43:40,609 WARN  org.apache.commons.jelly.tags.ant.AntTag - Could not convert tag: a into an Ant task, data type or property
2003-11-13 12:43:40,609 WARN  org.apache.commons.jelly.tags.ant.AntTag - Could not convert tag: br into an Ant task, data type or property
2003-11-13 12:43:40,609 WARN  org.apache.commons.jelly.tags.ant.AntTag - Could not convert tag: a into an Ant task, data type or property
2003-11-13 12:43:40,609 WARN  org.apache.commons.jelly.tags.ant.AntTag - Could not convert tag: br into an Ant task, data type or property
2003-11-13 12:43:40,609 WARN  org.apache.commons.jelly.tags.ant.AntTag - Could not convert tag: a into an Ant task, data type or property
2003-11-13 12:43:40,609 WARN  org.apache.commons.jelly.tags.ant.AntTag - Could not convert tag: br into an Ant task, data type or property
2003-11-13 12:43:40,609 WARN  org.apache.commons.jelly.tags.ant.AntTag - Could not convert tag: a into an Ant task, data type or property
2003-11-13 12:43:40,609 WARN  org.apache.commons.jelly.tags.ant.AntTag - Could not convert tag: br into an Ant task, data type or property
2003-11-13 12:43:40,609 WARN  org.apache.commons.jelly.tags.ant.AntTag - Could not convert tag: subsection into an Ant task, data type or property
2003-11-13 12:43:40,609 WARN  org.apache.commons.jelly.tags.ant.AntTag - Could not convert tag: table into an Ant task, data type or property
2003-11-13 12:43:40,609 WARN  org.apache.commons.jelly.tags.ant.AntTag - Could not convert tag: tr into an Ant task, data type or property
2003-11-13 12:43:40,609 WARN  org.apache.commons.jelly.tags.ant.AntTag - Could not convert tag: th into an Ant task, data type or property
2003-11-13 12:43:40,609 WARN  org.apache.commons.jelly.tags.ant.AntTag - Could not convert tag: th into an Ant task, data type or property
2003-11-13 12:43:40,609 WARN  org.apache.commons.jelly.tags.ant.AntTag - Could not convert tag: th into an Ant task, data type or property
2003-11-13 12:43:40,609 WARN  org.apache.commons.jelly.tags.ant.AntTag - Could not convert tag: th into an Ant task, data type or property
2003-11-13 12:43:40,609 WARN  org.apache.commons.jelly.tags.ant.AntTag - Could not convert tag: th into an Ant task, data type or property
2003-11-13 12:43:40,609 WARN  org.apache.commons.jelly.tags.ant.AntTag - Could not convert tag: tr into an Ant task, data type or property
2003-11-13 12:43:40,609 WARN  org.apache.commons.jelly.tags.ant.AntTag - Could not convert tag: td into an Ant task, data type or property
2003-11-13 12:43:40,609 WARN  org.apache.commons.jelly.tags.ant.AntTag - Could not convert tag: td into an Ant task, data type or property
2003-11-13 12:43:40,609 WARN  org.apache.commons.jelly.tags.ant.AntTag - Could not convert tag: td into an Ant task, data type or property
2003-11-13 12:43:40,609 WARN  org.apache.commons.jelly.tags.ant.AntTag - Could not convert tag: td into an Ant task, data type or property
2003-11-13 12:43:40,609 WARN  org.apache.commons.jelly.tags.ant.AntTag - Could not convert tag: td into an Ant task, data type or property
2003-11-13 12:43:40,609 WARN  org.apache.commons.jelly.tags.ant.AntTag - Could not convert tag: table into an Ant task, data type or property
2003-11-13 12:43:40,609 WARN  org.apache.commons.jelly.tags.ant.AntTag - Could not convert tag: tr into an Ant task, data type or property
2003-11-13 12:43:40,609 WARN  org.apache.commons.jelly.tags.ant.AntTag - Could not convert tag: th into an Ant task, data type or property
2003-11-13 12:43:40,609 WARN  org.apache.commons.jelly.tags.ant.AntTag - Could not convert tag: th into an Ant task, data type or property
2003-11-13 12:43:40,609 WARN  org.apache.commons.jelly.tags.ant.AntTag - Could not convert tag: th into an Ant task, data type or property
2003-11-13 12:43:40,609 WARN  org.apache.commons.jelly.tags.ant.AntTag - Could not convert tag: th into an Ant task, data type or property
2003-11-13 12:43:40,609 WARN  org.apache.commons.jelly.tags.ant.AntTag - Could not convert tag: tr into an Ant task, data type or property
2003-11-13 12:43:40,609 WARN  org.apache.commons.jelly.tags.ant.AntTag - Could not convert tag: td into an Ant task, data type or property
2003-11-13 12:43:40,609 WARN  org.apache.commons.jelly.tags.ant.AntTag - Could not convert tag: a into an Ant task, data type or property
2003-11-13 12:43:40,609 WARN  org.apache.commons.jelly.tags.ant.AntTag - Could not convert tag: br into an Ant task, data type or property
2003-11-13 12:43:40,609 WARN  org.apache.commons.jelly.tags.ant.AntTag - Could not convert tag: a into an Ant task, data type or property
2003-11-13 12:43:40,609 WARN  org.apache.commons.jelly.tags.ant.AntTag - Could not convert tag: br into an Ant task, data type or property
2003-11-13 12:43:40,609 WARN  org.apache.commons.jelly.tags.ant.AntTag - Could not convert tag: a into an Ant task, data type or property
2003-11-13 12:43:40,609 WARN  org.apache.commons.jelly.tags.ant.AntTag - Could not convert tag: br into an Ant task, data type or property
2003-11-13 12:43:40,609 WARN  org.apache.commons.jelly.tags.ant.AntTag - Could not convert tag: a into an Ant task, data type or property
2003-11-13 12:43:40,609 WARN  org.apache.commons.jelly.tags.ant.AntTag - Could not convert tag: br into an Ant task, data type or property
2003-11-13 12:43:40,609 WARN  org.apache.commons.jelly.tags.ant.AntTag - Could not convert tag: td into an Ant task, data type or property
2003-11-13 12:43:40,625 WARN  org.apache.commons.jelly.tags.ant.AntTag - Could not convert tag: a into an Ant task, data type or property
2003-11-13 12:43:40,625 WARN  org.apache.commons.jelly.tags.ant.AntTag - Could not convert tag: br into an Ant task, data type or property
2003-11-13 12:43:40,625 WARN  org.apache.commons.jelly.tags.ant.AntTag - Could not convert tag: a into an Ant task, data type or property
2003-11-13 12:43:40,625 WARN  org.apache.commons.jelly.tags.ant.AntTag - Could not convert tag: br into an Ant task, data type or property
2003-11-13 12:43:40,625 WARN  org.apache.commons.jelly.tags.ant.AntTag - Could not convert tag: a into an Ant task, data type or property
2003-11-13 12:43:40,625 WARN  org.apache.commons.jelly.tags.ant.AntTag - Could not convert tag: br into an Ant task, data type or property
2003-11-13 12:43:40,625 WARN  org.apache.commons.jelly.tags.ant.AntTag - Could not convert tag: a into an Ant task, data type or property
2003-11-13 12:43:40,625 WARN  org.apache.commons.jelly.tags.ant.AntTag - Could not convert tag: br into an Ant task, data type or property
2003-11-13 12:43:40,625 WARN  org.apache.commons.jelly.tags.ant.AntTag - Could not convert tag: a into an Ant task, data type or property
2003-11-13 12:43:40,625 WARN  org.apache.commons.jelly.tags.ant.AntTag - Could not convert tag: br into an Ant task, data type or property
2003-11-13 12:43:40,625 WARN  org.apache.commons.jelly.tags.ant.AntTag - Could not convert tag: a into an Ant task, data type or property
2003-11-13 12:43:40,625 WARN  org.apache.commons.jelly.tags.ant.AntTag - Could not convert tag: br into an Ant task, data type or property
2003-11-13 12:43:40,625 WARN  org.apache.commons.jelly.tags.ant.AntTag - Could not convert tag: a into an Ant task, data type or property
2003-11-13 12:43:40,625 WARN  org.apache.commons.jelly.tags.ant.AntTag - Could not convert tag: br into an Ant task, data type or property
2003-11-13 12:43:40,625 WARN  org.apache.commons.jelly.tags.ant.AntTag - Could not convert tag: a into an Ant task, data type or property
2003-11-13 12:43:40,625 WARN  org.apache.commons.jelly.tags.ant.AntTag - Could not convert tag: br into an Ant task, data type or property
2003-11-13 12:43:40,625 WARN  org.apache.commons.jelly.tags.ant.AntTag - Could not convert tag: a into an Ant task, data type or property
2003-11-13 12:43:40,625 WARN  org.apache.commons.jelly.tags.ant.AntTag - Could not convert tag: br into an Ant task, data type or property
2003-11-13 12:43:40,625 WARN  org.apache.commons.jelly.tags.ant.AntTag - Could not convert tag: a into an Ant task, data type or property
2003-11-13 12:43:40,625 WARN  org.apache.commons.jelly.tags.ant.AntTag - Could not convert tag: br into an Ant task, data type or property
2003-11-13 12:43:40,625 WARN  org.apache.commons.jelly.tags.ant.AntTag - Could not convert tag: a into an Ant task, data type or property
2003-11-13 12:43:40,625 WARN  org.apache.commons.jelly.tags.ant.AntTag - Could not convert tag: br into an Ant task, data type or property
2003-11-13 12:43:40,625 WARN  org.apache.commons.jelly.tags.ant.AntTag - Could not convert tag: td into an Ant task, data type or property
2003-11-13 12:43:40,625 WARN  org.apache.commons.jelly.tags.ant.AntTag - Could not convert tag: a into an Ant task, data type or property
2003-11-13 12:43:40,625 WARN  org.apache.commons.jelly.tags.ant.AntTag - Could not convert tag: br into an Ant task, data type or property
2003-11-13 12:43:40,625 WARN  org.apache.commons.jelly.tags.ant.AntTag - Could not convert tag: a into an Ant task, data type or property
2003-11-13 12:43:40,625 WARN  org.apache.commons.jelly.tags.ant.AntTag - Could not convert tag: br into an Ant task, data type or property
2003-11-13 12:43:40,625 WARN  org.apache.commons.jelly.tags.ant.AntTag - Could not convert tag: a into an Ant task, data type or property
2003-11-13 12:43:40,625 WARN  org.apache.commons.jelly.tags.ant.AntTag - Could not convert tag: br into an Ant task, data type or property
2003-11-13 12:43:40,625 WARN  org.apache.commons.jelly.tags.ant.AntTag - Could not convert tag: a into an Ant task, data type or property
2003-11-13 12:43:40,625 WARN  org.apache.commons.jelly.tags.ant.AntTag - Could not convert tag: br into an Ant task, data type or property
2003-11-13 12:43:40,625 WARN  org.apache.commons.jelly.tags.ant.AntTag - Could not convert tag: a into an Ant task, data type or property
2003-11-13 12:43:40,625 WARN  org.apache.commons.jelly.tags.ant.AntTag - Could not convert tag: br into an Ant task, data type or property
2003-11-13 12:43:40,625 WARN  org.apache.commons.jelly.tags.ant.AntTag - Could not convert tag: a into an Ant task, data type or property
2003-11-13 12:43:40,625 WARN  org.apache.commons.jelly.tags.ant.AntTag - Could not convert tag: br into an Ant task, data type or property
2003-11-13 12:43:40,625 WARN  org.apache.commons.jelly.tags.ant.AntTag - Could not convert tag: a into an Ant task, data type or property
2003-11-13 12:43:40,625 WARN  org.apache.commons.jelly.tags.ant.AntTag - Could not convert tag: br into an Ant task, data type or property
2003-11-13 12:43:40,625 WARN  org.apache.commons.jelly.tags.ant.AntTag - Could not convert tag: td into an Ant task, data type or property
2003-11-13 12:43:40,625 WARN  org.apache.commons.jelly.tags.ant.AntTag - Could not convert tag: a into an Ant task, data type or property
2003-11-13 12:43:40,625 WARN  org.apache.commons.jelly.tags.ant.AntTag - Could not convert tag: br into an Ant task, data type or property
2003-11-13 12:43:40,625 WARN  org.apache.commons.jelly.tags.ant.AntTag - Could not convert tag: a into an Ant task, data type or property
2003-11-13 12:43:40,625 WARN  org.apache.commons.jelly.tags.ant.AntTag - Could not convert tag: br into an Ant task, data type or property
2003-11-13 12:43:40,625 WARN  org.apache.commons.jelly.tags.ant.AntTag - Could not convert tag: a into an Ant task, data type or property
2003-11-13 12:43:40,625 WARN  org.apache.commons.jelly.tags.ant.AntTag - Could not convert tag: br into an Ant task, data type or property
2003-11-13 12:43:40,625 WARN  org.apache.commons.jelly.tags.ant.AntTag - Could not convert tag: a into an Ant task, data type or property
2003-11-13 12:43:40,625 WARN  org.apache.commons.jelly.tags.ant.AntTag - Could not convert tag: br into an Ant task, data type or property
2003-11-13 12:43:40,625 WARN  org.apache.commons.jelly.tags.ant.AntTag - Could not convert tag: a into an Ant task, data type or property
2003-11-13 12:43:40,625 WARN  org.apache.commons.jelly.tags.ant.AntTag - Could not convert tag: br into an Ant task, data type or property
2003-11-13 12:43:40,625 WARN  org.apache.commons.jelly.tags.ant.AntTag - Could not convert tag: a into an Ant task, data type or property
2003-11-13 12:43:40,625 WARN  org.apache.commons.jelly.tags.ant.AntTag - Could not convert tag: br into an Ant task, data type or property
2003-11-13 12:43:40,625 WARN  org.apache.commons.jelly.tags.ant.AntTag - Could not convert tag: a into an Ant task, data type or property
2003-11-13 12:43:40,625 WARN  org.apache.commons.jelly.tags.ant.AntTag - Could not convert tag: br into an Ant task, data type or property
2003-11-13 12:43:40,625 WARN  org.apache.commons.jelly.tags.ant.AntTag - Could not convert tag: a into an Ant task, data type or property
2003-11-13 12:43:40,625 WARN  org.apache.commons.jelly.tags.ant.AntTag - Could not convert tag: br into an Ant task, data type or property
2003-11-13 12:43:40,625 WARN  org.apache.commons.jelly.tags.ant.AntTag - Could not convert tag: a into an Ant task, data type or property
2003-11-13 12:43:40,625 WARN  org.apache.commons.jelly.tags.ant.AntTag - Could not convert tag: br into an Ant task, data type or property
2003-11-13 12:43:40,625 WARN  org.apache.commons.jelly.tags.ant.AntTag - Could not convert tag: a into an Ant task, data type or property
2003-11-13 12:43:40,625 WARN  org.apache.commons.jelly.tags.ant.AntTag - Could not convert tag: br into an Ant task, data type or property
2003-11-13 12:43:40,625 WARN  org.apache.commons.jelly.tags.ant.AntTag - Could not convert tag: a into an Ant task, data type or property
2003-11-13 12:43:40,625 WARN  org.apache.commons.jelly.tags.ant.AntTag - Could not convert tag: br into an Ant task, data type or property
2003-11-13 12:43:40,625 WARN  org.apache.commons.jelly.tags.ant.AntTag - Could not convert tag: a into an Ant task, data type or property
2003-11-13 12:43:40,625 WARN  org.apache.commons.jelly.tags.ant.AntTag - Could not convert tag: br into an Ant task, data type or property
2003-11-13 12:43:40,625 WARN  org.apache.commons.jelly.tags.ant.AntTag - Could not convert tag: a into an Ant task, data type or property
2003-11-13 12:43:40,625 WARN  org.apache.commons.jelly.tags.ant.AntTag - Could not convert tag: br into an Ant task, data type or property
2003-11-13 12:43:40,625 WARN  org.apache.commons.jelly.tags.ant.AntTag - Could not convert tag: a into an Ant task, data type or property
2003-11-13 12:43:40,625 WARN  org.apache.commons.jelly.tags.ant.AntTag - Could not convert tag: br into an Ant task, data type or property
2003-11-13 12:43:40,625 WARN  org.apache.commons.jelly.tags.ant.AntTag - Could not convert tag: a into an Ant task, data type or property
2003-11-13 12:43:40,640 WARN  org.apache.commons.jelly.tags.ant.AntTag - Could not convert tag: br into an Ant task, data type or property
2003-11-13 12:43:40,640 WARN  org.apache.commons.jelly.tags.ant.AntTag - Could not convert tag: a into an Ant task, data type or property
2003-11-13 12:43:40,640 WARN  org.apache.commons.jelly.tags.ant.AntTag - Could not convert tag: br into an Ant task, data type or property
2003-11-13 12:43:40,640 WARN  org.apache.commons.jelly.tags.ant.AntTag - Could not convert tag: subsection into an Ant task, data type or property
2003-11-13 12:43:40,640 WARN  org.apache.commons.jelly.tags.ant.AntTag - Could not convert tag: table into an Ant task, data type or property
2003-11-13 12:43:40,640 WARN  org.apache.commons.jelly.tags.ant.AntTag - Could not convert tag: tr into an Ant task, data type or property
2003-11-13 12:43:40,640 WARN  org.apache.commons.jelly.tags.ant.AntTag - Could not convert tag: th into an Ant task, data type or property
2003-11-13 12:43:40,640 WARN  org.apache.commons.jelly.tags.ant.AntTag - Could not convert tag: th into an Ant task, data type or property
2003-11-13 12:43:40,640 WARN  org.apache.commons.jelly.tags.ant.AntTag - Could not convert tag: th into an Ant task, data type or property
2003-11-13 12:43:40,640 WARN  org.apache.commons.jelly.tags.ant.AntTag - Could not convert tag: th into an Ant task, data type or property
2003-11-13 12:43:40,640 WARN  org.apache.commons.jelly.tags.ant.AntTag - Could not convert tag: th into an Ant task, data type or property
2003-11-13 12:43:40,640 WARN  org.apache.commons.jelly.tags.ant.AntTag - Could not convert tag: tr into an Ant task, data type or property
2003-11-13 12:43:40,640 WARN  org.apache.commons.jelly.tags.ant.AntTag - Could not convert tag: td into an Ant task, data type or property
2003-11-13 12:43:40,640 WARN  org.apache.commons.jelly.tags.ant.AntTag - Could not convert tag: td into an Ant task, data type or property
2003-11-13 12:43:40,640 WARN  org.apache.commons.jelly.tags.ant.AntTag - Could not convert tag: td into an Ant task, data type or property
2003-11-13 12:43:40,640 WARN  org.apache.commons.jelly.tags.ant.AntTag - Could not convert tag: td into an Ant task, data type or property
2003-11-13 12:43:40,640 WARN  org.apache.commons.jelly.tags.ant.AntTag - Could not convert tag: td into an Ant task, data type or property
2003-11-13 12:43:40,640 WARN  org.apache.commons.jelly.tags.ant.AntTag - Could not convert tag: table into an Ant task, data type or property
2003-11-13 12:43:40,640 WARN  org.apache.commons.jelly.tags.ant.AntTag - Could not convert tag: tr into an Ant task, data type or property
2003-11-13 12:43:40,640 WARN  org.apache.commons.jelly.tags.ant.AntTag - Could not convert tag: th into an Ant task, data type or property
2003-11-13 12:43:40,640 WARN  org.apache.commons.jelly.tags.ant.AntTag - Could not convert tag: th into an Ant task, data type or property
2003-11-13 12:43:40,640 WARN  org.apache.commons.jelly.tags.ant.AntTag - Could not convert tag: th into an Ant task, data type or property
2003-11-13 12:43:40,640 WARN  org.apache.commons.jelly.tags.ant.AntTag - Could not convert tag: th into an Ant task, data type or property
2003-11-13 12:43:40,640 WARN  org.apache.commons.jelly.tags.ant.AntTag - Could not convert tag: tr into an Ant task, data type or property
2003-11-13 12:43:40,640 WARN  org.apache.commons.jelly.tags.ant.AntTag - Could not convert tag: td into an Ant task, data type or property
2003-11-13 12:43:40,640 WARN  org.apache.commons.jelly.tags.ant.AntTag - Could not convert tag: a into an Ant task, data type or property
2003-11-13 12:43:40,640 WARN  org.apache.commons.jelly.tags.ant.AntTag - Could not convert tag: br into an Ant task, data type or property
2003-11-13 12:43:40,640 WARN  org.apache.commons.jelly.tags.ant.AntTag - Could not convert tag: td into an Ant task, data type or property
2003-11-13 12:43:40,640 WARN  org.apache.commons.jelly.tags.ant.AntTag - Could not convert tag: a into an Ant task, data type or property
2003-11-13 12:43:40,640 WARN  org.apache.commons.jelly.tags.ant.AntTag - Could not convert tag: br into an Ant task, data type or property
2003-11-13 12:43:40,640 WARN  org.apache.commons.jelly.tags.ant.AntTag - Could not convert tag: a into an Ant task, data type or property
2003-11-13 12:43:40,640 WARN  org.apache.commons.jelly.tags.ant.AntTag - Could not convert tag: br into an Ant task, data type or property
2003-11-13 12:43:40,640 WARN  org.apache.commons.jelly.tags.ant.AntTag - Could not convert tag: a into an Ant task, data type or property
2003-11-13 12:43:40,640 WARN  org.apache.commons.jelly.tags.ant.AntTag - Could not convert tag: br into an Ant task, data type or property
2003-11-13 12:43:40,640 WARN  org.apache.commons.jelly.tags.ant.AntTag - Could not convert tag: a into an Ant task, data type or property
2003-11-13 12:43:40,640 WARN  org.apache.commons.jelly.tags.ant.AntTag - Could not convert tag: br into an Ant task, data type or property
2003-11-13 12:43:40,640 WARN  org.apache.commons.jelly.tags.ant.AntTag - Could not convert tag: a into an Ant task, data type or property
2003-11-13 12:43:40,640 WARN  org.apache.commons.jelly.tags.ant.AntTag - Could not convert tag: br into an Ant task, data type or property
2003-11-13 12:43:40,640 WARN  org.apache.commons.jelly.tags.ant.AntTag - Could not convert tag: a into an Ant task, data type or property
2003-11-13 12:43:40,640 WARN  org.apache.commons.jelly.tags.ant.AntTag - Could not convert tag: br into an Ant task, data type or property
2003-11-13 12:43:40,640 WARN  org.apache.commons.jelly.tags.ant.AntTag - Could not convert tag: a into an Ant task, data type or property
2003-11-13 12:43:40,640 WARN  org.apache.commons.jelly.tags.ant.AntTag - Could not convert tag: br into an Ant task, data type or property
2003-11-13 12:43:40,640 WARN  org.apache.commons.jelly.tags.ant.AntTag - Could not convert tag: a into an Ant task, data type or property
2003-11-13 12:43:40,640 WARN  org.apache.commons.jelly.tags.ant.AntTag - Could not convert tag: br into an Ant task, data type or property
2003-11-13 12:43:40,640 WARN  org.apache.commons.jelly.tags.ant.AntTag - Could not convert tag: a into an Ant task, data type or property
2003-11-13 12:43:40,640 WARN  org.apache.commons.jelly.tags.ant.AntTag - Could not convert tag: br into an Ant task, data type or property
2003-11-13 12:43:40,640 WARN  org.apache.commons.jelly.tags.ant.AntTag - Could not convert tag: a into an Ant task, data type or property
2003-11-13 12:43:40,640 WARN  org.apache.commons.jelly.tags.ant.AntTag - Could not convert tag: br into an Ant task, data type or property
2003-11-13 12:43:40,640 WARN  org.apache.commons.jelly.tags.ant.AntTag - Could not convert tag: a into an Ant task, data type or property
2003-11-13 12:43:40,640 WARN  org.apache.commons.jelly.tags.ant.AntTag - Could not convert tag: br into an Ant task, data type or property
2003-11-13 12:43:40,640 WARN  org.apache.commons.jelly.tags.ant.AntTag - Could not convert tag: a into an Ant task, data type or property
2003-11-13 12:43:40,640 WARN  org.apache.commons.jelly.tags.ant.AntTag - Could not convert tag: br into an Ant task, data type or property
2003-11-13 12:43:40,640 WARN  org.apache.commons.jelly.tags.ant.AntTag - Could not convert tag: a into an Ant task, data type or property
2003-11-13 12:43:40,640 WARN  org.apache.commons.jelly.tags.ant.AntTag - Could not convert tag: br into an Ant task, data type or property
2003-11-13 12:43:40,640 WARN  org.apache.commons.jelly.tags.ant.AntTag - Could not convert tag: a into an Ant task, data type or property
2003-11-13 12:43:40,640 WARN  org.apache.commons.jelly.tags.ant.AntTag - Could not convert tag: br into an Ant task, data type or property
2003-11-13 12:43:40,640 WARN  org.apache.commons.jelly.tags.ant.AntTag - Could not convert tag: a into an Ant task, data type or property
2003-11-13 12:43:40,640 WARN  org.apache.commons.jelly.tags.ant.AntTag - Could not convert tag: br into an Ant task, data type or property
2003-11-13 12:43:40,640 WARN  org.apache.commons.jelly.tags.ant.AntTag - Could not convert tag: a into an Ant task, data type or property
2003-11-13 12:43:40,640 WARN  org.apache.commons.jelly.tags.ant.AntTag - Could not convert tag: br into an Ant task, data type or property
2003-11-13 12:43:40,640 WARN  org.apache.commons.jelly.tags.ant.AntTag - Could not convert tag: td into an Ant task, data type or property
2003-11-13 12:43:40,640 WARN  org.apache.commons.jelly.tags.ant.AntTag - Could not convert tag: a into an Ant task, data type or property
2003-11-13 12:43:40,640 WARN  org.apache.commons.jelly.tags.ant.AntTag - Could not convert tag: br into an Ant task, data type or property
2003-11-13 12:43:40,640 WARN  org.apache.commons.jelly.tags.ant.AntTag - Could not convert tag: a into an Ant task, data type or property
2003-11-13 12:43:40,640 WARN  org.apache.commons.jelly.tags.ant.AntTag - Could not convert tag: br into an Ant task, data type or property
2003-11-13 12:43:40,640 WARN  org.apache.commons.jelly.tags.ant.AntTag - Could not convert tag: a into an Ant task, data type or property
2003-11-13 12:43:40,640 WARN  org.apache.commons.jelly.tags.ant.AntTag - Could not convert tag: br into an Ant task, data type or property
2003-11-13 12:43:40,640 WARN  org.apache.commons.jelly.tags.ant.AntTag - Could not convert tag: a into an Ant task, data type or property
2003-11-13 12:43:40,656 WARN  org.apache.commons.jelly.tags.ant.AntTag - Could not convert tag: br into an Ant task, data type or property
2003-11-13 12:43:40,656 WARN  org.apache.commons.jelly.tags.ant.AntTag - Could not convert tag: a into an Ant task, data type or property
2003-11-13 12:43:40,656 WARN  org.apache.commons.jelly.tags.ant.AntTag - Could not convert tag: br into an Ant task, data type or property
2003-11-13 12:43:40,656 WARN  org.apache.commons.jelly.tags.ant.AntTag - Could not convert tag: a into an Ant task, data type or property
2003-11-13 12:43:40,656 WARN  org.apache.commons.jelly.tags.ant.AntTag - Could not convert tag: br into an Ant task, data type or property
2003-11-13 12:43:40,656 WARN  org.apache.commons.jelly.tags.ant.AntTag - Could not convert tag: a into an Ant task, data type or property
2003-11-13 12:43:40,656 WARN  org.apache.commons.jelly.tags.ant.AntTag - Could not convert tag: br into an Ant task, data type or property
2003-11-13 12:43:40,656 WARN  org.apache.commons.jelly.tags.ant.AntTag - Could not convert tag: a into an Ant task, data type or property
2003-11-13 12:43:40,656 WARN  org.apache.commons.jelly.tags.ant.AntTag - Could not convert tag: br into an Ant task, data type or property
2003-11-13 12:43:40,656 WARN  org.apache.commons.jelly.tags.ant.AntTag - Could not convert tag: a into an Ant task, data type or property
2003-11-13 12:43:40,656 WARN  org.apache.commons.jelly.tags.ant.AntTag - Could not convert tag: br into an Ant task, data type or property
2003-11-13 12:43:40,656 WARN  org.apache.commons.jelly.tags.ant.AntTag - Could not convert tag: td into an Ant task, data type or property
2003-11-13 12:43:40,656 WARN  org.apache.commons.jelly.tags.ant.AntTag - Could not convert tag: a into an Ant task, data type or property
2003-11-13 12:43:40,656 WARN  org.apache.commons.jelly.tags.ant.AntTag - Could not convert tag: br into an Ant task, data type or property
2003-11-13 12:43:40,656 WARN  org.apache.commons.jelly.tags.ant.AntTag - Could not convert tag: a into an Ant task, data type or property
2003-11-13 12:43:40,656 WARN  org.apache.commons.jelly.tags.ant.AntTag - Could not convert tag: br into an Ant task, data type or property
2003-11-13 12:43:40,656 WARN  org.apache.commons.jelly.tags.ant.AntTag - Could not convert tag: a into an Ant task, data type or property
2003-11-13 12:43:40,656 WARN  org.apache.commons.jelly.tags.ant.AntTag - Could not convert tag: br into an Ant task, data type or property
2003-11-13 12:43:40,656 WARN  org.apache.commons.jelly.tags.ant.AntTag - Could not convert tag: a into an Ant task, data type or property
2003-11-13 12:43:40,656 WARN  org.apache.commons.jelly.tags.ant.AntTag - Could not convert tag: br into an Ant task, data type or property
2003-11-13 12:43:40,656 WARN  org.apache.commons.jelly.tags.ant.AntTag - Could not convert tag: a into an Ant task, data type or property
2003-11-13 12:43:40,656 WARN  org.apache.commons.jelly.tags.ant.AntTag - Could not convert tag: br into an Ant task, data type or property
2003-11-13 12:43:40,656 WARN  org.apache.commons.jelly.tags.ant.AntTag - Could not convert tag: a into an Ant task, data type or property
2003-11-13 12:43:40,656 WARN  org.apache.commons.jelly.tags.ant.AntTag - Could not convert tag: br into an Ant task, data type or property
2003-11-13 12:43:40,656 WARN  org.apache.commons.jelly.tags.ant.AntTag - Could not convert tag: a into an Ant task, data type or property
2003-11-13 12:43:40,656 WARN  org.apache.commons.jelly.tags.ant.AntTag - Could not convert tag: br into an Ant task, data type or property
2003-11-13 12:43:40,656 WARN  org.apache.commons.jelly.tags.ant.AntTag - Could not convert tag: a into an Ant task, data type or property
2003-11-13 12:43:40,656 WARN  org.apache.commons.jelly.tags.ant.AntTag - Could not convert tag: br into an Ant task, data type or property
2003-11-13 12:43:40,656 WARN  org.apache.commons.jelly.tags.ant.AntTag - Could not convert tag: a into an Ant task, data type or property
2003-11-13 12:43:40,656 WARN  org.apache.commons.jelly.tags.ant.AntTag - Could not convert tag: br into an Ant task, data type or property
2003-11-13 12:43:40,656 WARN  org.apache.commons.jelly.tags.ant.AntTag - Could not convert tag: a into an Ant task, data type or property
2003-11-13 12:43:40,656 WARN  org.apache.commons.jelly.tags.ant.AntTag - Could not convert tag: br into an Ant task, data type or property
2003-11-13 12:43:40,656 WARN  org.apache.commons.jelly.tags.ant.AntTag - Could not convert tag: a into an Ant task, data type or property
2003-11-13 12:43:40,656 WARN  org.apache.commons.jelly.tags.ant.AntTag - Could not convert tag: br into an Ant task, data type or property
2003-11-13 12:43:40,656 WARN  org.apache.commons.jelly.tags.ant.AntTag - Could not convert tag: a into an Ant task, data type or property
2003-11-13 12:43:40,656 WARN  org.apache.commons.jelly.tags.ant.AntTag - Could not convert tag: br into an Ant task, data type or property
2003-11-13 12:43:40,656 WARN  org.apache.commons.jelly.tags.ant.AntTag - Could not convert tag: a into an Ant task, data type or property
2003-11-13 12:43:40,656 WARN  org.apache.commons.jelly.tags.ant.AntTag - Could not convert tag: br into an Ant task, data type or property
2003-11-13 12:43:40,656 WARN  org.apache.commons.jelly.tags.ant.AntTag - Could not convert tag: a into an Ant task, data type or property
2003-11-13 12:43:40,656 WARN  org.apache.commons.jelly.tags.ant.AntTag - Could not convert tag: br into an Ant task, data type or property
2003-11-13 12:43:40,656 WARN  org.apache.commons.jelly.tags.ant.AntTag - Could not convert tag: a into an Ant task, data type or property
2003-11-13 12:43:40,656 WARN  org.apache.commons.jelly.tags.ant.AntTag - Could not convert tag: br into an Ant task, data type or property
2003-11-13 12:43:40,656 WARN  org.apache.commons.jelly.tags.ant.AntTag - Could not convert tag: a into an Ant task, data type or property
2003-11-13 12:43:40,656 WARN  org.apache.commons.jelly.tags.ant.AntTag - Could not convert tag: br into an Ant task, data type or property
2003-11-13 12:43:40,656 WARN  org.apache.commons.jelly.tags.ant.AntTag - Could not convert tag: a into an Ant task, data type or property
2003-11-13 12:43:40,656 WARN  org.apache.commons.jelly.tags.ant.AntTag - Could not convert tag: br into an Ant task, data type or property
2003-11-13 12:43:40,656 WARN  org.apache.commons.jelly.tags.ant.AntTag - Could not convert tag: a into an Ant task, data type or property
2003-11-13 12:43:40,656 WARN  org.apache.commons.jelly.tags.ant.AntTag - Could not convert tag: br into an Ant task, data type or property
2003-11-13 12:43:40,656 WARN  org.apache.commons.jelly.tags.ant.AntTag - Could not convert tag: a into an Ant task, data type or property
2003-11-13 12:43:40,656 WARN  org.apache.commons.jelly.tags.ant.AntTag - Could not convert tag: br into an Ant task, data type or property
2003-11-13 12:43:40,656 WARN  org.apache.commons.jelly.tags.ant.AntTag - Could not convert tag: a into an Ant task, data type or property
2003-11-13 12:43:40,656 WARN  org.apache.commons.jelly.tags.ant.AntTag - Could not convert tag: br into an Ant task, data type or property
2003-11-13 12:43:40,656 WARN  org.apache.commons.jelly.tags.ant.AntTag - Could not convert tag: a into an Ant task, data type or property
2003-11-13 12:43:40,656 WARN  org.apache.commons.jelly.tags.ant.AntTag - Could not convert tag: br into an Ant task, data type or property
2003-11-13 12:43:40,656 WARN  org.apache.commons.jelly.tags.ant.AntTag - Could not convert tag: a into an Ant task, data type or property
2003-11-13 12:43:40,656 WARN  org.apache.commons.jelly.tags.ant.AntTag - Could not convert tag: br into an Ant task, data type or property
2003-11-13 12:43:40,656 WARN  org.apache.commons.jelly.tags.ant.AntTag - Could not convert tag: a into an Ant task, data type or property
2003-11-13 12:43:40,656 WARN  org.apache.commons.jelly.tags.ant.AntTag - Could not convert tag: br into an Ant task, data type or property
2003-11-13 12:43:40,656 WARN  org.apache.commons.jelly.tags.ant.AntTag - Could not convert tag: a into an Ant task, data type or property
2003-11-13 12:43:40,656 WARN  org.apache.commons.jelly.tags.ant.AntTag - Could not convert tag: br into an Ant task, data type or property
2003-11-13 12:43:40,656 WARN  org.apache.commons.jelly.tags.ant.AntTag - Could not convert tag: a into an Ant task, data type or property
2003-11-13 12:43:40,656 WARN  org.apache.commons.jelly.tags.ant.AntTag - Could not convert tag: br into an Ant task, data type or property
2003-11-13 12:43:40,656 WARN  org.apache.commons.jelly.tags.ant.AntTag - Could not convert tag: a into an Ant task, data type or property
2003-11-13 12:43:40,656 WARN  org.apache.commons.jelly.tags.ant.AntTag - Could not convert tag: br into an Ant task, data type or property
2003-11-13 12:43:40,656 WARN  org.apache.commons.jelly.tags.ant.AntTag - Could not convert tag: a into an Ant task, data type or property
2003-11-13 12:43:40,656 WARN  org.apache.commons.jelly.tags.ant.AntTag - Could not convert tag: br into an Ant task, data type or property
2003-11-13 12:43:40,656 WARN  org.apache.commons.jelly.tags.ant.AntTag - Could not convert tag: a into an Ant task, data type or property
2003-11-13 12:43:40,656 WARN  org.apache.commons.jelly.tags.ant.AntTag - Could not convert tag: br into an Ant task, data type or property
2003-11-13 12:43:40,656 WARN  org.apache.commons.jelly.tags.ant.AntTag - Could not convert tag: a into an Ant task, data type or property
2003-11-13 12:43:40,656 WARN  org.apache.commons.jelly.tags.ant.AntTag - Could not convert tag: br into an Ant task, data type or property
2003-11-13 12:43:40,656 WARN  org.apache.commons.jelly.tags.ant.AntTag - Could not convert tag: a into an Ant task, data type or property
2003-11-13 12:43:40,656 WARN  org.apache.commons.jelly.tags.ant.AntTag - Could not convert tag: br into an Ant task, data type or property
2003-11-13 12:43:40,656 WARN  org.apache.commons.jelly.tags.ant.AntTag - Could not convert tag: subsection into an Ant task, data type or property
2003-11-13 12:43:40,656 WARN  org.apache.commons.jelly.tags.ant.AntTag - Could not convert tag: table into an Ant task, data type or property
2003-11-13 12:43:40,656 WARN  org.apache.commons.jelly.tags.ant.AntTag - Could not convert tag: tr into an Ant task, data type or property
2003-11-13 12:43:40,656 WARN  org.apache.commons.jelly.tags.ant.AntTag - Could not convert tag: th into an Ant task, data type or property
2003-11-13 12:43:40,656 WARN  org.apache.commons.jelly.tags.ant.AntTag - Could not convert tag: th into an Ant task, data type or property
2003-11-13 12:43:40,656 WARN  org.apache.commons.jelly.tags.ant.AntTag - Could not convert tag: th into an Ant task, data type or property
2003-11-13 12:43:40,656 WARN  org.apache.commons.jelly.tags.ant.AntTag - Could not convert tag: th into an Ant task, data type or property
2003-11-13 12:43:40,656 WARN  org.apache.commons.jelly.tags.ant.AntTag - Could not convert tag: th into an Ant task, data type or property
2003-11-13 12:43:40,656 WARN  org.apache.commons.jelly.tags.ant.AntTag - Could not convert tag: tr into an Ant task, data type or property
2003-11-13 12:43:40,656 WARN  org.apache.commons.jelly.tags.ant.AntTag - Could not convert tag: td into an Ant task, data type or property
2003-11-13 12:43:40,656 WARN  org.apache.commons.jelly.tags.ant.AntTag - Could not convert tag: td into an Ant task, data type or property
2003-11-13 12:43:40,656 WARN  org.apache.commons.jelly.tags.ant.AntTag - Could not convert tag: td into an Ant task, data type or property
2003-11-13 12:43:40,656 WARN  org.apache.commons.jelly.tags.ant.AntTag - Could not convert tag: td into an Ant task, data type or property
2003-11-13 12:43:40,656 WARN  org.apache.commons.jelly.tags.ant.AntTag - Could not convert tag: td into an Ant task, data type or property
2003-11-13 12:43:40,656 WARN  org.apache.commons.jelly.tags.ant.AntTag - Could not convert tag: table into an Ant task, data type or property
2003-11-13 12:43:40,656 WARN  org.apache.commons.jelly.tags.ant.AntTag - Could not convert tag: tr into an Ant task, data type or property
2003-11-13 12:43:40,656 WARN  org.apache.commons.jelly.tags.ant.AntTag - Could not convert tag: th into an Ant task, data type or property
2003-11-13 12:43:40,656 WARN  org.apache.commons.jelly.tags.ant.AntTag - Could not convert tag: th into an Ant task, data type or property
2003-11-13 12:43:40,656 WARN  org.apache.commons.jelly.tags.ant.AntTag - Could not convert tag: th into an Ant task, data type or property
2003-11-13 12:43:40,656 WARN  org.apache.commons.jelly.tags.ant.AntTag - Could not convert tag: th into an Ant task, data type or property
2003-11-13 12:43:40,656 WARN  org.apache.commons.jelly.tags.ant.AntTag - Could not convert tag: tr into an Ant task, data type or property
2003-11-13 12:43:40,656 WARN  org.apache.commons.jelly.tags.ant.AntTag - Could not convert tag: td into an Ant task, data type or property
2003-11-13 12:43:40,671 WARN  org.apache.commons.jelly.tags.ant.AntTag - Could not convert tag: td into an Ant task, data type or property
2003-11-13 12:43:40,671 WARN  org.apache.commons.jelly.tags.ant.AntTag - Could not convert tag: a into an Ant task, data type or property
2003-11-13 12:43:40,671 WARN  org.apache.commons.jelly.tags.ant.AntTag - Could not convert tag: br into an Ant task, data type or property
2003-11-13 12:43:40,671 WARN  org.apache.commons.jelly.tags.ant.AntTag - Could not convert tag: a into an Ant task, data type or property
2003-11-13 12:43:40,671 WARN  org.apache.commons.jelly.tags.ant.AntTag - Could not convert tag: br into an Ant task, data type or property
2003-11-13 12:43:40,671 WARN  org.apache.commons.jelly.tags.ant.AntTag - Could not convert tag: a into an Ant task, data type or property
2003-11-13 12:43:40,671 WARN  org.apache.commons.jelly.tags.ant.AntTag - Could not convert tag: br into an Ant task, data type or property
2003-11-13 12:43:40,671 WARN  org.apache.commons.jelly.tags.ant.AntTag - Could not convert tag: a into an Ant task, data type or property
2003-11-13 12:43:40,671 WARN  org.apache.commons.jelly.tags.ant.AntTag - Could not convert tag: br into an Ant task, data type or property
2003-11-13 12:43:40,671 WARN  org.apache.commons.jelly.tags.ant.AntTag - Could not convert tag: td into an Ant task, data type or property
2003-11-13 12:43:40,671 WARN  org.apache.commons.jelly.tags.ant.AntTag - Could not convert tag: a into an Ant task, data type or property
2003-11-13 12:43:40,671 WARN  org.apache.commons.jelly.tags.ant.AntTag - Could not convert tag: br into an Ant task, data type or property
2003-11-13 12:43:40,671 WARN  org.apache.commons.jelly.tags.ant.AntTag - Could not convert tag: td into an Ant task, data type or property
2003-11-13 12:43:40,671 WARN  org.apache.commons.jelly.tags.ant.AntTag - Could not convert tag: a into an Ant task, data type or property
2003-11-13 12:43:40,671 WARN  org.apache.commons.jelly.tags.ant.AntTag - Could not convert tag: br into an Ant task, data type or property
2003-11-13 12:43:40,671 WARN  org.apache.commons.jelly.tags.ant.AntTag - Could not convert tag: a into an Ant task, data type or property
2003-11-13 12:43:40,671 WARN  org.apache.commons.jelly.tags.ant.AntTag - Could not convert tag: br into an Ant task, data type or property
2003-11-13 12:43:40,671 WARN  org.apache.commons.jelly.tags.ant.AntTag - Could not convert tag: a into an Ant task, data type or property
2003-11-13 12:43:40,671 WARN  org.apache.commons.jelly.tags.ant.AntTag - Could not convert tag: br into an Ant task, data type or property
2003-11-13 12:43:40,671 WARN  org.apache.commons.jelly.tags.ant.AntTag - Could not convert tag: a into an Ant task, data type or property
2003-11-13 12:43:40,671 WARN  org.apache.commons.jelly.tags.ant.AntTag - Could not convert tag: br into an Ant task, data type or property
2003-11-13 12:43:40,671 WARN  org.apache.commons.jelly.tags.ant.AntTag - Could not convert tag: a into an Ant task, data type or property
2003-11-13 12:43:40,671 WARN  org.apache.commons.jelly.tags.ant.AntTag - Could not convert tag: br into an Ant task, data type or property
2003-11-13 12:43:40,671 WARN  org.apache.commons.jelly.tags.ant.AntTag - Could not convert tag: a into an Ant task, data type or property
2003-11-13 12:43:40,671 WARN  org.apache.commons.jelly.tags.ant.AntTag - Could not convert tag: br into an Ant task, data type or property
2003-11-13 12:43:40,671 WARN  org.apache.commons.jelly.tags.ant.AntTag - Could not convert tag: a into an Ant task, data type or property
2003-11-13 12:43:40,671 WARN  org.apache.commons.jelly.tags.ant.AntTag - Could not convert tag: br into an Ant task, data type or property
2003-11-13 12:43:40,671 WARN  org.apache.commons.jelly.tags.ant.AntTag - Could not convert tag: a into an Ant task, data type or property
2003-11-13 12:43:40,671 WARN  org.apache.commons.jelly.tags.ant.AntTag - Could not convert tag: br into an Ant task, data type or property
2003-11-13 12:43:40,671 WARN  org.apache.commons.jelly.tags.ant.AntTag - Could not convert tag: a into an Ant task, data type or property
2003-11-13 12:43:40,671 WARN  org.apache.commons.jelly.tags.ant.AntTag - Could not convert tag: br into an Ant task, data type or property
2003-11-13 12:43:40,671 WARN  org.apache.commons.jelly.tags.ant.AntTag - Could not convert tag: a into an Ant task, data type or property
2003-11-13 12:43:40,671 WARN  org.apache.commons.jelly.tags.ant.AntTag - Could not convert tag: br into an Ant task, data type or property
2003-11-13 12:43:40,671 WARN  org.apache.commons.jelly.tags.ant.AntTag - Could not convert tag: a into an Ant task, data type or property
2003-11-13 12:43:40,671 WARN  org.apache.commons.jelly.tags.ant.AntTag - Could not convert tag: br into an Ant task, data type or property
2003-11-13 12:43:40,671 WARN  org.apache.commons.jelly.tags.ant.AntTag - Could not convert tag: a into an Ant task, data type or property
2003-11-13 12:43:40,671 WARN  org.apache.commons.jelly.tags.ant.AntTag - Could not convert tag: br into an Ant task, data type or property
2003-11-13 12:43:40,671 WARN  org.apache.commons.jelly.tags.ant.AntTag - Could not convert tag: a into an Ant task, data type or property
2003-11-13 12:43:40,671 WARN  org.apache.commons.jelly.tags.ant.AntTag - Could not convert tag: br into an Ant task, data type or property
2003-11-13 12:43:40,671 WARN  org.apache.commons.jelly.tags.ant.AntTag - Could not convert tag: subsection into an Ant task, data type or property
2003-11-13 12:43:40,671 WARN  org.apache.commons.jelly.tags.ant.AntTag - Could not convert tag: table into an Ant task, data type or property
2003-11-13 12:43:40,671 WARN  org.apache.commons.jelly.tags.ant.AntTag - Could not convert tag: tr into an Ant task, data type or property
2003-11-13 12:43:40,671 WARN  org.apache.commons.jelly.tags.ant.AntTag - Could not convert tag: th into an Ant task, data type or property
2003-11-13 12:43:40,671 WARN  org.apache.commons.jelly.tags.ant.AntTag - Could not convert tag: th into an Ant task, data type or property
2003-11-13 12:43:40,671 WARN  org.apache.commons.jelly.tags.ant.AntTag - Could not convert tag: th into an Ant task, data type or property
2003-11-13 12:43:40,671 WARN  org.apache.commons.jelly.tags.ant.AntTag - Could not convert tag: th into an Ant task, data type or property
2003-11-13 12:43:40,671 WARN  org.apache.commons.jelly.tags.ant.AntTag - Could not convert tag: th into an Ant task, data type or property
2003-11-13 12:43:40,671 WARN  org.apache.commons.jelly.tags.ant.AntTag - Could not convert tag: tr into an Ant task, data type or property
2003-11-13 12:43:40,671 WARN  org.apache.commons.jelly.tags.ant.AntTag - Could not convert tag: td into an Ant task, data type or property
2003-11-13 12:43:40,671 WARN  org.apache.commons.jelly.tags.ant.AntTag - Could not convert tag: td into an Ant task, data type or property
2003-11-13 12:43:40,671 WARN  org.apache.commons.jelly.tags.ant.AntTag - Could not convert tag: td into an Ant task, data type or property
2003-11-13 12:43:40,671 WARN  org.apache.commons.jelly.tags.ant.AntTag - Could not convert tag: td into an Ant task, data type or property
2003-11-13 12:43:40,671 WARN  org.apache.commons.jelly.tags.ant.AntTag - Could not convert tag: td into an Ant task, data type or property
2003-11-13 12:43:40,671 WARN  org.apache.commons.jelly.tags.ant.AntTag - Could not convert tag: table into an Ant task, data type or property
2003-11-13 12:43:40,671 WARN  org.apache.commons.jelly.tags.ant.AntTag - Could not convert tag: tr into an Ant task, data type or property
2003-11-13 12:43:40,671 WARN  org.apache.commons.jelly.tags.ant.AntTag - Could not convert tag: th into an Ant task, data type or property
2003-11-13 12:43:40,671 WARN  org.apache.commons.jelly.tags.ant.AntTag - Could not convert tag: th into an Ant task, data type or property
2003-11-13 12:43:40,671 WARN  org.apache.commons.jelly.tags.ant.AntTag - Could not convert tag: th into an Ant task, data type or property
2003-11-13 12:43:40,671 WARN  org.apache.commons.jelly.tags.ant.AntTag - Could not convert tag: th into an Ant task, data type or property
2003-11-13 12:43:40,671 WARN  org.apache.commons.jelly.tags.ant.AntTag - Could not convert tag: tr into an Ant task, data type or property
2003-11-13 12:43:40,671 WARN  org.apache.commons.jelly.tags.ant.AntTag - Could not convert tag: td into an Ant task, data type or property
2003-11-13 12:43:40,671 WARN  org.apache.commons.jelly.tags.ant.AntTag - Could not convert tag: td into an Ant task, data type or property
2003-11-13 12:43:40,671 WARN  org.apache.commons.jelly.tags.ant.AntTag - Could not convert tag: a into an Ant task, data type or property
2003-11-13 12:43:40,671 WARN  org.apache.commons.jelly.tags.ant.AntTag - Could not convert tag: br into an Ant task, data type or property
2003-11-13 12:43:40,687 WARN  org.apache.commons.jelly.tags.ant.AntTag - Could not convert tag: a into an Ant task, data type or property
2003-11-13 12:43:40,687 WARN  org.apache.commons.jelly.tags.ant.AntTag - Could not convert tag: br into an Ant task, data type or property
2003-11-13 12:43:40,687 WARN  org.apache.commons.jelly.tags.ant.AntTag - Could not convert tag: a into an Ant task, data type or property
2003-11-13 12:43:40,687 WARN  org.apache.commons.jelly.tags.ant.AntTag - Could not convert tag: br into an Ant task, data type or property
2003-11-13 12:43:40,687 WARN  org.apache.commons.jelly.tags.ant.AntTag - Could not convert tag: a into an Ant task, data type or property
2003-11-13 12:43:40,687 WARN  org.apache.commons.jelly.tags.ant.AntTag - Could not convert tag: br into an Ant task, data type or property
2003-11-13 12:43:40,687 WARN  org.apache.commons.jelly.tags.ant.AntTag - Could not convert tag: a into an Ant task, data type or property
2003-11-13 12:43:40,687 WARN  org.apache.commons.jelly.tags.ant.AntTag - Could not convert tag: br into an Ant task, data type or property
2003-11-13 12:43:40,687 WARN  org.apache.commons.jelly.tags.ant.AntTag - Could not convert tag: a into an Ant task, data type or property
2003-11-13 12:43:40,687 WARN  org.apache.commons.jelly.tags.ant.AntTag - Could not convert tag: br into an Ant task, data type or property
2003-11-13 12:43:40,687 WARN  org.apache.commons.jelly.tags.ant.AntTag - Could not convert tag: a into an Ant task, data type or property
2003-11-13 12:43:40,687 WARN  org.apache.commons.jelly.tags.ant.AntTag - Could not convert tag: br into an Ant task, data type or property
2003-11-13 12:43:40,687 WARN  org.apache.commons.jelly.tags.ant.AntTag - Could not convert tag: a into an Ant task, data type or property
2003-11-13 12:43:40,687 WARN  org.apache.commons.jelly.tags.ant.AntTag - Could not convert tag: br into an Ant task, data type or property
2003-11-13 12:43:40,687 WARN  org.apache.commons.jelly.tags.ant.AntTag - Could not convert tag: a into an Ant task, data type or property
2003-11-13 12:43:40,687 WARN  org.apache.commons.jelly.tags.ant.AntTag - Could not convert tag: br into an Ant task, data type or property
2003-11-13 12:43:40,687 WARN  org.apache.commons.jelly.tags.ant.AntTag - Could not convert tag: td into an Ant task, data type or property
2003-11-13 12:43:40,687 WARN  org.apache.commons.jelly.tags.ant.AntTag - Could not convert tag: a into an Ant task, data type or property
2003-11-13 12:43:40,687 WARN  org.apache.commons.jelly.tags.ant.AntTag - Could not convert tag: br into an Ant task, data type or property
2003-11-13 12:43:40,687 WARN  org.apache.commons.jelly.tags.ant.AntTag - Could not convert tag: td into an Ant task, data type or property
2003-11-13 12:43:40,687 WARN  org.apache.commons.jelly.tags.ant.AntTag - Could not convert tag: a into an Ant task, data type or property
2003-11-13 12:43:40,687 WARN  org.apache.commons.jelly.tags.ant.AntTag - Could not convert tag: br into an Ant task, data type or property
2003-11-13 12:43:40,687 WARN  org.apache.commons.jelly.tags.ant.AntTag - Could not convert tag: a into an Ant task, data type or property
2003-11-13 12:43:40,687 WARN  org.apache.commons.jelly.tags.ant.AntTag - Could not convert tag: br into an Ant task, data type or property
2003-11-13 12:43:40,687 WARN  org.apache.commons.jelly.tags.ant.AntTag - Could not convert tag: a into an Ant task, data type or property
2003-11-13 12:43:40,687 WARN  org.apache.commons.jelly.tags.ant.AntTag - Could not convert tag: br into an Ant task, data type or property
2003-11-13 12:43:40,687 WARN  org.apache.commons.jelly.tags.ant.AntTag - Could not convert tag: a into an Ant task, data type or property
2003-11-13 12:43:40,687 WARN  org.apache.commons.jelly.tags.ant.AntTag - Could not convert tag: br into an Ant task, data type or property
2003-11-13 12:43:40,687 WARN  org.apache.commons.jelly.tags.ant.AntTag - Could not convert tag: a into an Ant task, data type or property
2003-11-13 12:43:40,687 WARN  org.apache.commons.jelly.tags.ant.AntTag - Could not convert tag: br into an Ant task, data type or property
2003-11-13 12:43:40,687 WARN  org.apache.commons.jelly.tags.ant.AntTag - Could not convert tag: a into an Ant task, data type or property
2003-11-13 12:43:40,687 WARN  org.apache.commons.jelly.tags.ant.AntTag - Could not convert tag: br into an Ant task, data type or property
2003-11-13 12:43:40,687 WARN  org.apache.commons.jelly.tags.ant.AntTag - Could not convert tag: a into an Ant task, data type or property
2003-11-13 12:43:40,687 WARN  org.apache.commons.jelly.tags.ant.AntTag - Could not convert tag: br into an Ant task, data type or property
2003-11-13 12:43:40,687 WARN  org.apache.commons.jelly.tags.ant.AntTag - Could not convert tag: a into an Ant task, data type or property
2003-11-13 12:43:40,687 WARN  org.apache.commons.jelly.tags.ant.AntTag - Could not convert tag: br into an Ant task, data type or property
2003-11-13 12:43:40,687 WARN  org.apache.commons.jelly.tags.ant.AntTag - Could not convert tag: a into an Ant task, data type or property
2003-11-13 12:43:40,687 WARN  org.apache.commons.jelly.tags.ant.AntTag - Could not convert tag: br into an Ant task, data type or property
2003-11-13 12:43:40,687 WARN  org.apache.commons.jelly.tags.ant.AntTag - Could not convert tag: a into an Ant task, data type or property
2003-11-13 12:43:40,687 WARN  org.apache.commons.jelly.tags.ant.AntTag - Could not convert tag: br into an Ant task, data type or property
2003-11-13 12:43:40,687 WARN  org.apache.commons.jelly.tags.ant.AntTag - Could not convert tag: a into an Ant task, data type or property
2003-11-13 12:43:40,687 WARN  org.apache.commons.jelly.tags.ant.AntTag - Could not convert tag: br into an Ant task, data type or property
2003-11-13 12:43:40,687 WARN  org.apache.commons.jelly.tags.ant.AntTag - Could not convert tag: a into an Ant task, data type or property
2003-11-13 12:43:40,687 WARN  org.apache.commons.jelly.tags.ant.AntTag - Could not convert tag: br into an Ant task, data type or property
2003-11-13 12:43:40,687 WARN  org.apache.commons.jelly.tags.ant.AntTag - Could not convert tag: a into an Ant task, data type or property
2003-11-13 12:43:40,687 WARN  org.apache.commons.jelly.tags.ant.AntTag - Could not convert tag: br into an Ant task, data type or property
2003-11-13 12:43:40,687 WARN  org.apache.commons.jelly.tags.ant.AntTag - Could not convert tag: a into an Ant task, data type or property
2003-11-13 12:43:40,687 WARN  org.apache.commons.jelly.tags.ant.AntTag - Could not convert tag: br into an Ant task, data type or property
2003-11-13 12:43:40,687 WARN  org.apache.commons.jelly.tags.ant.AntTag - Could not convert tag: a into an Ant task, data type or property
2003-11-13 12:43:40,687 WARN  org.apache.commons.jelly.tags.ant.AntTag - Could not convert tag: br into an Ant task, data type or property
2003-11-13 12:43:40,687 WARN  org.apache.commons.jelly.tags.ant.AntTag - Could not convert tag: a into an Ant task, data type or property
2003-11-13 12:43:40,687 WARN  org.apache.commons.jelly.tags.ant.AntTag - Could not convert tag: br into an Ant task, data type or property
2003-11-13 12:43:40,687 WARN  org.apache.commons.jelly.tags.ant.AntTag - Could not convert tag: a into an Ant task, data type or property
2003-11-13 12:43:40,687 WARN  org.apache.commons.jelly.tags.ant.AntTag - Could not convert tag: br into an Ant task, data type or property
2003-11-13 12:43:40,687 WARN  org.apache.commons.jelly.tags.ant.AntTag - Could not convert tag: subsection into an Ant task, data type or property
2003-11-13 12:43:40,687 WARN  org.apache.commons.jelly.tags.ant.AntTag - Could not convert tag: table into an Ant task, data type or property
2003-11-13 12:43:40,687 WARN  org.apache.commons.jelly.tags.ant.AntTag - Could not convert tag: tr into an Ant task, data type or property
2003-11-13 12:43:40,687 WARN  org.apache.commons.jelly.tags.ant.AntTag - Could not convert tag: th into an Ant task, data type or property
2003-11-13 12:43:40,687 WARN  org.apache.commons.jelly.tags.ant.AntTag - Could not convert tag: th into an Ant task, data type or property
2003-11-13 12:43:40,687 WARN  org.apache.commons.jelly.tags.ant.AntTag - Could not convert tag: th into an Ant task, data type or property
2003-11-13 12:43:40,687 WARN  org.apache.commons.jelly.tags.ant.AntTag - Could not convert tag: th into an Ant task, data type or property
2003-11-13 12:43:40,687 WARN  org.apache.commons.jelly.tags.ant.AntTag - Could not convert tag: th into an Ant task, data type or property
2003-11-13 12:43:40,687 WARN  org.apache.commons.jelly.tags.ant.AntTag - Could not convert tag: tr into an Ant task, data type or property
2003-11-13 12:43:40,687 WARN  org.apache.commons.jelly.tags.ant.AntTag - Could not convert tag: td into an Ant task, data type or property
2003-11-13 12:43:40,687 WARN  org.apache.commons.jelly.tags.ant.AntTag - Could not convert tag: td into an Ant task, data type or property
2003-11-13 12:43:40,687 WARN  org.apache.commons.jelly.tags.ant.AntTag - Could not convert tag: td into an Ant task, data type or property
2003-11-13 12:43:40,687 WARN  org.apache.commons.jelly.tags.ant.AntTag - Could not convert tag: td into an Ant task, data type or property
2003-11-13 12:43:40,687 WARN  org.apache.commons.jelly.tags.ant.AntTag - Could not convert tag: td into an Ant task, data type or property
2003-11-13 12:43:40,687 WARN  org.apache.commons.jelly.tags.ant.AntTag - Could not convert tag: table into an Ant task, data type or property
2003-11-13 12:43:40,687 WARN  org.apache.commons.jelly.tags.ant.AntTag - Could not convert tag: tr into an Ant task, data type or property
2003-11-13 12:43:40,687 WARN  org.apache.commons.jelly.tags.ant.AntTag - Could not convert tag: th into an Ant task, data type or property
2003-11-13 12:43:40,687 WARN  org.apache.commons.jelly.tags.ant.AntTag - Could not convert tag: th into an Ant task, data type or property
2003-11-13 12:43:40,687 WARN  org.apache.commons.jelly.tags.ant.AntTag - Could not convert tag: th into an Ant task, data type or property
2003-11-13 12:43:40,687 WARN  org.apache.commons.jelly.tags.ant.AntTag - Could not convert tag: th into an Ant task, data type or property
2003-11-13 12:43:40,687 WARN  org.apache.commons.jelly.tags.ant.AntTag - Could not convert tag: tr into an Ant task, data type or property
2003-11-13 12:43:40,687 WARN  org.apache.commons.jelly.tags.ant.AntTag - Could not convert tag: td into an Ant task, data type or property
2003-11-13 12:43:40,687 WARN  org.apache.commons.jelly.tags.ant.AntTag - Could not convert tag: td into an Ant task, data type or property
2003-11-13 12:43:40,687 WARN  org.apache.commons.jelly.tags.ant.AntTag - Could not convert tag: a into an Ant task, data type or property
2003-11-13 12:43:40,687 WARN  org.apache.commons.jelly.tags.ant.AntTag - Could not convert tag: br into an Ant task, data type or property
2003-11-13 12:43:40,703 WARN  org.apache.commons.jelly.tags.ant.AntTag - Could not convert tag: a into an Ant task, data type or property
2003-11-13 12:43:40,703 WARN  org.apache.commons.jelly.tags.ant.AntTag - Could not convert tag: br into an Ant task, data type or property
2003-11-13 12:43:40,703 WARN  org.apache.commons.jelly.tags.ant.AntTag - Could not convert tag: a into an Ant task, data type or property
2003-11-13 12:43:40,703 WARN  org.apache.commons.jelly.tags.ant.AntTag - Could not convert tag: br into an Ant task, data type or property
2003-11-13 12:43:40,703 WARN  org.apache.commons.jelly.tags.ant.AntTag - Could not convert tag: a into an Ant task, data type or property
2003-11-13 12:43:40,703 WARN  org.apache.commons.jelly.tags.ant.AntTag - Could not convert tag: br into an Ant task, data type or property
2003-11-13 12:43:40,703 WARN  org.apache.commons.jelly.tags.ant.AntTag - Could not convert tag: td into an Ant task, data type or property
2003-11-13 12:43:40,703 WARN  org.apache.commons.jelly.tags.ant.AntTag - Could not convert tag: a into an Ant task, data type or property
2003-11-13 12:43:40,703 WARN  org.apache.commons.jelly.tags.ant.AntTag - Could not convert tag: br into an Ant task, data type or property
2003-11-13 12:43:40,703 WARN  org.apache.commons.jelly.tags.ant.AntTag - Could not convert tag: td into an Ant task, data type or property
2003-11-13 12:43:40,703 WARN  org.apache.commons.jelly.tags.ant.AntTag - Could not convert tag: a into an Ant task, data type or property
2003-11-13 12:43:40,703 WARN  org.apache.commons.jelly.tags.ant.AntTag - Could not convert tag: br into an Ant task, data type or property
2003-11-13 12:43:40,703 WARN  org.apache.commons.jelly.tags.ant.AntTag - Could not convert tag: a into an Ant task, data type or property
2003-11-13 12:43:40,703 WARN  org.apache.commons.jelly.tags.ant.AntTag - Could not convert tag: br into an Ant task, data type or property
2003-11-13 12:43:40,703 WARN  org.apache.commons.jelly.tags.ant.AntTag - Could not convert tag: a into an Ant task, data type or property
2003-11-13 12:43:40,703 WARN  org.apache.commons.jelly.tags.ant.AntTag - Could not convert tag: br into an Ant task, data type or property
2003-11-13 12:43:40,703 WARN  org.apache.commons.jelly.tags.ant.AntTag - Could not convert tag: a into an Ant task, data type or property
2003-11-13 12:43:40,703 WARN  org.apache.commons.jelly.tags.ant.AntTag - Could not convert tag: br into an Ant task, data type or property
2003-11-13 12:43:40,703 WARN  org.apache.commons.jelly.tags.ant.AntTag - Could not convert tag: a into an Ant task, data type or property
2003-11-13 12:43:40,703 WARN  org.apache.commons.jelly.tags.ant.AntTag - Could not convert tag: br into an Ant task, data type or property
2003-11-13 12:43:40,703 WARN  org.apache.commons.jelly.tags.ant.AntTag - Could not convert tag: a into an Ant task, data type or property
2003-11-13 12:43:40,703 WARN  org.apache.commons.jelly.tags.ant.AntTag - Could not convert tag: br into an Ant task, data type or property
2003-11-13 12:43:40,703 WARN  org.apache.commons.jelly.tags.ant.AntTag - Could not convert tag: a into an Ant task, data type or property
2003-11-13 12:43:40,703 WARN  org.apache.commons.jelly.tags.ant.AntTag - Could not convert tag: br into an Ant task, data type or property
2003-11-13 12:43:40,703 WARN  org.apache.commons.jelly.tags.ant.AntTag - Could not convert tag: a into an Ant task, data type or property
2003-11-13 12:43:40,703 WARN  org.apache.commons.jelly.tags.ant.AntTag - Could not convert tag: br into an Ant task, data type or property
2003-11-13 12:43:40,703 WARN  org.apache.commons.jelly.tags.ant.AntTag - Could not convert tag: a into an Ant task, data type or property
2003-11-13 12:43:40,703 WARN  org.apache.commons.jelly.tags.ant.AntTag - Could not convert tag: br into an Ant task, data type or property
2003-11-13 12:43:40,703 WARN  org.apache.commons.jelly.tags.ant.AntTag - Could not convert tag: a into an Ant task, data type or property
2003-11-13 12:43:40,703 WARN  org.apache.commons.jelly.tags.ant.AntTag - Could not convert tag: br into an Ant task, data type or property
2003-11-13 12:43:40,703 WARN  org.apache.commons.jelly.tags.ant.AntTag - Could not convert tag: a into an Ant task, data type or property
2003-11-13 12:43:40,703 WARN  org.apache.commons.jelly.tags.ant.AntTag - Could not convert tag: br into an Ant task, data type or property
2003-11-13 12:43:40,703 WARN  org.apache.commons.jelly.tags.ant.AntTag - Could not convert tag: a into an Ant task, data type or property
2003-11-13 12:43:40,703 WARN  org.apache.commons.jelly.tags.ant.AntTag - Could not convert tag: br into an Ant task, data type or property
2003-11-13 12:43:40,703 WARN  org.apache.commons.jelly.tags.ant.AntTag - Could not convert tag: a into an Ant task, data type or property
2003-11-13 12:43:40,703 WARN  org.apache.commons.jelly.tags.ant.AntTag - Could not convert tag: br into an Ant task, data type or property
2003-11-13 12:43:40,703 WARN  org.apache.commons.jelly.tags.ant.AntTag - Could not convert tag: subsection into an Ant task, data type or property
2003-11-13 12:43:40,703 WARN  org.apache.commons.jelly.tags.ant.AntTag - Could not convert tag: table into an Ant task, data type or property
2003-11-13 12:43:40,703 WARN  org.apache.commons.jelly.tags.ant.AntTag - Could not convert tag: tr into an Ant task, data type or property
2003-11-13 12:43:40,703 WARN  org.apache.commons.jelly.tags.ant.AntTag - Could not convert tag: th into an Ant task, data type or property
2003-11-13 12:43:40,703 WARN  org.apache.commons.jelly.tags.ant.AntTag - Could not convert tag: th into an Ant task, data type or property
2003-11-13 12:43:40,703 WARN  org.apache.commons.jelly.tags.ant.AntTag - Could not convert tag: th into an Ant task, data type or property
2003-11-13 12:43:40,703 WARN  org.apache.commons.jelly.tags.ant.AntTag - Could not convert tag: th into an Ant task, data type or property
2003-11-13 12:43:40,703 WARN  org.apache.commons.jelly.tags.ant.AntTag - Could not convert tag: th into an Ant task, data type or property
2003-11-13 12:43:40,703 WARN  org.apache.commons.jelly.tags.ant.AntTag - Could not convert tag: tr into an Ant task, data type or property
2003-11-13 12:43:40,703 WARN  org.apache.commons.jelly.tags.ant.AntTag - Could not convert tag: td into an Ant task, data type or property
2003-11-13 12:43:40,703 WARN  org.apache.commons.jelly.tags.ant.AntTag - Could not convert tag: td into an Ant task, data type or property
2003-11-13 12:43:40,703 WARN  org.apache.commons.jelly.tags.ant.AntTag - Could not convert tag: td into an Ant task, data type or property
2003-11-13 12:43:40,703 WARN  org.apache.commons.jelly.tags.ant.AntTag - Could not convert tag: td into an Ant task, data type or property
2003-11-13 12:43:40,703 WARN  org.apache.commons.jelly.tags.ant.AntTag - Could not convert tag: td into an Ant task, data type or property
2003-11-13 12:43:40,703 WARN  org.apache.commons.jelly.tags.ant.AntTag - Could not convert tag: table into an Ant task, data type or property
2003-11-13 12:43:40,703 WARN  org.apache.commons.jelly.tags.ant.AntTag - Could not convert tag: tr into an Ant task, data type or property
2003-11-13 12:43:40,703 WARN  org.apache.commons.jelly.tags.ant.AntTag - Could not convert tag: th into an Ant task, data type or property
2003-11-13 12:43:40,703 WARN  org.apache.commons.jelly.tags.ant.AntTag - Could not convert tag: th into an Ant task, data type or property
2003-11-13 12:43:40,703 WARN  org.apache.commons.jelly.tags.ant.AntTag - Could not convert tag: th into an Ant task, data type or property
2003-11-13 12:43:40,703 WARN  org.apache.commons.jelly.tags.ant.AntTag - Could not convert tag: th into an Ant task, data type or property
2003-11-13 12:43:40,703 WARN  org.apache.commons.jelly.tags.ant.AntTag - Could not convert tag: tr into an Ant task, data type or property
2003-11-13 12:43:40,703 WARN  org.apache.commons.jelly.tags.ant.AntTag - Could not convert tag: td into an Ant task, data type or property
2003-11-13 12:43:40,703 WARN  org.apache.commons.jelly.tags.ant.AntTag - Could not convert tag: td into an Ant task, data type or property
2003-11-13 12:43:40,703 WARN  org.apache.commons.jelly.tags.ant.AntTag - Could not convert tag: a into an Ant task, data type or property
2003-11-13 12:43:40,703 WARN  org.apache.commons.jelly.tags.ant.AntTag - Could not convert tag: br into an Ant task, data type or property
2003-11-13 12:43:40,703 WARN  org.apache.commons.jelly.tags.ant.AntTag - Could not convert tag: a into an Ant task, data type or property
2003-11-13 12:43:40,703 WARN  org.apache.commons.jelly.tags.ant.AntTag - Could not convert tag: br into an Ant task, data type or property
2003-11-13 12:43:40,703 WARN  org.apache.commons.jelly.tags.ant.AntTag - Could not convert tag: td into an Ant task, data type or property
2003-11-13 12:43:40,703 WARN  org.apache.commons.jelly.tags.ant.AntTag - Could not convert tag: a into an Ant task, data type or property
2003-11-13 12:43:40,703 WARN  org.apache.commons.jelly.tags.ant.AntTag - Could not convert tag: br into an Ant task, data type or property
2003-11-13 12:43:40,703 WARN  org.apache.commons.jelly.tags.ant.AntTag - Could not convert tag: td into an Ant task, data type or property
2003-11-13 12:43:40,703 WARN  org.apache.commons.jelly.tags.ant.AntTag - Could not convert tag: a into an Ant task, data type or property
2003-11-13 12:43:40,703 WARN  org.apache.commons.jelly.tags.ant.AntTag - Could not convert tag: br into an Ant task, data type or property
2003-11-13 12:43:40,703 WARN  org.apache.commons.jelly.tags.ant.AntTag - Could not convert tag: a into an Ant task, data type or property
2003-11-13 12:43:40,703 WARN  org.apache.commons.jelly.tags.ant.AntTag - Could not convert tag: br into an Ant task, data type or property
2003-11-13 12:43:40,703 WARN  org.apache.commons.jelly.tags.ant.AntTag - Could not convert tag: a into an Ant task, data type or property
2003-11-13 12:43:40,703 WARN  org.apache.commons.jelly.tags.ant.AntTag - Could not convert tag: br into an Ant task, data type or property
2003-11-13 12:43:40,703 WARN  org.apache.commons.jelly.tags.ant.AntTag - Could not convert tag: a into an Ant task, data type or property
2003-11-13 12:43:40,703 WARN  org.apache.commons.jelly.tags.ant.AntTag - Could not convert tag: br into an Ant task, data type or property
2003-11-13 12:43:40,703 WARN  org.apache.commons.jelly.tags.ant.AntTag - Could not convert tag: a into an Ant task, data type or property
2003-11-13 12:43:40,703 WARN  org.apache.commons.jelly.tags.ant.AntTag - Could not convert tag: br into an Ant task, data type or property
2003-11-13 12:43:40,703 WARN  org.apache.commons.jelly.tags.ant.AntTag - Could not convert tag: a into an Ant task, data type or property
2003-11-13 12:43:40,703 WARN  org.apache.commons.jelly.tags.ant.AntTag - Could not convert tag: br into an Ant task, data type or property
2003-11-13 12:43:40,703 WARN  org.apache.commons.jelly.tags.ant.AntTag - Could not convert tag: a into an Ant task, data type or property
2003-11-13 12:43:40,703 WARN  org.apache.commons.jelly.tags.ant.AntTag - Could not convert tag: br into an Ant task, data type or property
2003-11-13 12:43:40,703 WARN  org.apache.commons.jelly.tags.ant.AntTag - Could not convert tag: a into an Ant task, data type or property
2003-11-13 12:43:40,703 WARN  org.apache.commons.jelly.tags.ant.AntTag - Could not convert tag: br into an Ant task, data type or property
2003-11-13 12:43:40,703 WARN  org.apache.commons.jelly.tags.ant.AntTag - Could not convert tag: a into an Ant task, data type or property
2003-11-13 12:43:40,703 WARN  org.apache.commons.jelly.tags.ant.AntTag - Could not convert tag: br into an Ant task, data type or property
2003-11-13 12:43:40,703 WARN  org.apache.commons.jelly.tags.ant.AntTag - Could not convert tag: a into an Ant task, data type or property
2003-11-13 12:43:40,703 WARN  org.apache.commons.jelly.tags.ant.AntTag - Could not convert tag: br into an Ant task, data type or property
2003-11-13 12:43:40,703 WARN  org.apache.commons.jelly.tags.ant.AntTag - Could not convert tag: a into an Ant task, data type or property
2003-11-13 12:43:40,718 WARN  org.apache.commons.jelly.tags.ant.AntTag - Could not convert tag: br into an Ant task, data type or property
2003-11-13 12:43:40,718 WARN  org.apache.commons.jelly.tags.ant.AntTag - Could not convert tag: a into an Ant task, data type or property
2003-11-13 12:43:40,718 WARN  org.apache.commons.jelly.tags.ant.AntTag - Could not convert tag: br into an Ant task, data type or property
2003-11-13 12:43:40,718 WARN  org.apache.commons.jelly.tags.ant.AntTag - Could not convert tag: a into an Ant task, data type or property
2003-11-13 12:43:40,718 WARN  org.apache.commons.jelly.tags.ant.AntTag - Could not convert tag: br into an Ant task, data type or property
2003-11-13 12:43:40,718 WARN  org.apache.commons.jelly.tags.ant.AntTag - Could not convert tag: subsection into an Ant task, data type or property
2003-11-13 12:43:40,718 WARN  org.apache.commons.jelly.tags.ant.AntTag - Could not convert tag: table into an Ant task, data type or property
2003-11-13 12:43:40,718 WARN  org.apache.commons.jelly.tags.ant.AntTag - Could not convert tag: tr into an Ant task, data type or property
2003-11-13 12:43:40,718 WARN  org.apache.commons.jelly.tags.ant.AntTag - Could not convert tag: th into an Ant task, data type or property
2003-11-13 12:43:40,718 WARN  org.apache.commons.jelly.tags.ant.AntTag - Could not convert tag: th into an Ant task, data type or property
2003-11-13 12:43:40,718 WARN  org.apache.commons.jelly.tags.ant.AntTag - Could not convert tag: th into an Ant task, data type or property
2003-11-13 12:43:40,718 WARN  org.apache.commons.jelly.tags.ant.AntTag - Could not convert tag: th into an Ant task, data type or property
2003-11-13 12:43:40,718 WARN  org.apache.commons.jelly.tags.ant.AntTag - Could not convert tag: th into an Ant task, data type or property
2003-11-13 12:43:40,718 WARN  org.apache.commons.jelly.tags.ant.AntTag - Could not convert tag: tr into an Ant task, data type or property
2003-11-13 12:43:40,718 WARN  org.apache.commons.jelly.tags.ant.AntTag - Could not convert tag: td into an Ant task, data type or property
2003-11-13 12:43:40,718 WARN  org.apache.commons.jelly.tags.ant.AntTag - Could not convert tag: td into an Ant task, data type or property
2003-11-13 12:43:40,718 WARN  org.apache.commons.jelly.tags.ant.AntTag - Could not convert tag: td into an Ant task, data type or property
2003-11-13 12:43:40,718 WARN  org.apache.commons.jelly.tags.ant.AntTag - Could not convert tag: td into an Ant task, data type or property
2003-11-13 12:43:40,718 WARN  org.apache.commons.jelly.tags.ant.AntTag - Could not convert tag: td into an Ant task, data type or property
2003-11-13 12:43:40,718 WARN  org.apache.commons.jelly.tags.ant.AntTag - Could not convert tag: table into an Ant task, data type or property
2003-11-13 12:43:40,718 WARN  org.apache.commons.jelly.tags.ant.AntTag - Could not convert tag: tr into an Ant task, data type or property
2003-11-13 12:43:40,718 WARN  org.apache.commons.jelly.tags.ant.AntTag - Could not convert tag: th into an Ant task, data type or property
2003-11-13 12:43:40,718 WARN  org.apache.commons.jelly.tags.ant.AntTag - Could not convert tag: th into an Ant task, data type or property
2003-11-13 12:43:40,718 WARN  org.apache.commons.jelly.tags.ant.AntTag - Could not convert tag: th into an Ant task, data type or property
2003-11-13 12:43:40,718 WARN  org.apache.commons.jelly.tags.ant.AntTag - Could not convert tag: th into an Ant task, data type or property
2003-11-13 12:43:40,718 WARN  org.apache.commons.jelly.tags.ant.AntTag - Could not convert tag: tr into an Ant task, data type or property
2003-11-13 12:43:40,718 WARN  org.apache.commons.jelly.tags.ant.AntTag - Could not convert tag: td into an Ant task, data type or property
2003-11-13 12:43:40,718 WARN  org.apache.commons.jelly.tags.ant.AntTag - Could not convert tag: td into an Ant task, data type or property
2003-11-13 12:43:40,718 WARN  org.apache.commons.jelly.tags.ant.AntTag - Could not convert tag: a into an Ant task, data type or property
2003-11-13 12:43:40,718 WARN  org.apache.commons.jelly.tags.ant.AntTag - Could not convert tag: br into an Ant task, data type or property
2003-11-13 12:43:40,718 WARN  org.apache.commons.jelly.tags.ant.AntTag - Could not convert tag: a into an Ant task, data type or property
2003-11-13 12:43:40,718 WARN  org.apache.commons.jelly.tags.ant.AntTag - Could not convert tag: br into an Ant task, data type or property
2003-11-13 12:43:40,718 WARN  org.apache.commons.jelly.tags.ant.AntTag - Could not convert tag: a into an Ant task, data type or property
2003-11-13 12:43:40,718 WARN  org.apache.commons.jelly.tags.ant.AntTag - Could not convert tag: br into an Ant task, data type or property
2003-11-13 12:43:40,718 WARN  org.apache.commons.jelly.tags.ant.AntTag - Could not convert tag: a into an Ant task, data type or property
2003-11-13 12:43:40,718 WARN  org.apache.commons.jelly.tags.ant.AntTag - Could not convert tag: br into an Ant task, data type or property
2003-11-13 12:43:40,718 WARN  org.apache.commons.jelly.tags.ant.AntTag - Could not convert tag: td into an Ant task, data type or property
2003-11-13 12:43:40,718 WARN  org.apache.commons.jelly.tags.ant.AntTag - Could not convert tag: a into an Ant task, data type or property
2003-11-13 12:43:40,718 WARN  org.apache.commons.jelly.tags.ant.AntTag - Could not convert tag: br into an Ant task, data type or property
2003-11-13 12:43:40,718 WARN  org.apache.commons.jelly.tags.ant.AntTag - Could not convert tag: td into an Ant task, data type or property
2003-11-13 12:43:40,718 WARN  org.apache.commons.jelly.tags.ant.AntTag - Could not convert tag: a into an Ant task, data type or property
2003-11-13 12:43:40,718 WARN  org.apache.commons.jelly.tags.ant.AntTag - Could not convert tag: br into an Ant task, data type or property
2003-11-13 12:43:40,718 WARN  org.apache.commons.jelly.tags.ant.AntTag - Could not convert tag: a into an Ant task, data type or property
2003-11-13 12:43:40,718 WARN  org.apache.commons.jelly.tags.ant.AntTag - Could not convert tag: br into an Ant task, data type or property
2003-11-13 12:43:40,718 WARN  org.apache.commons.jelly.tags.ant.AntTag - Could not convert tag: a into an Ant task, data type or property
2003-11-13 12:43:40,718 WARN  org.apache.commons.jelly.tags.ant.AntTag - Could not convert tag: br into an Ant task, data type or property
2003-11-13 12:43:40,718 WARN  org.apache.commons.jelly.tags.ant.AntTag - Could not convert tag: a into an Ant task, data type or property
2003-11-13 12:43:40,718 WARN  org.apache.commons.jelly.tags.ant.AntTag - Could not convert tag: br into an Ant task, data type or property
2003-11-13 12:43:40,718 WARN  org.apache.commons.jelly.tags.ant.AntTag - Could not convert tag: a into an Ant task, data type or property
2003-11-13 12:43:40,718 WARN  org.apache.commons.jelly.tags.ant.AntTag - Could not convert tag: br into an Ant task, data type or property
2003-11-13 12:43:40,718 WARN  org.apache.commons.jelly.tags.ant.AntTag - Could not convert tag: a into an Ant task, data type or property
2003-11-13 12:43:40,718 WARN  org.apache.commons.jelly.tags.ant.AntTag - Could not convert tag: br into an Ant task, data type or property
2003-11-13 12:43:40,718 WARN  org.apache.commons.jelly.tags.ant.AntTag - Could not convert tag: a into an Ant task, data type or property
2003-11-13 12:43:40,718 WARN  org.apache.commons.jelly.tags.ant.AntTag - Could not convert tag: br into an Ant task, data type or property
2003-11-13 12:43:40,718 WARN  org.apache.commons.jelly.tags.ant.AntTag - Could not convert tag: a into an Ant task, data type or property
2003-11-13 12:43:40,718 WARN  org.apache.commons.jelly.tags.ant.AntTag - Could not convert tag: br into an Ant task, data type or property
2003-11-13 12:43:40,718 WARN  org.apache.commons.jelly.tags.ant.AntTag - Could not convert tag: a into an Ant task, data type or property
2003-11-13 12:43:40,718 WARN  org.apache.commons.jelly.tags.ant.AntTag - Could not convert tag: br into an Ant task, data type or property
2003-11-13 12:43:40,718 WARN  org.apache.commons.jelly.tags.ant.AntTag - Could not convert tag: a into an Ant task, data type or property
2003-11-13 12:43:40,718 WARN  org.apache.commons.jelly.tags.ant.AntTag - Could not convert tag: br into an Ant task, data type or property
2003-11-13 12:43:40,718 WARN  org.apache.commons.jelly.tags.ant.AntTag - Could not convert tag: a into an Ant task, data type or property
2003-11-13 12:43:40,718 WARN  org.apache.commons.jelly.tags.ant.AntTag - Could not convert tag: br into an Ant task, data type or property
2003-11-13 12:43:40,718 WARN  org.apache.commons.jelly.tags.ant.AntTag - Could not convert tag: a into an Ant task, data type or property
2003-11-13 12:43:40,718 WARN  org.apache.commons.jelly.tags.ant.AntTag - Could not convert tag: br into an Ant task, data type or property
2003-11-13 12:43:40,718 WARN  org.apache.commons.jelly.tags.ant.AntTag - Could not convert tag: a into an Ant task, data type or property
2003-11-13 12:43:40,718 WARN  org.apache.commons.jelly.tags.ant.AntTag - Could not convert tag: br into an Ant task, data type or property
2003-11-13 12:43:40,718 WARN  org.apache.commons.jelly.tags.ant.AntTag - Could not convert tag: a into an Ant task, data type or property
2003-11-13 12:43:40,718 WARN  org.apache.commons.jelly.tags.ant.AntTag - Could not convert tag: br into an Ant task, data type or property
2003-11-13 12:43:40,718 WARN  org.apache.commons.jelly.tags.ant.AntTag - Could not convert tag: subsection into an Ant task, data type or property
2003-11-13 12:43:40,718 WARN  org.apache.commons.jelly.tags.ant.AntTag - Could not convert tag: table into an Ant task, data type or property
2003-11-13 12:43:40,718 WARN  org.apache.commons.jelly.tags.ant.AntTag - Could not convert tag: tr into an Ant task, data type or property
2003-11-13 12:43:40,718 WARN  org.apache.commons.jelly.tags.ant.AntTag - Could not convert tag: th into an Ant task, data type or property
2003-11-13 12:43:40,718 WARN  org.apache.commons.jelly.tags.ant.AntTag - Could not convert tag: th into an Ant task, data type or property
2003-11-13 12:43:40,718 WARN  org.apache.commons.jelly.tags.ant.AntTag - Could not convert tag: th into an Ant task, data type or property
2003-11-13 12:43:40,718 WARN  org.apache.commons.jelly.tags.ant.AntTag - Could not convert tag: th into an Ant task, data type or property
2003-11-13 12:43:40,718 WARN  org.apache.commons.jelly.tags.ant.AntTag - Could not convert tag: th into an Ant task, data type or property
2003-11-13 12:43:40,718 WARN  org.apache.commons.jelly.tags.ant.AntTag - Could not convert tag: tr into an Ant task, data type or property
2003-11-13 12:43:40,718 WARN  org.apache.commons.jelly.tags.ant.AntTag - Could not convert tag: td into an Ant task, data type or property
2003-11-13 12:43:40,718 WARN  org.apache.commons.jelly.tags.ant.AntTag - Could not convert tag: td into an Ant task, data type or property
2003-11-13 12:43:40,718 WARN  org.apache.commons.jelly.tags.ant.AntTag - Could not convert tag: td into an Ant task, data type or property
2003-11-13 12:43:40,718 WARN  org.apache.commons.jelly.tags.ant.AntTag - Could not convert tag: td into an Ant task, data type or property
2003-11-13 12:43:40,718 WARN  org.apache.commons.jelly.tags.ant.AntTag - Could not convert tag: td into an Ant task, data type or property
2003-11-13 12:43:40,718 WARN  org.apache.commons.jelly.tags.ant.AntTag - Could not convert tag: table into an Ant task, data type or property
2003-11-13 12:43:40,718 WARN  org.apache.commons.jelly.tags.ant.AntTag - Could not convert tag: tr into an Ant task, data type or property
2003-11-13 12:43:40,718 WARN  org.apache.commons.jelly.tags.ant.AntTag - Could not convert tag: th into an Ant task, data type or property
2003-11-13 12:43:40,718 WARN  org.apache.commons.jelly.tags.ant.AntTag - Could not convert tag: th into an Ant task, data type or property
2003-11-13 12:43:40,718 WARN  org.apache.commons.jelly.tags.ant.AntTag - Could not convert tag: th into an Ant task, data type or property
2003-11-13 12:43:40,718 WARN  org.apache.commons.jelly.tags.ant.AntTag - Could not convert tag: th into an Ant task, data type or property
2003-11-13 12:43:40,718 WARN  org.apache.commons.jelly.tags.ant.AntTag - Could not convert tag: tr into an Ant task, data type or property
2003-11-13 12:43:40,718 WARN  org.apache.commons.jelly.tags.ant.AntTag - Could not convert tag: td into an Ant task, data type or property
2003-11-13 12:43:40,718 WARN  org.apache.commons.jelly.tags.ant.AntTag - Could not convert tag: td into an Ant task, data type or property
2003-11-13 12:43:40,718 WARN  org.apache.commons.jelly.tags.ant.AntTag - Could not convert tag: a into an Ant task, data type or property
2003-11-13 12:43:40,718 WARN  org.apache.commons.jelly.tags.ant.AntTag - Could not convert tag: br into an Ant task, data type or property
2003-11-13 12:43:40,734 WARN  org.apache.commons.jelly.tags.ant.AntTag - Could not convert tag: a into an Ant task, data type or property
2003-11-13 12:43:40,734 WARN  org.apache.commons.jelly.tags.ant.AntTag - Could not convert tag: br into an Ant task, data type or property
2003-11-13 12:43:40,734 WARN  org.apache.commons.jelly.tags.ant.AntTag - Could not convert tag: a into an Ant task, data type or property
2003-11-13 12:43:40,734 WARN  org.apache.commons.jelly.tags.ant.AntTag - Could not convert tag: br into an Ant task, data type or property
2003-11-13 12:43:40,734 WARN  org.apache.commons.jelly.tags.ant.AntTag - Could not convert tag: a into an Ant task, data type or property
2003-11-13 12:43:40,734 WARN  org.apache.commons.jelly.tags.ant.AntTag - Could not convert tag: br into an Ant task, data type or property
2003-11-13 12:43:40,734 WARN  org.apache.commons.jelly.tags.ant.AntTag - Could not convert tag: a into an Ant task, data type or property
2003-11-13 12:43:40,734 WARN  org.apache.commons.jelly.tags.ant.AntTag - Could not convert tag: br into an Ant task, data type or property
2003-11-13 12:43:40,734 WARN  org.apache.commons.jelly.tags.ant.AntTag - Could not convert tag: a into an Ant task, data type or property
2003-11-13 12:43:40,734 WARN  org.apache.commons.jelly.tags.ant.AntTag - Could not convert tag: br into an Ant task, data type or property
2003-11-13 12:43:40,734 WARN  org.apache.commons.jelly.tags.ant.AntTag - Could not convert tag: a into an Ant task, data type or property
2003-11-13 12:43:40,734 WARN  org.apache.commons.jelly.tags.ant.AntTag - Could not convert tag: br into an Ant task, data type or property
2003-11-13 12:43:40,734 WARN  org.apache.commons.jelly.tags.ant.AntTag - Could not convert tag: a into an Ant task, data type or property
2003-11-13 12:43:40,734 WARN  org.apache.commons.jelly.tags.ant.AntTag - Could not convert tag: br into an Ant task, data type or property
2003-11-13 12:43:40,734 WARN  org.apache.commons.jelly.tags.ant.AntTag - Could not convert tag: td into an Ant task, data type or property
2003-11-13 12:43:40,734 WARN  org.apache.commons.jelly.tags.ant.AntTag - Could not convert tag: a into an Ant task, data type or property
2003-11-13 12:43:40,734 WARN  org.apache.commons.jelly.tags.ant.AntTag - Could not convert tag: br into an Ant task, data type or property
2003-11-13 12:43:40,734 WARN  org.apache.commons.jelly.tags.ant.AntTag - Could not convert tag: td into an Ant task, data type or property
2003-11-13 12:43:40,734 WARN  org.apache.commons.jelly.tags.ant.AntTag - Could not convert tag: a into an Ant task, data type or property
2003-11-13 12:43:40,734 WARN  org.apache.commons.jelly.tags.ant.AntTag - Could not convert tag: br into an Ant task, data type or property
2003-11-13 12:43:40,734 WARN  org.apache.commons.jelly.tags.ant.AntTag - Could not convert tag: a into an Ant task, data type or property
2003-11-13 12:43:40,734 WARN  org.apache.commons.jelly.tags.ant.AntTag - Could not convert tag: br into an Ant task, data type or property
2003-11-13 12:43:40,734 WARN  org.apache.commons.jelly.tags.ant.AntTag - Could not convert tag: a into an Ant task, data type or property
2003-11-13 12:43:40,734 WARN  org.apache.commons.jelly.tags.ant.AntTag - Could not convert tag: br into an Ant task, data type or property
2003-11-13 12:43:40,734 WARN  org.apache.commons.jelly.tags.ant.AntTag - Could not convert tag: a into an Ant task, data type or property
2003-11-13 12:43:40,734 WARN  org.apache.commons.jelly.tags.ant.AntTag - Could not convert tag: br into an Ant task, data type or property
2003-11-13 12:43:40,734 WARN  org.apache.commons.jelly.tags.ant.AntTag - Could not convert tag: a into an Ant task, data type or property
2003-11-13 12:43:40,734 WARN  org.apache.commons.jelly.tags.ant.AntTag - Could not convert tag: br into an Ant task, data type or property
2003-11-13 12:43:40,734 WARN  org.apache.commons.jelly.tags.ant.AntTag - Could not convert tag: a into an Ant task, data type or property
2003-11-13 12:43:40,734 WARN  org.apache.commons.jelly.tags.ant.AntTag - Could not convert tag: br into an Ant task, data type or property
2003-11-13 12:43:40,734 WARN  org.apache.commons.jelly.tags.ant.AntTag - Could not convert tag: a into an Ant task, data type or property
2003-11-13 12:43:40,734 WARN  org.apache.commons.jelly.tags.ant.AntTag - Could not convert tag: br into an Ant task, data type or property
2003-11-13 12:43:40,734 WARN  org.apache.commons.jelly.tags.ant.AntTag - Could not convert tag: a into an Ant task, data type or property
2003-11-13 12:43:40,734 WARN  org.apache.commons.jelly.tags.ant.AntTag - Could not convert tag: br into an Ant task, data type or property
2003-11-13 12:43:40,734 WARN  org.apache.commons.jelly.tags.ant.AntTag - Could not convert tag: a into an Ant task, data type or property
2003-11-13 12:43:40,734 WARN  org.apache.commons.jelly.tags.ant.AntTag - Could not convert tag: br into an Ant task, data type or property
2003-11-13 12:43:40,734 WARN  org.apache.commons.jelly.tags.ant.AntTag - Could not convert tag: a into an Ant task, data type or property
2003-11-13 12:43:40,734 WARN  org.apache.commons.jelly.tags.ant.AntTag - Could not convert tag: br into an Ant task, data type or property
2003-11-13 12:43:40,734 WARN  org.apache.commons.jelly.tags.ant.AntTag - Could not convert tag: a into an Ant task, data type or property
2003-11-13 12:43:40,734 WARN  org.apache.commons.jelly.tags.ant.AntTag - Could not convert tag: br into an Ant task, data type or property
2003-11-13 12:43:40,734 WARN  org.apache.commons.jelly.tags.ant.AntTag - Could not convert tag: a into an Ant task, data type or property
2003-11-13 12:43:40,734 WARN  org.apache.commons.jelly.tags.ant.AntTag - Could not convert tag: br into an Ant task, data type or property
2003-11-13 12:43:40,734 WARN  org.apache.commons.jelly.tags.ant.AntTag - Could not convert tag: subsection into an Ant task, data type or property
2003-11-13 12:43:40,734 WARN  org.apache.commons.jelly.tags.ant.AntTag - Could not convert tag: table into an Ant task, data type or property
2003-11-13 12:43:40,734 WARN  org.apache.commons.jelly.tags.ant.AntTag - Could not convert tag: tr into an Ant task, data type or property
2003-11-13 12:43:40,734 WARN  org.apache.commons.jelly.tags.ant.AntTag - Could not convert tag: th into an Ant task, data type or property
2003-11-13 12:43:40,734 WARN  org.apache.commons.jelly.tags.ant.AntTag - Could not convert tag: th into an Ant task, data type or property
2003-11-13 12:43:40,734 WARN  org.apache.commons.jelly.tags.ant.AntTag - Could not convert tag: th into an Ant task, data type or property
2003-11-13 12:43:40,734 WARN  org.apache.commons.jelly.tags.ant.AntTag - Could not convert tag: th into an Ant task, data type or property
2003-11-13 12:43:40,734 WARN  org.apache.commons.jelly.tags.ant.AntTag - Could not convert tag: th into an Ant task, data type or property
2003-11-13 12:43:40,734 WARN  org.apache.commons.jelly.tags.ant.AntTag - Could not convert tag: tr into an Ant task, data type or property
2003-11-13 12:43:40,734 WARN  org.apache.commons.jelly.tags.ant.AntTag - Could not convert tag: td into an Ant task, data type or property
2003-11-13 12:43:40,734 WARN  org.apache.commons.jelly.tags.ant.AntTag - Could not convert tag: td into an Ant task, data type or property
2003-11-13 12:43:40,734 WARN  org.apache.commons.jelly.tags.ant.AntTag - Could not convert tag: td into an Ant task, data type or property
2003-11-13 12:43:40,734 WARN  org.apache.commons.jelly.tags.ant.AntTag - Could not convert tag: td into an Ant task, data type or property
2003-11-13 12:43:40,734 WARN  org.apache.commons.jelly.tags.ant.AntTag - Could not convert tag: td into an Ant task, data type or property
2003-11-13 12:43:40,734 WARN  org.apache.commons.jelly.tags.ant.AntTag - Could not convert tag: table into an Ant task, data type or property
2003-11-13 12:43:40,734 WARN  org.apache.commons.jelly.tags.ant.AntTag - Could not convert tag: tr into an Ant task, data type or property
2003-11-13 12:43:40,734 WARN  org.apache.commons.jelly.tags.ant.AntTag - Could not convert tag: th into an Ant task, data type or property
2003-11-13 12:43:40,734 WARN  org.apache.commons.jelly.tags.ant.AntTag - Could not convert tag: th into an Ant task, data type or property
2003-11-13 12:43:40,734 WARN  org.apache.commons.jelly.tags.ant.AntTag - Could not convert tag: th into an Ant task, data type or property
2003-11-13 12:43:40,734 WARN  org.apache.commons.jelly.tags.ant.AntTag - Could not convert tag: th into an Ant task, data type or property
2003-11-13 12:43:40,734 WARN  org.apache.commons.jelly.tags.ant.AntTag - Could not convert tag: tr into an Ant task, data type or property
2003-11-13 12:43:40,734 WARN  org.apache.commons.jelly.tags.ant.AntTag - Could not convert tag: td into an Ant task, data type or property
2003-11-13 12:43:40,734 WARN  org.apache.commons.jelly.tags.ant.AntTag - Could not convert tag: td into an Ant task, data type or property
2003-11-13 12:43:40,734 WARN  org.apache.commons.jelly.tags.ant.AntTag - Could not convert tag: a into an Ant task, data type or property
2003-11-13 12:43:40,734 WARN  org.apache.commons.jelly.tags.ant.AntTag - Could not convert tag: br into an Ant task, data type or property
2003-11-13 12:43:40,734 WARN  org.apache.commons.jelly.tags.ant.AntTag - Could not convert tag: a into an Ant task, data type or property
2003-11-13 12:43:40,734 WARN  org.apache.commons.jelly.tags.ant.AntTag - Could not convert tag: br into an Ant task, data type or property
2003-11-13 12:43:40,734 WARN  org.apache.commons.jelly.tags.ant.AntTag - Could not convert tag: a into an Ant task, data type or property
2003-11-13 12:43:40,734 WARN  org.apache.commons.jelly.tags.ant.AntTag - Could not convert tag: br into an Ant task, data type or property
2003-11-13 12:43:40,734 WARN  org.apache.commons.jelly.tags.ant.AntTag - Could not convert tag: td into an Ant task, data type or property
2003-11-13 12:43:40,734 WARN  org.apache.commons.jelly.tags.ant.AntTag - Could not convert tag: a into an Ant task, data type or property
2003-11-13 12:43:40,734 WARN  org.apache.commons.jelly.tags.ant.AntTag - Could not convert tag: br into an Ant task, data type or property
2003-11-13 12:43:40,734 WARN  org.apache.commons.jelly.tags.ant.AntTag - Could not convert tag: td into an Ant task, data type or property
2003-11-13 12:43:40,734 WARN  org.apache.commons.jelly.tags.ant.AntTag - Could not convert tag: a into an Ant task, data type or property
2003-11-13 12:43:40,734 WARN  org.apache.commons.jelly.tags.ant.AntTag - Could not convert tag: br into an Ant task, data type or property
2003-11-13 12:43:40,734 WARN  org.apache.commons.jelly.tags.ant.AntTag - Could not convert tag: a into an Ant task, data type or property
2003-11-13 12:43:40,734 WARN  org.apache.commons.jelly.tags.ant.AntTag - Could not convert tag: br into an Ant task, data type or property
2003-11-13 12:43:40,734 WARN  org.apache.commons.jelly.tags.ant.AntTag - Could not convert tag: a into an Ant task, data type or property
2003-11-13 12:43:40,734 WARN  org.apache.commons.jelly.tags.ant.AntTag - Could not convert tag: br into an Ant task, data type or property
2003-11-13 12:43:40,734 WARN  org.apache.commons.jelly.tags.ant.AntTag - Could not convert tag: a into an Ant task, data type or property
2003-11-13 12:43:40,750 WARN  org.apache.commons.jelly.tags.ant.AntTag - Could not convert tag: br into an Ant task, data type or property
2003-11-13 12:43:40,750 WARN  org.apache.commons.jelly.tags.ant.AntTag - Could not convert tag: a into an Ant task, data type or property
2003-11-13 12:43:40,750 WARN  org.apache.commons.jelly.tags.ant.AntTag - Could not convert tag: br into an Ant task, data type or property
2003-11-13 12:43:40,750 WARN  org.apache.commons.jelly.tags.ant.AntTag - Could not convert tag: a into an Ant task, data type or property
2003-11-13 12:43:40,750 WARN  org.apache.commons.jelly.tags.ant.AntTag - Could not convert tag: br into an Ant task, data type or property
2003-11-13 12:43:40,750 WARN  org.apache.commons.jelly.tags.ant.AntTag - Could not convert tag: a into an Ant task, data type or property
2003-11-13 12:43:40,750 WARN  org.apache.commons.jelly.tags.ant.AntTag - Could not convert tag: br into an Ant task, data type or property
2003-11-13 12:43:40,750 WARN  org.apache.commons.jelly.tags.ant.AntTag - Could not convert tag: a into an Ant task, data type or property
2003-11-13 12:43:40,750 WARN  org.apache.commons.jelly.tags.ant.AntTag - Could not convert tag: br into an Ant task, data type or property
2003-11-13 12:43:40,750 WARN  org.apache.commons.jelly.tags.ant.AntTag - Could not convert tag: a into an Ant task, data type or property
2003-11-13 12:43:40,750 WARN  org.apache.commons.jelly.tags.ant.AntTag - Could not convert tag: br into an Ant task, data type or property
2003-11-13 12:43:40,750 WARN  org.apache.commons.jelly.tags.ant.AntTag - Could not convert tag: a into an Ant task, data type or property
2003-11-13 12:43:40,750 WARN  org.apache.commons.jelly.tags.ant.AntTag - Could not convert tag: br into an Ant task, data type or property
2003-11-13 12:43:40,750 WARN  org.apache.commons.jelly.tags.ant.AntTag - Could not convert tag: a into an Ant task, data type or property
2003-11-13 12:43:40,750 WARN  org.apache.commons.jelly.tags.ant.AntTag - Could not convert tag: br into an Ant task, data type or property
2003-11-13 12:43:40,750 WARN  org.apache.commons.jelly.tags.ant.AntTag - Could not convert tag: a into an Ant task, data type or property
2003-11-13 12:43:40,750 WARN  org.apache.commons.jelly.tags.ant.AntTag - Could not convert tag: br into an Ant task, data type or property
2003-11-13 12:43:40,750 WARN  org.apache.commons.jelly.tags.ant.AntTag - Could not convert tag: a into an Ant task, data type or property
2003-11-13 12:43:40,750 WARN  org.apache.commons.jelly.tags.ant.AntTag - Could not convert tag: br into an Ant task, data type or property
2003-11-13 12:43:40,750 WARN  org.apache.commons.jelly.tags.ant.AntTag - Could not convert tag: a into an Ant task, data type or property
2003-11-13 12:43:40,750 WARN  org.apache.commons.jelly.tags.ant.AntTag - Could not convert tag: br into an Ant task, data type or property
2003-11-13 12:43:40,750 WARN  org.apache.commons.jelly.tags.ant.AntTag - Could not convert tag: subsection into an Ant task, data type or property
2003-11-13 12:43:40,750 WARN  org.apache.commons.jelly.tags.ant.AntTag - Could not convert tag: table into an Ant task, data type or property
2003-11-13 12:43:40,750 WARN  org.apache.commons.jelly.tags.ant.AntTag - Could not convert tag: tr into an Ant task, data type or property
2003-11-13 12:43:40,750 WARN  org.apache.commons.jelly.tags.ant.AntTag - Could not convert tag: th into an Ant task, data type or property
2003-11-13 12:43:40,750 WARN  org.apache.commons.jelly.tags.ant.AntTag - Could not convert tag: th into an Ant task, data type or property
2003-11-13 12:43:40,750 WARN  org.apache.commons.jelly.tags.ant.AntTag - Could not convert tag: th into an Ant task, data type or property
2003-11-13 12:43:40,750 WARN  org.apache.commons.jelly.tags.ant.AntTag - Could not convert tag: th into an Ant task, data type or property
2003-11-13 12:43:40,750 WARN  org.apache.commons.jelly.tags.ant.AntTag - Could not convert tag: th into an Ant task, data type or property
2003-11-13 12:43:40,750 WARN  org.apache.commons.jelly.tags.ant.AntTag - Could not convert tag: tr into an Ant task, data type or property
2003-11-13 12:43:40,750 WARN  org.apache.commons.jelly.tags.ant.AntTag - Could not convert tag: td into an Ant task, data type or property
2003-11-13 12:43:40,750 WARN  org.apache.commons.jelly.tags.ant.AntTag - Could not convert tag: td into an Ant task, data type or property
2003-11-13 12:43:40,750 WARN  org.apache.commons.jelly.tags.ant.AntTag - Could not convert tag: td into an Ant task, data type or property
2003-11-13 12:43:40,750 WARN  org.apache.commons.jelly.tags.ant.AntTag - Could not convert tag: td into an Ant task, data type or property
2003-11-13 12:43:40,750 WARN  org.apache.commons.jelly.tags.ant.AntTag - Could not convert tag: td into an Ant task, data type or property
2003-11-13 12:43:40,750 WARN  org.apache.commons.jelly.tags.ant.AntTag - Could not convert tag: table into an Ant task, data type or property
2003-11-13 12:43:40,750 WARN  org.apache.commons.jelly.tags.ant.AntTag - Could not convert tag: tr into an Ant task, data type or property
2003-11-13 12:43:40,750 WARN  org.apache.commons.jelly.tags.ant.AntTag - Could not convert tag: th into an Ant task, data type or property
2003-11-13 12:43:40,750 WARN  org.apache.commons.jelly.tags.ant.AntTag - Could not convert tag: th into an Ant task, data type or property
2003-11-13 12:43:40,750 WARN  org.apache.commons.jelly.tags.ant.AntTag - Could not convert tag: th into an Ant task, data type or property
2003-11-13 12:43:40,750 WARN  org.apache.commons.jelly.tags.ant.AntTag - Could not convert tag: th into an Ant task, data type or property
2003-11-13 12:43:40,750 WARN  org.apache.commons.jelly.tags.ant.AntTag - Could not convert tag: tr into an Ant task, data type or property
2003-11-13 12:43:40,750 WARN  org.apache.commons.jelly.tags.ant.AntTag - Could not convert tag: td into an Ant task, data type or property
2003-11-13 12:43:40,750 WARN  org.apache.commons.jelly.tags.ant.AntTag - Could not convert tag: td into an Ant task, data type or property
2003-11-13 12:43:40,750 WARN  org.apache.commons.jelly.tags.ant.AntTag - Could not convert tag: a into an Ant task, data type or property
2003-11-13 12:43:40,750 WARN  org.apache.commons.jelly.tags.ant.AntTag - Could not convert tag: br into an Ant task, data type or property
2003-11-13 12:43:40,750 WARN  org.apache.commons.jelly.tags.ant.AntTag - Could not convert tag: a into an Ant task, data type or property
2003-11-13 12:43:40,750 WARN  org.apache.commons.jelly.tags.ant.AntTag - Could not convert tag: br into an Ant task, data type or property
2003-11-13 12:43:40,750 WARN  org.apache.commons.jelly.tags.ant.AntTag - Could not convert tag: td into an Ant task, data type or property
2003-11-13 12:43:40,750 WARN  org.apache.commons.jelly.tags.ant.AntTag - Could not convert tag: a into an Ant task, data type or property
2003-11-13 12:43:40,750 WARN  org.apache.commons.jelly.tags.ant.AntTag - Could not convert tag: br into an Ant task, data type or property
2003-11-13 12:43:40,750 WARN  org.apache.commons.jelly.tags.ant.AntTag - Could not convert tag: td into an Ant task, data type or property
2003-11-13 12:43:40,750 WARN  org.apache.commons.jelly.tags.ant.AntTag - Could not convert tag: a into an Ant task, data type or property
2003-11-13 12:43:40,750 WARN  org.apache.commons.jelly.tags.ant.AntTag - Could not convert tag: br into an Ant task, data type or property
2003-11-13 12:43:40,750 WARN  org.apache.commons.jelly.tags.ant.AntTag - Could not convert tag: a into an Ant task, data type or property
2003-11-13 12:43:40,750 WARN  org.apache.commons.jelly.tags.ant.AntTag - Could not convert tag: br into an Ant task, data type or property
2003-11-13 12:43:40,750 WARN  org.apache.commons.jelly.tags.ant.AntTag - Could not convert tag: a into an Ant task, data type or property
2003-11-13 12:43:40,750 WARN  org.apache.commons.jelly.tags.ant.AntTag - Could not convert tag: br into an Ant task, data type or property
2003-11-13 12:43:40,750 WARN  org.apache.commons.jelly.tags.ant.AntTag - Could not convert tag: a into an Ant task, data type or property
2003-11-13 12:43:40,750 WARN  org.apache.commons.jelly.tags.ant.AntTag - Could not convert tag: br into an Ant task, data type or property
2003-11-13 12:43:40,750 WARN  org.apache.commons.jelly.tags.ant.AntTag - Could not convert tag: a into an Ant task, data type or property
2003-11-13 12:43:40,750 WARN  org.apache.commons.jelly.tags.ant.AntTag - Could not convert tag: br into an Ant task, data type or property
2003-11-13 12:43:40,750 WARN  org.apache.commons.jelly.tags.ant.AntTag - Could not convert tag: a into an Ant task, data type or property
2003-11-13 12:43:40,750 WARN  org.apache.commons.jelly.tags.ant.AntTag - Could not convert tag: br into an Ant task, data type or property
2003-11-13 12:43:40,750 WARN  org.apache.commons.jelly.tags.ant.AntTag - Could not convert tag: a into an Ant task, data type or property
2003-11-13 12:43:40,750 WARN  org.apache.commons.jelly.tags.ant.AntTag - Could not convert tag: br into an Ant task, data type or property
2003-11-13 12:43:40,750 WARN  org.apache.commons.jelly.tags.ant.AntTag - Could not convert tag: a into an Ant task, data type or property
2003-11-13 12:43:40,750 WARN  org.apache.commons.jelly.tags.ant.AntTag - Could not convert tag: br into an Ant task, data type or property
2003-11-13 12:43:40,750 WARN  org.apache.commons.jelly.tags.ant.AntTag - Could not convert tag: a into an Ant task, data type or property
2003-11-13 12:43:40,750 WARN  org.apache.commons.jelly.tags.ant.AntTag - Could not convert tag: br into an Ant task, data type or property
2003-11-13 12:43:40,750 WARN  org.apache.commons.jelly.tags.ant.AntTag - Could not convert tag: a into an Ant task, data type or property
2003-11-13 12:43:40,750 WARN  org.apache.commons.jelly.tags.ant.AntTag - Could not convert tag: br into an Ant task, data type or property
2003-11-13 12:43:40,750 WARN  org.apache.commons.jelly.tags.ant.AntTag - Could not convert tag: subsection into an Ant task, data type or property
2003-11-13 12:43:40,750 WARN  org.apache.commons.jelly.tags.ant.AntTag - Could not convert tag: table into an Ant task, data type or property
2003-11-13 12:43:40,750 WARN  org.apache.commons.jelly.tags.ant.AntTag - Could not convert tag: tr into an Ant task, data type or property
2003-11-13 12:43:40,750 WARN  org.apache.commons.jelly.tags.ant.AntTag - Could not convert tag: th into an Ant task, data type or property
2003-11-13 12:43:40,750 WARN  org.apache.commons.jelly.tags.ant.AntTag - Could not convert tag: th into an Ant task, data type or property
2003-11-13 12:43:40,750 WARN  org.apache.commons.jelly.tags.ant.AntTag - Could not convert tag: th into an Ant task, data type or property
2003-11-13 12:43:40,750 WARN  org.apache.commons.jelly.tags.ant.AntTag - Could not convert tag: th into an Ant task, data type or property
2003-11-13 12:43:40,750 WARN  org.apache.commons.jelly.tags.ant.AntTag - Could not convert tag: th into an Ant task, data type or property
2003-11-13 12:43:40,750 WARN  org.apache.commons.jelly.tags.ant.AntTag - Could not convert tag: tr into an Ant task, data type or property
2003-11-13 12:43:40,750 WARN  org.apache.commons.jelly.tags.ant.AntTag - Could not convert tag: td into an Ant task, data type or property
2003-11-13 12:43:40,750 WARN  org.apache.commons.jelly.tags.ant.AntTag - Could not convert tag: td into an Ant task, data type or property
2003-11-13 12:43:40,750 WARN  org.apache.commons.jelly.tags.ant.AntTag - Could not convert tag: td into an Ant task, data type or property
2003-11-13 12:43:40,750 WARN  org.apache.commons.jelly.tags.ant.AntTag - Could not convert tag: td into an Ant task, data type or property
2003-11-13 12:43:40,750 WARN  org.apache.commons.jelly.tags.ant.AntTag - Could not convert tag: td into an Ant task, data type or property
2003-11-13 12:43:40,750 WARN  org.apache.commons.jelly.tags.ant.AntTag - Could not convert tag: table into an Ant task, data type or property
2003-11-13 12:43:40,750 WARN  org.apache.commons.jelly.tags.ant.AntTag - Could not convert tag: tr into an Ant task, data type or property
2003-11-13 12:43:40,750 WARN  org.apache.commons.jelly.tags.ant.AntTag - Could not convert tag: th into an Ant task, data type or property
2003-11-13 12:43:40,750 WARN  org.apache.commons.jelly.tags.ant.AntTag - Could not convert tag: th into an Ant task, data type or property
2003-11-13 12:43:40,750 WARN  org.apache.commons.jelly.tags.ant.AntTag - Could not convert tag: th into an Ant task, data type or property
2003-11-13 12:43:40,750 WARN  org.apache.commons.jelly.tags.ant.AntTag - Could not convert tag: th into an Ant task, data type or property
2003-11-13 12:43:40,750 WARN  org.apache.commons.jelly.tags.ant.AntTag - Could not convert tag: tr into an Ant task, data type or property
2003-11-13 12:43:40,750 WARN  org.apache.commons.jelly.tags.ant.AntTag - Could not convert tag: td into an Ant task, data type or property
2003-11-13 12:43:40,750 WARN  org.apache.commons.jelly.tags.ant.AntTag - Could not convert tag: td into an Ant task, data type or property
2003-11-13 12:43:40,765 WARN  org.apache.commons.jelly.tags.ant.AntTag - Could not convert tag: a into an Ant task, data type or property
2003-11-13 12:43:40,765 WARN  org.apache.commons.jelly.tags.ant.AntTag - Could not convert tag: br into an Ant task, data type or property
2003-11-13 12:43:40,765 WARN  org.apache.commons.jelly.tags.ant.AntTag - Could not convert tag: a into an Ant task, data type or property
2003-11-13 12:43:40,765 WARN  org.apache.commons.jelly.tags.ant.AntTag - Could not convert tag: br into an Ant task, data type or property
2003-11-13 12:43:40,765 WARN  org.apache.commons.jelly.tags.ant.AntTag - Could not convert tag: a into an Ant task, data type or property
2003-11-13 12:43:40,765 WARN  org.apache.commons.jelly.tags.ant.AntTag - Could not convert tag: br into an Ant task, data type or property
2003-11-13 12:43:40,765 WARN  org.apache.commons.jelly.tags.ant.AntTag - Could not convert tag: a into an Ant task, data type or property
2003-11-13 12:43:40,765 WARN  org.apache.commons.jelly.tags.ant.AntTag - Could not convert tag: br into an Ant task, data type or property
2003-11-13 12:43:40,765 WARN  org.apache.commons.jelly.tags.ant.AntTag - Could not convert tag: a into an Ant task, data type or property
2003-11-13 12:43:40,765 WARN  org.apache.commons.jelly.tags.ant.AntTag - Could not convert tag: br into an Ant task, data type or property
2003-11-13 12:43:40,765 WARN  org.apache.commons.jelly.tags.ant.AntTag - Could not convert tag: a into an Ant task, data type or property
2003-11-13 12:43:40,765 WARN  org.apache.commons.jelly.tags.ant.AntTag - Could not convert tag: br into an Ant task, data type or property
2003-11-13 12:43:40,765 WARN  org.apache.commons.jelly.tags.ant.AntTag - Could not convert tag: td into an Ant task, data type or property
2003-11-13 12:43:40,765 WARN  org.apache.commons.jelly.tags.ant.AntTag - Could not convert tag: a into an Ant task, data type or property
2003-11-13 12:43:40,765 WARN  org.apache.commons.jelly.tags.ant.AntTag - Could not convert tag: br into an Ant task, data type or property
2003-11-13 12:43:40,765 WARN  org.apache.commons.jelly.tags.ant.AntTag - Could not convert tag: td into an Ant task, data type or property
2003-11-13 12:43:40,765 WARN  org.apache.commons.jelly.tags.ant.AntTag - Could not convert tag: a into an Ant task, data type or property
2003-11-13 12:43:40,765 WARN  org.apache.commons.jelly.tags.ant.AntTag - Could not convert tag: br into an Ant task, data type or property
2003-11-13 12:43:40,765 WARN  org.apache.commons.jelly.tags.ant.AntTag - Could not convert tag: a into an Ant task, data type or property
2003-11-13 12:43:40,765 WARN  org.apache.commons.jelly.tags.ant.AntTag - Could not convert tag: br into an Ant task, data type or property
2003-11-13 12:43:40,765 WARN  org.apache.commons.jelly.tags.ant.AntTag - Could not convert tag: a into an Ant task, data type or property
2003-11-13 12:43:40,765 WARN  org.apache.commons.jelly.tags.ant.AntTag - Could not convert tag: br into an Ant task, data type or property
2003-11-13 12:43:40,765 WARN  org.apache.commons.jelly.tags.ant.AntTag - Could not convert tag: a into an Ant task, data type or property
2003-11-13 12:43:40,765 WARN  org.apache.commons.jelly.tags.ant.AntTag - Could not convert tag: br into an Ant task, data type or property
2003-11-13 12:43:40,765 WARN  org.apache.commons.jelly.tags.ant.AntTag - Could not convert tag: a into an Ant task, data type or property
2003-11-13 12:43:40,765 WARN  org.apache.commons.jelly.tags.ant.AntTag - Could not convert tag: br into an Ant task, data type or property
2003-11-13 12:43:40,765 WARN  org.apache.commons.jelly.tags.ant.AntTag - Could not convert tag: a into an Ant task, data type or property
2003-11-13 12:43:40,765 WARN  org.apache.commons.jelly.tags.ant.AntTag - Could not convert tag: br into an Ant task, data type or property
2003-11-13 12:43:40,765 WARN  org.apache.commons.jelly.tags.ant.AntTag - Could not convert tag: a into an Ant task, data type or property
2003-11-13 12:43:40,765 WARN  org.apache.commons.jelly.tags.ant.AntTag - Could not convert tag: br into an Ant task, data type or property
2003-11-13 12:43:40,765 WARN  org.apache.commons.jelly.tags.ant.AntTag - Could not convert tag: a into an Ant task, data type or property
2003-11-13 12:43:40,765 WARN  org.apache.commons.jelly.tags.ant.AntTag - Could not convert tag: br into an Ant task, data type or property
2003-11-13 12:43:40,765 WARN  org.apache.commons.jelly.tags.ant.AntTag - Could not convert tag: a into an Ant task, data type or property
2003-11-13 12:43:40,765 WARN  org.apache.commons.jelly.tags.ant.AntTag - Could not convert tag: br into an Ant task, data type or property
2003-11-13 12:43:40,765 WARN  org.apache.commons.jelly.tags.ant.AntTag - Could not convert tag: a into an Ant task, data type or property
2003-11-13 12:43:40,765 WARN  org.apache.commons.jelly.tags.ant.AntTag - Could not convert tag: br into an Ant task, data type or property
2003-11-13 12:43:40,765 WARN  org.apache.commons.jelly.tags.ant.AntTag - Could not convert tag: a into an Ant task, data type or property
2003-11-13 12:43:40,765 WARN  org.apache.commons.jelly.tags.ant.AntTag - Could not convert tag: br into an Ant task, data type or property
2003-11-13 12:43:40,765 WARN  org.apache.commons.jelly.tags.ant.AntTag - Could not convert tag: a into an Ant task, data type or property
2003-11-13 12:43:40,765 WARN  org.apache.commons.jelly.tags.ant.AntTag - Could not convert tag: br into an Ant task, data type or property
2003-11-13 12:43:40,765 WARN  org.apache.commons.jelly.tags.ant.AntTag - Could not convert tag: a into an Ant task, data type or property
2003-11-13 12:43:40,765 WARN  org.apache.commons.jelly.tags.ant.AntTag - Could not convert tag: br into an Ant task, data type or property
2003-11-13 12:43:40,765 WARN  org.apache.commons.jelly.tags.ant.AntTag - Could not convert tag: a into an Ant task, data type or property
2003-11-13 12:43:40,765 WARN  org.apache.commons.jelly.tags.ant.AntTag - Could not convert tag: br into an Ant task, data type or property
2003-11-13 12:43:40,765 WARN  org.apache.commons.jelly.tags.ant.AntTag - Could not convert tag: a into an Ant task, data type or property
2003-11-13 12:43:40,765 WARN  org.apache.commons.jelly.tags.ant.AntTag - Could not convert tag: br into an Ant task, data type or property
2003-11-13 12:43:40,765 WARN  org.apache.commons.jelly.tags.ant.AntTag - Could not convert tag: subsection into an Ant task, data type or property
2003-11-13 12:43:40,765 WARN  org.apache.commons.jelly.tags.ant.AntTag - Could not convert tag: table into an Ant task, data type or property
2003-11-13 12:43:40,765 WARN  org.apache.commons.jelly.tags.ant.AntTag - Could not convert tag: tr into an Ant task, data type or property
2003-11-13 12:43:40,765 WARN  org.apache.commons.jelly.tags.ant.AntTag - Could not convert tag: th into an Ant task, data type or property
2003-11-13 12:43:40,765 WARN  org.apache.commons.jelly.tags.ant.AntTag - Could not convert tag: th into an Ant task, data type or property
2003-11-13 12:43:40,765 WARN  org.apache.commons.jelly.tags.ant.AntTag - Could not convert tag: th into an Ant task, data type or property
2003-11-13 12:43:40,765 WARN  org.apache.commons.jelly.tags.ant.AntTag - Could not convert tag: th into an Ant task, data type or property
2003-11-13 12:43:40,765 WARN  org.apache.commons.jelly.tags.ant.AntTag - Could not convert tag: th into an Ant task, data type or property
2003-11-13 12:43:40,765 WARN  org.apache.commons.jelly.tags.ant.AntTag - Could not convert tag: tr into an Ant task, data type or property
2003-11-13 12:43:40,765 WARN  org.apache.commons.jelly.tags.ant.AntTag - Could not convert tag: td into an Ant task, data type or property
2003-11-13 12:43:40,765 WARN  org.apache.commons.jelly.tags.ant.AntTag - Could not convert tag: td into an Ant task, data type or property
2003-11-13 12:43:40,765 WARN  org.apache.commons.jelly.tags.ant.AntTag - Could not convert tag: td into an Ant task, data type or property
2003-11-13 12:43:40,765 WARN  org.apache.commons.jelly.tags.ant.AntTag - Could not convert tag: td into an Ant task, data type or property
2003-11-13 12:43:40,765 WARN  org.apache.commons.jelly.tags.ant.AntTag - Could not convert tag: td into an Ant task, data type or property
2003-11-13 12:43:40,765 WARN  org.apache.commons.jelly.tags.ant.AntTag - Could not convert tag: table into an Ant task, data type or property
2003-11-13 12:43:40,765 WARN  org.apache.commons.jelly.tags.ant.AntTag - Could not convert tag: tr into an Ant task, data type or property
2003-11-13 12:43:40,765 WARN  org.apache.commons.jelly.tags.ant.AntTag - Could not convert tag: th into an Ant task, data type or property
2003-11-13 12:43:40,765 WARN  org.apache.commons.jelly.tags.ant.AntTag - Could not convert tag: th into an Ant task, data type or property
2003-11-13 12:43:40,765 WARN  org.apache.commons.jelly.tags.ant.AntTag - Could not convert tag: th into an Ant task, data type or property
2003-11-13 12:43:40,765 WARN  org.apache.commons.jelly.tags.ant.AntTag - Could not convert tag: th into an Ant task, data type or property
2003-11-13 12:43:40,765 WARN  org.apache.commons.jelly.tags.ant.AntTag - Could not convert tag: tr into an Ant task, data type or property
2003-11-13 12:43:40,765 WARN  org.apache.commons.jelly.tags.ant.AntTag - Could not convert tag: td into an Ant task, data type or property
2003-11-13 12:43:40,765 WARN  org.apache.commons.jelly.tags.ant.AntTag - Could not convert tag: a into an Ant task, data type or property
2003-11-13 12:43:40,765 WARN  org.apache.commons.jelly.tags.ant.AntTag - Could not convert tag: br into an Ant task, data type or property
2003-11-13 12:43:40,765 WARN  org.apache.commons.jelly.tags.ant.AntTag - Could not convert tag: a into an Ant task, data type or property
2003-11-13 12:43:40,765 WARN  org.apache.commons.jelly.tags.ant.AntTag - Could not convert tag: br into an Ant task, data type or property
2003-11-13 12:43:40,765 WARN  org.apache.commons.jelly.tags.ant.AntTag - Could not convert tag: a into an Ant task, data type or property
2003-11-13 12:43:40,765 WARN  org.apache.commons.jelly.tags.ant.AntTag - Could not convert tag: br into an Ant task, data type or property
2003-11-13 12:43:40,765 WARN  org.apache.commons.jelly.tags.ant.AntTag - Could not convert tag: a into an Ant task, data type or property
2003-11-13 12:43:40,765 WARN  org.apache.commons.jelly.tags.ant.AntTag - Could not convert tag: br into an Ant task, data type or property
2003-11-13 12:43:40,765 WARN  org.apache.commons.jelly.tags.ant.AntTag - Could not convert tag: a into an Ant task, data type or property
2003-11-13 12:43:40,765 WARN  org.apache.commons.jelly.tags.ant.AntTag - Could not convert tag: br into an Ant task, data type or property
2003-11-13 12:43:40,765 WARN  org.apache.commons.jelly.tags.ant.AntTag - Could not convert tag: a into an Ant task, data type or property
2003-11-13 12:43:40,781 WARN  org.apache.commons.jelly.tags.ant.AntTag - Could not convert tag: br into an Ant task, data type or property
2003-11-13 12:43:40,781 WARN  org.apache.commons.jelly.tags.ant.AntTag - Could not convert tag: a into an Ant task, data type or property
2003-11-13 12:43:40,781 WARN  org.apache.commons.jelly.tags.ant.AntTag - Could not convert tag: br into an Ant task, data type or property
2003-11-13 12:43:40,781 WARN  org.apache.commons.jelly.tags.ant.AntTag - Could not convert tag: a into an Ant task, data type or property
2003-11-13 12:43:40,781 WARN  org.apache.commons.jelly.tags.ant.AntTag - Could not convert tag: br into an Ant task, data type or property
2003-11-13 12:43:40,781 WARN  org.apache.commons.jelly.tags.ant.AntTag - Could not convert tag: a into an Ant task, data type or property
2003-11-13 12:43:40,781 WARN  org.apache.commons.jelly.tags.ant.AntTag - Could not convert tag: br into an Ant task, data type or property
2003-11-13 12:43:40,781 WARN  org.apache.commons.jelly.tags.ant.AntTag - Could not convert tag: a into an Ant task, data type or property
2003-11-13 12:43:40,781 WARN  org.apache.commons.jelly.tags.ant.AntTag - Could not convert tag: br into an Ant task, data type or property
2003-11-13 12:43:40,781 WARN  org.apache.commons.jelly.tags.ant.AntTag - Could not convert tag: a into an Ant task, data type or property
2003-11-13 12:43:40,781 WARN  org.apache.commons.jelly.tags.ant.AntTag - Could not convert tag: br into an Ant task, data type or property
2003-11-13 12:43:40,781 WARN  org.apache.commons.jelly.tags.ant.AntTag - Could not convert tag: a into an Ant task, data type or property
2003-11-13 12:43:40,781 WARN  org.apache.commons.jelly.tags.ant.AntTag - Could not convert tag: br into an Ant task, data type or property
2003-11-13 12:43:40,781 WARN  org.apache.commons.jelly.tags.ant.AntTag - Could not convert tag: a into an Ant task, data type or property
2003-11-13 12:43:40,781 WARN  org.apache.commons.jelly.tags.ant.AntTag - Could not convert tag: br into an Ant task, data type or property
2003-11-13 12:43:40,781 WARN  org.apache.commons.jelly.tags.ant.AntTag - Could not convert tag: a into an Ant task, data type or property
2003-11-13 12:43:40,781 WARN  org.apache.commons.jelly.tags.ant.AntTag - Could not convert tag: br into an Ant task, data type or property
2003-11-13 12:43:40,781 WARN  org.apache.commons.jelly.tags.ant.AntTag - Could not convert tag: a into an Ant task, data type or property
2003-11-13 12:43:40,781 WARN  org.apache.commons.jelly.tags.ant.AntTag - Could not convert tag: br into an Ant task, data type or property
2003-11-13 12:43:40,781 WARN  org.apache.commons.jelly.tags.ant.AntTag - Could not convert tag: a into an Ant task, data type or property
2003-11-13 12:43:40,781 WARN  org.apache.commons.jelly.tags.ant.AntTag - Could not convert tag: br into an Ant task, data type or property
2003-11-13 12:43:40,781 WARN  org.apache.commons.jelly.tags.ant.AntTag - Could not convert tag: td into an Ant task, data type or property
2003-11-13 12:43:40,781 WARN  org.apache.commons.jelly.tags.ant.AntTag - Could not convert tag: a into an Ant task, data type or property
2003-11-13 12:43:40,781 WARN  org.apache.commons.jelly.tags.ant.AntTag - Could not convert tag: br into an Ant task, data type or property
2003-11-13 12:43:40,781 WARN  org.apache.commons.jelly.tags.ant.AntTag - Could not convert tag: a into an Ant task, data type or property
2003-11-13 12:43:40,781 WARN  org.apache.commons.jelly.tags.ant.AntTag - Could not convert tag: br into an Ant task, data type or property
2003-11-13 12:43:40,781 WARN  org.apache.commons.jelly.tags.ant.AntTag - Could not convert tag: a into an Ant task, data type or property
2003-11-13 12:43:40,781 WARN  org.apache.commons.jelly.tags.ant.AntTag - Could not convert tag: br into an Ant task, data type or property
2003-11-13 12:43:40,781 WARN  org.apache.commons.jelly.tags.ant.AntTag - Could not convert tag: a into an Ant task, data type or property
2003-11-13 12:43:40,781 WARN  org.apache.commons.jelly.tags.ant.AntTag - Could not convert tag: br into an Ant task, data type or property
2003-11-13 12:43:40,781 WARN  org.apache.commons.jelly.tags.ant.AntTag - Could not convert tag: a into an Ant task, data type or property
2003-11-13 12:43:40,781 WARN  org.apache.commons.jelly.tags.ant.AntTag - Could not convert tag: br into an Ant task, data type or property
2003-11-13 12:43:40,781 WARN  org.apache.commons.jelly.tags.ant.AntTag - Could not convert tag: a into an Ant task, data type or property
2003-11-13 12:43:40,781 WARN  org.apache.commons.jelly.tags.ant.AntTag - Could not convert tag: br into an Ant task, data type or property
2003-11-13 12:43:40,781 WARN  org.apache.commons.jelly.tags.ant.AntTag - Could not convert tag: a into an Ant task, data type or property
2003-11-13 12:43:40,781 WARN  org.apache.commons.jelly.tags.ant.AntTag - Could not convert tag: br into an Ant task, data type or property
2003-11-13 12:43:40,781 WARN  org.apache.commons.jelly.tags.ant.AntTag - Could not convert tag: a into an Ant task, data type or property
2003-11-13 12:43:40,781 WARN  org.apache.commons.jelly.tags.ant.AntTag - Could not convert tag: br into an Ant task, data type or property
2003-11-13 12:43:40,781 WARN  org.apache.commons.jelly.tags.ant.AntTag - Could not convert tag: a into an Ant task, data type or property
2003-11-13 12:43:40,781 WARN  org.apache.commons.jelly.tags.ant.AntTag - Could not convert tag: br into an Ant task, data type or property
2003-11-13 12:43:40,781 WARN  org.apache.commons.jelly.tags.ant.AntTag - Could not convert tag: a into an Ant task, data type or property
2003-11-13 12:43:40,796 WARN  org.apache.commons.jelly.tags.ant.AntTag - Could not convert tag: br into an Ant task, data type or property
2003-11-13 12:43:40,796 WARN  org.apache.commons.jelly.tags.ant.AntTag - Could not convert tag: a into an Ant task, data type or property
2003-11-13 12:43:40,796 WARN  org.apache.commons.jelly.tags.ant.AntTag - Could not convert tag: br into an Ant task, data type or property
2003-11-13 12:43:40,796 WARN  org.apache.commons.jelly.tags.ant.AntTag - Could not convert tag: a into an Ant task, data type or property
2003-11-13 12:43:40,796 WARN  org.apache.commons.jelly.tags.ant.AntTag - Could not convert tag: br into an Ant task, data type or property
2003-11-13 12:43:40,796 WARN  org.apache.commons.jelly.tags.ant.AntTag - Could not convert tag: a into an Ant task, data type or property
2003-11-13 12:43:40,796 WARN  org.apache.commons.jelly.tags.ant.AntTag - Could not convert tag: br into an Ant task, data type or property
2003-11-13 12:43:40,796 WARN  org.apache.commons.jelly.tags.ant.AntTag - Could not convert tag: a into an Ant task, data type or property
2003-11-13 12:43:40,796 WARN  org.apache.commons.jelly.tags.ant.AntTag - Could not convert tag: br into an Ant task, data type or property
2003-11-13 12:43:40,796 WARN  org.apache.commons.jelly.tags.ant.AntTag - Could not convert tag: a into an Ant task, data type or property
2003-11-13 12:43:40,796 WARN  org.apache.commons.jelly.tags.ant.AntTag - Could not convert tag: br into an Ant task, data type or property
2003-11-13 12:43:40,796 WARN  org.apache.commons.jelly.tags.ant.AntTag - Could not convert tag: a into an Ant task, data type or property
2003-11-13 12:43:40,796 WARN  org.apache.commons.jelly.tags.ant.AntTag - Could not convert tag: br into an Ant task, data type or property
2003-11-13 12:43:40,796 WARN  org.apache.commons.jelly.tags.ant.AntTag - Could not convert tag: a into an Ant task, data type or property
2003-11-13 12:43:40,796 WARN  org.apache.commons.jelly.tags.ant.AntTag - Could not convert tag: br into an Ant task, data type or property
2003-11-13 12:43:40,796 WARN  org.apache.commons.jelly.tags.ant.AntTag - Could not convert tag: a into an Ant task, data type or property
2003-11-13 12:43:40,796 WARN  org.apache.commons.jelly.tags.ant.AntTag - Could not convert tag: br into an Ant task, data type or property
2003-11-13 12:43:40,796 WARN  org.apache.commons.jelly.tags.ant.AntTag - Could not convert tag: a into an Ant task, data type or property
2003-11-13 12:43:40,796 WARN  org.apache.commons.jelly.tags.ant.AntTag - Could not convert tag: br into an Ant task, data type or property
2003-11-13 12:43:40,796 WARN  org.apache.commons.jelly.tags.ant.AntTag - Could not convert tag: a into an Ant task, data type or property
2003-11-13 12:43:40,796 WARN  org.apache.commons.jelly.tags.ant.AntTag - Could not convert tag: br into an Ant task, data type or property
2003-11-13 12:43:40,796 WARN  org.apache.commons.jelly.tags.ant.AntTag - Could not convert tag: a into an Ant task, data type or property
2003-11-13 12:43:40,796 WARN  org.apache.commons.jelly.tags.ant.AntTag - Could not convert tag: br into an Ant task, data type or property
2003-11-13 12:43:40,796 WARN  org.apache.commons.jelly.tags.ant.AntTag - Could not convert tag: a into an Ant task, data type or property
2003-11-13 12:43:40,796 WARN  org.apache.commons.jelly.tags.ant.AntTag - Could not convert tag: br into an Ant task, data type or property
2003-11-13 12:43:40,796 WARN  org.apache.commons.jelly.tags.ant.AntTag - Could not convert tag: a into an Ant task, data type or property
2003-11-13 12:43:40,796 WARN  org.apache.commons.jelly.tags.ant.AntTag - Could not convert tag: br into an Ant task, data type or property
2003-11-13 12:43:40,796 WARN  org.apache.commons.jelly.tags.ant.AntTag - Could not convert tag: a into an Ant task, data type or property
2003-11-13 12:43:40,796 WARN  org.apache.commons.jelly.tags.ant.AntTag - Could not convert tag: br into an Ant task, data type or property
2003-11-13 12:43:40,796 WARN  org.apache.commons.jelly.tags.ant.AntTag - Could not convert tag: a into an Ant task, data type or property
2003-11-13 12:43:40,796 WARN  org.apache.commons.jelly.tags.ant.AntTag - Could not convert tag: br into an Ant task, data type or property
2003-11-13 12:43:40,796 WARN  org.apache.commons.jelly.tags.ant.AntTag - Could not convert tag: a into an Ant task, data type or property
2003-11-13 12:43:40,796 WARN  org.apache.commons.jelly.tags.ant.AntTag - Could not convert tag: br into an Ant task, data type or property
2003-11-13 12:43:40,796 WARN  org.apache.commons.jelly.tags.ant.AntTag - Could not convert tag: a into an Ant task, data type or property
2003-11-13 12:43:40,796 WARN  org.apache.commons.jelly.tags.ant.AntTag - Could not convert tag: br into an Ant task, data type or property
2003-11-13 12:43:40,796 WARN  org.apache.commons.jelly.tags.ant.AntTag - Could not convert tag: a into an Ant task, data type or property
2003-11-13 12:43:40,796 WARN  org.apache.commons.jelly.tags.ant.AntTag - Could not convert tag: br into an Ant task, data type or property
2003-11-13 12:43:40,796 WARN  org.apache.commons.jelly.tags.ant.AntTag - Could not convert tag: a into an Ant task, data type or property
2003-11-13 12:43:40,796 WARN  org.apache.commons.jelly.tags.ant.AntTag - Could not convert tag: br into an Ant task, data type or property
2003-11-13 12:43:40,796 WARN  org.apache.commons.jelly.tags.ant.AntTag - Could not convert tag: a into an Ant task, data type or property
2003-11-13 12:43:40,796 WARN  org.apache.commons.jelly.tags.ant.AntTag - Could not convert tag: br into an Ant task, data type or property
2003-11-13 12:43:40,796 WARN  org.apache.commons.jelly.tags.ant.AntTag - Could not convert tag: a into an Ant task, data type or property
2003-11-13 12:43:40,796 WARN  org.apache.commons.jelly.tags.ant.AntTag - Could not convert tag: br into an Ant task, data type or property
2003-11-13 12:43:40,796 WARN  org.apache.commons.jelly.tags.ant.AntTag - Could not convert tag: a into an Ant task, data type or property
2003-11-13 12:43:40,796 WARN  org.apache.commons.jelly.tags.ant.AntTag - Could not convert tag: br into an Ant task, data type or property
2003-11-13 12:43:40,796 WARN  org.apache.commons.jelly.tags.ant.AntTag - Could not convert tag: a into an Ant task, data type or property
2003-11-13 12:43:40,796 WARN  org.apache.commons.jelly.tags.ant.AntTag - Could not convert tag: br into an Ant task, data type or property
2003-11-13 12:43:40,796 WARN  org.apache.commons.jelly.tags.ant.AntTag - Could not convert tag: a into an Ant task, data type or property
2003-11-13 12:43:40,796 WARN  org.apache.commons.jelly.tags.ant.AntTag - Could not convert tag: br into an Ant task, data type or property
2003-11-13 12:43:40,796 WARN  org.apache.commons.jelly.tags.ant.AntTag - Could not convert tag: a into an Ant task, data type or property
2003-11-13 12:43:40,796 WARN  org.apache.commons.jelly.tags.ant.AntTag - Could not convert tag: br into an Ant task, data type or property
2003-11-13 12:43:40,796 WARN  org.apache.commons.jelly.tags.ant.AntTag - Could not convert tag: a into an Ant task, data type or property
2003-11-13 12:43:40,796 WARN  org.apache.commons.jelly.tags.ant.AntTag - Could not convert tag: br into an Ant task, data type or property
2003-11-13 12:43:40,796 WARN  org.apache.commons.jelly.tags.ant.AntTag - Could not convert tag: a into an Ant task, data type or property
2003-11-13 12:43:40,812 WARN  org.apache.commons.jelly.tags.ant.AntTag - Could not convert tag: br into an Ant task, data type or property
2003-11-13 12:43:40,812 WARN  org.apache.commons.jelly.tags.ant.AntTag - Could not convert tag: a into an Ant task, data type or property
2003-11-13 12:43:40,812 WARN  org.apache.commons.jelly.tags.ant.AntTag - Could not convert tag: br into an Ant task, data type or property
2003-11-13 12:43:40,812 WARN  org.apache.commons.jelly.tags.ant.AntTag - Could not convert tag: a into an Ant task, data type or property
2003-11-13 12:43:40,812 WARN  org.apache.commons.jelly.tags.ant.AntTag - Could not convert tag: br into an Ant task, data type or property
2003-11-13 12:43:40,812 WARN  org.apache.commons.jelly.tags.ant.AntTag - Could not convert tag: a into an Ant task, data type or property
2003-11-13 12:43:40,812 WARN  org.apache.commons.jelly.tags.ant.AntTag - Could not convert tag: br into an Ant task, data type or property
2003-11-13 12:43:40,812 WARN  org.apache.commons.jelly.tags.ant.AntTag - Could not convert tag: a into an Ant task, data type or property
2003-11-13 12:43:40,812 WARN  org.apache.commons.jelly.tags.ant.AntTag - Could not convert tag: br into an Ant task, data type or property
2003-11-13 12:43:40,812 WARN  org.apache.commons.jelly.tags.ant.AntTag - Could not convert tag: a into an Ant task, data type or property
2003-11-13 12:43:40,812 WARN  org.apache.commons.jelly.tags.ant.AntTag - Could not convert tag: br into an Ant task, data type or property
2003-11-13 12:43:40,812 WARN  org.apache.commons.jelly.tags.ant.AntTag - Could not convert tag: a into an Ant task, data type or property
2003-11-13 12:43:40,812 WARN  org.apache.commons.jelly.tags.ant.AntTag - Could not convert tag: br into an Ant task, data type or property
2003-11-13 12:43:40,812 WARN  org.apache.commons.jelly.tags.ant.AntTag - Could not convert tag: a into an Ant task, data type or property
2003-11-13 12:43:40,812 WARN  org.apache.commons.jelly.tags.ant.AntTag - Could not convert tag: br into an Ant task, data type or property
2003-11-13 12:43:40,812 WARN  org.apache.commons.jelly.tags.ant.AntTag - Could not convert tag: a into an Ant task, data type or property
2003-11-13 12:43:40,812 WARN  org.apache.commons.jelly.tags.ant.AntTag - Could not convert tag: br into an Ant task, data type or property
2003-11-13 12:43:40,812 WARN  org.apache.commons.jelly.tags.ant.AntTag - Could not convert tag: a into an Ant task, data type or property
2003-11-13 12:43:40,812 WARN  org.apache.commons.jelly.tags.ant.AntTag - Could not convert tag: br into an Ant task, data type or property
2003-11-13 12:43:40,812 WARN  org.apache.commons.jelly.tags.ant.AntTag - Could not convert tag: a into an Ant task, data type or property
2003-11-13 12:43:40,812 WARN  org.apache.commons.jelly.tags.ant.AntTag - Could not convert tag: br into an Ant task, data type or property
2003-11-13 12:43:40,812 WARN  org.apache.commons.jelly.tags.ant.AntTag - Could not convert tag: a into an Ant task, data type or property
2003-11-13 12:43:40,812 WARN  org.apache.commons.jelly.tags.ant.AntTag - Could not convert tag: br into an Ant task, data type or property
2003-11-13 12:43:40,812 WARN  org.apache.commons.jelly.tags.ant.AntTag - Could not convert tag: a into an Ant task, data type or property
2003-11-13 12:43:40,812 WARN  org.apache.commons.jelly.tags.ant.AntTag - Could not convert tag: br into an Ant task, data type or property
2003-11-13 12:43:40,812 WARN  org.apache.commons.jelly.tags.ant.AntTag - Could not convert tag: a into an Ant task, data type or property
2003-11-13 12:43:40,812 WARN  org.apache.commons.jelly.tags.ant.AntTag - Could not convert tag: br into an Ant task, data type or property
2003-11-13 12:43:40,812 WARN  org.apache.commons.jelly.tags.ant.AntTag - Could not convert tag: a into an Ant task, data type or property
2003-11-13 12:43:40,812 WARN  org.apache.commons.jelly.tags.ant.AntTag - Could not convert tag: br into an Ant task, data type or property
2003-11-13 12:43:40,812 WARN  org.apache.commons.jelly.tags.ant.AntTag - Could not convert tag: a into an Ant task, data type or property
2003-11-13 12:43:40,812 WARN  org.apache.commons.jelly.tags.ant.AntTag - Could not convert tag: br into an Ant task, data type or property
2003-11-13 12:43:40,812 WARN  org.apache.commons.jelly.tags.ant.AntTag - Could not convert tag: a into an Ant task, data type or property
2003-11-13 12:43:40,812 WARN  org.apache.commons.jelly.tags.ant.AntTag - Could not convert tag: br into an Ant task, data type or property
2003-11-13 12:43:40,812 WARN  org.apache.commons.jelly.tags.ant.AntTag - Could not convert tag: a into an Ant task, data type or property
2003-11-13 12:43:40,812 WARN  org.apache.commons.jelly.tags.ant.AntTag - Could not convert tag: br into an Ant task, data type or property
2003-11-13 12:43:40,812 WARN  org.apache.commons.jelly.tags.ant.AntTag - Could not convert tag: a into an Ant task, data type or property
2003-11-13 12:43:40,812 WARN  org.apache.commons.jelly.tags.ant.AntTag - Could not convert tag: br into an Ant task, data type or property
2003-11-13 12:43:40,812 WARN  org.apache.commons.jelly.tags.ant.AntTag - Could not convert tag: a into an Ant task, data type or property
2003-11-13 12:43:40,812 WARN  org.apache.commons.jelly.tags.ant.AntTag - Could not convert tag: br into an Ant task, data type or property
2003-11-13 12:43:40,812 WARN  org.apache.commons.jelly.tags.ant.AntTag - Could not convert tag: a into an Ant task, data type or property
2003-11-13 12:43:40,828 WARN  org.apache.commons.jelly.tags.ant.AntTag - Could not convert tag: br into an Ant task, data type or property
2003-11-13 12:43:40,828 WARN  org.apache.commons.jelly.tags.ant.AntTag - Could not convert tag: a into an Ant task, data type or property
2003-11-13 12:43:40,828 WARN  org.apache.commons.jelly.tags.ant.AntTag - Could not convert tag: br into an Ant task, data type or property
2003-11-13 12:43:40,828 WARN  org.apache.commons.jelly.tags.ant.AntTag - Could not convert tag: a into an Ant task, data type or property
2003-11-13 12:43:40,828 WARN  org.apache.commons.jelly.tags.ant.AntTag - Could not convert tag: br into an Ant task, data type or property
2003-11-13 12:43:40,828 WARN  org.apache.commons.jelly.tags.ant.AntTag - Could not convert tag: a into an Ant task, data type or property
2003-11-13 12:43:40,828 WARN  org.apache.commons.jelly.tags.ant.AntTag - Could not convert tag: br into an Ant task, data type or property
2003-11-13 12:43:40,828 WARN  org.apache.commons.jelly.tags.ant.AntTag - Could not convert tag: a into an Ant task, data type or property
2003-11-13 12:43:40,828 WARN  org.apache.commons.jelly.tags.ant.AntTag - Could not convert tag: br into an Ant task, data type or property
2003-11-13 12:43:40,828 WARN  org.apache.commons.jelly.tags.ant.AntTag - Could not convert tag: a into an Ant task, data type or property
2003-11-13 12:43:40,828 WARN  org.apache.commons.jelly.tags.ant.AntTag - Could not convert tag: br into an Ant task, data type or property
2003-11-13 12:43:40,828 WARN  org.apache.commons.jelly.tags.ant.AntTag - Could not convert tag: a into an Ant task, data type or property
2003-11-13 12:43:40,828 WARN  org.apache.commons.jelly.tags.ant.AntTag - Could not convert tag: br into an Ant task, data type or property
2003-11-13 12:43:40,828 WARN  org.apache.commons.jelly.tags.ant.AntTag - Could not convert tag: a into an Ant task, data type or property
2003-11-13 12:43:40,828 WARN  org.apache.commons.jelly.tags.ant.AntTag - Could not convert tag: br into an Ant task, data type or property
2003-11-13 12:43:40,828 WARN  org.apache.commons.jelly.tags.ant.AntTag - Could not convert tag: a into an Ant task, data type or property
2003-11-13 12:43:40,828 WARN  org.apache.commons.jelly.tags.ant.AntTag - Could not convert tag: br into an Ant task, data type or property
2003-11-13 12:43:40,828 WARN  org.apache.commons.jelly.tags.ant.AntTag - Could not convert tag: a into an Ant task, data type or property
2003-11-13 12:43:40,828 WARN  org.apache.commons.jelly.tags.ant.AntTag - Could not convert tag: br into an Ant task, data type or property
2003-11-13 12:43:40,828 WARN  org.apache.commons.jelly.tags.ant.AntTag - Could not convert tag: a into an Ant task, data type or property
2003-11-13 12:43:40,828 WARN  org.apache.commons.jelly.tags.ant.AntTag - Could not convert tag: br into an Ant task, data type or property
2003-11-13 12:43:40,828 WARN  org.apache.commons.jelly.tags.ant.AntTag - Could not convert tag: a into an Ant task, data type or property
2003-11-13 12:43:40,828 WARN  org.apache.commons.jelly.tags.ant.AntTag - Could not convert tag: br into an Ant task, data type or property
2003-11-13 12:43:40,828 WARN  org.apache.commons.jelly.tags.ant.AntTag - Could not convert tag: a into an Ant task, data type or property
2003-11-13 12:43:40,828 WARN  org.apache.commons.jelly.tags.ant.AntTag - Could not convert tag: br into an Ant task, data type or property
2003-11-13 12:43:40,828 WARN  org.apache.commons.jelly.tags.ant.AntTag - Could not convert tag: a into an Ant task, data type or property
2003-11-13 12:43:40,828 WARN  org.apache.commons.jelly.tags.ant.AntTag - Could not convert tag: br into an Ant task, data type or property
2003-11-13 12:43:40,828 WARN  org.apache.commons.jelly.tags.ant.AntTag - Could not convert tag: a into an Ant task, data type or property
2003-11-13 12:43:40,828 WARN  org.apache.commons.jelly.tags.ant.AntTag - Could not convert tag: br into an Ant task, data type or property
2003-11-13 12:43:40,828 WARN  org.apache.commons.jelly.tags.ant.AntTag - Could not convert tag: a into an Ant task, data type or property
2003-11-13 12:43:40,828 WARN  org.apache.commons.jelly.tags.ant.AntTag - Could not convert tag: br into an Ant task, data type or property
2003-11-13 12:43:40,828 WARN  org.apache.commons.jelly.tags.ant.AntTag - Could not convert tag: a into an Ant task, data type or property
2003-11-13 12:43:40,828 WARN  org.apache.commons.jelly.tags.ant.AntTag - Could not convert tag: br into an Ant task, data type or property
2003-11-13 12:43:40,828 WARN  org.apache.commons.jelly.tags.ant.AntTag - Could not convert tag: a into an Ant task, data type or property
2003-11-13 12:43:40,828 WARN  org.apache.commons.jelly.tags.ant.AntTag - Could not convert tag: br into an Ant task, data type or property
2003-11-13 12:43:40,828 WARN  org.apache.commons.jelly.tags.ant.AntTag - Could not convert tag: a into an Ant task, data type or property
2003-11-13 12:43:40,828 WARN  org.apache.commons.jelly.tags.ant.AntTag - Could not convert tag: br into an Ant task, data type or property
2003-11-13 12:43:40,828 WARN  org.apache.commons.jelly.tags.ant.AntTag - Could not convert tag: a into an Ant task, data type or property
2003-11-13 12:43:40,828 WARN  org.apache.commons.jelly.tags.ant.AntTag - Could not convert tag: br into an Ant task, data type or property
2003-11-13 12:43:40,828 WARN  org.apache.commons.jelly.tags.ant.AntTag - Could not convert tag: a into an Ant task, data type or property
2003-11-13 12:43:40,828 WARN  org.apache.commons.jelly.tags.ant.AntTag - Could not convert tag: br into an Ant task, data type or property
2003-11-13 12:43:40,828 WARN  org.apache.commons.jelly.tags.ant.AntTag - Could not convert tag: a into an Ant task, data type or property
2003-11-13 12:43:40,828 WARN  org.apache.commons.jelly.tags.ant.AntTag - Could not convert tag: br into an Ant task, data type or property
2003-11-13 12:43:40,828 WARN  org.apache.commons.jelly.tags.ant.AntTag - Could not convert tag: a into an Ant task, data type or property
2003-11-13 12:43:40,828 WARN  org.apache.commons.jelly.tags.ant.AntTag - Could not convert tag: br into an Ant task, data type or property
2003-11-13 12:43:40,828 WARN  org.apache.commons.jelly.tags.ant.AntTag - Could not convert tag: a into an Ant task, data type or property
2003-11-13 12:43:40,828 WARN  org.apache.commons.jelly.tags.ant.AntTag - Could not convert tag: br into an Ant task, data type or property
2003-11-13 12:43:40,828 WARN  org.apache.commons.jelly.tags.ant.AntTag - Could not convert tag: a into an Ant task, data type or property
2003-11-13 12:43:40,828 WARN  org.apache.commons.jelly.tags.ant.AntTag - Could not convert tag: br into an Ant task, data type or property
2003-11-13 12:43:40,828 WARN  org.apache.commons.jelly.tags.ant.AntTag - Could not convert tag: a into an Ant task, data type or property
2003-11-13 12:43:40,828 WARN  org.apache.commons.jelly.tags.ant.AntTag - Could not convert tag: br into an Ant task, data type or property
2003-11-13 12:43:40,828 WARN  org.apache.commons.jelly.tags.ant.AntTag - Could not convert tag: a into an Ant task, data type or property
2003-11-13 12:43:40,828 WARN  org.apache.commons.jelly.tags.ant.AntTag - Could not convert tag: br into an Ant task, data type or property
2003-11-13 12:43:40,828 WARN  org.apache.commons.jelly.tags.ant.AntTag - Could not convert tag: a into an Ant task, data type or property
2003-11-13 12:43:40,828 WARN  org.apache.commons.jelly.tags.ant.AntTag - Could not convert tag: br into an Ant task, data type or property
2003-11-13 12:43:40,828 WARN  org.apache.commons.jelly.tags.ant.AntTag - Could not convert tag: a into an Ant task, data type or property
2003-11-13 12:43:40,828 WARN  org.apache.commons.jelly.tags.ant.AntTag - Could not convert tag: br into an Ant task, data type or property
2003-11-13 12:43:40,828 WARN  org.apache.commons.jelly.tags.ant.AntTag - Could not convert tag: a into an Ant task, data type or property
2003-11-13 12:43:40,828 WARN  org.apache.commons.jelly.tags.ant.AntTag - Could not convert tag: br into an Ant task, data type or property
2003-11-13 12:43:40,843 WARN  org.apache.commons.jelly.tags.ant.AntTag - Could not convert tag: td into an Ant task, data type or property
2003-11-13 12:43:40,843 WARN  org.apache.commons.jelly.tags.ant.AntTag - Could not convert tag: a into an Ant task, data type or property
2003-11-13 12:43:40,843 WARN  org.apache.commons.jelly.tags.ant.AntTag - Could not convert tag: br into an Ant task, data type or property
2003-11-13 12:43:40,843 WARN  org.apache.commons.jelly.tags.ant.AntTag - Could not convert tag: a into an Ant task, data type or property
2003-11-13 12:43:40,843 WARN  org.apache.commons.jelly.tags.ant.AntTag - Could not convert tag: br into an Ant task, data type or property
2003-11-13 12:43:40,843 WARN  org.apache.commons.jelly.tags.ant.AntTag - Could not convert tag: a into an Ant task, data type or property
2003-11-13 12:43:40,843 WARN  org.apache.commons.jelly.tags.ant.AntTag - Could not convert tag: br into an Ant task, data type or property
2003-11-13 12:43:40,843 WARN  org.apache.commons.jelly.tags.ant.AntTag - Could not convert tag: a into an Ant task, data type or property
2003-11-13 12:43:40,843 WARN  org.apache.commons.jelly.tags.ant.AntTag - Could not convert tag: br into an Ant task, data type or property
2003-11-13 12:43:40,843 WARN  org.apache.commons.jelly.tags.ant.AntTag - Could not convert tag: a into an Ant task, data type or property
2003-11-13 12:43:40,843 WARN  org.apache.commons.jelly.tags.ant.AntTag - Could not convert tag: br into an Ant task, data type or property
2003-11-13 12:43:40,843 WARN  org.apache.commons.jelly.tags.ant.AntTag - Could not convert tag: a into an Ant task, data type or property
2003-11-13 12:43:40,843 WARN  org.apache.commons.jelly.tags.ant.AntTag - Could not convert tag: br into an Ant task, data type or property
2003-11-13 12:43:40,843 WARN  org.apache.commons.jelly.tags.ant.AntTag - Could not convert tag: a into an Ant task, data type or property
2003-11-13 12:43:40,843 WARN  org.apache.commons.jelly.tags.ant.AntTag - Could not convert tag: br into an Ant task, data type or property
2003-11-13 12:43:40,843 WARN  org.apache.commons.jelly.tags.ant.AntTag - Could not convert tag: a into an Ant task, data type or property
2003-11-13 12:43:40,843 WARN  org.apache.commons.jelly.tags.ant.AntTag - Could not convert tag: br into an Ant task, data type or property
2003-11-13 12:43:40,843 WARN  org.apache.commons.jelly.tags.ant.AntTag - Could not convert tag: a into an Ant task, data type or property
2003-11-13 12:43:40,843 WARN  org.apache.commons.jelly.tags.ant.AntTag - Could not convert tag: br into an Ant task, data type or property
2003-11-13 12:43:40,843 WARN  org.apache.commons.jelly.tags.ant.AntTag - Could not convert tag: a into an Ant task, data type or property
2003-11-13 12:43:40,843 WARN  org.apache.commons.jelly.tags.ant.AntTag - Could not convert tag: br into an Ant task, data type or property
2003-11-13 12:43:40,843 WARN  org.apache.commons.jelly.tags.ant.AntTag - Could not convert tag: a into an Ant task, data type or property
2003-11-13 12:43:40,843 WARN  org.apache.commons.jelly.tags.ant.AntTag - Could not convert tag: br into an Ant task, data type or property
2003-11-13 12:43:40,843 WARN  org.apache.commons.jelly.tags.ant.AntTag - Could not convert tag: a into an Ant task, data type or property
2003-11-13 12:43:40,843 WARN  org.apache.commons.jelly.tags.ant.AntTag - Could not convert tag: br into an Ant task, data type or property
2003-11-13 12:43:40,843 WARN  org.apache.commons.jelly.tags.ant.AntTag - Could not convert tag: a into an Ant task, data type or property
2003-11-13 12:43:40,843 WARN  org.apache.commons.jelly.tags.ant.AntTag - Could not convert tag: br into an Ant task, data type or property
2003-11-13 12:43:40,843 WARN  org.apache.commons.jelly.tags.ant.AntTag - Could not convert tag: a into an Ant task, data type or property
2003-11-13 12:43:40,843 WARN  org.apache.commons.jelly.tags.ant.AntTag - Could not convert tag: br into an Ant task, data type or property
2003-11-13 12:43:40,843 WARN  org.apache.commons.jelly.tags.ant.AntTag - Could not convert tag: a into an Ant task, data type or property
2003-11-13 12:43:40,843 WARN  org.apache.commons.jelly.tags.ant.AntTag - Could not convert tag: br into an Ant task, data type or property
2003-11-13 12:43:40,843 WARN  org.apache.commons.jelly.tags.ant.AntTag - Could not convert tag: a into an Ant task, data type or property
2003-11-13 12:43:40,843 WARN  org.apache.commons.jelly.tags.ant.AntTag - Could not convert tag: br into an Ant task, data type or property
2003-11-13 12:43:40,843 WARN  org.apache.commons.jelly.tags.ant.AntTag - Could not convert tag: a into an Ant task, data type or property
2003-11-13 12:43:40,843 WARN  org.apache.commons.jelly.tags.ant.AntTag - Could not convert tag: br into an Ant task, data type or property
2003-11-13 12:43:40,843 WARN  org.apache.commons.jelly.tags.ant.AntTag - Could not convert tag: a into an Ant task, data type or property
2003-11-13 12:43:40,843 WARN  org.apache.commons.jelly.tags.ant.AntTag - Could not convert tag: br into an Ant task, data type or property
2003-11-13 12:43:40,843 WARN  org.apache.commons.jelly.tags.ant.AntTag - Could not convert tag: a into an Ant task, data type or property
2003-11-13 12:43:40,843 WARN  org.apache.commons.jelly.tags.ant.AntTag - Could not convert tag: br into an Ant task, data type or property
2003-11-13 12:43:40,843 WARN  org.apache.commons.jelly.tags.ant.AntTag - Could not convert tag: a into an Ant task, data type or property
2003-11-13 12:43:40,843 WARN  org.apache.commons.jelly.tags.ant.AntTag - Could not convert tag: br into an Ant task, data type or property
2003-11-13 12:43:40,843 WARN  org.apache.commons.jelly.tags.ant.AntTag - Could not convert tag: a into an Ant task, data type or property
2003-11-13 12:43:40,843 WARN  org.apache.commons.jelly.tags.ant.AntTag - Could not convert tag: br into an Ant task, data type or property
2003-11-13 12:43:40,843 WARN  org.apache.commons.jelly.tags.ant.AntTag - Could not convert tag: a into an Ant task, data type or property
2003-11-13 12:43:40,843 WARN  org.apache.commons.jelly.tags.ant.AntTag - Could not convert tag: br into an Ant task, data type or property
2003-11-13 12:43:40,843 WARN  org.apache.commons.jelly.tags.ant.AntTag - Could not convert tag: a into an Ant task, data type or property
2003-11-13 12:43:40,843 WARN  org.apache.commons.jelly.tags.ant.AntTag - Could not convert tag: br into an Ant task, data type or property
2003-11-13 12:43:40,843 WARN  org.apache.commons.jelly.tags.ant.AntTag - Could not convert tag: a into an Ant task, data type or property
2003-11-13 12:43:40,843 WARN  org.apache.commons.jelly.tags.ant.AntTag - Could not convert tag: br into an Ant task, data type or property
2003-11-13 12:43:40,843 WARN  org.apache.commons.jelly.tags.ant.AntTag - Could not convert tag: a into an Ant task, data type or property
2003-11-13 12:43:40,843 WARN  org.apache.commons.jelly.tags.ant.AntTag - Could not convert tag: br into an Ant task, data type or property
2003-11-13 12:43:40,843 WARN  org.apache.commons.jelly.tags.ant.AntTag - Could not convert tag: a into an Ant task, data type or property
2003-11-13 12:43:40,843 WARN  org.apache.commons.jelly.tags.ant.AntTag - Could not convert tag: br into an Ant task, data type or property
2003-11-13 12:43:40,843 WARN  org.apache.commons.jelly.tags.ant.AntTag - Could not convert tag: a into an Ant task, data type or property
2003-11-13 12:43:40,843 WARN  org.apache.commons.jelly.tags.ant.AntTag - Could not convert tag: br into an Ant task, data type or property
2003-11-13 12:43:40,843 WARN  org.apache.commons.jelly.tags.ant.AntTag - Could not convert tag: a into an Ant task, data type or property
2003-11-13 12:43:40,843 WARN  org.apache.commons.jelly.tags.ant.AntTag - Could not convert tag: br into an Ant task, data type or property
2003-11-13 12:43:40,843 WARN  org.apache.commons.jelly.tags.ant.AntTag - Could not convert tag: a into an Ant task, data type or property
2003-11-13 12:43:40,843 WARN  org.apache.commons.jelly.tags.ant.AntTag - Could not convert tag: br into an Ant task, data type or property
2003-11-13 12:43:40,843 WARN  org.apache.commons.jelly.tags.ant.AntTag - Could not convert tag: a into an Ant task, data type or property
2003-11-13 12:43:40,843 WARN  org.apache.commons.jelly.tags.ant.AntTag - Could not convert tag: br into an Ant task, data type or property
2003-11-13 12:43:40,843 WARN  org.apache.commons.jelly.tags.ant.AntTag - Could not convert tag: a into an Ant task, data type or property
2003-11-13 12:43:40,843 WARN  org.apache.commons.jelly.tags.ant.AntTag - Could not convert tag: br into an Ant task, data type or property
2003-11-13 12:43:40,843 WARN  org.apache.commons.jelly.tags.ant.AntTag - Could not convert tag: a into an Ant task, data type or property
2003-11-13 12:43:40,843 WARN  org.apache.commons.jelly.tags.ant.AntTag - Could not convert tag: br into an Ant task, data type or property
2003-11-13 12:43:40,843 WARN  org.apache.commons.jelly.tags.ant.AntTag - Could not convert tag: a into an Ant task, data type or property
2003-11-13 12:43:40,843 WARN  org.apache.commons.jelly.tags.ant.AntTag - Could not convert tag: br into an Ant task, data type or property
2003-11-13 12:43:40,843 WARN  org.apache.commons.jelly.tags.ant.AntTag - Could not convert tag: a into an Ant task, data type or property
2003-11-13 12:43:40,843 WARN  org.apache.commons.jelly.tags.ant.AntTag - Could not convert tag: br into an Ant task, data type or property
2003-11-13 12:43:40,843 WARN  org.apache.commons.jelly.tags.ant.AntTag - Could not convert tag: a into an Ant task, data type or property
2003-11-13 12:43:40,843 WARN  org.apache.commons.jelly.tags.ant.AntTag - Could not convert tag: br into an Ant task, data type or property
2003-11-13 12:43:40,843 WARN  org.apache.commons.jelly.tags.ant.AntTag - Could not convert tag: a into an Ant task, data type or property
2003-11-13 12:43:40,843 WARN  org.apache.commons.jelly.tags.ant.AntTag - Could not convert tag: br into an Ant task, data type or property
2003-11-13 12:43:40,843 WARN  org.apache.commons.jelly.tags.ant.AntTag - Could not convert tag: a into an Ant task, data type or property
2003-11-13 12:43:40,843 WARN  org.apache.commons.jelly.tags.ant.AntTag - Could not convert tag: br into an Ant task, data type or property
2003-11-13 12:43:40,843 WARN  org.apache.commons.jelly.tags.ant.AntTag - Could not convert tag: a into an Ant task, data type or property
2003-11-13 12:43:40,843 WARN  org.apache.commons.jelly.tags.ant.AntTag - Could not convert tag: br into an Ant task, data type or property
2003-11-13 12:43:40,843 WARN  org.apache.commons.jelly.tags.ant.AntTag - Could not convert tag: a into an Ant task, data type or property
2003-11-13 12:43:40,843 WARN  org.apache.commons.jelly.tags.ant.AntTag - Could not convert tag: br into an Ant task, data type or property
2003-11-13 12:43:40,843 WARN  org.apache.commons.jelly.tags.ant.AntTag - Could not convert tag: a into an Ant task, data type or property
2003-11-13 12:43:40,843 WARN  org.apache.commons.jelly.tags.ant.AntTag - Could not convert tag: br into an Ant task, data type or property
2003-11-13 12:43:40,843 WARN  org.apache.commons.jelly.tags.ant.AntTag - Could not convert tag: a into an Ant task, data type or property
2003-11-13 12:43:40,843 WARN  org.apache.commons.jelly.tags.ant.AntTag - Could not convert tag: br into an Ant task, data type or property
2003-11-13 12:43:40,843 WARN  org.apache.commons.jelly.tags.ant.AntTag - Could not convert tag: a into an Ant task, data type or property
2003-11-13 12:43:40,843 WARN  org.apache.commons.jelly.tags.ant.AntTag - Could not convert tag: br into an Ant task, data type or property
2003-11-13 12:43:40,843 WARN  org.apache.commons.jelly.tags.ant.AntTag - Could not convert tag: a into an Ant task, data type or property
2003-11-13 12:43:40,843 WARN  org.apache.commons.jelly.tags.ant.AntTag - Could not convert tag: br into an Ant task, data type or property
2003-11-13 12:43:40,843 WARN  org.apache.commons.jelly.tags.ant.AntTag - Could not convert tag: a into an Ant task, data type or property
2003-11-13 12:43:40,843 WARN  org.apache.commons.jelly.tags.ant.AntTag - Could not convert tag: br into an Ant task, data type or property
2003-11-13 12:43:40,843 WARN  org.apache.commons.jelly.tags.ant.AntTag - Could not convert tag: td into an Ant task, data type or property
2003-11-13 12:43:40,843 WARN  org.apache.commons.jelly.tags.ant.AntTag - Could not convert tag: a into an Ant task, data type or property
2003-11-13 12:43:40,843 WARN  org.apache.commons.jelly.tags.ant.AntTag - Could not convert tag: br into an Ant task, data type or property
2003-11-13 12:43:40,843 WARN  org.apache.commons.jelly.tags.ant.AntTag - Could not convert tag: a into an Ant task, data type or property
2003-11-13 12:43:40,843 WARN  org.apache.commons.jelly.tags.ant.AntTag - Could not convert tag: br into an Ant task, data type or property
2003-11-13 12:43:40,843 WARN  org.apache.commons.jelly.tags.ant.AntTag - Could not convert tag: a into an Ant task, data type or property
2003-11-13 12:43:40,843 WARN  org.apache.commons.jelly.tags.ant.AntTag - Could not convert tag: br into an Ant task, data type or property
2003-11-13 12:43:40,843 WARN  org.apache.commons.jelly.tags.ant.AntTag - Could not convert tag: a into an Ant task, data type or property
2003-11-13 12:43:40,843 WARN  org.apache.commons.jelly.tags.ant.AntTag - Could not convert tag: br into an Ant task, data type or property
2003-11-13 12:43:40,843 WARN  org.apache.commons.jelly.tags.ant.AntTag - Could not convert tag: a into an Ant task, data type or property
2003-11-13 12:43:40,843 WARN  org.apache.commons.jelly.tags.ant.AntTag - Could not convert tag: br into an Ant task, data type or property
2003-11-13 12:43:40,843 WARN  org.apache.commons.jelly.tags.ant.AntTag - Could not convert tag: a into an Ant task, data type or property
2003-11-13 12:43:40,843 WARN  org.apache.commons.jelly.tags.ant.AntTag - Could not convert tag: br into an Ant task, data type or property
2003-11-13 12:43:40,843 WARN  org.apache.commons.jelly.tags.ant.AntTag - Could not convert tag: a into an Ant task, data type or property
2003-11-13 12:43:40,843 WARN  org.apache.commons.jelly.tags.ant.AntTag - Could not convert tag: br into an Ant task, data type or property
2003-11-13 12:43:40,843 WARN  org.apache.commons.jelly.tags.ant.AntTag - Could not convert tag: a into an Ant task, data type or property
2003-11-13 12:43:40,843 WARN  org.apache.commons.jelly.tags.ant.AntTag - Could not convert tag: br into an Ant task, data type or property
2003-11-13 12:43:40,843 WARN  org.apache.commons.jelly.tags.ant.AntTag - Could not convert tag: a into an Ant task, data type or property
2003-11-13 12:43:40,859 WARN  org.apache.commons.jelly.tags.ant.AntTag - Could not convert tag: br into an Ant task, data type or property
2003-11-13 12:43:40,859 WARN  org.apache.commons.jelly.tags.ant.AntTag - Could not convert tag: a into an Ant task, data type or property
2003-11-13 12:43:40,859 WARN  org.apache.commons.jelly.tags.ant.AntTag - Could not convert tag: br into an Ant task, data type or property
2003-11-13 12:43:40,859 WARN  org.apache.commons.jelly.tags.ant.AntTag - Could not convert tag: a into an Ant task, data type or property
2003-11-13 12:43:40,859 WARN  org.apache.commons.jelly.tags.ant.AntTag - Could not convert tag: br into an Ant task, data type or property
2003-11-13 12:43:40,859 WARN  org.apache.commons.jelly.tags.ant.AntTag - Could not convert tag: a into an Ant task, data type or property
2003-11-13 12:43:40,859 WARN  org.apache.commons.jelly.tags.ant.AntTag - Could not convert tag: br into an Ant task, data type or property
2003-11-13 12:43:40,859 WARN  org.apache.commons.jelly.tags.ant.AntTag - Could not convert tag: a into an Ant task, data type or property
2003-11-13 12:43:40,859 WARN  org.apache.commons.jelly.tags.ant.AntTag - Could not convert tag: br into an Ant task, data type or property
2003-11-13 12:43:40,859 WARN  org.apache.commons.jelly.tags.ant.AntTag - Could not convert tag: a into an Ant task, data type or property
2003-11-13 12:43:40,859 WARN  org.apache.commons.jelly.tags.ant.AntTag - Could not convert tag: br into an Ant task, data type or property
2003-11-13 12:43:40,859 WARN  org.apache.commons.jelly.tags.ant.AntTag - Could not convert tag: a into an Ant task, data type or property
2003-11-13 12:43:40,859 WARN  org.apache.commons.jelly.tags.ant.AntTag - Could not convert tag: br into an Ant task, data type or property
2003-11-13 12:43:40,859 WARN  org.apache.commons.jelly.tags.ant.AntTag - Could not convert tag: a into an Ant task, data type or property
2003-11-13 12:43:40,859 WARN  org.apache.commons.jelly.tags.ant.AntTag - Could not convert tag: br into an Ant task, data type or property
2003-11-13 12:43:40,859 WARN  org.apache.commons.jelly.tags.ant.AntTag - Could not convert tag: a into an Ant task, data type or property
2003-11-13 12:43:40,859 WARN  org.apache.commons.jelly.tags.ant.AntTag - Could not convert tag: br into an Ant task, data type or property
2003-11-13 12:43:40,859 WARN  org.apache.commons.jelly.tags.ant.AntTag - Could not convert tag: a into an Ant task, data type or property
2003-11-13 12:43:40,859 WARN  org.apache.commons.jelly.tags.ant.AntTag - Could not convert tag: br into an Ant task, data type or property
2003-11-13 12:43:40,859 WARN  org.apache.commons.jelly.tags.ant.AntTag - Could not convert tag: subsection into an Ant task, data type or property
2003-11-13 12:43:40,859 WARN  org.apache.commons.jelly.tags.ant.AntTag - Could not convert tag: table into an Ant task, data type or property
2003-11-13 12:43:40,859 WARN  org.apache.commons.jelly.tags.ant.AntTag - Could not convert tag: tr into an Ant task, data type or property
2003-11-13 12:43:40,859 WARN  org.apache.commons.jelly.tags.ant.AntTag - Could not convert tag: th into an Ant task, data type or property
2003-11-13 12:43:40,859 WARN  org.apache.commons.jelly.tags.ant.AntTag - Could not convert tag: th into an Ant task, data type or property
2003-11-13 12:43:40,859 WARN  org.apache.commons.jelly.tags.ant.AntTag - Could not convert tag: th into an Ant task, data type or property
2003-11-13 12:43:40,859 WARN  org.apache.commons.jelly.tags.ant.AntTag - Could not convert tag: th into an Ant task, data type or property
2003-11-13 12:43:40,859 WARN  org.apache.commons.jelly.tags.ant.AntTag - Could not convert tag: th into an Ant task, data type or property
2003-11-13 12:43:40,859 WARN  org.apache.commons.jelly.tags.ant.AntTag - Could not convert tag: tr into an Ant task, data type or property
2003-11-13 12:43:40,859 WARN  org.apache.commons.jelly.tags.ant.AntTag - Could not convert tag: td into an Ant task, data type or property
2003-11-13 12:43:40,859 WARN  org.apache.commons.jelly.tags.ant.AntTag - Could not convert tag: td into an Ant task, data type or property
2003-11-13 12:43:40,859 WARN  org.apache.commons.jelly.tags.ant.AntTag - Could not convert tag: td into an Ant task, data type or property
2003-11-13 12:43:40,859 WARN  org.apache.commons.jelly.tags.ant.AntTag - Could not convert tag: td into an Ant task, data type or property
2003-11-13 12:43:40,859 WARN  org.apache.commons.jelly.tags.ant.AntTag - Could not convert tag: td into an Ant task, data type or property
2003-11-13 12:43:40,859 WARN  org.apache.commons.jelly.tags.ant.AntTag - Could not convert tag: table into an Ant task, data type or property
2003-11-13 12:43:40,859 WARN  org.apache.commons.jelly.tags.ant.AntTag - Could not convert tag: tr into an Ant task, data type or property
2003-11-13 12:43:40,859 WARN  org.apache.commons.jelly.tags.ant.AntTag - Could not convert tag: th into an Ant task, data type or property
2003-11-13 12:43:40,859 WARN  org.apache.commons.jelly.tags.ant.AntTag - Could not convert tag: th into an Ant task, data type or property
2003-11-13 12:43:40,859 WARN  org.apache.commons.jelly.tags.ant.AntTag - Could not convert tag: th into an Ant task, data type or property
2003-11-13 12:43:40,859 WARN  org.apache.commons.jelly.tags.ant.AntTag - Could not convert tag: th into an Ant task, data type or property
2003-11-13 12:43:40,859 WARN  org.apache.commons.jelly.tags.ant.AntTag - Could not convert tag: tr into an Ant task, data type or property
2003-11-13 12:43:40,859 WARN  org.apache.commons.jelly.tags.ant.AntTag - Could not convert tag: td into an Ant task, data type or property
2003-11-13 12:43:40,859 WARN  org.apache.commons.jelly.tags.ant.AntTag - Could not convert tag: a into an Ant task, data type or property
2003-11-13 12:43:40,859 WARN  org.apache.commons.jelly.tags.ant.AntTag - Could not convert tag: br into an Ant task, data type or property
2003-11-13 12:43:40,859 WARN  org.apache.commons.jelly.tags.ant.AntTag - Could not convert tag: a into an Ant task, data type or property
2003-11-13 12:43:40,859 WARN  org.apache.commons.jelly.tags.ant.AntTag - Could not convert tag: br into an Ant task, data type or property
2003-11-13 12:43:40,859 WARN  org.apache.commons.jelly.tags.ant.AntTag - Could not convert tag: a into an Ant task, data type or property
2003-11-13 12:43:40,859 WARN  org.apache.commons.jelly.tags.ant.AntTag - Could not convert tag: br into an Ant task, data type or property
2003-11-13 12:43:40,859 WARN  org.apache.commons.jelly.tags.ant.AntTag - Could not convert tag: a into an Ant task, data type or property
2003-11-13 12:43:40,859 WARN  org.apache.commons.jelly.tags.ant.AntTag - Could not convert tag: br into an Ant task, data type or property
2003-11-13 12:43:40,859 WARN  org.apache.commons.jelly.tags.ant.AntTag - Could not convert tag: a into an Ant task, data type or property
2003-11-13 12:43:40,859 WARN  org.apache.commons.jelly.tags.ant.AntTag - Could not convert tag: br into an Ant task, data type or property
2003-11-13 12:43:40,859 WARN  org.apache.commons.jelly.tags.ant.AntTag - Could not convert tag: td into an Ant task, data type or property
2003-11-13 12:43:40,859 WARN  org.apache.commons.jelly.tags.ant.AntTag - Could not convert tag: a into an Ant task, data type or property
2003-11-13 12:43:40,859 WARN  org.apache.commons.jelly.tags.ant.AntTag - Could not convert tag: br into an Ant task, data type or property
2003-11-13 12:43:40,859 WARN  org.apache.commons.jelly.tags.ant.AntTag - Could not convert tag: a into an Ant task, data type or property
2003-11-13 12:43:40,859 WARN  org.apache.commons.jelly.tags.ant.AntTag - Could not convert tag: br into an Ant task, data type or property
2003-11-13 12:43:40,859 WARN  org.apache.commons.jelly.tags.ant.AntTag - Could not convert tag: a into an Ant task, data type or property
2003-11-13 12:43:40,859 WARN  org.apache.commons.jelly.tags.ant.AntTag - Could not convert tag: br into an Ant task, data type or property
2003-11-13 12:43:40,859 WARN  org.apache.commons.jelly.tags.ant.AntTag - Could not convert tag: a into an Ant task, data type or property
2003-11-13 12:43:40,859 WARN  org.apache.commons.jelly.tags.ant.AntTag - Could not convert tag: br into an Ant task, data type or property
2003-11-13 12:43:40,859 WARN  org.apache.commons.jelly.tags.ant.AntTag - Could not convert tag: a into an Ant task, data type or property
2003-11-13 12:43:40,859 WARN  org.apache.commons.jelly.tags.ant.AntTag - Could not convert tag: br into an Ant task, data type or property
2003-11-13 12:43:40,859 WARN  org.apache.commons.jelly.tags.ant.AntTag - Could not convert tag: a into an Ant task, data type or property
2003-11-13 12:43:40,859 WARN  org.apache.commons.jelly.tags.ant.AntTag - Could not convert tag: br into an Ant task, data type or property
2003-11-13 12:43:40,859 WARN  org.apache.commons.jelly.tags.ant.AntTag - Could not convert tag: a into an Ant task, data type or property
2003-11-13 12:43:40,859 WARN  org.apache.commons.jelly.tags.ant.AntTag - Could not convert tag: br into an Ant task, data type or property
2003-11-13 12:43:40,859 WARN  org.apache.commons.jelly.tags.ant.AntTag - Could not convert tag: a into an Ant task, data type or property
2003-11-13 12:43:40,859 WARN  org.apache.commons.jelly.tags.ant.AntTag - Could not convert tag: br into an Ant task, data type or property
2003-11-13 12:43:40,859 WARN  org.apache.commons.jelly.tags.ant.AntTag - Could not convert tag: a into an Ant task, data type or property
2003-11-13 12:43:40,859 WARN  org.apache.commons.jelly.tags.ant.AntTag - Could not convert tag: br into an Ant task, data type or property
2003-11-13 12:43:40,859 WARN  org.apache.commons.jelly.tags.ant.AntTag - Could not convert tag: a into an Ant task, data type or property
2003-11-13 12:43:40,859 WARN  org.apache.commons.jelly.tags.ant.AntTag - Could not convert tag: br into an Ant task, data type or property
2003-11-13 12:43:40,859 WARN  org.apache.commons.jelly.tags.ant.AntTag - Could not convert tag: a into an Ant task, data type or property
2003-11-13 12:43:40,875 WARN  org.apache.commons.jelly.tags.ant.AntTag - Could not convert tag: br into an Ant task, data type or property
2003-11-13 12:43:40,875 WARN  org.apache.commons.jelly.tags.ant.AntTag - Could not convert tag: a into an Ant task, data type or property
2003-11-13 12:43:40,875 WARN  org.apache.commons.jelly.tags.ant.AntTag - Could not convert tag: br into an Ant task, data type or property
2003-11-13 12:43:40,875 WARN  org.apache.commons.jelly.tags.ant.AntTag - Could not convert tag: a into an Ant task, data type or property
2003-11-13 12:43:40,875 WARN  org.apache.commons.jelly.tags.ant.AntTag - Could not convert tag: br into an Ant task, data type or property
2003-11-13 12:43:40,875 WARN  org.apache.commons.jelly.tags.ant.AntTag - Could not convert tag: a into an Ant task, data type or property
2003-11-13 12:43:40,875 WARN  org.apache.commons.jelly.tags.ant.AntTag - Could not convert tag: br into an Ant task, data type or property
2003-11-13 12:43:40,875 WARN  org.apache.commons.jelly.tags.ant.AntTag - Could not convert tag: a into an Ant task, data type or property
2003-11-13 12:43:40,875 WARN  org.apache.commons.jelly.tags.ant.AntTag - Could not convert tag: br into an Ant task, data type or property
2003-11-13 12:43:40,875 WARN  org.apache.commons.jelly.tags.ant.AntTag - Could not convert tag: a into an Ant task, data type or property
2003-11-13 12:43:40,875 WARN  org.apache.commons.jelly.tags.ant.AntTag - Could not convert tag: br into an Ant task, data type or property
2003-11-13 12:43:40,875 WARN  org.apache.commons.jelly.tags.ant.AntTag - Could not convert tag: a into an Ant task, data type or property
2003-11-13 12:43:40,875 WARN  org.apache.commons.jelly.tags.ant.AntTag - Could not convert tag: br into an Ant task, data type or property
2003-11-13 12:43:40,875 WARN  org.apache.commons.jelly.tags.ant.AntTag - Could not convert tag: a into an Ant task, data type or property
2003-11-13 12:43:40,875 WARN  org.apache.commons.jelly.tags.ant.AntTag - Could not convert tag: br into an Ant task, data type or property
2003-11-13 12:43:40,875 WARN  org.apache.commons.jelly.tags.ant.AntTag - Could not convert tag: a into an Ant task, data type or property
2003-11-13 12:43:40,875 WARN  org.apache.commons.jelly.tags.ant.AntTag - Could not convert tag: br into an Ant task, data type or property
2003-11-13 12:43:40,875 WARN  org.apache.commons.jelly.tags.ant.AntTag - Could not convert tag: a into an Ant task, data type or property
2003-11-13 12:43:40,875 WARN  org.apache.commons.jelly.tags.ant.AntTag - Could not convert tag: br into an Ant task, data type or property
2003-11-13 12:43:40,875 WARN  org.apache.commons.jelly.tags.ant.AntTag - Could not convert tag: a into an Ant task, data type or property
2003-11-13 12:43:40,875 WARN  org.apache.commons.jelly.tags.ant.AntTag - Could not convert tag: br into an Ant task, data type or property
2003-11-13 12:43:40,875 WARN  org.apache.commons.jelly.tags.ant.AntTag - Could not convert tag: a into an Ant task, data type or property
2003-11-13 12:43:40,875 WARN  org.apache.commons.jelly.tags.ant.AntTag - Could not convert tag: br into an Ant task, data type or property
2003-11-13 12:43:40,875 WARN  org.apache.commons.jelly.tags.ant.AntTag - Could not convert tag: a into an Ant task, data type or property
2003-11-13 12:43:40,875 WARN  org.apache.commons.jelly.tags.ant.AntTag - Could not convert tag: br into an Ant task, data type or property
2003-11-13 12:43:40,875 WARN  org.apache.commons.jelly.tags.ant.AntTag - Could not convert tag: a into an Ant task, data type or property
2003-11-13 12:43:40,875 WARN  org.apache.commons.jelly.tags.ant.AntTag - Could not convert tag: br into an Ant task, data type or property
2003-11-13 12:43:40,875 WARN  org.apache.commons.jelly.tags.ant.AntTag - Could not convert tag: td into an Ant task, data type or property
2003-11-13 12:43:40,875 WARN  org.apache.commons.jelly.tags.ant.AntTag - Could not convert tag: a into an Ant task, data type or property
2003-11-13 12:43:40,875 WARN  org.apache.commons.jelly.tags.ant.AntTag - Could not convert tag: br into an Ant task, data type or property
2003-11-13 12:43:40,875 WARN  org.apache.commons.jelly.tags.ant.AntTag - Could not convert tag: a into an Ant task, data type or property
2003-11-13 12:43:40,875 WARN  org.apache.commons.jelly.tags.ant.AntTag - Could not convert tag: br into an Ant task, data type or property
2003-11-13 12:43:40,875 WARN  org.apache.commons.jelly.tags.ant.AntTag - Could not convert tag: a into an Ant task, data type or property
2003-11-13 12:43:40,875 WARN  org.apache.commons.jelly.tags.ant.AntTag - Could not convert tag: br into an Ant task, data type or property
2003-11-13 12:43:40,875 WARN  org.apache.commons.jelly.tags.ant.AntTag - Could not convert tag: a into an Ant task, data type or property
2003-11-13 12:43:40,875 WARN  org.apache.commons.jelly.tags.ant.AntTag - Could not convert tag: br into an Ant task, data type or property
2003-11-13 12:43:40,875 WARN  org.apache.commons.jelly.tags.ant.AntTag - Could not convert tag: a into an Ant task, data type or property
2003-11-13 12:43:40,875 WARN  org.apache.commons.jelly.tags.ant.AntTag - Could not convert tag: br into an Ant task, data type or property
2003-11-13 12:43:40,875 WARN  org.apache.commons.jelly.tags.ant.AntTag - Could not convert tag: a into an Ant task, data type or property
2003-11-13 12:43:40,875 WARN  org.apache.commons.jelly.tags.ant.AntTag - Could not convert tag: br into an Ant task, data type or property
2003-11-13 12:43:40,875 WARN  org.apache.commons.jelly.tags.ant.AntTag - Could not convert tag: td into an Ant task, data type or property
2003-11-13 12:43:40,875 WARN  org.apache.commons.jelly.tags.ant.AntTag - Could not convert tag: a into an Ant task, data type or property
2003-11-13 12:43:40,875 WARN  org.apache.commons.jelly.tags.ant.AntTag - Could not convert tag: br into an Ant task, data type or property
2003-11-13 12:43:40,875 WARN  org.apache.commons.jelly.tags.ant.AntTag - Could not convert tag: a into an Ant task, data type or property
2003-11-13 12:43:40,875 WARN  org.apache.commons.jelly.tags.ant.AntTag - Could not convert tag: br into an Ant task, data type or property
2003-11-13 12:43:40,875 WARN  org.apache.commons.jelly.tags.ant.AntTag - Could not convert tag: a into an Ant task, data type or property
2003-11-13 12:43:40,875 WARN  org.apache.commons.jelly.tags.ant.AntTag - Could not convert tag: br into an Ant task, data type or property
2003-11-13 12:43:40,875 WARN  org.apache.commons.jelly.tags.ant.AntTag - Could not convert tag: a into an Ant task, data type or property
2003-11-13 12:43:40,875 WARN  org.apache.commons.jelly.tags.ant.AntTag - Could not convert tag: br into an Ant task, data type or property
2003-11-13 12:43:40,875 WARN  org.apache.commons.jelly.tags.ant.AntTag - Could not convert tag: subsection into an Ant task, data type or property
2003-11-13 12:43:40,875 WARN  org.apache.commons.jelly.tags.ant.AntTag - Could not convert tag: table into an Ant task, data type or property
2003-11-13 12:43:40,875 WARN  org.apache.commons.jelly.tags.ant.AntTag - Could not convert tag: tr into an Ant task, data type or property
2003-11-13 12:43:40,875 WARN  org.apache.commons.jelly.tags.ant.AntTag - Could not convert tag: th into an Ant task, data type or property
2003-11-13 12:43:40,875 WARN  org.apache.commons.jelly.tags.ant.AntTag - Could not convert tag: th into an Ant task, data type or property
2003-11-13 12:43:40,875 WARN  org.apache.commons.jelly.tags.ant.AntTag - Could not convert tag: th into an Ant task, data type or property
2003-11-13 12:43:40,875 WARN  org.apache.commons.jelly.tags.ant.AntTag - Could not convert tag: th into an Ant task, data type or property
2003-11-13 12:43:40,875 WARN  org.apache.commons.jelly.tags.ant.AntTag - Could not convert tag: th into an Ant task, data type or property
2003-11-13 12:43:40,875 WARN  org.apache.commons.jelly.tags.ant.AntTag - Could not convert tag: tr into an Ant task, data type or property
2003-11-13 12:43:40,875 WARN  org.apache.commons.jelly.tags.ant.AntTag - Could not convert tag: td into an Ant task, data type or property
2003-11-13 12:43:40,875 WARN  org.apache.commons.jelly.tags.ant.AntTag - Could not convert tag: td into an Ant task, data type or property
2003-11-13 12:43:40,875 WARN  org.apache.commons.jelly.tags.ant.AntTag - Could not convert tag: td into an Ant task, data type or property
2003-11-13 12:43:40,875 WARN  org.apache.commons.jelly.tags.ant.AntTag - Could not convert tag: td into an Ant task, data type or property
2003-11-13 12:43:40,875 WARN  org.apache.commons.jelly.tags.ant.AntTag - Could not convert tag: td into an Ant task, data type or property
2003-11-13 12:43:40,875 WARN  org.apache.commons.jelly.tags.ant.AntTag - Could not convert tag: table into an Ant task, data type or property
2003-11-13 12:43:40,875 WARN  org.apache.commons.jelly.tags.ant.AntTag - Could not convert tag: tr into an Ant task, data type or property
2003-11-13 12:43:40,875 WARN  org.apache.commons.jelly.tags.ant.AntTag - Could not convert tag: th into an Ant task, data type or property
2003-11-13 12:43:40,875 WARN  org.apache.commons.jelly.tags.ant.AntTag - Could not convert tag: th into an Ant task, data type or property
2003-11-13 12:43:40,875 WARN  org.apache.commons.jelly.tags.ant.AntTag - Could not convert tag: th into an Ant task, data type or property
2003-11-13 12:43:40,875 WARN  org.apache.commons.jelly.tags.ant.AntTag - Could not convert tag: th into an Ant task, data type or property
2003-11-13 12:43:40,875 WARN  org.apache.commons.jelly.tags.ant.AntTag - Could not convert tag: tr into an Ant task, data type or property
2003-11-13 12:43:40,875 WARN  org.apache.commons.jelly.tags.ant.AntTag - Could not convert tag: td into an Ant task, data type or property
2003-11-13 12:43:40,875 WARN  org.apache.commons.jelly.tags.ant.AntTag - Could not convert tag: a into an Ant task, data type or property
2003-11-13 12:43:40,875 WARN  org.apache.commons.jelly.tags.ant.AntTag - Could not convert tag: br into an Ant task, data type or property
2003-11-13 12:43:40,875 WARN  org.apache.commons.jelly.tags.ant.AntTag - Could not convert tag: td into an Ant task, data type or property
2003-11-13 12:43:40,875 WARN  org.apache.commons.jelly.tags.ant.AntTag - Could not convert tag: td into an Ant task, data type or property
2003-11-13 12:43:40,890 WARN  org.apache.commons.jelly.tags.ant.AntTag - Could not convert tag: a into an Ant task, data type or property
2003-11-13 12:43:40,890 WARN  org.apache.commons.jelly.tags.ant.AntTag - Could not convert tag: br into an Ant task, data type or property
2003-11-13 12:43:40,890 WARN  org.apache.commons.jelly.tags.ant.AntTag - Could not convert tag: a into an Ant task, data type or property
2003-11-13 12:43:40,890 WARN  org.apache.commons.jelly.tags.ant.AntTag - Could not convert tag: br into an Ant task, data type or property
2003-11-13 12:43:40,890 WARN  org.apache.commons.jelly.tags.ant.AntTag - Could not convert tag: td into an Ant task, data type or property
2003-11-13 12:43:40,890 WARN  org.apache.commons.jelly.tags.ant.AntTag - Could not convert tag: a into an Ant task, data type or property
2003-11-13 12:43:40,890 WARN  org.apache.commons.jelly.tags.ant.AntTag - Could not convert tag: br into an Ant task, data type or property
2003-11-13 12:43:40,890 WARN  org.apache.commons.jelly.tags.ant.AntTag - Could not convert tag: a into an Ant task, data type or property
2003-11-13 12:43:40,890 WARN  org.apache.commons.jelly.tags.ant.AntTag - Could not convert tag: br into an Ant task, data type or property
2003-11-13 12:43:40,890 WARN  org.apache.commons.jelly.tags.ant.AntTag - Could not convert tag: a into an Ant task, data type or property
2003-11-13 12:43:40,890 WARN  org.apache.commons.jelly.tags.ant.AntTag - Could not convert tag: br into an Ant task, data type or property
2003-11-13 12:43:40,890 WARN  org.apache.commons.jelly.tags.ant.AntTag - Could not convert tag: a into an Ant task, data type or property
2003-11-13 12:43:40,890 WARN  org.apache.commons.jelly.tags.ant.AntTag - Could not convert tag: br into an Ant task, data type or property
2003-11-13 12:43:40,890 WARN  org.apache.commons.jelly.tags.ant.AntTag - Could not convert tag: a into an Ant task, data type or property
2003-11-13 12:43:40,890 WARN  org.apache.commons.jelly.tags.ant.AntTag - Could not convert tag: br into an Ant task, data type or property
2003-11-13 12:43:40,890 WARN  org.apache.commons.jelly.tags.ant.AntTag - Could not convert tag: subsection into an Ant task, data type or property
2003-11-13 12:43:40,890 WARN  org.apache.commons.jelly.tags.ant.AntTag - Could not convert tag: table into an Ant task, data type or property
2003-11-13 12:43:40,890 WARN  org.apache.commons.jelly.tags.ant.AntTag - Could not convert tag: tr into an Ant task, data type or property
2003-11-13 12:43:40,890 WARN  org.apache.commons.jelly.tags.ant.AntTag - Could not convert tag: th into an Ant task, data type or property
2003-11-13 12:43:40,890 WARN  org.apache.commons.jelly.tags.ant.AntTag - Could not convert tag: th into an Ant task, data type or property
2003-11-13 12:43:40,890 WARN  org.apache.commons.jelly.tags.ant.AntTag - Could not convert tag: th into an Ant task, data type or property
2003-11-13 12:43:40,890 WARN  org.apache.commons.jelly.tags.ant.AntTag - Could not convert tag: th into an Ant task, data type or property
2003-11-13 12:43:40,890 WARN  org.apache.commons.jelly.tags.ant.AntTag - Could not convert tag: th into an Ant task, data type or property
2003-11-13 12:43:40,890 WARN  org.apache.commons.jelly.tags.ant.AntTag - Could not convert tag: tr into an Ant task, data type or property
2003-11-13 12:43:40,890 WARN  org.apache.commons.jelly.tags.ant.AntTag - Could not convert tag: td into an Ant task, data type or property
2003-11-13 12:43:40,890 WARN  org.apache.commons.jelly.tags.ant.AntTag - Could not convert tag: td into an Ant task, data type or property
2003-11-13 12:43:40,890 WARN  org.apache.commons.jelly.tags.ant.AntTag - Could not convert tag: td into an Ant task, data type or property
2003-11-13 12:43:40,890 WARN  org.apache.commons.jelly.tags.ant.AntTag - Could not convert tag: td into an Ant task, data type or property
2003-11-13 12:43:40,890 WARN  org.apache.commons.jelly.tags.ant.AntTag - Could not convert tag: td into an Ant task, data type or property
2003-11-13 12:43:40,890 WARN  org.apache.commons.jelly.tags.ant.AntTag - Could not convert tag: table into an Ant task, data type or property
2003-11-13 12:43:40,890 WARN  org.apache.commons.jelly.tags.ant.AntTag - Could not convert tag: tr into an Ant task, data type or property
2003-11-13 12:43:40,890 WARN  org.apache.commons.jelly.tags.ant.AntTag - Could not convert tag: th into an Ant task, data type or property
2003-11-13 12:43:40,890 WARN  org.apache.commons.jelly.tags.ant.AntTag - Could not convert tag: th into an Ant task, data type or property
2003-11-13 12:43:40,890 WARN  org.apache.commons.jelly.tags.ant.AntTag - Could not convert tag: th into an Ant task, data type or property
2003-11-13 12:43:40,890 WARN  org.apache.commons.jelly.tags.ant.AntTag - Could not convert tag: th into an Ant task, data type or property
2003-11-13 12:43:40,890 WARN  org.apache.commons.jelly.tags.ant.AntTag - Could not convert tag: tr into an Ant task, data type or property
2003-11-13 12:43:40,890 WARN  org.apache.commons.jelly.tags.ant.AntTag - Could not convert tag: td into an Ant task, data type or property
2003-11-13 12:43:40,890 WARN  org.apache.commons.jelly.tags.ant.AntTag - Could not convert tag: td into an Ant task, data type or property
2003-11-13 12:43:40,890 WARN  org.apache.commons.jelly.tags.ant.AntTag - Could not convert tag: a into an Ant task, data type or property
2003-11-13 12:43:40,890 WARN  org.apache.commons.jelly.tags.ant.AntTag - Could not convert tag: br into an Ant task, data type or property
2003-11-13 12:43:40,890 WARN  org.apache.commons.jelly.tags.ant.AntTag - Could not convert tag: a into an Ant task, data type or property
2003-11-13 12:43:40,890 WARN  org.apache.commons.jelly.tags.ant.AntTag - Could not convert tag: br into an Ant task, data type or property
2003-11-13 12:43:40,890 WARN  org.apache.commons.jelly.tags.ant.AntTag - Could not convert tag: a into an Ant task, data type or property
2003-11-13 12:43:40,890 WARN  org.apache.commons.jelly.tags.ant.AntTag - Could not convert tag: br into an Ant task, data type or property
2003-11-13 12:43:40,890 WARN  org.apache.commons.jelly.tags.ant.AntTag - Could not convert tag: td into an Ant task, data type or property
2003-11-13 12:43:40,890 WARN  org.apache.commons.jelly.tags.ant.AntTag - Could not convert tag: a into an Ant task, data type or property
2003-11-13 12:43:40,890 WARN  org.apache.commons.jelly.tags.ant.AntTag - Could not convert tag: br into an Ant task, data type or property
2003-11-13 12:43:40,890 WARN  org.apache.commons.jelly.tags.ant.AntTag - Could not convert tag: td into an Ant task, data type or property
2003-11-13 12:43:40,890 WARN  org.apache.commons.jelly.tags.ant.AntTag - Could not convert tag: a into an Ant task, data type or property
2003-11-13 12:43:40,890 WARN  org.apache.commons.jelly.tags.ant.AntTag - Could not convert tag: br into an Ant task, data type or property
2003-11-13 12:43:40,890 WARN  org.apache.commons.jelly.tags.ant.AntTag - Could not convert tag: a into an Ant task, data type or property
2003-11-13 12:43:40,890 WARN  org.apache.commons.jelly.tags.ant.AntTag - Could not convert tag: br into an Ant task, data type or property
2003-11-13 12:43:40,890 WARN  org.apache.commons.jelly.tags.ant.AntTag - Could not convert tag: a into an Ant task, data type or property
2003-11-13 12:43:40,890 WARN  org.apache.commons.jelly.tags.ant.AntTag - Could not convert tag: br into an Ant task, data type or property
2003-11-13 12:43:40,890 WARN  org.apache.commons.jelly.tags.ant.AntTag - Could not convert tag: a into an Ant task, data type or property
2003-11-13 12:43:40,890 WARN  org.apache.commons.jelly.tags.ant.AntTag - Could not convert tag: br into an Ant task, data type or property
2003-11-13 12:43:40,890 WARN  org.apache.commons.jelly.tags.ant.AntTag - Could not convert tag: a into an Ant task, data type or property
2003-11-13 12:43:40,890 WARN  org.apache.commons.jelly.tags.ant.AntTag - Could not convert tag: br into an Ant task, data type or property
2003-11-13 12:43:40,890 WARN  org.apache.commons.jelly.tags.ant.AntTag - Could not convert tag: subsection into an Ant task, data type or property
2003-11-13 12:43:40,890 WARN  org.apache.commons.jelly.tags.ant.AntTag - Could not convert tag: table into an Ant task, data type or property
2003-11-13 12:43:40,890 WARN  org.apache.commons.jelly.tags.ant.AntTag - Could not convert tag: tr into an Ant task, data type or property
2003-11-13 12:43:40,890 WARN  org.apache.commons.jelly.tags.ant.AntTag - Could not convert tag: th into an Ant task, data type or property
2003-11-13 12:43:40,890 WARN  org.apache.commons.jelly.tags.ant.AntTag - Could not convert tag: th into an Ant task, data type or property
2003-11-13 12:43:40,890 WARN  org.apache.commons.jelly.tags.ant.AntTag - Could not convert tag: th into an Ant task, data type or property
2003-11-13 12:43:40,890 WARN  org.apache.commons.jelly.tags.ant.AntTag - Could not convert tag: th into an Ant task, data type or property
2003-11-13 12:43:40,890 WARN  org.apache.commons.jelly.tags.ant.AntTag - Could not convert tag: th into an Ant task, data type or property
2003-11-13 12:43:40,890 WARN  org.apache.commons.jelly.tags.ant.AntTag - Could not convert tag: tr into an Ant task, data type or property
2003-11-13 12:43:40,890 WARN  org.apache.commons.jelly.tags.ant.AntTag - Could not convert tag: td into an Ant task, data type or property
2003-11-13 12:43:40,890 WARN  org.apache.commons.jelly.tags.ant.AntTag - Could not convert tag: td into an Ant task, data type or property
2003-11-13 12:43:40,890 WARN  org.apache.commons.jelly.tags.ant.AntTag - Could not convert tag: td into an Ant task, data type or property
2003-11-13 12:43:40,890 WARN  org.apache.commons.jelly.tags.ant.AntTag - Could not convert tag: td into an Ant task, data type or property
2003-11-13 12:43:40,890 WARN  org.apache.commons.jelly.tags.ant.AntTag - Could not convert tag: td into an Ant task, data type or property
2003-11-13 12:43:40,890 WARN  org.apache.commons.jelly.tags.ant.AntTag - Could not convert tag: table into an Ant task, data type or property
2003-11-13 12:43:40,890 WARN  org.apache.commons.jelly.tags.ant.AntTag - Could not convert tag: tr into an Ant task, data type or property
2003-11-13 12:43:40,890 WARN  org.apache.commons.jelly.tags.ant.AntTag - Could not convert tag: th into an Ant task, data type or property
2003-11-13 12:43:40,890 WARN  org.apache.commons.jelly.tags.ant.AntTag - Could not convert tag: th into an Ant task, data type or property
2003-11-13 12:43:40,890 WARN  org.apache.commons.jelly.tags.ant.AntTag - Could not convert tag: th into an Ant task, data type or property
2003-11-13 12:43:40,890 WARN  org.apache.commons.jelly.tags.ant.AntTag - Could not convert tag: th into an Ant task, data type or property
2003-11-13 12:43:40,890 WARN  org.apache.commons.jelly.tags.ant.AntTag - Could not convert tag: tr into an Ant task, data type or property
2003-11-13 12:43:40,890 WARN  org.apache.commons.jelly.tags.ant.AntTag - Could not convert tag: td into an Ant task, data type or property
2003-11-13 12:43:40,890 WARN  org.apache.commons.jelly.tags.ant.AntTag - Could not convert tag: td into an Ant task, data type or property
2003-11-13 12:43:40,890 WARN  org.apache.commons.jelly.tags.ant.AntTag - Could not convert tag: a into an Ant task, data type or property
2003-11-13 12:43:40,890 WARN  org.apache.commons.jelly.tags.ant.AntTag - Could not convert tag: br into an Ant task, data type or property
2003-11-13 12:43:40,890 WARN  org.apache.commons.jelly.tags.ant.AntTag - Could not convert tag: a into an Ant task, data type or property
2003-11-13 12:43:40,890 WARN  org.apache.commons.jelly.tags.ant.AntTag - Could not convert tag: br into an Ant task, data type or property
2003-11-13 12:43:40,890 WARN  org.apache.commons.jelly.tags.ant.AntTag - Could not convert tag: td into an Ant task, data type or property
2003-11-13 12:43:40,890 WARN  org.apache.commons.jelly.tags.ant.AntTag - Could not convert tag: a into an Ant task, data type or property
2003-11-13 12:43:40,906 WARN  org.apache.commons.jelly.tags.ant.AntTag - Could not convert tag: br into an Ant task, data type or property
2003-11-13 12:43:40,906 WARN  org.apache.commons.jelly.tags.ant.AntTag - Could not convert tag: td into an Ant task, data type or property
2003-11-13 12:43:40,906 WARN  org.apache.commons.jelly.tags.ant.AntTag - Could not convert tag: a into an Ant task, data type or property
2003-11-13 12:43:40,906 WARN  org.apache.commons.jelly.tags.ant.AntTag - Could not convert tag: br into an Ant task, data type or property
2003-11-13 12:43:40,906 WARN  org.apache.commons.jelly.tags.ant.AntTag - Could not convert tag: a into an Ant task, data type or property
2003-11-13 12:43:40,906 WARN  org.apache.commons.jelly.tags.ant.AntTag - Could not convert tag: br into an Ant task, data type or property
2003-11-13 12:43:40,906 WARN  org.apache.commons.jelly.tags.ant.AntTag - Could not convert tag: a into an Ant task, data type or property
2003-11-13 12:43:40,906 WARN  org.apache.commons.jelly.tags.ant.AntTag - Could not convert tag: br into an Ant task, data type or property
2003-11-13 12:43:40,906 WARN  org.apache.commons.jelly.tags.ant.AntTag - Could not convert tag: a into an Ant task, data type or property
2003-11-13 12:43:40,906 WARN  org.apache.commons.jelly.tags.ant.AntTag - Could not convert tag: br into an Ant task, data type or property
2003-11-13 12:43:40,906 WARN  org.apache.commons.jelly.tags.ant.AntTag - Could not convert tag: a into an Ant task, data type or property
2003-11-13 12:43:40,906 WARN  org.apache.commons.jelly.tags.ant.AntTag - Could not convert tag: br into an Ant task, data type or property
2003-11-13 12:43:40,906 WARN  org.apache.commons.jelly.tags.ant.AntTag - Could not convert tag: a into an Ant task, data type or property
2003-11-13 12:43:40,906 WARN  org.apache.commons.jelly.tags.ant.AntTag - Could not convert tag: br into an Ant task, data type or property
2003-11-13 12:43:40,906 WARN  org.apache.commons.jelly.tags.ant.AntTag - Could not convert tag: a into an Ant task, data type or property
2003-11-13 12:43:40,906 WARN  org.apache.commons.jelly.tags.ant.AntTag - Could not convert tag: br into an Ant task, data type or property
2003-11-13 12:43:40,906 WARN  org.apache.commons.jelly.tags.ant.AntTag - Could not convert tag: subsection into an Ant task, data type or property
2003-11-13 12:43:40,906 WARN  org.apache.commons.jelly.tags.ant.AntTag - Could not convert tag: table into an Ant task, data type or property
2003-11-13 12:43:40,906 WARN  org.apache.commons.jelly.tags.ant.AntTag - Could not convert tag: tr into an Ant task, data type or property
2003-11-13 12:43:40,906 WARN  org.apache.commons.jelly.tags.ant.AntTag - Could not convert tag: th into an Ant task, data type or property
2003-11-13 12:43:40,906 WARN  org.apache.commons.jelly.tags.ant.AntTag - Could not convert tag: th into an Ant task, data type or property
2003-11-13 12:43:40,906 WARN  org.apache.commons.jelly.tags.ant.AntTag - Could not convert tag: th into an Ant task, data type or property
2003-11-13 12:43:40,906 WARN  org.apache.commons.jelly.tags.ant.AntTag - Could not convert tag: th into an Ant task, data type or property
2003-11-13 12:43:40,906 WARN  org.apache.commons.jelly.tags.ant.AntTag - Could not convert tag: th into an Ant task, data type or property
2003-11-13 12:43:40,906 WARN  org.apache.commons.jelly.tags.ant.AntTag - Could not convert tag: tr into an Ant task, data type or property
2003-11-13 12:43:40,906 WARN  org.apache.commons.jelly.tags.ant.AntTag - Could not convert tag: td into an Ant task, data type or property
2003-11-13 12:43:40,906 WARN  org.apache.commons.jelly.tags.ant.AntTag - Could not convert tag: td into an Ant task, data type or property
2003-11-13 12:43:40,906 WARN  org.apache.commons.jelly.tags.ant.AntTag - Could not convert tag: td into an Ant task, data type or property
2003-11-13 12:43:40,906 WARN  org.apache.commons.jelly.tags.ant.AntTag - Could not convert tag: td into an Ant task, data type or property
2003-11-13 12:43:40,906 WARN  org.apache.commons.jelly.tags.ant.AntTag - Could not convert tag: td into an Ant task, data type or property
2003-11-13 12:43:40,906 WARN  org.apache.commons.jelly.tags.ant.AntTag - Could not convert tag: table into an Ant task, data type or property
2003-11-13 12:43:40,906 WARN  org.apache.commons.jelly.tags.ant.AntTag - Could not convert tag: tr into an Ant task, data type or property
2003-11-13 12:43:40,906 WARN  org.apache.commons.jelly.tags.ant.AntTag - Could not convert tag: th into an Ant task, data type or property
2003-11-13 12:43:40,906 WARN  org.apache.commons.jelly.tags.ant.AntTag - Could not convert tag: th into an Ant task, data type or property
2003-11-13 12:43:40,906 WARN  org.apache.commons.jelly.tags.ant.AntTag - Could not convert tag: th into an Ant task, data type or property
2003-11-13 12:43:40,906 WARN  org.apache.commons.jelly.tags.ant.AntTag - Could not convert tag: th into an Ant task, data type or property
2003-11-13 12:43:40,906 WARN  org.apache.commons.jelly.tags.ant.AntTag - Could not convert tag: tr into an Ant task, data type or property
2003-11-13 12:43:40,906 WARN  org.apache.commons.jelly.tags.ant.AntTag - Could not convert tag: td into an Ant task, data type or property
2003-11-13 12:43:40,906 WARN  org.apache.commons.jelly.tags.ant.AntTag - Could not convert tag: td into an Ant task, data type or property
2003-11-13 12:43:40,906 WARN  org.apache.commons.jelly.tags.ant.AntTag - Could not convert tag: a into an Ant task, data type or property
2003-11-13 12:43:40,906 WARN  org.apache.commons.jelly.tags.ant.AntTag - Could not convert tag: br into an Ant task, data type or property
2003-11-13 12:43:40,906 WARN  org.apache.commons.jelly.tags.ant.AntTag - Could not convert tag: a into an Ant task, data type or property
2003-11-13 12:43:40,906 WARN  org.apache.commons.jelly.tags.ant.AntTag - Could not convert tag: br into an Ant task, data type or property
2003-11-13 12:43:40,906 WARN  org.apache.commons.jelly.tags.ant.AntTag - Could not convert tag: a into an Ant task, data type or property
2003-11-13 12:43:40,906 WARN  org.apache.commons.jelly.tags.ant.AntTag - Could not convert tag: br into an Ant task, data type or property
2003-11-13 12:43:40,906 WARN  org.apache.commons.jelly.tags.ant.AntTag - Could not convert tag: a into an Ant task, data type or property
2003-11-13 12:43:40,906 WARN  org.apache.commons.jelly.tags.ant.AntTag - Could not convert tag: br into an Ant task, data type or property
2003-11-13 12:43:40,906 WARN  org.apache.commons.jelly.tags.ant.AntTag - Could not convert tag: a into an Ant task, data type or property
2003-11-13 12:43:40,906 WARN  org.apache.commons.jelly.tags.ant.AntTag - Could not convert tag: br into an Ant task, data type or property
2003-11-13 12:43:40,906 WARN  org.apache.commons.jelly.tags.ant.AntTag - Could not convert tag: a into an Ant task, data type or property
2003-11-13 12:43:40,906 WARN  org.apache.commons.jelly.tags.ant.AntTag - Could not convert tag: br into an Ant task, data type or property
2003-11-13 12:43:40,906 WARN  org.apache.commons.jelly.tags.ant.AntTag - Could not convert tag: a into an Ant task, data type or property
2003-11-13 12:43:40,906 WARN  org.apache.commons.jelly.tags.ant.AntTag - Could not convert tag: br into an Ant task, data type or property
2003-11-13 12:43:40,906 WARN  org.apache.commons.jelly.tags.ant.AntTag - Could not convert tag: a into an Ant task, data type or property
2003-11-13 12:43:40,906 WARN  org.apache.commons.jelly.tags.ant.AntTag - Could not convert tag: br into an Ant task, data type or property
2003-11-13 12:43:40,906 WARN  org.apache.commons.jelly.tags.ant.AntTag - Could not convert tag: a into an Ant task, data type or property
2003-11-13 12:43:40,906 WARN  org.apache.commons.jelly.tags.ant.AntTag - Could not convert tag: br into an Ant task, data type or property
2003-11-13 12:43:40,906 WARN  org.apache.commons.jelly.tags.ant.AntTag - Could not convert tag: a into an Ant task, data type or property
2003-11-13 12:43:40,906 WARN  org.apache.commons.jelly.tags.ant.AntTag - Could not convert tag: br into an Ant task, data type or property
2003-11-13 12:43:40,906 WARN  org.apache.commons.jelly.tags.ant.AntTag - Could not convert tag: a into an Ant task, data type or property
2003-11-13 12:43:40,906 WARN  org.apache.commons.jelly.tags.ant.AntTag - Could not convert tag: br into an Ant task, data type or property
2003-11-13 12:43:40,921 WARN  org.apache.commons.jelly.tags.ant.AntTag - Could not convert tag: a into an Ant task, data type or property
2003-11-13 12:43:40,921 WARN  org.apache.commons.jelly.tags.ant.AntTag - Could not convert tag: br into an Ant task, data type or property
2003-11-13 12:43:40,921 WARN  org.apache.commons.jelly.tags.ant.AntTag - Could not convert tag: a into an Ant task, data type or property
2003-11-13 12:43:40,921 WARN  org.apache.commons.jelly.tags.ant.AntTag - Could not convert tag: br into an Ant task, data type or property
2003-11-13 12:43:40,921 WARN  org.apache.commons.jelly.tags.ant.AntTag - Could not convert tag: a into an Ant task, data type or property
2003-11-13 12:43:40,921 WARN  org.apache.commons.jelly.tags.ant.AntTag - Could not convert tag: br into an Ant task, data type or property
2003-11-13 12:43:40,921 WARN  org.apache.commons.jelly.tags.ant.AntTag - Could not convert tag: a into an Ant task, data type or property
2003-11-13 12:43:40,921 WARN  org.apache.commons.jelly.tags.ant.AntTag - Could not convert tag: br into an Ant task, data type or property
2003-11-13 12:43:40,921 WARN  org.apache.commons.jelly.tags.ant.AntTag - Could not convert tag: a into an Ant task, data type or property
2003-11-13 12:43:40,921 WARN  org.apache.commons.jelly.tags.ant.AntTag - Could not convert tag: br into an Ant task, data type or property
2003-11-13 12:43:40,921 WARN  org.apache.commons.jelly.tags.ant.AntTag - Could not convert tag: a into an Ant task, data type or property
2003-11-13 12:43:40,921 WARN  org.apache.commons.jelly.tags.ant.AntTag - Could not convert tag: br into an Ant task, data type or property
2003-11-13 12:43:40,921 WARN  org.apache.commons.jelly.tags.ant.AntTag - Could not convert tag: a into an Ant task, data type or property
2003-11-13 12:43:40,921 WARN  org.apache.commons.jelly.tags.ant.AntTag - Could not convert tag: br into an Ant task, data type or property
2003-11-13 12:43:40,921 WARN  org.apache.commons.jelly.tags.ant.AntTag - Could not convert tag: a into an Ant task, data type or property
2003-11-13 12:43:40,921 WARN  org.apache.commons.jelly.tags.ant.AntTag - Could not convert tag: br into an Ant task, data type or property
2003-11-13 12:43:40,921 WARN  org.apache.commons.jelly.tags.ant.AntTag - Could not convert tag: a into an Ant task, data type or property
2003-11-13 12:43:40,921 WARN  org.apache.commons.jelly.tags.ant.AntTag - Could not convert tag: br into an Ant task, data type or property
2003-11-13 12:43:40,921 WARN  org.apache.commons.jelly.tags.ant.AntTag - Could not convert tag: a into an Ant task, data type or property
2003-11-13 12:43:40,921 WARN  org.apache.commons.jelly.tags.ant.AntTag - Could not convert tag: br into an Ant task, data type or property
2003-11-13 12:43:40,921 WARN  org.apache.commons.jelly.tags.ant.AntTag - Could not convert tag: a into an Ant task, data type or property
2003-11-13 12:43:40,921 WARN  org.apache.commons.jelly.tags.ant.AntTag - Could not convert tag: br into an Ant task, data type or property
2003-11-13 12:43:40,921 WARN  org.apache.commons.jelly.tags.ant.AntTag - Could not convert tag: a into an Ant task, data type or property
2003-11-13 12:43:40,921 WARN  org.apache.commons.jelly.tags.ant.AntTag - Could not convert tag: br into an Ant task, data type or property
2003-11-13 12:43:40,921 WARN  org.apache.commons.jelly.tags.ant.AntTag - Could not convert tag: a into an Ant task, data type or property
2003-11-13 12:43:40,921 WARN  org.apache.commons.jelly.tags.ant.AntTag - Could not convert tag: br into an Ant task, data type or property
2003-11-13 12:43:40,921 WARN  org.apache.commons.jelly.tags.ant.AntTag - Could not convert tag: td into an Ant task, data type or property
2003-11-13 12:43:40,921 WARN  org.apache.commons.jelly.tags.ant.AntTag - Could not convert tag: a into an Ant task, data type or property
2003-11-13 12:43:40,921 WARN  org.apache.commons.jelly.tags.ant.AntTag - Could not convert tag: br into an Ant task, data type or property
2003-11-13 12:43:40,921 WARN  org.apache.commons.jelly.tags.ant.AntTag - Could not convert tag: a into an Ant task, data type or property
2003-11-13 12:43:40,921 WARN  org.apache.commons.jelly.tags.ant.AntTag - Could not convert tag: br into an Ant task, data type or property
2003-11-13 12:43:40,921 WARN  org.apache.commons.jelly.tags.ant.AntTag - Could not convert tag: a into an Ant task, data type or property
2003-11-13 12:43:40,921 WARN  org.apache.commons.jelly.tags.ant.AntTag - Could not convert tag: br into an Ant task, data type or property
2003-11-13 12:43:40,921 WARN  org.apache.commons.jelly.tags.ant.AntTag - Could not convert tag: a into an Ant task, data type or property
2003-11-13 12:43:40,921 WARN  org.apache.commons.jelly.tags.ant.AntTag - Could not convert tag: br into an Ant task, data type or property
2003-11-13 12:43:40,921 WARN  org.apache.commons.jelly.tags.ant.AntTag - Could not convert tag: a into an Ant task, data type or property
2003-11-13 12:43:40,921 WARN  org.apache.commons.jelly.tags.ant.AntTag - Could not convert tag: br into an Ant task, data type or property
2003-11-13 12:43:40,921 WARN  org.apache.commons.jelly.tags.ant.AntTag - Could not convert tag: a into an Ant task, data type or property
2003-11-13 12:43:40,921 WARN  org.apache.commons.jelly.tags.ant.AntTag - Could not convert tag: br into an Ant task, data type or property
2003-11-13 12:43:40,921 WARN  org.apache.commons.jelly.tags.ant.AntTag - Could not convert tag: td into an Ant task, data type or property
2003-11-13 12:43:40,921 WARN  org.apache.commons.jelly.tags.ant.AntTag - Could not convert tag: a into an Ant task, data type or property
2003-11-13 12:43:40,921 WARN  org.apache.commons.jelly.tags.ant.AntTag - Could not convert tag: br into an Ant task, data type or property
2003-11-13 12:43:40,921 WARN  org.apache.commons.jelly.tags.ant.AntTag - Could not convert tag: a into an Ant task, data type or property
2003-11-13 12:43:40,921 WARN  org.apache.commons.jelly.tags.ant.AntTag - Could not convert tag: br into an Ant task, data type or property
2003-11-13 12:43:40,921 WARN  org.apache.commons.jelly.tags.ant.AntTag - Could not convert tag: a into an Ant task, data type or property
2003-11-13 12:43:40,921 WARN  org.apache.commons.jelly.tags.ant.AntTag - Could not convert tag: br into an Ant task, data type or property
2003-11-13 12:43:40,921 WARN  org.apache.commons.jelly.tags.ant.AntTag - Could not convert tag: a into an Ant task, data type or property
2003-11-13 12:43:40,921 WARN  org.apache.commons.jelly.tags.ant.AntTag - Could not convert tag: br into an Ant task, data type or property
2003-11-13 12:43:40,921 WARN  org.apache.commons.jelly.tags.ant.AntTag - Could not convert tag: a into an Ant task, data type or property
2003-11-13 12:43:40,921 WARN  org.apache.commons.jelly.tags.ant.AntTag - Could not convert tag: br into an Ant task, data type or property
2003-11-13 12:43:40,921 WARN  org.apache.commons.jelly.tags.ant.AntTag - Could not convert tag: a into an Ant task, data type or property
2003-11-13 12:43:40,921 WARN  org.apache.commons.jelly.tags.ant.AntTag - Could not convert tag: br into an Ant task, data type or property
2003-11-13 12:43:40,921 WARN  org.apache.commons.jelly.tags.ant.AntTag - Could not convert tag: a into an Ant task, data type or property
2003-11-13 12:43:40,921 WARN  org.apache.commons.jelly.tags.ant.AntTag - Could not convert tag: br into an Ant task, data type or property
2003-11-13 12:43:40,921 WARN  org.apache.commons.jelly.tags.ant.AntTag - Could not convert tag: a into an Ant task, data type or property
2003-11-13 12:43:40,921 WARN  org.apache.commons.jelly.tags.ant.AntTag - Could not convert tag: br into an Ant task, data type or property
2003-11-13 12:43:40,921 WARN  org.apache.commons.jelly.tags.ant.AntTag - Could not convert tag: a into an Ant task, data type or property
2003-11-13 12:43:40,921 WARN  org.apache.commons.jelly.tags.ant.AntTag - Could not convert tag: br into an Ant task, data type or property
2003-11-13 12:43:40,921 WARN  org.apache.commons.jelly.tags.ant.AntTag - Could not convert tag: a into an Ant task, data type or property
2003-11-13 12:43:40,921 WARN  org.apache.commons.jelly.tags.ant.AntTag - Could not convert tag: br into an Ant task, data type or property
2003-11-13 12:43:40,921 WARN  org.apache.commons.jelly.tags.ant.AntTag - Could not convert tag: a into an Ant task, data type or property
2003-11-13 12:43:40,921 WARN  org.apache.commons.jelly.tags.ant.AntTag - Could not convert tag: br into an Ant task, data type or property
2003-11-13 12:43:40,921 WARN  org.apache.commons.jelly.tags.ant.AntTag - Could not convert tag: a into an Ant task, data type or property
2003-11-13 12:43:40,921 WARN  org.apache.commons.jelly.tags.ant.AntTag - Could not convert tag: br into an Ant task, data type or property
2003-11-13 12:43:40,921 WARN  org.apache.commons.jelly.tags.ant.AntTag - Could not convert tag: a into an Ant task, data type or property
2003-11-13 12:43:40,921 WARN  org.apache.commons.jelly.tags.ant.AntTag - Could not convert tag: br into an Ant task, data type or property
2003-11-13 12:43:40,921 WARN  org.apache.commons.jelly.tags.ant.AntTag - Could not convert tag: a into an Ant task, data type or property
2003-11-13 12:43:40,921 WARN  org.apache.commons.jelly.tags.ant.AntTag - Could not convert tag: br into an Ant task, data type or property
2003-11-13 12:43:40,921 WARN  org.apache.commons.jelly.tags.ant.AntTag - Could not convert tag: a into an Ant task, data type or property
2003-11-13 12:43:40,921 WARN  org.apache.commons.jelly.tags.ant.AntTag - Could not convert tag: br into an Ant task, data type or property
2003-11-13 12:43:40,921 WARN  org.apache.commons.jelly.tags.ant.AntTag - Could not convert tag: a into an Ant task, data type or property
2003-11-13 12:43:40,921 WARN  org.apache.commons.jelly.tags.ant.AntTag - Could not convert tag: br into an Ant task, data type or property
2003-11-13 12:43:40,921 WARN  org.apache.commons.jelly.tags.ant.AntTag - Could not convert tag: a into an Ant task, data type or property
2003-11-13 12:43:40,921 WARN  org.apache.commons.jelly.tags.ant.AntTag - Could not convert tag: br into an Ant task, data type or property
2003-11-13 12:43:40,921 WARN  org.apache.commons.jelly.tags.ant.AntTag - Could not convert tag: a into an Ant task, data type or property
2003-11-13 12:43:40,921 WARN  org.apache.commons.jelly.tags.ant.AntTag - Could not convert tag: br into an Ant task, data type or property
2003-11-13 12:43:40,921 WARN  org.apache.commons.jelly.tags.ant.AntTag - Could not convert tag: a into an Ant task, data type or property
2003-11-13 12:43:40,921 WARN  org.apache.commons.jelly.tags.ant.AntTag - Could not convert tag: br into an Ant task, data type or property
2003-11-13 12:43:40,921 WARN  org.apache.commons.jelly.tags.ant.AntTag - Could not convert tag: a into an Ant task, data type or property
2003-11-13 12:43:40,921 WARN  org.apache.commons.jelly.tags.ant.AntTag - Could not convert tag: br into an Ant task, data type or property
2003-11-13 12:43:40,937 WARN  org.apache.commons.jelly.tags.ant.AntTag - Could not convert tag: subsection into an Ant task, data type or property
2003-11-13 12:43:40,937 WARN  org.apache.commons.jelly.tags.ant.AntTag - Could not convert tag: table into an Ant task, data type or property
2003-11-13 12:43:40,937 WARN  org.apache.commons.jelly.tags.ant.AntTag - Could not convert tag: tr into an Ant task, data type or property
2003-11-13 12:43:40,937 WARN  org.apache.commons.jelly.tags.ant.AntTag - Could not convert tag: th into an Ant task, data type or property
2003-11-13 12:43:40,937 WARN  org.apache.commons.jelly.tags.ant.AntTag - Could not convert tag: th into an Ant task, data type or property
2003-11-13 12:43:40,937 WARN  org.apache.commons.jelly.tags.ant.AntTag - Could not convert tag: th into an Ant task, data type or property
2003-11-13 12:43:40,937 WARN  org.apache.commons.jelly.tags.ant.AntTag - Could not convert tag: th into an Ant task, data type or property
2003-11-13 12:43:40,937 WARN  org.apache.commons.jelly.tags.ant.AntTag - Could not convert tag: th into an Ant task, data type or property
2003-11-13 12:43:40,937 WARN  org.apache.commons.jelly.tags.ant.AntTag - Could not convert tag: tr into an Ant task, data type or property
2003-11-13 12:43:40,937 WARN  org.apache.commons.jelly.tags.ant.AntTag - Could not convert tag: td into an Ant task, data type or property
2003-11-13 12:43:40,937 WARN  org.apache.commons.jelly.tags.ant.AntTag - Could not convert tag: td into an Ant task, data type or property
2003-11-13 12:43:40,937 WARN  org.apache.commons.jelly.tags.ant.AntTag - Could not convert tag: td into an Ant task, data type or property
2003-11-13 12:43:40,937 WARN  org.apache.commons.jelly.tags.ant.AntTag - Could not convert tag: td into an Ant task, data type or property
2003-11-13 12:43:40,937 WARN  org.apache.commons.jelly.tags.ant.AntTag - Could not convert tag: td into an Ant task, data type or property
2003-11-13 12:43:40,937 WARN  org.apache.commons.jelly.tags.ant.AntTag - Could not convert tag: table into an Ant task, data type or property
2003-11-13 12:43:40,937 WARN  org.apache.commons.jelly.tags.ant.AntTag - Could not convert tag: tr into an Ant task, data type or property
2003-11-13 12:43:40,937 WARN  org.apache.commons.jelly.tags.ant.AntTag - Could not convert tag: th into an Ant task, data type or property
2003-11-13 12:43:40,937 WARN  org.apache.commons.jelly.tags.ant.AntTag - Could not convert tag: th into an Ant task, data type or property
2003-11-13 12:43:40,937 WARN  org.apache.commons.jelly.tags.ant.AntTag - Could not convert tag: th into an Ant task, data type or property
2003-11-13 12:43:40,937 WARN  org.apache.commons.jelly.tags.ant.AntTag - Could not convert tag: th into an Ant task, data type or property
2003-11-13 12:43:40,937 WARN  org.apache.commons.jelly.tags.ant.AntTag - Could not convert tag: tr into an Ant task, data type or property
2003-11-13 12:43:40,937 WARN  org.apache.commons.jelly.tags.ant.AntTag - Could not convert tag: td into an Ant task, data type or property
2003-11-13 12:43:40,937 WARN  org.apache.commons.jelly.tags.ant.AntTag - Could not convert tag: td into an Ant task, data type or property
2003-11-13 12:43:40,937 WARN  org.apache.commons.jelly.tags.ant.AntTag - Could not convert tag: a into an Ant task, data type or property
2003-11-13 12:43:40,937 WARN  org.apache.commons.jelly.tags.ant.AntTag - Could not convert tag: br into an Ant task, data type or property
2003-11-13 12:43:40,937 WARN  org.apache.commons.jelly.tags.ant.AntTag - Could not convert tag: a into an Ant task, data type or property
2003-11-13 12:43:40,937 WARN  org.apache.commons.jelly.tags.ant.AntTag - Could not convert tag: br into an Ant task, data type or property
2003-11-13 12:43:40,937 WARN  org.apache.commons.jelly.tags.ant.AntTag - Could not convert tag: a into an Ant task, data type or property
2003-11-13 12:43:40,937 WARN  org.apache.commons.jelly.tags.ant.AntTag - Could not convert tag: br into an Ant task, data type or property
2003-11-13 12:43:40,937 WARN  org.apache.commons.jelly.tags.ant.AntTag - Could not convert tag: a into an Ant task, data type or property
2003-11-13 12:43:40,937 WARN  org.apache.commons.jelly.tags.ant.AntTag - Could not convert tag: br into an Ant task, data type or property
2003-11-13 12:43:40,937 WARN  org.apache.commons.jelly.tags.ant.AntTag - Could not convert tag: a into an Ant task, data type or property
2003-11-13 12:43:40,937 WARN  org.apache.commons.jelly.tags.ant.AntTag - Could not convert tag: br into an Ant task, data type or property
2003-11-13 12:43:40,937 WARN  org.apache.commons.jelly.tags.ant.AntTag - Could not convert tag: a into an Ant task, data type or property
2003-11-13 12:43:40,937 WARN  org.apache.commons.jelly.tags.ant.AntTag - Could not convert tag: br into an Ant task, data type or property
2003-11-13 12:43:40,937 WARN  org.apache.commons.jelly.tags.ant.AntTag - Could not convert tag: a into an Ant task, data type or property
2003-11-13 12:43:40,937 WARN  org.apache.commons.jelly.tags.ant.AntTag - Could not convert tag: br into an Ant task, data type or property
2003-11-13 12:43:40,937 WARN  org.apache.commons.jelly.tags.ant.AntTag - Could not convert tag: a into an Ant task, data type or property
2003-11-13 12:43:40,937 WARN  org.apache.commons.jelly.tags.ant.AntTag - Could not convert tag: br into an Ant task, data type or property
2003-11-13 12:43:40,937 WARN  org.apache.commons.jelly.tags.ant.AntTag - Could not convert tag: a into an Ant task, data type or property
2003-11-13 12:43:40,937 WARN  org.apache.commons.jelly.tags.ant.AntTag - Could not convert tag: br into an Ant task, data type or property
2003-11-13 12:43:40,937 WARN  org.apache.commons.jelly.tags.ant.AntTag - Could not convert tag: a into an Ant task, data type or property
2003-11-13 12:43:40,937 WARN  org.apache.commons.jelly.tags.ant.AntTag - Could not convert tag: br into an Ant task, data type or property
2003-11-13 12:43:40,937 WARN  org.apache.commons.jelly.tags.ant.AntTag - Could not convert tag: a into an Ant task, data type or property
2003-11-13 12:43:40,937 WARN  org.apache.commons.jelly.tags.ant.AntTag - Could not convert tag: br into an Ant task, data type or property
2003-11-13 12:43:40,937 WARN  org.apache.commons.jelly.tags.ant.AntTag - Could not convert tag: a into an Ant task, data type or property
2003-11-13 12:43:40,937 WARN  org.apache.commons.jelly.tags.ant.AntTag - Could not convert tag: br into an Ant task, data type or property
2003-11-13 12:43:40,937 WARN  org.apache.commons.jelly.tags.ant.AntTag - Could not convert tag: a into an Ant task, data type or property
2003-11-13 12:43:40,937 WARN  org.apache.commons.jelly.tags.ant.AntTag - Could not convert tag: br into an Ant task, data type or property
2003-11-13 12:43:40,937 WARN  org.apache.commons.jelly.tags.ant.AntTag - Could not convert tag: a into an Ant task, data type or property
2003-11-13 12:43:40,937 WARN  org.apache.commons.jelly.tags.ant.AntTag - Could not convert tag: br into an Ant task, data type or property
2003-11-13 12:43:40,937 WARN  org.apache.commons.jelly.tags.ant.AntTag - Could not convert tag: a into an Ant task, data type or property
2003-11-13 12:43:40,937 WARN  org.apache.commons.jelly.tags.ant.AntTag - Could not convert tag: br into an Ant task, data type or property
2003-11-13 12:43:40,937 WARN  org.apache.commons.jelly.tags.ant.AntTag - Could not convert tag: a into an Ant task, data type or property
2003-11-13 12:43:40,937 WARN  org.apache.commons.jelly.tags.ant.AntTag - Could not convert tag: br into an Ant task, data type or property
2003-11-13 12:43:40,937 WARN  org.apache.commons.jelly.tags.ant.AntTag - Could not convert tag: a into an Ant task, data type or property
2003-11-13 12:43:40,937 WARN  org.apache.commons.jelly.tags.ant.AntTag - Could not convert tag: br into an Ant task, data type or property
2003-11-13 12:43:40,937 WARN  org.apache.commons.jelly.tags.ant.AntTag - Could not convert tag: a into an Ant task, data type or property
2003-11-13 12:43:40,937 WARN  org.apache.commons.jelly.tags.ant.AntTag - Could not convert tag: br into an Ant task, data type or property
2003-11-13 12:43:40,937 WARN  org.apache.commons.jelly.tags.ant.AntTag - Could not convert tag: a into an Ant task, data type or property
2003-11-13 12:43:40,937 WARN  org.apache.commons.jelly.tags.ant.AntTag - Could not convert tag: br into an Ant task, data type or property
2003-11-13 12:43:40,937 WARN  org.apache.commons.jelly.tags.ant.AntTag - Could not convert tag: a into an Ant task, data type or property
2003-11-13 12:43:40,937 WARN  org.apache.commons.jelly.tags.ant.AntTag - Could not convert tag: br into an Ant task, data type or property
2003-11-13 12:43:40,937 WARN  org.apache.commons.jelly.tags.ant.AntTag - Could not convert tag: a into an Ant task, data type or property
2003-11-13 12:43:40,937 WARN  org.apache.commons.jelly.tags.ant.AntTag - Could not convert tag: br into an Ant task, data type or property
2003-11-13 12:43:40,937 WARN  org.apache.commons.jelly.tags.ant.AntTag - Could not convert tag: a into an Ant task, data type or property
2003-11-13 12:43:40,953 WARN  org.apache.commons.jelly.tags.ant.AntTag - Could not convert tag: br into an Ant task, data type or property
2003-11-13 12:43:40,953 WARN  org.apache.commons.jelly.tags.ant.AntTag - Could not convert tag: a into an Ant task, data type or property
2003-11-13 12:43:40,953 WARN  org.apache.commons.jelly.tags.ant.AntTag - Could not convert tag: br into an Ant task, data type or property
2003-11-13 12:43:40,953 WARN  org.apache.commons.jelly.tags.ant.AntTag - Could not convert tag: a into an Ant task, data type or property
2003-11-13 12:43:40,953 WARN  org.apache.commons.jelly.tags.ant.AntTag - Could not convert tag: br into an Ant task, data type or property
2003-11-13 12:43:40,953 WARN  org.apache.commons.jelly.tags.ant.AntTag - Could not convert tag: a into an Ant task, data type or property
2003-11-13 12:43:40,953 WARN  org.apache.commons.jelly.tags.ant.AntTag - Could not convert tag: br into an Ant task, data type or property
2003-11-13 12:43:40,953 WARN  org.apache.commons.jelly.tags.ant.AntTag - Could not convert tag: a into an Ant task, data type or property
2003-11-13 12:43:40,953 WARN  org.apache.commons.jelly.tags.ant.AntTag - Could not convert tag: br into an Ant task, data type or property
2003-11-13 12:43:40,953 WARN  org.apache.commons.jelly.tags.ant.AntTag - Could not convert tag: a into an Ant task, data type or property
2003-11-13 12:43:40,953 WARN  org.apache.commons.jelly.tags.ant.AntTag - Could not convert tag: br into an Ant task, data type or property
2003-11-13 12:43:40,953 WARN  org.apache.commons.jelly.tags.ant.AntTag - Could not convert tag: a into an Ant task, data type or property
2003-11-13 12:43:40,953 WARN  org.apache.commons.jelly.tags.ant.AntTag - Could not convert tag: br into an Ant task, data type or property
2003-11-13 12:43:40,953 WARN  org.apache.commons.jelly.tags.ant.AntTag - Could not convert tag: a into an Ant task, data type or property
2003-11-13 12:43:40,953 WARN  org.apache.commons.jelly.tags.ant.AntTag - Could not convert tag: br into an Ant task, data type or property
2003-11-13 12:43:40,953 WARN  org.apache.commons.jelly.tags.ant.AntTag - Could not convert tag: a into an Ant task, data type or property
2003-11-13 12:43:40,953 WARN  org.apache.commons.jelly.tags.ant.AntTag - Could not convert tag: br into an Ant task, data type or property
2003-11-13 12:43:40,953 WARN  org.apache.commons.jelly.tags.ant.AntTag - Could not convert tag: a into an Ant task, data type or property
2003-11-13 12:43:40,953 WARN  org.apache.commons.jelly.tags.ant.AntTag - Could not convert tag: br into an Ant task, data type or property
2003-11-13 12:43:40,953 WARN  org.apache.commons.jelly.tags.ant.AntTag - Could not convert tag: a into an Ant task, data type or property
2003-11-13 12:43:40,953 WARN  org.apache.commons.jelly.tags.ant.AntTag - Could not convert tag: br into an Ant task, data type or property
2003-11-13 12:43:40,953 WARN  org.apache.commons.jelly.tags.ant.AntTag - Could not convert tag: a into an Ant task, data type or property
2003-11-13 12:43:40,953 WARN  org.apache.commons.jelly.tags.ant.AntTag - Could not convert tag: br into an Ant task, data type or property
2003-11-13 12:43:40,953 WARN  org.apache.commons.jelly.tags.ant.AntTag - Could not convert tag: a into an Ant task, data type or property
2003-11-13 12:43:40,953 WARN  org.apache.commons.jelly.tags.ant.AntTag - Could not convert tag: br into an Ant task, data type or property
2003-11-13 12:43:40,953 WARN  org.apache.commons.jelly.tags.ant.AntTag - Could not convert tag: a into an Ant task, data type or property
2003-11-13 12:43:40,953 WARN  org.apache.commons.jelly.tags.ant.AntTag - Could not convert tag: br into an Ant task, data type or property
2003-11-13 12:43:40,953 WARN  org.apache.commons.jelly.tags.ant.AntTag - Could not convert tag: a into an Ant task, data type or property
2003-11-13 12:43:40,953 WARN  org.apache.commons.jelly.tags.ant.AntTag - Could not convert tag: br into an Ant task, data type or property
2003-11-13 12:43:40,953 WARN  org.apache.commons.jelly.tags.ant.AntTag - Could not convert tag: td into an Ant task, data type or property
2003-11-13 12:43:40,953 WARN  org.apache.commons.jelly.tags.ant.AntTag - Could not convert tag: a into an Ant task, data type or property
2003-11-13 12:43:40,953 WARN  org.apache.commons.jelly.tags.ant.AntTag - Could not convert tag: br into an Ant task, data type or property
2003-11-13 12:43:40,953 WARN  org.apache.commons.jelly.tags.ant.AntTag - Could not convert tag: a into an Ant task, data type or property
2003-11-13 12:43:40,953 WARN  org.apache.commons.jelly.tags.ant.AntTag - Could not convert tag: br into an Ant task, data type or property
2003-11-13 12:43:40,953 WARN  org.apache.commons.jelly.tags.ant.AntTag - Could not convert tag: td into an Ant task, data type or property
2003-11-13 12:43:40,953 WARN  org.apache.commons.jelly.tags.ant.AntTag - Could not convert tag: a into an Ant task, data type or property
2003-11-13 12:43:40,953 WARN  org.apache.commons.jelly.tags.ant.AntTag - Could not convert tag: br into an Ant task, data type or property
2003-11-13 12:43:40,953 WARN  org.apache.commons.jelly.tags.ant.AntTag - Could not convert tag: a into an Ant task, data type or property
2003-11-13 12:43:40,953 WARN  org.apache.commons.jelly.tags.ant.AntTag - Could not convert tag: br into an Ant task, data type or property
2003-11-13 12:43:40,953 WARN  org.apache.commons.jelly.tags.ant.AntTag - Could not convert tag: a into an Ant task, data type or property
2003-11-13 12:43:40,953 WARN  org.apache.commons.jelly.tags.ant.AntTag - Could not convert tag: br into an Ant task, data type or property
2003-11-13 12:43:40,953 WARN  org.apache.commons.jelly.tags.ant.AntTag - Could not convert tag: a into an Ant task, data type or property
2003-11-13 12:43:40,953 WARN  org.apache.commons.jelly.tags.ant.AntTag - Could not convert tag: br into an Ant task, data type or property
2003-11-13 12:43:40,953 WARN  org.apache.commons.jelly.tags.ant.AntTag - Could not convert tag: a into an Ant task, data type or property
2003-11-13 12:43:40,953 WARN  org.apache.commons.jelly.tags.ant.AntTag - Could not convert tag: br into an Ant task, data type or property
2003-11-13 12:43:40,953 WARN  org.apache.commons.jelly.tags.ant.AntTag - Could not convert tag: a into an Ant task, data type or property
2003-11-13 12:43:40,953 WARN  org.apache.commons.jelly.tags.ant.AntTag - Could not convert tag: br into an Ant task, data type or property
2003-11-13 12:43:40,953 WARN  org.apache.commons.jelly.tags.ant.AntTag - Could not convert tag: a into an Ant task, data type or property
2003-11-13 12:43:40,953 WARN  org.apache.commons.jelly.tags.ant.AntTag - Could not convert tag: br into an Ant task, data type or property
2003-11-13 12:43:40,953 WARN  org.apache.commons.jelly.tags.ant.AntTag - Could not convert tag: a into an Ant task, data type or property
2003-11-13 12:43:40,953 WARN  org.apache.commons.jelly.tags.ant.AntTag - Could not convert tag: br into an Ant task, data type or property
2003-11-13 12:43:40,953 WARN  org.apache.commons.jelly.tags.ant.AntTag - Could not convert tag: a into an Ant task, data type or property
2003-11-13 12:43:40,953 WARN  org.apache.commons.jelly.tags.ant.AntTag - Could not convert tag: br into an Ant task, data type or property
2003-11-13 12:43:40,953 WARN  org.apache.commons.jelly.tags.ant.AntTag - Could not convert tag: a into an Ant task, data type or property
2003-11-13 12:43:40,953 WARN  org.apache.commons.jelly.tags.ant.AntTag - Could not convert tag: br into an Ant task, data type or property
2003-11-13 12:43:40,953 WARN  org.apache.commons.jelly.tags.ant.AntTag - Could not convert tag: a into an Ant task, data type or property
2003-11-13 12:43:40,953 WARN  org.apache.commons.jelly.tags.ant.AntTag - Could not convert tag: br into an Ant task, data type or property
2003-11-13 12:43:40,953 WARN  org.apache.commons.jelly.tags.ant.AntTag - Could not convert tag: a into an Ant task, data type or property
2003-11-13 12:43:40,953 WARN  org.apache.commons.jelly.tags.ant.AntTag - Could not convert tag: br into an Ant task, data type or property
2003-11-13 12:43:40,953 WARN  org.apache.commons.jelly.tags.ant.AntTag - Could not convert tag: a into an Ant task, data type or property
2003-11-13 12:43:40,953 WARN  org.apache.commons.jelly.tags.ant.AntTag - Could not convert tag: br into an Ant task, data type or property
2003-11-13 12:43:40,953 WARN  org.apache.commons.jelly.tags.ant.AntTag - Could not convert tag: a into an Ant task, data type or property
2003-11-13 12:43:40,953 WARN  org.apache.commons.jelly.tags.ant.AntTag - Could not convert tag: br into an Ant task, data type or property
2003-11-13 12:43:40,953 WARN  org.apache.commons.jelly.tags.ant.AntTag - Could not convert tag: a into an Ant task, data type or property
2003-11-13 12:43:40,953 WARN  org.apache.commons.jelly.tags.ant.AntTag - Could not convert tag: br into an Ant task, data type or property
2003-11-13 12:43:40,953 WARN  org.apache.commons.jelly.tags.ant.AntTag - Could not convert tag: a into an Ant task, data type or property
2003-11-13 12:43:40,953 WARN  org.apache.commons.jelly.tags.ant.AntTag - Could not convert tag: br into an Ant task, data type or property
2003-11-13 12:43:40,953 WARN  org.apache.commons.jelly.tags.ant.AntTag - Could not convert tag: subsection into an Ant task, data type or property
2003-11-13 12:43:40,953 WARN  org.apache.commons.jelly.tags.ant.AntTag - Could not convert tag: table into an Ant task, data type or property
2003-11-13 12:43:40,953 WARN  org.apache.commons.jelly.tags.ant.AntTag - Could not convert tag: tr into an Ant task, data type or property
2003-11-13 12:43:40,953 WARN  org.apache.commons.jelly.tags.ant.AntTag - Could not convert tag: th into an Ant task, data type or property
2003-11-13 12:43:40,953 WARN  org.apache.commons.jelly.tags.ant.AntTag - Could not convert tag: th into an Ant task, data type or property
2003-11-13 12:43:40,968 WARN  org.apache.commons.jelly.tags.ant.AntTag - Could not convert tag: th into an Ant task, data type or property
2003-11-13 12:43:40,968 WARN  org.apache.commons.jelly.tags.ant.AntTag - Could not convert tag: th into an Ant task, data type or property
2003-11-13 12:43:40,968 WARN  org.apache.commons.jelly.tags.ant.AntTag - Could not convert tag: th into an Ant task, data type or property
2003-11-13 12:43:40,968 WARN  org.apache.commons.jelly.tags.ant.AntTag - Could not convert tag: tr into an Ant task, data type or property
2003-11-13 12:43:40,968 WARN  org.apache.commons.jelly.tags.ant.AntTag - Could not convert tag: td into an Ant task, data type or property
2003-11-13 12:43:40,968 WARN  org.apache.commons.jelly.tags.ant.AntTag - Could not convert tag: td into an Ant task, data type or property
2003-11-13 12:43:40,968 WARN  org.apache.commons.jelly.tags.ant.AntTag - Could not convert tag: td into an Ant task, data type or property
2003-11-13 12:43:40,968 WARN  org.apache.commons.jelly.tags.ant.AntTag - Could not convert tag: td into an Ant task, data type or property
2003-11-13 12:43:40,968 WARN  org.apache.commons.jelly.tags.ant.AntTag - Could not convert tag: td into an Ant task, data type or property
2003-11-13 12:43:40,968 WARN  org.apache.commons.jelly.tags.ant.AntTag - Could not convert tag: table into an Ant task, data type or property
2003-11-13 12:43:40,968 WARN  org.apache.commons.jelly.tags.ant.AntTag - Could not convert tag: tr into an Ant task, data type or property
2003-11-13 12:43:40,968 WARN  org.apache.commons.jelly.tags.ant.AntTag - Could not convert tag: th into an Ant task, data type or property
2003-11-13 12:43:40,968 WARN  org.apache.commons.jelly.tags.ant.AntTag - Could not convert tag: th into an Ant task, data type or property
2003-11-13 12:43:40,968 WARN  org.apache.commons.jelly.tags.ant.AntTag - Could not convert tag: th into an Ant task, data type or property
2003-11-13 12:43:40,968 WARN  org.apache.commons.jelly.tags.ant.AntTag - Could not convert tag: th into an Ant task, data type or property
2003-11-13 12:43:40,968 WARN  org.apache.commons.jelly.tags.ant.AntTag - Could not convert tag: tr into an Ant task, data type or property
2003-11-13 12:43:40,968 WARN  org.apache.commons.jelly.tags.ant.AntTag - Could not convert tag: td into an Ant task, data type or property
2003-11-13 12:43:40,968 WARN  org.apache.commons.jelly.tags.ant.AntTag - Could not convert tag: a into an Ant task, data type or property
2003-11-13 12:43:40,968 WARN  org.apache.commons.jelly.tags.ant.AntTag - Could not convert tag: br into an Ant task, data type or property
2003-11-13 12:43:40,968 WARN  org.apache.commons.jelly.tags.ant.AntTag - Could not convert tag: a into an Ant task, data type or property
2003-11-13 12:43:40,968 WARN  org.apache.commons.jelly.tags.ant.AntTag - Could not convert tag: br into an Ant task, data type or property
2003-11-13 12:43:40,968 WARN  org.apache.commons.jelly.tags.ant.AntTag - Could not convert tag: td into an Ant task, data type or property
2003-11-13 12:43:40,968 WARN  org.apache.commons.jelly.tags.ant.AntTag - Could not convert tag: a into an Ant task, data type or property
2003-11-13 12:43:40,968 WARN  org.apache.commons.jelly.tags.ant.AntTag - Could not convert tag: br into an Ant task, data type or property
2003-11-13 12:43:40,968 WARN  org.apache.commons.jelly.tags.ant.AntTag - Could not convert tag: a into an Ant task, data type or property
2003-11-13 12:43:40,968 WARN  org.apache.commons.jelly.tags.ant.AntTag - Could not convert tag: br into an Ant task, data type or property
2003-11-13 12:43:40,968 WARN  org.apache.commons.jelly.tags.ant.AntTag - Could not convert tag: a into an Ant task, data type or property
2003-11-13 12:43:40,968 WARN  org.apache.commons.jelly.tags.ant.AntTag - Could not convert tag: br into an Ant task, data type or property
2003-11-13 12:43:40,968 WARN  org.apache.commons.jelly.tags.ant.AntTag - Could not convert tag: a into an Ant task, data type or property
2003-11-13 12:43:40,968 WARN  org.apache.commons.jelly.tags.ant.AntTag - Could not convert tag: br into an Ant task, data type or property
2003-11-13 12:43:40,968 WARN  org.apache.commons.jelly.tags.ant.AntTag - Could not convert tag: a into an Ant task, data type or property
2003-11-13 12:43:40,968 WARN  org.apache.commons.jelly.tags.ant.AntTag - Could not convert tag: br into an Ant task, data type or property
2003-11-13 12:43:40,968 WARN  org.apache.commons.jelly.tags.ant.AntTag - Could not convert tag: a into an Ant task, data type or property
2003-11-13 12:43:40,968 WARN  org.apache.commons.jelly.tags.ant.AntTag - Could not convert tag: br into an Ant task, data type or property
2003-11-13 12:43:40,968 WARN  org.apache.commons.jelly.tags.ant.AntTag - Could not convert tag: a into an Ant task, data type or property
2003-11-13 12:43:40,968 WARN  org.apache.commons.jelly.tags.ant.AntTag - Could not convert tag: br into an Ant task, data type or property
2003-11-13 12:43:40,968 WARN  org.apache.commons.jelly.tags.ant.AntTag - Could not convert tag: a into an Ant task, data type or property
2003-11-13 12:43:40,968 WARN  org.apache.commons.jelly.tags.ant.AntTag - Could not convert tag: br into an Ant task, data type or property
2003-11-13 12:43:40,968 WARN  org.apache.commons.jelly.tags.ant.AntTag - Could not convert tag: a into an Ant task, data type or property
2003-11-13 12:43:40,968 WARN  org.apache.commons.jelly.tags.ant.AntTag - Could not convert tag: br into an Ant task, data type or property
2003-11-13 12:43:40,968 WARN  org.apache.commons.jelly.tags.ant.AntTag - Could not convert tag: a into an Ant task, data type or property
2003-11-13 12:43:40,968 WARN  org.apache.commons.jelly.tags.ant.AntTag - Could not convert tag: br into an Ant task, data type or property
2003-11-13 12:43:40,968 WARN  org.apache.commons.jelly.tags.ant.AntTag - Could not convert tag: a into an Ant task, data type or property
2003-11-13 12:43:40,968 WARN  org.apache.commons.jelly.tags.ant.AntTag - Could not convert tag: br into an Ant task, data type or property
2003-11-13 12:43:40,968 WARN  org.apache.commons.jelly.tags.ant.AntTag - Could not convert tag: a into an Ant task, data type or property
2003-11-13 12:43:40,968 WARN  org.apache.commons.jelly.tags.ant.AntTag - Could not convert tag: br into an Ant task, data type or property
2003-11-13 12:43:40,968 WARN  org.apache.commons.jelly.tags.ant.AntTag - Could not convert tag: a into an Ant task, data type or property
2003-11-13 12:43:40,968 WARN  org.apache.commons.jelly.tags.ant.AntTag - Could not convert tag: br into an Ant task, data type or property
2003-11-13 12:43:40,968 WARN  org.apache.commons.jelly.tags.ant.AntTag - Could not convert tag: a into an Ant task, data type or property
2003-11-13 12:43:40,968 WARN  org.apache.commons.jelly.tags.ant.AntTag - Could not convert tag: br into an Ant task, data type or property
2003-11-13 12:43:40,968 WARN  org.apache.commons.jelly.tags.ant.AntTag - Could not convert tag: a into an Ant task, data type or property
2003-11-13 12:43:40,968 WARN  org.apache.commons.jelly.tags.ant.AntTag - Could not convert tag: br into an Ant task, data type or property
2003-11-13 12:43:40,968 WARN  org.apache.commons.jelly.tags.ant.AntTag - Could not convert tag: a into an Ant task, data type or property
2003-11-13 12:43:40,968 WARN  org.apache.commons.jelly.tags.ant.AntTag - Could not convert tag: br into an Ant task, data type or property
2003-11-13 12:43:40,968 WARN  org.apache.commons.jelly.tags.ant.AntTag - Could not convert tag: a into an Ant task, data type or property
2003-11-13 12:43:40,968 WARN  org.apache.commons.jelly.tags.ant.AntTag - Could not convert tag: br into an Ant task, data type or property
2003-11-13 12:43:40,968 WARN  org.apache.commons.jelly.tags.ant.AntTag - Could not convert tag: a into an Ant task, data type or property
2003-11-13 12:43:40,968 WARN  org.apache.commons.jelly.tags.ant.AntTag - Could not convert tag: br into an Ant task, data type or property
2003-11-13 12:43:40,984 WARN  org.apache.commons.jelly.tags.ant.AntTag - Could not convert tag: a into an Ant task, data type or property
2003-11-13 12:43:40,984 WARN  org.apache.commons.jelly.tags.ant.AntTag - Could not convert tag: br into an Ant task, data type or property
2003-11-13 12:43:40,984 WARN  org.apache.commons.jelly.tags.ant.AntTag - Could not convert tag: a into an Ant task, data type or property
2003-11-13 12:43:40,984 WARN  org.apache.commons.jelly.tags.ant.AntTag - Could not convert tag: br into an Ant task, data type or property
2003-11-13 12:43:40,984 WARN  org.apache.commons.jelly.tags.ant.AntTag - Could not convert tag: a into an Ant task, data type or property
2003-11-13 12:43:40,984 WARN  org.apache.commons.jelly.tags.ant.AntTag - Could not convert tag: br into an Ant task, data type or property
2003-11-13 12:43:40,984 WARN  org.apache.commons.jelly.tags.ant.AntTag - Could not convert tag: a into an Ant task, data type or property
2003-11-13 12:43:40,984 WARN  org.apache.commons.jelly.tags.ant.AntTag - Could not convert tag: br into an Ant task, data type or property
2003-11-13 12:43:40,984 WARN  org.apache.commons.jelly.tags.ant.AntTag - Could not convert tag: a into an Ant task, data type or property
2003-11-13 12:43:40,984 WARN  org.apache.commons.jelly.tags.ant.AntTag - Could not convert tag: br into an Ant task, data type or property
2003-11-13 12:43:40,984 WARN  org.apache.commons.jelly.tags.ant.AntTag - Could not convert tag: a into an Ant task, data type or property
2003-11-13 12:43:40,984 WARN  org.apache.commons.jelly.tags.ant.AntTag - Could not convert tag: br into an Ant task, data type or property
2003-11-13 12:43:40,984 WARN  org.apache.commons.jelly.tags.ant.AntTag - Could not convert tag: a into an Ant task, data type or property
2003-11-13 12:43:40,984 WARN  org.apache.commons.jelly.tags.ant.AntTag - Could not convert tag: br into an Ant task, data type or property
2003-11-13 12:43:40,984 WARN  org.apache.commons.jelly.tags.ant.AntTag - Could not convert tag: a into an Ant task, data type or property
2003-11-13 12:43:40,984 WARN  org.apache.commons.jelly.tags.ant.AntTag - Could not convert tag: br into an Ant task, data type or property
2003-11-13 12:43:40,984 WARN  org.apache.commons.jelly.tags.ant.AntTag - Could not convert tag: a into an Ant task, data type or property
2003-11-13 12:43:40,984 WARN  org.apache.commons.jelly.tags.ant.AntTag - Could not convert tag: br into an Ant task, data type or property
2003-11-13 12:43:40,984 WARN  org.apache.commons.jelly.tags.ant.AntTag - Could not convert tag: a into an Ant task, data type or property
2003-11-13 12:43:40,984 WARN  org.apache.commons.jelly.tags.ant.AntTag - Could not convert tag: br into an Ant task, data type or property
2003-11-13 12:43:40,984 WARN  org.apache.commons.jelly.tags.ant.AntTag - Could not convert tag: a into an Ant task, data type or property
2003-11-13 12:43:40,984 WARN  org.apache.commons.jelly.tags.ant.AntTag - Could not convert tag: br into an Ant task, data type or property
2003-11-13 12:43:40,984 WARN  org.apache.commons.jelly.tags.ant.AntTag - Could not convert tag: a into an Ant task, data type or property
2003-11-13 12:43:40,984 WARN  org.apache.commons.jelly.tags.ant.AntTag - Could not convert tag: br into an Ant task, data type or property
2003-11-13 12:43:40,984 WARN  org.apache.commons.jelly.tags.ant.AntTag - Could not convert tag: a into an Ant task, data type or property
2003-11-13 12:43:40,984 WARN  org.apache.commons.jelly.tags.ant.AntTag - Could not convert tag: br into an Ant task, data type or property
2003-11-13 12:43:40,984 WARN  org.apache.commons.jelly.tags.ant.AntTag - Could not convert tag: a into an Ant task, data type or property
2003-11-13 12:43:40,984 WARN  org.apache.commons.jelly.tags.ant.AntTag - Could not convert tag: br into an Ant task, data type or property
2003-11-13 12:43:40,984 WARN  org.apache.commons.jelly.tags.ant.AntTag - Could not convert tag: a into an Ant task, data type or property
2003-11-13 12:43:40,984 WARN  org.apache.commons.jelly.tags.ant.AntTag - Could not convert tag: br into an Ant task, data type or property
2003-11-13 12:43:40,984 WARN  org.apache.commons.jelly.tags.ant.AntTag - Could not convert tag: a into an Ant task, data type or property
2003-11-13 12:43:40,984 WARN  org.apache.commons.jelly.tags.ant.AntTag - Could not convert tag: br into an Ant task, data type or property
2003-11-13 12:43:40,984 WARN  org.apache.commons.jelly.tags.ant.AntTag - Could not convert tag: td into an Ant task, data type or property
2003-11-13 12:43:40,984 WARN  org.apache.commons.jelly.tags.ant.AntTag - Could not convert tag: a into an Ant task, data type or property
2003-11-13 12:43:40,984 WARN  org.apache.commons.jelly.tags.ant.AntTag - Could not convert tag: br into an Ant task, data type or property
2003-11-13 12:43:40,984 WARN  org.apache.commons.jelly.tags.ant.AntTag - Could not convert tag: a into an Ant task, data type or property
2003-11-13 12:43:40,984 WARN  org.apache.commons.jelly.tags.ant.AntTag - Could not convert tag: br into an Ant task, data type or property
2003-11-13 12:43:40,984 WARN  org.apache.commons.jelly.tags.ant.AntTag - Could not convert tag: td into an Ant task, data type or property
2003-11-13 12:43:40,984 WARN  org.apache.commons.jelly.tags.ant.AntTag - Could not convert tag: a into an Ant task, data type or property
2003-11-13 12:43:40,984 WARN  org.apache.commons.jelly.tags.ant.AntTag - Could not convert tag: br into an Ant task, data type or property
2003-11-13 12:43:40,984 WARN  org.apache.commons.jelly.tags.ant.AntTag - Could not convert tag: a into an Ant task, data type or property
2003-11-13 12:43:40,984 WARN  org.apache.commons.jelly.tags.ant.AntTag - Could not convert tag: br into an Ant task, data type or property
2003-11-13 12:43:40,984 WARN  org.apache.commons.jelly.tags.ant.AntTag - Could not convert tag: a into an Ant task, data type or property
2003-11-13 12:43:40,984 WARN  org.apache.commons.jelly.tags.ant.AntTag - Could not convert tag: br into an Ant task, data type or property
2003-11-13 12:43:40,984 WARN  org.apache.commons.jelly.tags.ant.AntTag - Could not convert tag: a into an Ant task, data type or property
2003-11-13 12:43:40,984 WARN  org.apache.commons.jelly.tags.ant.AntTag - Could not convert tag: br into an Ant task, data type or property
2003-11-13 12:43:40,984 WARN  org.apache.commons.jelly.tags.ant.AntTag - Could not convert tag: a into an Ant task, data type or property
2003-11-13 12:43:40,984 WARN  org.apache.commons.jelly.tags.ant.AntTag - Could not convert tag: br into an Ant task, data type or property
2003-11-13 12:43:40,984 WARN  org.apache.commons.jelly.tags.ant.AntTag - Could not convert tag: a into an Ant task, data type or property
2003-11-13 12:43:40,984 WARN  org.apache.commons.jelly.tags.ant.AntTag - Could not convert tag: br into an Ant task, data type or property
2003-11-13 12:43:40,984 WARN  org.apache.commons.jelly.tags.ant.AntTag - Could not convert tag: a into an Ant task, data type or property
2003-11-13 12:43:40,984 WARN  org.apache.commons.jelly.tags.ant.AntTag - Could not convert tag: br into an Ant task, data type or property
2003-11-13 12:43:40,984 WARN  org.apache.commons.jelly.tags.ant.AntTag - Could not convert tag: a into an Ant task, data type or property
2003-11-13 12:43:40,984 WARN  org.apache.commons.jelly.tags.ant.AntTag - Could not convert tag: br into an Ant task, data type or property
2003-11-13 12:43:40,984 WARN  org.apache.commons.jelly.tags.ant.AntTag - Could not convert tag: a into an Ant task, data type or property
2003-11-13 12:43:40,984 WARN  org.apache.commons.jelly.tags.ant.AntTag - Could not convert tag: br into an Ant task, data type or property
2003-11-13 12:43:40,984 WARN  org.apache.commons.jelly.tags.ant.AntTag - Could not convert tag: a into an Ant task, data type or property
2003-11-13 12:43:40,984 WARN  org.apache.commons.jelly.tags.ant.AntTag - Could not convert tag: br into an Ant task, data type or property
2003-11-13 12:43:41,000 WARN  org.apache.commons.jelly.tags.ant.AntTag - Could not convert tag: a into an Ant task, data type or property
2003-11-13 12:43:41,000 WARN  org.apache.commons.jelly.tags.ant.AntTag - Could not convert tag: br into an Ant task, data type or property
2003-11-13 12:43:41,000 WARN  org.apache.commons.jelly.tags.ant.AntTag - Could not convert tag: a into an Ant task, data type or property
2003-11-13 12:43:41,000 WARN  org.apache.commons.jelly.tags.ant.AntTag - Could not convert tag: br into an Ant task, data type or property
2003-11-13 12:43:41,000 WARN  org.apache.commons.jelly.tags.ant.AntTag - Could not convert tag: a into an Ant task, data type or property
2003-11-13 12:43:41,000 WARN  org.apache.commons.jelly.tags.ant.AntTag - Could not convert tag: br into an Ant task, data type or property
2003-11-13 12:43:41,000 WARN  org.apache.commons.jelly.tags.ant.AntTag - Could not convert tag: a into an Ant task, data type or property
2003-11-13 12:43:41,000 WARN  org.apache.commons.jelly.tags.ant.AntTag - Could not convert tag: br into an Ant task, data type or property
2003-11-13 12:43:41,000 WARN  org.apache.commons.jelly.tags.ant.AntTag - Could not convert tag: a into an Ant task, data type or property
2003-11-13 12:43:41,000 WARN  org.apache.commons.jelly.tags.ant.AntTag - Could not convert tag: br into an Ant task, data type or property
2003-11-13 12:43:41,000 WARN  org.apache.commons.jelly.tags.ant.AntTag - Could not convert tag: a into an Ant task, data type or property
2003-11-13 12:43:41,000 WARN  org.apache.commons.jelly.tags.ant.AntTag - Could not convert tag: br into an Ant task, data type or property
2003-11-13 12:43:41,000 WARN  org.apache.commons.jelly.tags.ant.AntTag - Could not convert tag: a into an Ant task, data type or property
2003-11-13 12:43:41,000 WARN  org.apache.commons.jelly.tags.ant.AntTag - Could not convert tag: br into an Ant task, data type or property
2003-11-13 12:43:41,000 WARN  org.apache.commons.jelly.tags.ant.AntTag - Could not convert tag: subsection into an Ant task, data type or property
2003-11-13 12:43:41,000 WARN  org.apache.commons.jelly.tags.ant.AntTag - Could not convert tag: table into an Ant task, data type or property
2003-11-13 12:43:41,000 WARN  org.apache.commons.jelly.tags.ant.AntTag - Could not convert tag: tr into an Ant task, data type or property
2003-11-13 12:43:41,000 WARN  org.apache.commons.jelly.tags.ant.AntTag - Could not convert tag: th into an Ant task, data type or property
2003-11-13 12:43:41,000 WARN  org.apache.commons.jelly.tags.ant.AntTag - Could not convert tag: th into an Ant task, data type or property
2003-11-13 12:43:41,000 WARN  org.apache.commons.jelly.tags.ant.AntTag - Could not convert tag: th into an Ant task, data type or property
2003-11-13 12:43:41,000 WARN  org.apache.commons.jelly.tags.ant.AntTag - Could not convert tag: th into an Ant task, data type or property
2003-11-13 12:43:41,000 WARN  org.apache.commons.jelly.tags.ant.AntTag - Could not convert tag: th into an Ant task, data type or property
2003-11-13 12:43:41,000 WARN  org.apache.commons.jelly.tags.ant.AntTag - Could not convert tag: tr into an Ant task, data type or property
2003-11-13 12:43:41,000 WARN  org.apache.commons.jelly.tags.ant.AntTag - Could not convert tag: td into an Ant task, data type or property
2003-11-13 12:43:41,000 WARN  org.apache.commons.jelly.tags.ant.AntTag - Could not convert tag: td into an Ant task, data type or property
2003-11-13 12:43:41,000 WARN  org.apache.commons.jelly.tags.ant.AntTag - Could not convert tag: td into an Ant task, data type or property
2003-11-13 12:43:41,000 WARN  org.apache.commons.jelly.tags.ant.AntTag - Could not convert tag: td into an Ant task, data type or property
2003-11-13 12:43:41,000 WARN  org.apache.commons.jelly.tags.ant.AntTag - Could not convert tag: td into an Ant task, data type or property
2003-11-13 12:43:41,000 WARN  org.apache.commons.jelly.tags.ant.AntTag - Could not convert tag: table into an Ant task, data type or property
2003-11-13 12:43:41,000 WARN  org.apache.commons.jelly.tags.ant.AntTag - Could not convert tag: tr into an Ant task, data type or property
2003-11-13 12:43:41,000 WARN  org.apache.commons.jelly.tags.ant.AntTag - Could not convert tag: th into an Ant task, data type or property
2003-11-13 12:43:41,000 WARN  org.apache.commons.jelly.tags.ant.AntTag - Could not convert tag: th into an Ant task, data type or property
2003-11-13 12:43:41,000 WARN  org.apache.commons.jelly.tags.ant.AntTag - Could not convert tag: th into an Ant task, data type or property
2003-11-13 12:43:41,000 WARN  org.apache.commons.jelly.tags.ant.AntTag - Could not convert tag: th into an Ant task, data type or property
2003-11-13 12:43:41,000 WARN  org.apache.commons.jelly.tags.ant.AntTag - Could not convert tag: tr into an Ant task, data type or property
2003-11-13 12:43:41,000 WARN  org.apache.commons.jelly.tags.ant.AntTag - Could not convert tag: td into an Ant task, data type or property
2003-11-13 12:43:41,000 WARN  org.apache.commons.jelly.tags.ant.AntTag - Could not convert tag: a into an Ant task, data type or property
2003-11-13 12:43:41,000 WARN  org.apache.commons.jelly.tags.ant.AntTag - Could not convert tag: br into an Ant task, data type or property
2003-11-13 12:43:41,000 WARN  org.apache.commons.jelly.tags.ant.AntTag - Could not convert tag: a into an Ant task, data type or property
2003-11-13 12:43:41,000 WARN  org.apache.commons.jelly.tags.ant.AntTag - Could not convert tag: br into an Ant task, data type or property
2003-11-13 12:43:41,000 WARN  org.apache.commons.jelly.tags.ant.AntTag - Could not convert tag: a into an Ant task, data type or property
2003-11-13 12:43:41,000 WARN  org.apache.commons.jelly.tags.ant.AntTag - Could not convert tag: br into an Ant task, data type or property
2003-11-13 12:43:41,000 WARN  org.apache.commons.jelly.tags.ant.AntTag - Could not convert tag: a into an Ant task, data type or property
2003-11-13 12:43:41,000 WARN  org.apache.commons.jelly.tags.ant.AntTag - Could not convert tag: br into an Ant task, data type or property
2003-11-13 12:43:41,000 WARN  org.apache.commons.jelly.tags.ant.AntTag - Could not convert tag: a into an Ant task, data type or property
2003-11-13 12:43:41,000 WARN  org.apache.commons.jelly.tags.ant.AntTag - Could not convert tag: br into an Ant task, data type or property
2003-11-13 12:43:41,000 WARN  org.apache.commons.jelly.tags.ant.AntTag - Could not convert tag: a into an Ant task, data type or property
2003-11-13 12:43:41,000 WARN  org.apache.commons.jelly.tags.ant.AntTag - Could not convert tag: br into an Ant task, data type or property
2003-11-13 12:43:41,000 WARN  org.apache.commons.jelly.tags.ant.AntTag - Could not convert tag: td into an Ant task, data type or property
2003-11-13 12:43:41,000 WARN  org.apache.commons.jelly.tags.ant.AntTag - Could not convert tag: a into an Ant task, data type or property
2003-11-13 12:43:41,000 WARN  org.apache.commons.jelly.tags.ant.AntTag - Could not convert tag: br into an Ant task, data type or property
2003-11-13 12:43:41,000 WARN  org.apache.commons.jelly.tags.ant.AntTag - Could not convert tag: a into an Ant task, data type or property
2003-11-13 12:43:41,000 WARN  org.apache.commons.jelly.tags.ant.AntTag - Could not convert tag: br into an Ant task, data type or property
2003-11-13 12:43:41,000 WARN  org.apache.commons.jelly.tags.ant.AntTag - Could not convert tag: a into an Ant task, data type or property
2003-11-13 12:43:41,000 WARN  org.apache.commons.jelly.tags.ant.AntTag - Could not convert tag: br into an Ant task, data type or property
2003-11-13 12:43:41,000 WARN  org.apache.commons.jelly.tags.ant.AntTag - Could not convert tag: a into an Ant task, data type or property
2003-11-13 12:43:41,000 WARN  org.apache.commons.jelly.tags.ant.AntTag - Could not convert tag: br into an Ant task, data type or property
2003-11-13 12:43:41,000 WARN  org.apache.commons.jelly.tags.ant.AntTag - Could not convert tag: a into an Ant task, data type or property
2003-11-13 12:43:41,000 WARN  org.apache.commons.jelly.tags.ant.AntTag - Could not convert tag: br into an Ant task, data type or property
2003-11-13 12:43:41,000 WARN  org.apache.commons.jelly.tags.ant.AntTag - Could not convert tag: a into an Ant task, data type or property
2003-11-13 12:43:41,000 WARN  org.apache.commons.jelly.tags.ant.AntTag - Could not convert tag: br into an Ant task, data type or property
2003-11-13 12:43:41,000 WARN  org.apache.commons.jelly.tags.ant.AntTag - Could not convert tag: td into an Ant task, data type or property
2003-11-13 12:43:41,000 WARN  org.apache.commons.jelly.tags.ant.AntTag - Could not convert tag: a into an Ant task, data type or property
2003-11-13 12:43:41,000 WARN  org.apache.commons.jelly.tags.ant.AntTag - Could not convert tag: br into an Ant task, data type or property
2003-11-13 12:43:41,000 WARN  org.apache.commons.jelly.tags.ant.AntTag - Could not convert tag: a into an Ant task, data type or property
2003-11-13 12:43:41,000 WARN  org.apache.commons.jelly.tags.ant.AntTag - Could not convert tag: br into an Ant task, data type or property
2003-11-13 12:43:41,000 WARN  org.apache.commons.jelly.tags.ant.AntTag - Could not convert tag: a into an Ant task, data type or property
2003-11-13 12:43:41,000 WARN  org.apache.commons.jelly.tags.ant.AntTag - Could not convert tag: br into an Ant task, data type or property
2003-11-13 12:43:41,000 WARN  org.apache.commons.jelly.tags.ant.AntTag - Could not convert tag: a into an Ant task, data type or property
2003-11-13 12:43:41,000 WARN  org.apache.commons.jelly.tags.ant.AntTag - Could not convert tag: br into an Ant task, data type or property
2003-11-13 12:43:41,000 WARN  org.apache.commons.jelly.tags.ant.AntTag - Could not convert tag: td into an Ant task, data type or property
2003-11-13 12:43:41,000 WARN  org.apache.commons.jelly.tags.ant.AntTag - Could not convert tag: a into an Ant task, data type or property
2003-11-13 12:43:41,000 WARN  org.apache.commons.jelly.tags.ant.AntTag - Could not convert tag: br into an Ant task, data type or property
2003-11-13 12:43:41,000 WARN  org.apache.commons.jelly.tags.ant.AntTag - Could not convert tag: a into an Ant task, data type or property
2003-11-13 12:43:41,000 WARN  org.apache.commons.jelly.tags.ant.AntTag - Could not convert tag: br into an Ant task, data type or property
2003-11-13 12:43:41,015 WARN  org.apache.commons.jelly.tags.ant.AntTag - Could not convert tag: a into an Ant task, data type or property
2003-11-13 12:43:41,015 WARN  org.apache.commons.jelly.tags.ant.AntTag - Could not convert tag: br into an Ant task, data type or property
2003-11-13 12:43:41,015 WARN  org.apache.commons.jelly.tags.ant.AntTag - Could not convert tag: a into an Ant task, data type or property
2003-11-13 12:43:41,015 WARN  org.apache.commons.jelly.tags.ant.AntTag - Could not convert tag: br into an Ant task, data type or property
2003-11-13 12:43:41,015 WARN  org.apache.commons.jelly.tags.ant.AntTag - Could not convert tag: a into an Ant task, data type or property
2003-11-13 12:43:41,015 WARN  org.apache.commons.jelly.tags.ant.AntTag - Could not convert tag: br into an Ant task, data type or property
2003-11-13 12:43:41,015 WARN  org.apache.commons.jelly.tags.ant.AntTag - Could not convert tag: subsection into an Ant task, data type or property
2003-11-13 12:43:41,015 WARN  org.apache.commons.jelly.tags.ant.AntTag - Could not convert tag: table into an Ant task, data type or property
2003-11-13 12:43:41,015 WARN  org.apache.commons.jelly.tags.ant.AntTag - Could not convert tag: tr into an Ant task, data type or property
2003-11-13 12:43:41,015 WARN  org.apache.commons.jelly.tags.ant.AntTag - Could not convert tag: th into an Ant task, data type or property
2003-11-13 12:43:41,015 WARN  org.apache.commons.jelly.tags.ant.AntTag - Could not convert tag: th into an Ant task, data type or property
2003-11-13 12:43:41,015 WARN  org.apache.commons.jelly.tags.ant.AntTag - Could not convert tag: th into an Ant task, data type or property
2003-11-13 12:43:41,015 WARN  org.apache.commons.jelly.tags.ant.AntTag - Could not convert tag: th into an Ant task, data type or property
2003-11-13 12:43:41,015 WARN  org.apache.commons.jelly.tags.ant.AntTag - Could not convert tag: th into an Ant task, data type or property
2003-11-13 12:43:41,015 WARN  org.apache.commons.jelly.tags.ant.AntTag - Could not convert tag: tr into an Ant task, data type or property
2003-11-13 12:43:41,015 WARN  org.apache.commons.jelly.tags.ant.AntTag - Could not convert tag: td into an Ant task, data type or property
2003-11-13 12:43:41,015 WARN  org.apache.commons.jelly.tags.ant.AntTag - Could not convert tag: td into an Ant task, data type or property
2003-11-13 12:43:41,015 WARN  org.apache.commons.jelly.tags.ant.AntTag - Could not convert tag: td into an Ant task, data type or property
2003-11-13 12:43:41,015 WARN  org.apache.commons.jelly.tags.ant.AntTag - Could not convert tag: td into an Ant task, data type or property
2003-11-13 12:43:41,015 WARN  org.apache.commons.jelly.tags.ant.AntTag - Could not convert tag: td into an Ant task, data type or property
2003-11-13 12:43:41,015 WARN  org.apache.commons.jelly.tags.ant.AntTag - Could not convert tag: table into an Ant task, data type or property
2003-11-13 12:43:41,015 WARN  org.apache.commons.jelly.tags.ant.AntTag - Could not convert tag: tr into an Ant task, data type or property
2003-11-13 12:43:41,015 WARN  org.apache.commons.jelly.tags.ant.AntTag - Could not convert tag: th into an Ant task, data type or property
2003-11-13 12:43:41,015 WARN  org.apache.commons.jelly.tags.ant.AntTag - Could not convert tag: th into an Ant task, data type or property
2003-11-13 12:43:41,015 WARN  org.apache.commons.jelly.tags.ant.AntTag - Could not convert tag: th into an Ant task, data type or property
2003-11-13 12:43:41,015 WARN  org.apache.commons.jelly.tags.ant.AntTag - Could not convert tag: th into an Ant task, data type or property
2003-11-13 12:43:41,015 WARN  org.apache.commons.jelly.tags.ant.AntTag - Could not convert tag: tr into an Ant task, data type or property
2003-11-13 12:43:41,015 WARN  org.apache.commons.jelly.tags.ant.AntTag - Could not convert tag: td into an Ant task, data type or property
2003-11-13 12:43:41,015 WARN  org.apache.commons.jelly.tags.ant.AntTag - Could not convert tag: a into an Ant task, data type or property
2003-11-13 12:43:41,015 WARN  org.apache.commons.jelly.tags.ant.AntTag - Could not convert tag: br into an Ant task, data type or property
2003-11-13 12:43:41,015 WARN  org.apache.commons.jelly.tags.ant.AntTag - Could not convert tag: td into an Ant task, data type or property
2003-11-13 12:43:41,015 WARN  org.apache.commons.jelly.tags.ant.AntTag - Could not convert tag: a into an Ant task, data type or property
2003-11-13 12:43:41,015 WARN  org.apache.commons.jelly.tags.ant.AntTag - Could not convert tag: br into an Ant task, data type or property
2003-11-13 12:43:41,015 WARN  org.apache.commons.jelly.tags.ant.AntTag - Could not convert tag: a into an Ant task, data type or property
2003-11-13 12:43:41,015 WARN  org.apache.commons.jelly.tags.ant.AntTag - Could not convert tag: br into an Ant task, data type or property
2003-11-13 12:43:41,015 WARN  org.apache.commons.jelly.tags.ant.AntTag - Could not convert tag: a into an Ant task, data type or property
2003-11-13 12:43:41,015 WARN  org.apache.commons.jelly.tags.ant.AntTag - Could not convert tag: br into an Ant task, data type or property
2003-11-13 12:43:41,015 WARN  org.apache.commons.jelly.tags.ant.AntTag - Could not convert tag: a into an Ant task, data type or property
2003-11-13 12:43:41,015 WARN  org.apache.commons.jelly.tags.ant.AntTag - Could not convert tag: br into an Ant task, data type or property
2003-11-13 12:43:41,015 WARN  org.apache.commons.jelly.tags.ant.AntTag - Could not convert tag: a into an Ant task, data type or property
2003-11-13 12:43:41,015 WARN  org.apache.commons.jelly.tags.ant.AntTag - Could not convert tag: br into an Ant task, data type or property
2003-11-13 12:43:41,015 WARN  org.apache.commons.jelly.tags.ant.AntTag - Could not convert tag: a into an Ant task, data type or property
2003-11-13 12:43:41,015 WARN  org.apache.commons.jelly.tags.ant.AntTag - Could not convert tag: br into an Ant task, data type or property
2003-11-13 12:43:41,015 WARN  org.apache.commons.jelly.tags.ant.AntTag - Could not convert tag: a into an Ant task, data type or property
2003-11-13 12:43:41,015 WARN  org.apache.commons.jelly.tags.ant.AntTag - Could not convert tag: br into an Ant task, data type or property
2003-11-13 12:43:41,015 WARN  org.apache.commons.jelly.tags.ant.AntTag - Could not convert tag: a into an Ant task, data type or property
2003-11-13 12:43:41,015 WARN  org.apache.commons.jelly.tags.ant.AntTag - Could not convert tag: br into an Ant task, data type or property
2003-11-13 12:43:41,015 WARN  org.apache.commons.jelly.tags.ant.AntTag - Could not convert tag: a into an Ant task, data type or property
2003-11-13 12:43:41,015 WARN  org.apache.commons.jelly.tags.ant.AntTag - Could not convert tag: br into an Ant task, data type or property
2003-11-13 12:43:41,015 WARN  org.apache.commons.jelly.tags.ant.AntTag - Could not convert tag: a into an Ant task, data type or property
2003-11-13 12:43:41,015 WARN  org.apache.commons.jelly.tags.ant.AntTag - Could not convert tag: br into an Ant task, data type or property
2003-11-13 12:43:41,015 WARN  org.apache.commons.jelly.tags.ant.AntTag - Could not convert tag: a into an Ant task, data type or property
2003-11-13 12:43:41,015 WARN  org.apache.commons.jelly.tags.ant.AntTag - Could not convert tag: br into an Ant task, data type or property
2003-11-13 12:43:41,015 WARN  org.apache.commons.jelly.tags.ant.AntTag - Could not convert tag: a into an Ant task, data type or property
2003-11-13 12:43:41,015 WARN  org.apache.commons.jelly.tags.ant.AntTag - Could not convert tag: br into an Ant task, data type or property
2003-11-13 12:43:41,015 WARN  org.apache.commons.jelly.tags.ant.AntTag - Could not convert tag: a into an Ant task, data type or property
2003-11-13 12:43:41,015 WARN  org.apache.commons.jelly.tags.ant.AntTag - Could not convert tag: br into an Ant task, data type or property
2003-11-13 12:43:41,015 WARN  org.apache.commons.jelly.tags.ant.AntTag - Could not convert tag: a into an Ant task, data type or property
2003-11-13 12:43:41,015 WARN  org.apache.commons.jelly.tags.ant.AntTag - Could not convert tag: br into an Ant task, data type or property
2003-11-13 12:43:41,015 WARN  org.apache.commons.jelly.tags.ant.AntTag - Could not convert tag: a into an Ant task, data type or property
2003-11-13 12:43:41,015 WARN  org.apache.commons.jelly.tags.ant.AntTag - Could not convert tag: br into an Ant task, data type or property
2003-11-13 12:43:41,015 WARN  org.apache.commons.jelly.tags.ant.AntTag - Could not convert tag: a into an Ant task, data type or property
2003-11-13 12:43:41,015 WARN  org.apache.commons.jelly.tags.ant.AntTag - Could not convert tag: br into an Ant task, data type or property
2003-11-13 12:43:41,015 WARN  org.apache.commons.jelly.tags.ant.AntTag - Could not convert tag: a into an Ant task, data type or property
2003-11-13 12:43:41,015 WARN  org.apache.commons.jelly.tags.ant.AntTag - Could not convert tag: br into an Ant task, data type or property
2003-11-13 12:43:41,031 WARN  org.apache.commons.jelly.tags.ant.AntTag - Could not convert tag: a into an Ant task, data type or property
2003-11-13 12:43:41,031 WARN  org.apache.commons.jelly.tags.ant.AntTag - Could not convert tag: br into an Ant task, data type or property
2003-11-13 12:43:41,031 WARN  org.apache.commons.jelly.tags.ant.AntTag - Could not convert tag: a into an Ant task, data type or property
2003-11-13 12:43:41,031 WARN  org.apache.commons.jelly.tags.ant.AntTag - Could not convert tag: br into an Ant task, data type or property
2003-11-13 12:43:41,031 WARN  org.apache.commons.jelly.tags.ant.AntTag - Could not convert tag: a into an Ant task, data type or property
2003-11-13 12:43:41,031 WARN  org.apache.commons.jelly.tags.ant.AntTag - Could not convert tag: br into an Ant task, data type or property
2003-11-13 12:43:41,031 WARN  org.apache.commons.jelly.tags.ant.AntTag - Could not convert tag: a into an Ant task, data type or property
2003-11-13 12:43:41,031 WARN  org.apache.commons.jelly.tags.ant.AntTag - Could not convert tag: br into an Ant task, data type or property
2003-11-13 12:43:41,031 WARN  org.apache.commons.jelly.tags.ant.AntTag - Could not convert tag: a into an Ant task, data type or property
2003-11-13 12:43:41,031 WARN  org.apache.commons.jelly.tags.ant.AntTag - Could not convert tag: br into an Ant task, data type or property
2003-11-13 12:43:41,031 WARN  org.apache.commons.jelly.tags.ant.AntTag - Could not convert tag: a into an Ant task, data type or property
2003-11-13 12:43:41,031 WARN  org.apache.commons.jelly.tags.ant.AntTag - Could not convert tag: br into an Ant task, data type or property
2003-11-13 12:43:41,031 WARN  org.apache.commons.jelly.tags.ant.AntTag - Could not convert tag: a into an Ant task, data type or property
2003-11-13 12:43:41,031 WARN  org.apache.commons.jelly.tags.ant.AntTag - Could not convert tag: br into an Ant task, data type or property
2003-11-13 12:43:41,031 WARN  org.apache.commons.jelly.tags.ant.AntTag - Could not convert tag: a into an Ant task, data type or property
2003-11-13 12:43:41,031 WARN  org.apache.commons.jelly.tags.ant.AntTag - Could not convert tag: br into an Ant task, data type or property
2003-11-13 12:43:41,031 WARN  org.apache.commons.jelly.tags.ant.AntTag - Could not convert tag: a into an Ant task, data type or property
2003-11-13 12:43:41,031 WARN  org.apache.commons.jelly.tags.ant.AntTag - Could not convert tag: br into an Ant task, data type or property
2003-11-13 12:43:41,031 WARN  org.apache.commons.jelly.tags.ant.AntTag - Could not convert tag: a into an Ant task, data type or property
2003-11-13 12:43:41,031 WARN  org.apache.commons.jelly.tags.ant.AntTag - Could not convert tag: br into an Ant task, data type or property
2003-11-13 12:43:41,031 WARN  org.apache.commons.jelly.tags.ant.AntTag - Could not convert tag: a into an Ant task, data type or property
2003-11-13 12:43:41,031 WARN  org.apache.commons.jelly.tags.ant.AntTag - Could not convert tag: br into an Ant task, data type or property
2003-11-13 12:43:41,031 WARN  org.apache.commons.jelly.tags.ant.AntTag - Could not convert tag: a into an Ant task, data type or property
2003-11-13 12:43:41,031 WARN  org.apache.commons.jelly.tags.ant.AntTag - Could not convert tag: br into an Ant task, data type or property
2003-11-13 12:43:41,031 WARN  org.apache.commons.jelly.tags.ant.AntTag - Could not convert tag: a into an Ant task, data type or property
2003-11-13 12:43:41,031 WARN  org.apache.commons.jelly.tags.ant.AntTag - Could not convert tag: br into an Ant task, data type or property
2003-11-13 12:43:41,031 WARN  org.apache.commons.jelly.tags.ant.AntTag - Could not convert tag: a into an Ant task, data type or property
2003-11-13 12:43:41,031 WARN  org.apache.commons.jelly.tags.ant.AntTag - Could not convert tag: br into an Ant task, data type or property
2003-11-13 12:43:41,031 WARN  org.apache.commons.jelly.tags.ant.AntTag - Could not convert tag: a into an Ant task, data type or property
2003-11-13 12:43:41,031 WARN  org.apache.commons.jelly.tags.ant.AntTag - Could not convert tag: br into an Ant task, data type or property
2003-11-13 12:43:41,031 WARN  org.apache.commons.jelly.tags.ant.AntTag - Could not convert tag: a into an Ant task, data type or property
2003-11-13 12:43:41,031 WARN  org.apache.commons.jelly.tags.ant.AntTag - Could not convert tag: br into an Ant task, data type or property
2003-11-13 12:43:41,031 WARN  org.apache.commons.jelly.tags.ant.AntTag - Could not convert tag: a into an Ant task, data type or property
2003-11-13 12:43:41,031 WARN  org.apache.commons.jelly.tags.ant.AntTag - Could not convert tag: br into an Ant task, data type or property
2003-11-13 12:43:41,031 WARN  org.apache.commons.jelly.tags.ant.AntTag - Could not convert tag: a into an Ant task, data type or property
2003-11-13 12:43:41,031 WARN  org.apache.commons.jelly.tags.ant.AntTag - Could not convert tag: br into an Ant task, data type or property
2003-11-13 12:43:41,031 WARN  org.apache.commons.jelly.tags.ant.AntTag - Could not convert tag: a into an Ant task, data type or property
2003-11-13 12:43:41,031 WARN  org.apache.commons.jelly.tags.ant.AntTag - Could not convert tag: br into an Ant task, data type or property
2003-11-13 12:43:41,031 WARN  org.apache.commons.jelly.tags.ant.AntTag - Could not convert tag: a into an Ant task, data type or property
2003-11-13 12:43:41,031 WARN  org.apache.commons.jelly.tags.ant.AntTag - Could not convert tag: br into an Ant task, data type or property
2003-11-13 12:43:41,031 WARN  org.apache.commons.jelly.tags.ant.AntTag - Could not convert tag: a into an Ant task, data type or property
2003-11-13 12:43:41,031 WARN  org.apache.commons.jelly.tags.ant.AntTag - Could not convert tag: br into an Ant task, data type or property
2003-11-13 12:43:41,031 WARN  org.apache.commons.jelly.tags.ant.AntTag - Could not convert tag: a into an Ant task, data type or property
2003-11-13 12:43:41,031 WARN  org.apache.commons.jelly.tags.ant.AntTag - Could not convert tag: br into an Ant task, data type or property
2003-11-13 12:43:41,031 WARN  org.apache.commons.jelly.tags.ant.AntTag - Could not convert tag: a into an Ant task, data type or property
2003-11-13 12:43:41,031 WARN  org.apache.commons.jelly.tags.ant.AntTag - Could not convert tag: br into an Ant task, data type or property
2003-11-13 12:43:41,031 WARN  org.apache.commons.jelly.tags.ant.AntTag - Could not convert tag: a into an Ant task, data type or property
2003-11-13 12:43:41,031 WARN  org.apache.commons.jelly.tags.ant.AntTag - Could not convert tag: br into an Ant task, data type or property
2003-11-13 12:43:41,031 WARN  org.apache.commons.jelly.tags.ant.AntTag - Could not convert tag: a into an Ant task, data type or property
2003-11-13 12:43:41,031 WARN  org.apache.commons.jelly.tags.ant.AntTag - Could not convert tag: br into an Ant task, data type or property
2003-11-13 12:43:41,031 WARN  org.apache.commons.jelly.tags.ant.AntTag - Could not convert tag: a into an Ant task, data type or property
2003-11-13 12:43:41,031 WARN  org.apache.commons.jelly.tags.ant.AntTag - Could not convert tag: br into an Ant task, data type or property
2003-11-13 12:43:41,031 WARN  org.apache.commons.jelly.tags.ant.AntTag - Could not convert tag: a into an Ant task, data type or property
2003-11-13 12:43:41,031 WARN  org.apache.commons.jelly.tags.ant.AntTag - Could not convert tag: br into an Ant task, data type or property
2003-11-13 12:43:41,031 WARN  org.apache.commons.jelly.tags.ant.AntTag - Could not convert tag: a into an Ant task, data type or property
2003-11-13 12:43:41,031 WARN  org.apache.commons.jelly.tags.ant.AntTag - Could not convert tag: br into an Ant task, data type or property
2003-11-13 12:43:41,031 WARN  org.apache.commons.jelly.tags.ant.AntTag - Could not convert tag: a into an Ant task, data type or property
2003-11-13 12:43:41,031 WARN  org.apache.commons.jelly.tags.ant.AntTag - Could not convert tag: br into an Ant task, data type or property
2003-11-13 12:43:41,031 WARN  org.apache.commons.jelly.tags.ant.AntTag - Could not convert tag: a into an Ant task, data type or property
2003-11-13 12:43:41,031 WARN  org.apache.commons.jelly.tags.ant.AntTag - Could not convert tag: br into an Ant task, data type or property
2003-11-13 12:43:41,031 WARN  org.apache.commons.jelly.tags.ant.AntTag - Could not convert tag: td into an Ant task, data type or property
2003-11-13 12:43:41,046 WARN  org.apache.commons.jelly.tags.ant.AntTag - Could not convert tag: a into an Ant task, data type or property
2003-11-13 12:43:41,046 WARN  org.apache.commons.jelly.tags.ant.AntTag - Could not convert tag: br into an Ant task, data type or property
2003-11-13 12:43:41,046 WARN  org.apache.commons.jelly.tags.ant.AntTag - Could not convert tag: td into an Ant task, data type or property
2003-11-13 12:43:41,046 WARN  org.apache.commons.jelly.tags.ant.AntTag - Could not convert tag: a into an Ant task, data type or property
2003-11-13 12:43:41,046 WARN  org.apache.commons.jelly.tags.ant.AntTag - Could not convert tag: br into an Ant task, data type or property
2003-11-13 12:43:41,046 WARN  org.apache.commons.jelly.tags.ant.AntTag - Could not convert tag: a into an Ant task, data type or property
2003-11-13 12:43:41,046 WARN  org.apache.commons.jelly.tags.ant.AntTag - Could not convert tag: br into an Ant task, data type or property
2003-11-13 12:43:41,046 WARN  org.apache.commons.jelly.tags.ant.AntTag - Could not convert tag: a into an Ant task, data type or property
2003-11-13 12:43:41,046 WARN  org.apache.commons.jelly.tags.ant.AntTag - Could not convert tag: br into an Ant task, data type or property
2003-11-13 12:43:41,046 WARN  org.apache.commons.jelly.tags.ant.AntTag - Could not convert tag: a into an Ant task, data type or property
2003-11-13 12:43:41,046 WARN  org.apache.commons.jelly.tags.ant.AntTag - Could not convert tag: br into an Ant task, data type or property
2003-11-13 12:43:41,046 WARN  org.apache.commons.jelly.tags.ant.AntTag - Could not convert tag: a into an Ant task, data type or property
2003-11-13 12:43:41,046 WARN  org.apache.commons.jelly.tags.ant.AntTag - Could not convert tag: br into an Ant task, data type or property
2003-11-13 12:43:41,046 WARN  org.apache.commons.jelly.tags.ant.AntTag - Could not convert tag: a into an Ant task, data type or property
2003-11-13 12:43:41,046 WARN  org.apache.commons.jelly.tags.ant.AntTag - Could not convert tag: br into an Ant task, data type or property
2003-11-13 12:43:41,046 WARN  org.apache.commons.jelly.tags.ant.AntTag - Could not convert tag: a into an Ant task, data type or property
2003-11-13 12:43:41,046 WARN  org.apache.commons.jelly.tags.ant.AntTag - Could not convert tag: br into an Ant task, data type or property
2003-11-13 12:43:41,046 WARN  org.apache.commons.jelly.tags.ant.AntTag - Could not convert tag: a into an Ant task, data type or property
2003-11-13 12:43:41,046 WARN  org.apache.commons.jelly.tags.ant.AntTag - Could not convert tag: br into an Ant task, data type or property
2003-11-13 12:43:41,046 WARN  org.apache.commons.jelly.tags.ant.AntTag - Could not convert tag: a into an Ant task, data type or property
2003-11-13 12:43:41,046 WARN  org.apache.commons.jelly.tags.ant.AntTag - Could not convert tag: br into an Ant task, data type or property
2003-11-13 12:43:41,046 WARN  org.apache.commons.jelly.tags.ant.AntTag - Could not convert tag: a into an Ant task, data type or property
2003-11-13 12:43:41,046 WARN  org.apache.commons.jelly.tags.ant.AntTag - Could not convert tag: br into an Ant task, data type or property
2003-11-13 12:43:41,046 WARN  org.apache.commons.jelly.tags.ant.AntTag - Could not convert tag: a into an Ant task, data type or property
2003-11-13 12:43:41,046 WARN  org.apache.commons.jelly.tags.ant.AntTag - Could not convert tag: br into an Ant task, data type or property
2003-11-13 12:43:41,046 WARN  org.apache.commons.jelly.tags.ant.AntTag - Could not convert tag: a into an Ant task, data type or property
2003-11-13 12:43:41,046 WARN  org.apache.commons.jelly.tags.ant.AntTag - Could not convert tag: br into an Ant task, data type or property
2003-11-13 12:43:41,046 WARN  org.apache.commons.jelly.tags.ant.AntTag - Could not convert tag: a into an Ant task, data type or property
2003-11-13 12:43:41,046 WARN  org.apache.commons.jelly.tags.ant.AntTag - Could not convert tag: br into an Ant task, data type or property
2003-11-13 12:43:41,046 WARN  org.apache.commons.jelly.tags.ant.AntTag - Could not convert tag: a into an Ant task, data type or property
2003-11-13 12:43:41,046 WARN  org.apache.commons.jelly.tags.ant.AntTag - Could not convert tag: br into an Ant task, data type or property
2003-11-13 12:43:41,046 WARN  org.apache.commons.jelly.tags.ant.AntTag - Could not convert tag: a into an Ant task, data type or property
2003-11-13 12:43:41,046 WARN  org.apache.commons.jelly.tags.ant.AntTag - Could not convert tag: br into an Ant task, data type or property
2003-11-13 12:43:41,046 WARN  org.apache.commons.jelly.tags.ant.AntTag - Could not convert tag: a into an Ant task, data type or property
2003-11-13 12:43:41,046 WARN  org.apache.commons.jelly.tags.ant.AntTag - Could not convert tag: br into an Ant task, data type or property
2003-11-13 12:43:41,046 WARN  org.apache.commons.jelly.tags.ant.AntTag - Could not convert tag: a into an Ant task, data type or property
2003-11-13 12:43:41,046 WARN  org.apache.commons.jelly.tags.ant.AntTag - Could not convert tag: br into an Ant task, data type or property
2003-11-13 12:43:41,046 WARN  org.apache.commons.jelly.tags.ant.AntTag - Could not convert tag: a into an Ant task, data type or property
2003-11-13 12:43:41,046 WARN  org.apache.commons.jelly.tags.ant.AntTag - Could not convert tag: br into an Ant task, data type or property
2003-11-13 12:43:41,046 WARN  org.apache.commons.jelly.tags.ant.AntTag - Could not convert tag: a into an Ant task, data type or property
2003-11-13 12:43:41,046 WARN  org.apache.commons.jelly.tags.ant.AntTag - Could not convert tag: br into an Ant task, data type or property
2003-11-13 12:43:41,046 WARN  org.apache.commons.jelly.tags.ant.AntTag - Could not convert tag: a into an Ant task, data type or property
2003-11-13 12:43:41,046 WARN  org.apache.commons.jelly.tags.ant.AntTag - Could not convert tag: br into an Ant task, data type or property
2003-11-13 12:43:41,046 WARN  org.apache.commons.jelly.tags.ant.AntTag - Could not convert tag: a into an Ant task, data type or property
2003-11-13 12:43:41,046 WARN  org.apache.commons.jelly.tags.ant.AntTag - Could not convert tag: br into an Ant task, data type or property
2003-11-13 12:43:41,046 WARN  org.apache.commons.jelly.tags.ant.AntTag - Could not convert tag: subsection into an Ant task, data type or property
2003-11-13 12:43:41,046 WARN  org.apache.commons.jelly.tags.ant.AntTag - Could not convert tag: table into an Ant task, data type or property
2003-11-13 12:43:41,046 WARN  org.apache.commons.jelly.tags.ant.AntTag - Could not convert tag: tr into an Ant task, data type or property
2003-11-13 12:43:41,046 WARN  org.apache.commons.jelly.tags.ant.AntTag - Could not convert tag: th into an Ant task, data type or property
2003-11-13 12:43:41,046 WARN  org.apache.commons.jelly.tags.ant.AntTag - Could not convert tag: th into an Ant task, data type or property
2003-11-13 12:43:41,046 WARN  org.apache.commons.jelly.tags.ant.AntTag - Could not convert tag: th into an Ant task, data type or property
2003-11-13 12:43:41,046 WARN  org.apache.commons.jelly.tags.ant.AntTag - Could not convert tag: th into an Ant task, data type or property
2003-11-13 12:43:41,046 WARN  org.apache.commons.jelly.tags.ant.AntTag - Could not convert tag: th into an Ant task, data type or property
2003-11-13 12:43:41,046 WARN  org.apache.commons.jelly.tags.ant.AntTag - Could not convert tag: tr into an Ant task, data type or property
2003-11-13 12:43:41,046 WARN  org.apache.commons.jelly.tags.ant.AntTag - Could not convert tag: td into an Ant task, data type or property
2003-11-13 12:43:41,046 WARN  org.apache.commons.jelly.tags.ant.AntTag - Could not convert tag: td into an Ant task, data type or property
2003-11-13 12:43:41,046 WARN  org.apache.commons.jelly.tags.ant.AntTag - Could not convert tag: td into an Ant task, data type or property
2003-11-13 12:43:41,046 WARN  org.apache.commons.jelly.tags.ant.AntTag - Could not convert tag: td into an Ant task, data type or property
2003-11-13 12:43:41,046 WARN  org.apache.commons.jelly.tags.ant.AntTag - Could not convert tag: td into an Ant task, data type or property
2003-11-13 12:43:41,046 WARN  org.apache.commons.jelly.tags.ant.AntTag - Could not convert tag: table into an Ant task, data type or property
2003-11-13 12:43:41,046 WARN  org.apache.commons.jelly.tags.ant.AntTag - Could not convert tag: tr into an Ant task, data type or property
2003-11-13 12:43:41,046 WARN  org.apache.commons.jelly.tags.ant.AntTag - Could not convert tag: th into an Ant task, data type or property
2003-11-13 12:43:41,046 WARN  org.apache.commons.jelly.tags.ant.AntTag - Could not convert tag: th into an Ant task, data type or property
2003-11-13 12:43:41,046 WARN  org.apache.commons.jelly.tags.ant.AntTag - Could not convert tag: th into an Ant task, data type or property
2003-11-13 12:43:41,046 WARN  org.apache.commons.jelly.tags.ant.AntTag - Could not convert tag: th into an Ant task, data type or property
2003-11-13 12:43:41,046 WARN  org.apache.commons.jelly.tags.ant.AntTag - Could not convert tag: tr into an Ant task, data type or property
2003-11-13 12:43:41,046 WARN  org.apache.commons.jelly.tags.ant.AntTag - Could not convert tag: td into an Ant task, data type or property
2003-11-13 12:43:41,046 WARN  org.apache.commons.jelly.tags.ant.AntTag - Could not convert tag: td into an Ant task, data type or property
2003-11-13 12:43:41,046 WARN  org.apache.commons.jelly.tags.ant.AntTag - Could not convert tag: a into an Ant task, data type or property
2003-11-13 12:43:41,046 WARN  org.apache.commons.jelly.tags.ant.AntTag - Could not convert tag: br into an Ant task, data type or property
2003-11-13 12:43:41,046 WARN  org.apache.commons.jelly.tags.ant.AntTag - Could not convert tag: a into an Ant task, data type or property
2003-11-13 12:43:41,046 WARN  org.apache.commons.jelly.tags.ant.AntTag - Could not convert tag: br into an Ant task, data type or property
2003-11-13 12:43:41,046 WARN  org.apache.commons.jelly.tags.ant.AntTag - Could not convert tag: a into an Ant task, data type or property
2003-11-13 12:43:41,046 WARN  org.apache.commons.jelly.tags.ant.AntTag - Could not convert tag: br into an Ant task, data type or property
2003-11-13 12:43:41,046 WARN  org.apache.commons.jelly.tags.ant.AntTag - Could not convert tag: a into an Ant task, data type or property
2003-11-13 12:43:41,046 WARN  org.apache.commons.jelly.tags.ant.AntTag - Could not convert tag: br into an Ant task, data type or property
2003-11-13 12:43:41,046 WARN  org.apache.commons.jelly.tags.ant.AntTag - Could not convert tag: a into an Ant task, data type or property
2003-11-13 12:43:41,046 WARN  org.apache.commons.jelly.tags.ant.AntTag - Could not convert tag: br into an Ant task, data type or property
2003-11-13 12:43:41,046 WARN  org.apache.commons.jelly.tags.ant.AntTag - Could not convert tag: a into an Ant task, data type or property
2003-11-13 12:43:41,046 WARN  org.apache.commons.jelly.tags.ant.AntTag - Could not convert tag: br into an Ant task, data type or property
2003-11-13 12:43:41,046 WARN  org.apache.commons.jelly.tags.ant.AntTag - Could not convert tag: a into an Ant task, data type or property
2003-11-13 12:43:41,046 WARN  org.apache.commons.jelly.tags.ant.AntTag - Could not convert tag: br into an Ant task, data type or property
2003-11-13 12:43:41,046 WARN  org.apache.commons.jelly.tags.ant.AntTag - Could not convert tag: a into an Ant task, data type or property
2003-11-13 12:43:41,046 WARN  org.apache.commons.jelly.tags.ant.AntTag - Could not convert tag: br into an Ant task, data type or property
2003-11-13 12:43:41,046 WARN  org.apache.commons.jelly.tags.ant.AntTag - Could not convert tag: a into an Ant task, data type or property
2003-11-13 12:43:41,046 WARN  org.apache.commons.jelly.tags.ant.AntTag - Could not convert tag: br into an Ant task, data type or property
2003-11-13 12:43:41,046 WARN  org.apache.commons.jelly.tags.ant.AntTag - Could not convert tag: td into an Ant task, data type or property
2003-11-13 12:43:41,062 WARN  org.apache.commons.jelly.tags.ant.AntTag - Could not convert tag: a into an Ant task, data type or property
2003-11-13 12:43:41,062 WARN  org.apache.commons.jelly.tags.ant.AntTag - Could not convert tag: br into an Ant task, data type or property
2003-11-13 12:43:41,062 WARN  org.apache.commons.jelly.tags.ant.AntTag - Could not convert tag: td into an Ant task, data type or property
2003-11-13 12:43:41,062 WARN  org.apache.commons.jelly.tags.ant.AntTag - Could not convert tag: a into an Ant task, data type or property
2003-11-13 12:43:41,062 WARN  org.apache.commons.jelly.tags.ant.AntTag - Could not convert tag: br into an Ant task, data type or property
2003-11-13 12:43:41,062 WARN  org.apache.commons.jelly.tags.ant.AntTag - Could not convert tag: a into an Ant task, data type or property
2003-11-13 12:43:41,062 WARN  org.apache.commons.jelly.tags.ant.AntTag - Could not convert tag: br into an Ant task, data type or property
2003-11-13 12:43:41,062 WARN  org.apache.commons.jelly.tags.ant.AntTag - Could not convert tag: a into an Ant task, data type or property
2003-11-13 12:43:41,062 WARN  org.apache.commons.jelly.tags.ant.AntTag - Could not convert tag: br into an Ant task, data type or property
2003-11-13 12:43:41,062 WARN  org.apache.commons.jelly.tags.ant.AntTag - Could not convert tag: a into an Ant task, data type or property
2003-11-13 12:43:41,062 WARN  org.apache.commons.jelly.tags.ant.AntTag - Could not convert tag: br into an Ant task, data type or property
2003-11-13 12:43:41,062 WARN  org.apache.commons.jelly.tags.ant.AntTag - Could not convert tag: a into an Ant task, data type or property
2003-11-13 12:43:41,062 WARN  org.apache.commons.jelly.tags.ant.AntTag - Could not convert tag: br into an Ant task, data type or property
2003-11-13 12:43:41,062 WARN  org.apache.commons.jelly.tags.ant.AntTag - Could not convert tag: a into an Ant task, data type or property
2003-11-13 12:43:41,062 WARN  org.apache.commons.jelly.tags.ant.AntTag - Could not convert tag: br into an Ant task, data type or property
2003-11-13 12:43:41,062 WARN  org.apache.commons.jelly.tags.ant.AntTag - Could not convert tag: a into an Ant task, data type or property
2003-11-13 12:43:41,062 WARN  org.apache.commons.jelly.tags.ant.AntTag - Could not convert tag: br into an Ant task, data type or property
2003-11-13 12:43:41,062 WARN  org.apache.commons.jelly.tags.ant.AntTag - Could not convert tag: a into an Ant task, data type or property
2003-11-13 12:43:41,062 WARN  org.apache.commons.jelly.tags.ant.AntTag - Could not convert tag: br into an Ant task, data type or property
2003-11-13 12:43:41,062 WARN  org.apache.commons.jelly.tags.ant.AntTag - Could not convert tag: a into an Ant task, data type or property
2003-11-13 12:43:41,062 WARN  org.apache.commons.jelly.tags.ant.AntTag - Could not convert tag: br into an Ant task, data type or property
2003-11-13 12:43:41,062 WARN  org.apache.commons.jelly.tags.ant.AntTag - Could not convert tag: a into an Ant task, data type or property
2003-11-13 12:43:41,062 WARN  org.apache.commons.jelly.tags.ant.AntTag - Could not convert tag: br into an Ant task, data type or property
2003-11-13 12:43:41,062 WARN  org.apache.commons.jelly.tags.ant.AntTag - Could not convert tag: a into an Ant task, data type or property
2003-11-13 12:43:41,062 WARN  org.apache.commons.jelly.tags.ant.AntTag - Could not convert tag: br into an Ant task, data type or property
2003-11-13 12:43:41,062 WARN  org.apache.commons.jelly.tags.ant.AntTag - Could not convert tag: a into an Ant task, data type or property
2003-11-13 12:43:41,062 WARN  org.apache.commons.jelly.tags.ant.AntTag - Could not convert tag: br into an Ant task, data type or property
2003-11-13 12:43:41,062 WARN  org.apache.commons.jelly.tags.ant.AntTag - Could not convert tag: a into an Ant task, data type or property
2003-11-13 12:43:41,062 WARN  org.apache.commons.jelly.tags.ant.AntTag - Could not convert tag: br into an Ant task, data type or property
2003-11-13 12:43:41,062 WARN  org.apache.commons.jelly.tags.ant.AntTag - Could not convert tag: a into an Ant task, data type or property
2003-11-13 12:43:41,062 WARN  org.apache.commons.jelly.tags.ant.AntTag - Could not convert tag: br into an Ant task, data type or property
2003-11-13 12:43:41,062 WARN  org.apache.commons.jelly.tags.ant.AntTag - Could not convert tag: a into an Ant task, data type or property
2003-11-13 12:43:41,062 WARN  org.apache.commons.jelly.tags.ant.AntTag - Could not convert tag: br into an Ant task, data type or property
2003-11-13 12:43:41,062 WARN  org.apache.commons.jelly.tags.ant.AntTag - Could not convert tag: a into an Ant task, data type or property
2003-11-13 12:43:41,062 WARN  org.apache.commons.jelly.tags.ant.AntTag - Could not convert tag: br into an Ant task, data type or property
2003-11-13 12:43:41,062 WARN  org.apache.commons.jelly.tags.ant.AntTag - Could not convert tag: subsection into an Ant task, data type or property
2003-11-13 12:43:41,062 WARN  org.apache.commons.jelly.tags.ant.AntTag - Could not convert tag: table into an Ant task, data type or property
2003-11-13 12:43:41,062 WARN  org.apache.commons.jelly.tags.ant.AntTag - Could not convert tag: tr into an Ant task, data type or property
2003-11-13 12:43:41,062 WARN  org.apache.commons.jelly.tags.ant.AntTag - Could not convert tag: th into an Ant task, data type or property
2003-11-13 12:43:41,062 WARN  org.apache.commons.jelly.tags.ant.AntTag - Could not convert tag: th into an Ant task, data type or property
2003-11-13 12:43:41,062 WARN  org.apache.commons.jelly.tags.ant.AntTag - Could not convert tag: th into an Ant task, data type or property
2003-11-13 12:43:41,062 WARN  org.apache.commons.jelly.tags.ant.AntTag - Could not convert tag: th into an Ant task, data type or property
2003-11-13 12:43:41,062 WARN  org.apache.commons.jelly.tags.ant.AntTag - Could not convert tag: th into an Ant task, data type or property
2003-11-13 12:43:41,062 WARN  org.apache.commons.jelly.tags.ant.AntTag - Could not convert tag: tr into an Ant task, data type or property
2003-11-13 12:43:41,062 WARN  org.apache.commons.jelly.tags.ant.AntTag - Could not convert tag: td into an Ant task, data type or property
2003-11-13 12:43:41,062 WARN  org.apache.commons.jelly.tags.ant.AntTag - Could not convert tag: td into an Ant task, data type or property
2003-11-13 12:43:41,062 WARN  org.apache.commons.jelly.tags.ant.AntTag - Could not convert tag: td into an Ant task, data type or property
2003-11-13 12:43:41,062 WARN  org.apache.commons.jelly.tags.ant.AntTag - Could not convert tag: td into an Ant task, data type or property
2003-11-13 12:43:41,062 WARN  org.apache.commons.jelly.tags.ant.AntTag - Could not convert tag: td into an Ant task, data type or property
2003-11-13 12:43:41,062 WARN  org.apache.commons.jelly.tags.ant.AntTag - Could not convert tag: table into an Ant task, data type or property
2003-11-13 12:43:41,062 WARN  org.apache.commons.jelly.tags.ant.AntTag - Could not convert tag: tr into an Ant task, data type or property
2003-11-13 12:43:41,062 WARN  org.apache.commons.jelly.tags.ant.AntTag - Could not convert tag: th into an Ant task, data type or property
2003-11-13 12:43:41,062 WARN  org.apache.commons.jelly.tags.ant.AntTag - Could not convert tag: th into an Ant task, data type or property
2003-11-13 12:43:41,062 WARN  org.apache.commons.jelly.tags.ant.AntTag - Could not convert tag: th into an Ant task, data type or property
2003-11-13 12:43:41,062 WARN  org.apache.commons.jelly.tags.ant.AntTag - Could not convert tag: th into an Ant task, data type or property
2003-11-13 12:43:41,062 WARN  org.apache.commons.jelly.tags.ant.AntTag - Could not convert tag: tr into an Ant task, data type or property
2003-11-13 12:43:41,062 WARN  org.apache.commons.jelly.tags.ant.AntTag - Could not convert tag: td into an Ant task, data type or property
2003-11-13 12:43:41,062 WARN  org.apache.commons.jelly.tags.ant.AntTag - Could not convert tag: a into an Ant task, data type or property
2003-11-13 12:43:41,062 WARN  org.apache.commons.jelly.tags.ant.AntTag - Could not convert tag: br into an Ant task, data type or property
2003-11-13 12:43:41,062 WARN  org.apache.commons.jelly.tags.ant.AntTag - Could not convert tag: a into an Ant task, data type or property
2003-11-13 12:43:41,062 WARN  org.apache.commons.jelly.tags.ant.AntTag - Could not convert tag: br into an Ant task, data type or property
2003-11-13 12:43:41,062 WARN  org.apache.commons.jelly.tags.ant.AntTag - Could not convert tag: a into an Ant task, data type or property
2003-11-13 12:43:41,062 WARN  org.apache.commons.jelly.tags.ant.AntTag - Could not convert tag: br into an Ant task, data type or property
2003-11-13 12:43:41,062 WARN  org.apache.commons.jelly.tags.ant.AntTag - Could not convert tag: a into an Ant task, data type or property
2003-11-13 12:43:41,062 WARN  org.apache.commons.jelly.tags.ant.AntTag - Could not convert tag: br into an Ant task, data type or property
2003-11-13 12:43:41,062 WARN  org.apache.commons.jelly.tags.ant.AntTag - Could not convert tag: a into an Ant task, data type or property
2003-11-13 12:43:41,062 WARN  org.apache.commons.jelly.tags.ant.AntTag - Could not convert tag: br into an Ant task, data type or property
2003-11-13 12:43:41,062 WARN  org.apache.commons.jelly.tags.ant.AntTag - Could not convert tag: a into an Ant task, data type or property
2003-11-13 12:43:41,062 WARN  org.apache.commons.jelly.tags.ant.AntTag - Could not convert tag: br into an Ant task, data type or property
2003-11-13 12:43:41,062 WARN  org.apache.commons.jelly.tags.ant.AntTag - Could not convert tag: td into an Ant task, data type or property
2003-11-13 12:43:41,062 WARN  org.apache.commons.jelly.tags.ant.AntTag - Could not convert tag: a into an Ant task, data type or property
2003-11-13 12:43:41,062 WARN  org.apache.commons.jelly.tags.ant.AntTag - Could not convert tag: br into an Ant task, data type or property
2003-11-13 12:43:41,062 WARN  org.apache.commons.jelly.tags.ant.AntTag - Could not convert tag: a into an Ant task, data type or property
2003-11-13 12:43:41,062 WARN  org.apache.commons.jelly.tags.ant.AntTag - Could not convert tag: br into an Ant task, data type or property
2003-11-13 12:43:41,062 WARN  org.apache.commons.jelly.tags.ant.AntTag - Could not convert tag: a into an Ant task, data type or property
2003-11-13 12:43:41,062 WARN  org.apache.commons.jelly.tags.ant.AntTag - Could not convert tag: br into an Ant task, data type or property
2003-11-13 12:43:41,062 WARN  org.apache.commons.jelly.tags.ant.AntTag - Could not convert tag: a into an Ant task, data type or property
2003-11-13 12:43:41,062 WARN  org.apache.commons.jelly.tags.ant.AntTag - Could not convert tag: br into an Ant task, data type or property
2003-11-13 12:43:41,062 WARN  org.apache.commons.jelly.tags.ant.AntTag - Could not convert tag: a into an Ant task, data type or property
2003-11-13 12:43:41,062 WARN  org.apache.commons.jelly.tags.ant.AntTag - Could not convert tag: br into an Ant task, data type or property
2003-11-13 12:43:41,062 WARN  org.apache.commons.jelly.tags.ant.AntTag - Could not convert tag: a into an Ant task, data type or property
2003-11-13 12:43:41,062 WARN  org.apache.commons.jelly.tags.ant.AntTag - Could not convert tag: br into an Ant task, data type or property
2003-11-13 12:43:41,062 WARN  org.apache.commons.jelly.tags.ant.AntTag - Could not convert tag: a into an Ant task, data type or property
2003-11-13 12:43:41,062 WARN  org.apache.commons.jelly.tags.ant.AntTag - Could not convert tag: br into an Ant task, data type or property
2003-11-13 12:43:41,078 WARN  org.apache.commons.jelly.tags.ant.AntTag - Could not convert tag: a into an Ant task, data type or property
2003-11-13 12:43:41,078 WARN  org.apache.commons.jelly.tags.ant.AntTag - Could not convert tag: br into an Ant task, data type or property
2003-11-13 12:43:41,078 WARN  org.apache.commons.jelly.tags.ant.AntTag - Could not convert tag: a into an Ant task, data type or property
2003-11-13 12:43:41,078 WARN  org.apache.commons.jelly.tags.ant.AntTag - Could not convert tag: br into an Ant task, data type or property
2003-11-13 12:43:41,078 WARN  org.apache.commons.jelly.tags.ant.AntTag - Could not convert tag: a into an Ant task, data type or property
2003-11-13 12:43:41,078 WARN  org.apache.commons.jelly.tags.ant.AntTag - Could not convert tag: br into an Ant task, data type or property
2003-11-13 12:43:41,078 WARN  org.apache.commons.jelly.tags.ant.AntTag - Could not convert tag: a into an Ant task, data type or property
2003-11-13 12:43:41,078 WARN  org.apache.commons.jelly.tags.ant.AntTag - Could not convert tag: br into an Ant task, data type or property
2003-11-13 12:43:41,078 WARN  org.apache.commons.jelly.tags.ant.AntTag - Could not convert tag: a into an Ant task, data type or property
2003-11-13 12:43:41,078 WARN  org.apache.commons.jelly.tags.ant.AntTag - Could not convert tag: br into an Ant task, data type or property
2003-11-13 12:43:41,078 WARN  org.apache.commons.jelly.tags.ant.AntTag - Could not convert tag: a into an Ant task, data type or property
2003-11-13 12:43:41,078 WARN  org.apache.commons.jelly.tags.ant.AntTag - Could not convert tag: br into an Ant task, data type or property
2003-11-13 12:43:41,078 WARN  org.apache.commons.jelly.tags.ant.AntTag - Could not convert tag: a into an Ant task, data type or property
2003-11-13 12:43:41,078 WARN  org.apache.commons.jelly.tags.ant.AntTag - Could not convert tag: br into an Ant task, data type or property
2003-11-13 12:43:41,078 WARN  org.apache.commons.jelly.tags.ant.AntTag - Could not convert tag: a into an Ant task, data type or property
2003-11-13 12:43:41,078 WARN  org.apache.commons.jelly.tags.ant.AntTag - Could not convert tag: br into an Ant task, data type or property
2003-11-13 12:43:41,078 WARN  org.apache.commons.jelly.tags.ant.AntTag - Could not convert tag: a into an Ant task, data type or property
2003-11-13 12:43:41,078 WARN  org.apache.commons.jelly.tags.ant.AntTag - Could not convert tag: br into an Ant task, data type or property
2003-11-13 12:43:41,078 WARN  org.apache.commons.jelly.tags.ant.AntTag - Could not convert tag: a into an Ant task, data type or property
2003-11-13 12:43:41,078 WARN  org.apache.commons.jelly.tags.ant.AntTag - Could not convert tag: br into an Ant task, data type or property
2003-11-13 12:43:41,078 WARN  org.apache.commons.jelly.tags.ant.AntTag - Could not convert tag: a into an Ant task, data type or property
2003-11-13 12:43:41,078 WARN  org.apache.commons.jelly.tags.ant.AntTag - Could not convert tag: br into an Ant task, data type or property
2003-11-13 12:43:41,078 WARN  org.apache.commons.jelly.tags.ant.AntTag - Could not convert tag: a into an Ant task, data type or property
2003-11-13 12:43:41,078 WARN  org.apache.commons.jelly.tags.ant.AntTag - Could not convert tag: br into an Ant task, data type or property
2003-11-13 12:43:41,078 WARN  org.apache.commons.jelly.tags.ant.AntTag - Could not convert tag: a into an Ant task, data type or property
2003-11-13 12:43:41,078 WARN  org.apache.commons.jelly.tags.ant.AntTag - Could not convert tag: br into an Ant task, data type or property
2003-11-13 12:43:41,078 WARN  org.apache.commons.jelly.tags.ant.AntTag - Could not convert tag: a into an Ant task, data type or property
2003-11-13 12:43:41,078 WARN  org.apache.commons.jelly.tags.ant.AntTag - Could not convert tag: br into an Ant task, data type or property
2003-11-13 12:43:41,078 WARN  org.apache.commons.jelly.tags.ant.AntTag - Could not convert tag: td into an Ant task, data type or property
2003-11-13 12:43:41,078 WARN  org.apache.commons.jelly.tags.ant.AntTag - Could not convert tag: a into an Ant task, data type or property
2003-11-13 12:43:41,078 WARN  org.apache.commons.jelly.tags.ant.AntTag - Could not convert tag: br into an Ant task, data type or property
2003-11-13 12:43:41,078 WARN  org.apache.commons.jelly.tags.ant.AntTag - Could not convert tag: a into an Ant task, data type or property
2003-11-13 12:43:41,078 WARN  org.apache.commons.jelly.tags.ant.AntTag - Could not convert tag: br into an Ant task, data type or property
2003-11-13 12:43:41,078 WARN  org.apache.commons.jelly.tags.ant.AntTag - Could not convert tag: a into an Ant task, data type or property
2003-11-13 12:43:41,078 WARN  org.apache.commons.jelly.tags.ant.AntTag - Could not convert tag: br into an Ant task, data type or property
2003-11-13 12:43:41,078 WARN  org.apache.commons.jelly.tags.ant.AntTag - Could not convert tag: td into an Ant task, data type or property
2003-11-13 12:43:41,078 WARN  org.apache.commons.jelly.tags.ant.AntTag - Could not convert tag: a into an Ant task, data type or property
2003-11-13 12:43:41,078 WARN  org.apache.commons.jelly.tags.ant.AntTag - Could not convert tag: br into an Ant task, data type or property
2003-11-13 12:43:41,078 WARN  org.apache.commons.jelly.tags.ant.AntTag - Could not convert tag: a into an Ant task, data type or property
2003-11-13 12:43:41,078 WARN  org.apache.commons.jelly.tags.ant.AntTag - Could not convert tag: br into an Ant task, data type or property
2003-11-13 12:43:41,078 WARN  org.apache.commons.jelly.tags.ant.AntTag - Could not convert tag: a into an Ant task, data type or property
2003-11-13 12:43:41,078 WARN  org.apache.commons.jelly.tags.ant.AntTag - Could not convert tag: br into an Ant task, data type or property
2003-11-13 12:43:41,078 WARN  org.apache.commons.jelly.tags.ant.AntTag - Could not convert tag: a into an Ant task, data type or property
2003-11-13 12:43:41,078 WARN  org.apache.commons.jelly.tags.ant.AntTag - Could not convert tag: br into an Ant task, data type or property
2003-11-13 12:43:41,078 WARN  org.apache.commons.jelly.tags.ant.AntTag - Could not convert tag: a into an Ant task, data type or property
2003-11-13 12:43:41,078 WARN  org.apache.commons.jelly.tags.ant.AntTag - Could not convert tag: br into an Ant task, data type or property
2003-11-13 12:43:41,078 WARN  org.apache.commons.jelly.tags.ant.AntTag - Could not convert tag: a into an Ant task, data type or property
2003-11-13 12:43:41,078 WARN  org.apache.commons.jelly.tags.ant.AntTag - Could not convert tag: br into an Ant task, data type or property
2003-11-13 12:43:41,078 WARN  org.apache.commons.jelly.tags.ant.AntTag - Could not convert tag: a into an Ant task, data type or property
2003-11-13 12:43:41,078 WARN  org.apache.commons.jelly.tags.ant.AntTag - Could not convert tag: br into an Ant task, data type or property
2003-11-13 12:43:41,078 WARN  org.apache.commons.jelly.tags.ant.AntTag - Could not convert tag: a into an Ant task, data type or property
2003-11-13 12:43:41,078 WARN  org.apache.commons.jelly.tags.ant.AntTag - Could not convert tag: br into an Ant task, data type or property
2003-11-13 12:43:41,078 WARN  org.apache.commons.jelly.tags.ant.AntTag - Could not convert tag: a into an Ant task, data type or property
2003-11-13 12:43:41,078 WARN  org.apache.commons.jelly.tags.ant.AntTag - Could not convert tag: br into an Ant task, data type or property
2003-11-13 12:43:41,078 WARN  org.apache.commons.jelly.tags.ant.AntTag - Could not convert tag: a into an Ant task, data type or property
2003-11-13 12:43:41,078 WARN  org.apache.commons.jelly.tags.ant.AntTag - Could not convert tag: br into an Ant task, data type or property
2003-11-13 12:43:41,078 WARN  org.apache.commons.jelly.tags.ant.AntTag - Could not convert tag: a into an Ant task, data type or property
2003-11-13 12:43:41,078 WARN  org.apache.commons.jelly.tags.ant.AntTag - Could not convert tag: br into an Ant task, data type or property
2003-11-13 12:43:41,078 WARN  org.apache.commons.jelly.tags.ant.AntTag - Could not convert tag: a into an Ant task, data type or property
2003-11-13 12:43:41,078 WARN  org.apache.commons.jelly.tags.ant.AntTag - Could not convert tag: br into an Ant task, data type or property
2003-11-13 12:43:41,078 WARN  org.apache.commons.jelly.tags.ant.AntTag - Could not convert tag: a into an Ant task, data type or property
2003-11-13 12:43:41,078 WARN  org.apache.commons.jelly.tags.ant.AntTag - Could not convert tag: br into an Ant task, data type or property
2003-11-13 12:43:41,078 WARN  org.apache.commons.jelly.tags.ant.AntTag - Could not convert tag: a into an Ant task, data type or property
2003-11-13 12:43:41,078 WARN  org.apache.commons.jelly.tags.ant.AntTag - Could not convert tag: br into an Ant task, data type or property
2003-11-13 12:43:41,078 WARN  org.apache.commons.jelly.tags.ant.AntTag - Could not convert tag: a into an Ant task, data type or property
2003-11-13 12:43:41,078 WARN  org.apache.commons.jelly.tags.ant.AntTag - Could not convert tag: br into an Ant task, data type or property
2003-11-13 12:43:41,078 WARN  org.apache.commons.jelly.tags.ant.AntTag - Could not convert tag: a into an Ant task, data type or property
2003-11-13 12:43:41,078 WARN  org.apache.commons.jelly.tags.ant.AntTag - Could not convert tag: br into an Ant task, data type or property
2003-11-13 12:43:41,078 WARN  org.apache.commons.jelly.tags.ant.AntTag - Could not convert tag: a into an Ant task, data type or property
2003-11-13 12:43:41,078 WARN  org.apache.commons.jelly.tags.ant.AntTag - Could not convert tag: br into an Ant task, data type or property
2003-11-13 12:43:41,078 WARN  org.apache.commons.jelly.tags.ant.AntTag - Could not convert tag: subsection into an Ant task, data type or property
2003-11-13 12:43:41,078 WARN  org.apache.commons.jelly.tags.ant.AntTag - Could not convert tag: table into an Ant task, data type or property
2003-11-13 12:43:41,078 WARN  org.apache.commons.jelly.tags.ant.AntTag - Could not convert tag: tr into an Ant task, data type or property
2003-11-13 12:43:41,078 WARN  org.apache.commons.jelly.tags.ant.AntTag - Could not convert tag: th into an Ant task, data type or property
2003-11-13 12:43:41,078 WARN  org.apache.commons.jelly.tags.ant.AntTag - Could not convert tag: th into an Ant task, data type or property
2003-11-13 12:43:41,078 WARN  org.apache.commons.jelly.tags.ant.AntTag - Could not convert tag: th into an Ant task, data type or property
2003-11-13 12:43:41,078 WARN  org.apache.commons.jelly.tags.ant.AntTag - Could not convert tag: th into an Ant task, data type or property
2003-11-13 12:43:41,078 WARN  org.apache.commons.jelly.tags.ant.AntTag - Could not convert tag: th into an Ant task, data type or property
2003-11-13 12:43:41,078 WARN  org.apache.commons.jelly.tags.ant.AntTag - Could not convert tag: tr into an Ant task, data type or property
2003-11-13 12:43:41,078 WARN  org.apache.commons.jelly.tags.ant.AntTag - Could not convert tag: td into an Ant task, data type or property
2003-11-13 12:43:41,078 WARN  org.apache.commons.jelly.tags.ant.AntTag - Could not convert tag: td into an Ant task, data type or property
2003-11-13 12:43:41,078 WARN  org.apache.commons.jelly.tags.ant.AntTag - Could not convert tag: td into an Ant task, data type or property
2003-11-13 12:43:41,078 WARN  org.apache.commons.jelly.tags.ant.AntTag - Could not convert tag: td into an Ant task, data type or property
2003-11-13 12:43:41,078 WARN  org.apache.commons.jelly.tags.ant.AntTag - Could not convert tag: td into an Ant task, data type or property
2003-11-13 12:43:41,093 WARN  org.apache.commons.jelly.tags.ant.AntTag - Could not convert tag: table into an Ant task, data type or property
2003-11-13 12:43:41,093 WARN  org.apache.commons.jelly.tags.ant.AntTag - Could not convert tag: tr into an Ant task, data type or property
2003-11-13 12:43:41,093 WARN  org.apache.commons.jelly.tags.ant.AntTag - Could not convert tag: th into an Ant task, data type or property
2003-11-13 12:43:41,093 WARN  org.apache.commons.jelly.tags.ant.AntTag - Could not convert tag: th into an Ant task, data type or property
2003-11-13 12:43:41,093 WARN  org.apache.commons.jelly.tags.ant.AntTag - Could not convert tag: th into an Ant task, data type or property
2003-11-13 12:43:41,093 WARN  org.apache.commons.jelly.tags.ant.AntTag - Could not convert tag: th into an Ant task, data type or property
2003-11-13 12:43:41,093 WARN  org.apache.commons.jelly.tags.ant.AntTag - Could not convert tag: tr into an Ant task, data type or property
2003-11-13 12:43:41,093 WARN  org.apache.commons.jelly.tags.ant.AntTag - Could not convert tag: td into an Ant task, data type or property
2003-11-13 12:43:41,093 WARN  org.apache.commons.jelly.tags.ant.AntTag - Could not convert tag: td into an Ant task, data type or property
2003-11-13 12:43:41,093 WARN  org.apache.commons.jelly.tags.ant.AntTag - Could not convert tag: a into an Ant task, data type or property
2003-11-13 12:43:41,093 WARN  org.apache.commons.jelly.tags.ant.AntTag - Could not convert tag: br into an Ant task, data type or property
2003-11-13 12:43:41,093 WARN  org.apache.commons.jelly.tags.ant.AntTag - Could not convert tag: a into an Ant task, data type or property
2003-11-13 12:43:41,093 WARN  org.apache.commons.jelly.tags.ant.AntTag - Could not convert tag: br into an Ant task, data type or property
2003-11-13 12:43:41,093 WARN  org.apache.commons.jelly.tags.ant.AntTag - Could not convert tag: a into an Ant task, data type or property
2003-11-13 12:43:41,093 WARN  org.apache.commons.jelly.tags.ant.AntTag - Could not convert tag: br into an Ant task, data type or property
2003-11-13 12:43:41,093 WARN  org.apache.commons.jelly.tags.ant.AntTag - Could not convert tag: a into an Ant task, data type or property
2003-11-13 12:43:41,093 WARN  org.apache.commons.jelly.tags.ant.AntTag - Could not convert tag: br into an Ant task, data type or property
2003-11-13 12:43:41,093 WARN  org.apache.commons.jelly.tags.ant.AntTag - Could not convert tag: a into an Ant task, data type or property
2003-11-13 12:43:41,093 WARN  org.apache.commons.jelly.tags.ant.AntTag - Could not convert tag: br into an Ant task, data type or property
2003-11-13 12:43:41,093 WARN  org.apache.commons.jelly.tags.ant.AntTag - Could not convert tag: a into an Ant task, data type or property
2003-11-13 12:43:41,093 WARN  org.apache.commons.jelly.tags.ant.AntTag - Could not convert tag: br into an Ant task, data type or property
2003-11-13 12:43:41,093 WARN  org.apache.commons.jelly.tags.ant.AntTag - Could not convert tag: a into an Ant task, data type or property
2003-11-13 12:43:41,093 WARN  org.apache.commons.jelly.tags.ant.AntTag - Could not convert tag: br into an Ant task, data type or property
2003-11-13 12:43:41,093 WARN  org.apache.commons.jelly.tags.ant.AntTag - Could not convert tag: a into an Ant task, data type or property
2003-11-13 12:43:41,093 WARN  org.apache.commons.jelly.tags.ant.AntTag - Could not convert tag: br into an Ant task, data type or property
2003-11-13 12:43:41,093 WARN  org.apache.commons.jelly.tags.ant.AntTag - Could not convert tag: a into an Ant task, data type or property
2003-11-13 12:43:41,093 WARN  org.apache.commons.jelly.tags.ant.AntTag - Could not convert tag: br into an Ant task, data type or property
2003-11-13 12:43:41,093 WARN  org.apache.commons.jelly.tags.ant.AntTag - Could not convert tag: a into an Ant task, data type or property
2003-11-13 12:43:41,093 WARN  org.apache.commons.jelly.tags.ant.AntTag - Could not convert tag: br into an Ant task, data type or property
2003-11-13 12:43:41,093 WARN  org.apache.commons.jelly.tags.ant.AntTag - Could not convert tag: a into an Ant task, data type or property
2003-11-13 12:43:41,093 WARN  org.apache.commons.jelly.tags.ant.AntTag - Could not convert tag: br into an Ant task, data type or property
2003-11-13 12:43:41,093 WARN  org.apache.commons.jelly.tags.ant.AntTag - Could not convert tag: a into an Ant task, data type or property
2003-11-13 12:43:41,093 WARN  org.apache.commons.jelly.tags.ant.AntTag - Could not convert tag: br into an Ant task, data type or property
2003-11-13 12:43:41,093 WARN  org.apache.commons.jelly.tags.ant.AntTag - Could not convert tag: a into an Ant task, data type or property
2003-11-13 12:43:41,093 WARN  org.apache.commons.jelly.tags.ant.AntTag - Could not convert tag: br into an Ant task, data type or property
2003-11-13 12:43:41,093 WARN  org.apache.commons.jelly.tags.ant.AntTag - Could not convert tag: a into an Ant task, data type or property
2003-11-13 12:43:41,093 WARN  org.apache.commons.jelly.tags.ant.AntTag - Could not convert tag: br into an Ant task, data type or property
2003-11-13 12:43:41,093 WARN  org.apache.commons.jelly.tags.ant.AntTag - Could not convert tag: a into an Ant task, data type or property
2003-11-13 12:43:41,093 WARN  org.apache.commons.jelly.tags.ant.AntTag - Could not convert tag: br into an Ant task, data type or property
2003-11-13 12:43:41,093 WARN  org.apache.commons.jelly.tags.ant.AntTag - Could not convert tag: td into an Ant task, data type or property
2003-11-13 12:43:41,093 WARN  org.apache.commons.jelly.tags.ant.AntTag - Could not convert tag: a into an Ant task, data type or property
2003-11-13 12:43:41,093 WARN  org.apache.commons.jelly.tags.ant.AntTag - Could not convert tag: br into an Ant task, data type or property
2003-11-13 12:43:41,093 WARN  org.apache.commons.jelly.tags.ant.AntTag - Could not convert tag: a into an Ant task, data type or property
2003-11-13 12:43:41,093 WARN  org.apache.commons.jelly.tags.ant.AntTag - Could not convert tag: br into an Ant task, data type or property
2003-11-13 12:43:41,093 WARN  org.apache.commons.jelly.tags.ant.AntTag - Could not convert tag: a into an Ant task, data type or property
2003-11-13 12:43:41,093 WARN  org.apache.commons.jelly.tags.ant.AntTag - Could not convert tag: br into an Ant task, data type or property
2003-11-13 12:43:41,093 WARN  org.apache.commons.jelly.tags.ant.AntTag - Could not convert tag: a into an Ant task, data type or property
2003-11-13 12:43:41,093 WARN  org.apache.commons.jelly.tags.ant.AntTag - Could not convert tag: br into an Ant task, data type or property
2003-11-13 12:43:41,093 WARN  org.apache.commons.jelly.tags.ant.AntTag - Could not convert tag: a into an Ant task, data type or property
2003-11-13 12:43:41,093 WARN  org.apache.commons.jelly.tags.ant.AntTag - Could not convert tag: br into an Ant task, data type or property
2003-11-13 12:43:41,093 WARN  org.apache.commons.jelly.tags.ant.AntTag - Could not convert tag: a into an Ant task, data type or property
2003-11-13 12:43:41,093 WARN  org.apache.commons.jelly.tags.ant.AntTag - Could not convert tag: br into an Ant task, data type or property
2003-11-13 12:43:41,093 WARN  org.apache.commons.jelly.tags.ant.AntTag - Could not convert tag: a into an Ant task, data type or property
2003-11-13 12:43:41,093 WARN  org.apache.commons.jelly.tags.ant.AntTag - Could not convert tag: br into an Ant task, data type or property
2003-11-13 12:43:41,093 WARN  org.apache.commons.jelly.tags.ant.AntTag - Could not convert tag: a into an Ant task, data type or property
2003-11-13 12:43:41,093 WARN  org.apache.commons.jelly.tags.ant.AntTag - Could not convert tag: br into an Ant task, data type or property
2003-11-13 12:43:41,093 WARN  org.apache.commons.jelly.tags.ant.AntTag - Could not convert tag: td into an Ant task, data type or property
2003-11-13 12:43:41,093 WARN  org.apache.commons.jelly.tags.ant.AntTag - Could not convert tag: a into an Ant task, data type or property
2003-11-13 12:43:41,093 WARN  org.apache.commons.jelly.tags.ant.AntTag - Could not convert tag: br into an Ant task, data type or property
2003-11-13 12:43:41,093 WARN  org.apache.commons.jelly.tags.ant.AntTag - Could not convert tag: a into an Ant task, data type or property
2003-11-13 12:43:41,093 WARN  org.apache.commons.jelly.tags.ant.AntTag - Could not convert tag: br into an Ant task, data type or property
2003-11-13 12:43:41,093 WARN  org.apache.commons.jelly.tags.ant.AntTag - Could not convert tag: a into an Ant task, data type or property
2003-11-13 12:43:41,093 WARN  org.apache.commons.jelly.tags.ant.AntTag - Could not convert tag: br into an Ant task, data type or property
2003-11-13 12:43:41,093 WARN  org.apache.commons.jelly.tags.ant.AntTag - Could not convert tag: a into an Ant task, data type or property
2003-11-13 12:43:41,093 WARN  org.apache.commons.jelly.tags.ant.AntTag - Could not convert tag: br into an Ant task, data type or property
2003-11-13 12:43:41,093 WARN  org.apache.commons.jelly.tags.ant.AntTag - Could not convert tag: a into an Ant task, data type or property
2003-11-13 12:43:41,093 WARN  org.apache.commons.jelly.tags.ant.AntTag - Could not convert tag: br into an Ant task, data type or property
2003-11-13 12:43:41,093 WARN  org.apache.commons.jelly.tags.ant.AntTag - Could not convert tag: a into an Ant task, data type or property
2003-11-13 12:43:41,093 WARN  org.apache.commons.jelly.tags.ant.AntTag - Could not convert tag: br into an Ant task, data type or property
2003-11-13 12:43:41,093 WARN  org.apache.commons.jelly.tags.ant.AntTag - Could not convert tag: a into an Ant task, data type or property
2003-11-13 12:43:41,093 WARN  org.apache.commons.jelly.tags.ant.AntTag - Could not convert tag: br into an Ant task, data type or property
2003-11-13 12:43:41,093 WARN  org.apache.commons.jelly.tags.ant.AntTag - Could not convert tag: a into an Ant task, data type or property
2003-11-13 12:43:41,093 WARN  org.apache.commons.jelly.tags.ant.AntTag - Could not convert tag: br into an Ant task, data type or property
2003-11-13 12:43:41,093 WARN  org.apache.commons.jelly.tags.ant.AntTag - Could not convert tag: a into an Ant task, data type or property
2003-11-13 12:43:41,093 WARN  org.apache.commons.jelly.tags.ant.AntTag - Could not convert tag: br into an Ant task, data type or property
2003-11-13 12:43:41,093 WARN  org.apache.commons.jelly.tags.ant.AntTag - Could not convert tag: a into an Ant task, data type or property
2003-11-13 12:43:41,109 WARN  org.apache.commons.jelly.tags.ant.AntTag - Could not convert tag: br into an Ant task, data type or property
2003-11-13 12:43:41,109 WARN  org.apache.commons.jelly.tags.ant.AntTag - Could not convert tag: subsection into an Ant task, data type or property
2003-11-13 12:43:41,109 WARN  org.apache.commons.jelly.tags.ant.AntTag - Could not convert tag: table into an Ant task, data type or property
2003-11-13 12:43:41,109 WARN  org.apache.commons.jelly.tags.ant.AntTag - Could not convert tag: tr into an Ant task, data type or property
2003-11-13 12:43:41,109 WARN  org.apache.commons.jelly.tags.ant.AntTag - Could not convert tag: th into an Ant task, data type or property
2003-11-13 12:43:41,109 WARN  org.apache.commons.jelly.tags.ant.AntTag - Could not convert tag: th into an Ant task, data type or property
2003-11-13 12:43:41,109 WARN  org.apache.commons.jelly.tags.ant.AntTag - Could not convert tag: th into an Ant task, data type or property
2003-11-13 12:43:41,109 WARN  org.apache.commons.jelly.tags.ant.AntTag - Could not convert tag: th into an Ant task, data type or property
2003-11-13 12:43:41,109 WARN  org.apache.commons.jelly.tags.ant.AntTag - Could not convert tag: th into an Ant task, data type or property
2003-11-13 12:43:41,109 WARN  org.apache.commons.jelly.tags.ant.AntTag - Could not convert tag: tr into an Ant task, data type or property
2003-11-13 12:43:41,109 WARN  org.apache.commons.jelly.tags.ant.AntTag - Could not convert tag: td into an Ant task, data type or property
2003-11-13 12:43:41,109 WARN  org.apache.commons.jelly.tags.ant.AntTag - Could not convert tag: td into an Ant task, data type or property
2003-11-13 12:43:41,109 WARN  org.apache.commons.jelly.tags.ant.AntTag - Could not convert tag: td into an Ant task, data type or property
2003-11-13 12:43:41,109 WARN  org.apache.commons.jelly.tags.ant.AntTag - Could not convert tag: td into an Ant task, data type or property
2003-11-13 12:43:41,109 WARN  org.apache.commons.jelly.tags.ant.AntTag - Could not convert tag: td into an Ant task, data type or property
2003-11-13 12:43:41,109 WARN  org.apache.commons.jelly.tags.ant.AntTag - Could not convert tag: table into an Ant task, data type or property
2003-11-13 12:43:41,109 WARN  org.apache.commons.jelly.tags.ant.AntTag - Could not convert tag: tr into an Ant task, data type or property
2003-11-13 12:43:41,109 WARN  org.apache.commons.jelly.tags.ant.AntTag - Could not convert tag: th into an Ant task, data type or property
2003-11-13 12:43:41,109 WARN  org.apache.commons.jelly.tags.ant.AntTag - Could not convert tag: th into an Ant task, data type or property
2003-11-13 12:43:41,109 WARN  org.apache.commons.jelly.tags.ant.AntTag - Could not convert tag: th into an Ant task, data type or property
2003-11-13 12:43:41,109 WARN  org.apache.commons.jelly.tags.ant.AntTag - Could not convert tag: th into an Ant task, data type or property
2003-11-13 12:43:41,109 WARN  org.apache.commons.jelly.tags.ant.AntTag - Could not convert tag: tr into an Ant task, data type or property
2003-11-13 12:43:41,109 WARN  org.apache.commons.jelly.tags.ant.AntTag - Could not convert tag: td into an Ant task, data type or property
2003-11-13 12:43:41,109 WARN  org.apache.commons.jelly.tags.ant.AntTag - Could not convert tag: a into an Ant task, data type or property
2003-11-13 12:43:41,109 WARN  org.apache.commons.jelly.tags.ant.AntTag - Could not convert tag: br into an Ant task, data type or property
2003-11-13 12:43:41,109 WARN  org.apache.commons.jelly.tags.ant.AntTag - Could not convert tag: a into an Ant task, data type or property
2003-11-13 12:43:41,109 WARN  org.apache.commons.jelly.tags.ant.AntTag - Could not convert tag: br into an Ant task, data type or property
2003-11-13 12:43:41,109 WARN  org.apache.commons.jelly.tags.ant.AntTag - Could not convert tag: a into an Ant task, data type or property
2003-11-13 12:43:41,109 WARN  org.apache.commons.jelly.tags.ant.AntTag - Could not convert tag: br into an Ant task, data type or property
2003-11-13 12:43:41,109 WARN  org.apache.commons.jelly.tags.ant.AntTag - Could not convert tag: a into an Ant task, data type or property
2003-11-13 12:43:41,109 WARN  org.apache.commons.jelly.tags.ant.AntTag - Could not convert tag: br into an Ant task, data type or property
2003-11-13 12:43:41,109 WARN  org.apache.commons.jelly.tags.ant.AntTag - Could not convert tag: a into an Ant task, data type or property
2003-11-13 12:43:41,109 WARN  org.apache.commons.jelly.tags.ant.AntTag - Could not convert tag: br into an Ant task, data type or property
2003-11-13 12:43:41,109 WARN  org.apache.commons.jelly.tags.ant.AntTag - Could not convert tag: a into an Ant task, data type or property
2003-11-13 12:43:41,109 WARN  org.apache.commons.jelly.tags.ant.AntTag - Could not convert tag: br into an Ant task, data type or property
2003-11-13 12:43:41,109 WARN  org.apache.commons.jelly.tags.ant.AntTag - Could not convert tag: a into an Ant task, data type or property
2003-11-13 12:43:41,109 WARN  org.apache.commons.jelly.tags.ant.AntTag - Could not convert tag: br into an Ant task, data type or property
2003-11-13 12:43:41,109 WARN  org.apache.commons.jelly.tags.ant.AntTag - Could not convert tag: td into an Ant task, data type or property
2003-11-13 12:43:41,109 WARN  org.apache.commons.jelly.tags.ant.AntTag - Could not convert tag: td into an Ant task, data type or property
2003-11-13 12:43:41,109 WARN  org.apache.commons.jelly.tags.ant.AntTag - Could not convert tag: td into an Ant task, data type or property
2003-11-13 12:43:41,109 WARN  org.apache.commons.jelly.tags.ant.AntTag - Could not convert tag: a into an Ant task, data type or property
2003-11-13 12:43:41,109 WARN  org.apache.commons.jelly.tags.ant.AntTag - Could not convert tag: br into an Ant task, data type or property
2003-11-13 12:43:41,109 WARN  org.apache.commons.jelly.tags.ant.AntTag - Could not convert tag: a into an Ant task, data type or property
2003-11-13 12:43:41,109 WARN  org.apache.commons.jelly.tags.ant.AntTag - Could not convert tag: br into an Ant task, data type or property
2003-11-13 12:43:41,109 WARN  org.apache.commons.jelly.tags.ant.AntTag - Could not convert tag: subsection into an Ant task, data type or property
2003-11-13 12:43:41,109 WARN  org.apache.commons.jelly.tags.ant.AntTag - Could not convert tag: table into an Ant task, data type or property
2003-11-13 12:43:41,109 WARN  org.apache.commons.jelly.tags.ant.AntTag - Could not convert tag: tr into an Ant task, data type or property
2003-11-13 12:43:41,109 WARN  org.apache.commons.jelly.tags.ant.AntTag - Could not convert tag: th into an Ant task, data type or property
2003-11-13 12:43:41,109 WARN  org.apache.commons.jelly.tags.ant.AntTag - Could not convert tag: th into an Ant task, data type or property
2003-11-13 12:43:41,109 WARN  org.apache.commons.jelly.tags.ant.AntTag - Could not convert tag: th into an Ant task, data type or property
2003-11-13 12:43:41,109 WARN  org.apache.commons.jelly.tags.ant.AntTag - Could not convert tag: th into an Ant task, data type or property
2003-11-13 12:43:41,109 WARN  org.apache.commons.jelly.tags.ant.AntTag - Could not convert tag: th into an Ant task, data type or property
2003-11-13 12:43:41,109 WARN  org.apache.commons.jelly.tags.ant.AntTag - Could not convert tag: tr into an Ant task, data type or property
2003-11-13 12:43:41,109 WARN  org.apache.commons.jelly.tags.ant.AntTag - Could not convert tag: td into an Ant task, data type or property
2003-11-13 12:43:41,109 WARN  org.apache.commons.jelly.tags.ant.AntTag - Could not convert tag: td into an Ant task, data type or property
2003-11-13 12:43:41,109 WARN  org.apache.commons.jelly.tags.ant.AntTag - Could not convert tag: td into an Ant task, data type or property
2003-11-13 12:43:41,109 WARN  org.apache.commons.jelly.tags.ant.AntTag - Could not convert tag: td into an Ant task, data type or property
2003-11-13 12:43:41,109 WARN  org.apache.commons.jelly.tags.ant.AntTag - Could not convert tag: td into an Ant task, data type or property
2003-11-13 12:43:41,109 WARN  org.apache.commons.jelly.tags.ant.AntTag - Could not convert tag: table into an Ant task, data type or property
2003-11-13 12:43:41,109 WARN  org.apache.commons.jelly.tags.ant.AntTag - Could not convert tag: tr into an Ant task, data type or property
2003-11-13 12:43:41,109 WARN  org.apache.commons.jelly.tags.ant.AntTag - Could not convert tag: th into an Ant task, data type or property
2003-11-13 12:43:41,109 WARN  org.apache.commons.jelly.tags.ant.AntTag - Could not convert tag: th into an Ant task, data type or property
2003-11-13 12:43:41,109 WARN  org.apache.commons.jelly.tags.ant.AntTag - Could not convert tag: th into an Ant task, data type or property
2003-11-13 12:43:41,109 WARN  org.apache.commons.jelly.tags.ant.AntTag - Could not convert tag: th into an Ant task, data type or property
2003-11-13 12:43:41,109 WARN  org.apache.commons.jelly.tags.ant.AntTag - Could not convert tag: tr into an Ant task, data type or property
2003-11-13 12:43:41,109 WARN  org.apache.commons.jelly.tags.ant.AntTag - Could not convert tag: td into an Ant task, data type or property
2003-11-13 12:43:41,109 WARN  org.apache.commons.jelly.tags.ant.AntTag - Could not convert tag: a into an Ant task, data type or property
2003-11-13 12:43:41,109 WARN  org.apache.commons.jelly.tags.ant.AntTag - Could not convert tag: br into an Ant task, data type or property
2003-11-13 12:43:41,109 WARN  org.apache.commons.jelly.tags.ant.AntTag - Could not convert tag: td into an Ant task, data type or property
2003-11-13 12:43:41,125 WARN  org.apache.commons.jelly.tags.ant.AntTag - Could not convert tag: a into an Ant task, data type or property
2003-11-13 12:43:41,125 WARN  org.apache.commons.jelly.tags.ant.AntTag - Could not convert tag: br into an Ant task, data type or property
2003-11-13 12:43:41,125 WARN  org.apache.commons.jelly.tags.ant.AntTag - Could not convert tag: a into an Ant task, data type or property
2003-11-13 12:43:41,125 WARN  org.apache.commons.jelly.tags.ant.AntTag - Could not convert tag: br into an Ant task, data type or property
2003-11-13 12:43:41,125 WARN  org.apache.commons.jelly.tags.ant.AntTag - Could not convert tag: td into an Ant task, data type or property
2003-11-13 12:43:41,125 WARN  org.apache.commons.jelly.tags.ant.AntTag - Could not convert tag: a into an Ant task, data type or property
2003-11-13 12:43:41,125 WARN  org.apache.commons.jelly.tags.ant.AntTag - Could not convert tag: br into an Ant task, data type or property
2003-11-13 12:43:41,125 WARN  org.apache.commons.jelly.tags.ant.AntTag - Could not convert tag: a into an Ant task, data type or property
2003-11-13 12:43:41,125 WARN  org.apache.commons.jelly.tags.ant.AntTag - Could not convert tag: br into an Ant task, data type or property
2003-11-13 12:43:41,125 WARN  org.apache.commons.jelly.tags.ant.AntTag - Could not convert tag: a into an Ant task, data type or property
2003-11-13 12:43:41,125 WARN  org.apache.commons.jelly.tags.ant.AntTag - Could not convert tag: br into an Ant task, data type or property
2003-11-13 12:43:41,125 WARN  org.apache.commons.jelly.tags.ant.AntTag - Could not convert tag: a into an Ant task, data type or property
2003-11-13 12:43:41,125 WARN  org.apache.commons.jelly.tags.ant.AntTag - Could not convert tag: br into an Ant task, data type or property
2003-11-13 12:43:41,125 WARN  org.apache.commons.jelly.tags.ant.AntTag - Could not convert tag: a into an Ant task, data type or property
2003-11-13 12:43:41,125 WARN  org.apache.commons.jelly.tags.ant.AntTag - Could not convert tag: br into an Ant task, data type or property
2003-11-13 12:43:41,125 WARN  org.apache.commons.jelly.tags.ant.AntTag - Could not convert tag: td into an Ant task, data type or property
2003-11-13 12:43:41,125 WARN  org.apache.commons.jelly.tags.ant.AntTag - Could not convert tag: a into an Ant task, data type or property
2003-11-13 12:43:41,125 WARN  org.apache.commons.jelly.tags.ant.AntTag - Could not convert tag: br into an Ant task, data type or property
2003-11-13 12:43:41,125 WARN  org.apache.commons.jelly.tags.ant.AntTag - Could not convert tag: a into an Ant task, data type or property
2003-11-13 12:43:41,125 WARN  org.apache.commons.jelly.tags.ant.AntTag - Could not convert tag: br into an Ant task, data type or property
2003-11-13 12:43:41,125 WARN  org.apache.commons.jelly.tags.ant.AntTag - Could not convert tag: a into an Ant task, data type or property
2003-11-13 12:43:41,125 WARN  org.apache.commons.jelly.tags.ant.AntTag - Could not convert tag: br into an Ant task, data type or property
2003-11-13 12:43:41,125 WARN  org.apache.commons.jelly.tags.ant.AntTag - Could not convert tag: a into an Ant task, data type or property
2003-11-13 12:43:41,125 WARN  org.apache.commons.jelly.tags.ant.AntTag - Could not convert tag: br into an Ant task, data type or property
2003-11-13 12:43:41,125 WARN  org.apache.commons.jelly.tags.ant.AntTag - Could not convert tag: a into an Ant task, data type or property
2003-11-13 12:43:41,125 WARN  org.apache.commons.jelly.tags.ant.AntTag - Could not convert tag: br into an Ant task, data type or property
2003-11-13 12:43:41,125 WARN  org.apache.commons.jelly.tags.ant.AntTag - Could not convert tag: a into an Ant task, data type or property
2003-11-13 12:43:41,125 WARN  org.apache.commons.jelly.tags.ant.AntTag - Could not convert tag: br into an Ant task, data type or property
2003-11-13 12:43:41,125 WARN  org.apache.commons.jelly.tags.ant.AntTag - Could not convert tag: a into an Ant task, data type or property
2003-11-13 12:43:41,125 WARN  org.apache.commons.jelly.tags.ant.AntTag - Could not convert tag: br into an Ant task, data type or property
2003-11-13 12:43:41,125 WARN  org.apache.commons.jelly.tags.ant.AntTag - Could not convert tag: a into an Ant task, data type or property
2003-11-13 12:43:41,125 WARN  org.apache.commons.jelly.tags.ant.AntTag - Could not convert tag: br into an Ant task, data type or property
2003-11-13 12:43:41,125 WARN  org.apache.commons.jelly.tags.ant.AntTag - Could not convert tag: a into an Ant task, data type or property
2003-11-13 12:43:41,125 WARN  org.apache.commons.jelly.tags.ant.AntTag - Could not convert tag: br into an Ant task, data type or property
2003-11-13 12:43:41,125 WARN  org.apache.commons.jelly.tags.ant.AntTag - Could not convert tag: subsection into an Ant task, data type or property
2003-11-13 12:43:41,125 WARN  org.apache.commons.jelly.tags.ant.AntTag - Could not convert tag: table into an Ant task, data type or property
2003-11-13 12:43:41,125 WARN  org.apache.commons.jelly.tags.ant.AntTag - Could not convert tag: tr into an Ant task, data type or property
2003-11-13 12:43:41,125 WARN  org.apache.commons.jelly.tags.ant.AntTag - Could not convert tag: th into an Ant task, data type or property
2003-11-13 12:43:41,125 WARN  org.apache.commons.jelly.tags.ant.AntTag - Could not convert tag: th into an Ant task, data type or property
2003-11-13 12:43:41,125 WARN  org.apache.commons.jelly.tags.ant.AntTag - Could not convert tag: th into an Ant task, data type or property
2003-11-13 12:43:41,125 WARN  org.apache.commons.jelly.tags.ant.AntTag - Could not convert tag: th into an Ant task, data type or property
2003-11-13 12:43:41,125 WARN  org.apache.commons.jelly.tags.ant.AntTag - Could not convert tag: th into an Ant task, data type or property
2003-11-13 12:43:41,125 WARN  org.apache.commons.jelly.tags.ant.AntTag - Could not convert tag: tr into an Ant task, data type or property
2003-11-13 12:43:41,125 WARN  org.apache.commons.jelly.tags.ant.AntTag - Could not convert tag: td into an Ant task, data type or property
2003-11-13 12:43:41,125 WARN  org.apache.commons.jelly.tags.ant.AntTag - Could not convert tag: td into an Ant task, data type or property
2003-11-13 12:43:41,125 WARN  org.apache.commons.jelly.tags.ant.AntTag - Could not convert tag: td into an Ant task, data type or property
2003-11-13 12:43:41,125 WARN  org.apache.commons.jelly.tags.ant.AntTag - Could not convert tag: td into an Ant task, data type or property
2003-11-13 12:43:41,125 WARN  org.apache.commons.jelly.tags.ant.AntTag - Could not convert tag: td into an Ant task, data type or property
2003-11-13 12:43:41,125 WARN  org.apache.commons.jelly.tags.ant.AntTag - Could not convert tag: table into an Ant task, data type or property
2003-11-13 12:43:41,125 WARN  org.apache.commons.jelly.tags.ant.AntTag - Could not convert tag: tr into an Ant task, data type or property
2003-11-13 12:43:41,125 WARN  org.apache.commons.jelly.tags.ant.AntTag - Could not convert tag: th into an Ant task, data type or property
2003-11-13 12:43:41,125 WARN  org.apache.commons.jelly.tags.ant.AntTag - Could not convert tag: th into an Ant task, data type or property
2003-11-13 12:43:41,125 WARN  org.apache.commons.jelly.tags.ant.AntTag - Could not convert tag: th into an Ant task, data type or property
2003-11-13 12:43:41,125 WARN  org.apache.commons.jelly.tags.ant.AntTag - Could not convert tag: th into an Ant task, data type or property
2003-11-13 12:43:41,125 WARN  org.apache.commons.jelly.tags.ant.AntTag - Could not convert tag: tr into an Ant task, data type or property
2003-11-13 12:43:41,125 WARN  org.apache.commons.jelly.tags.ant.AntTag - Could not convert tag: td into an Ant task, data type or property
2003-11-13 12:43:41,125 WARN  org.apache.commons.jelly.tags.ant.AntTag - Could not convert tag: td into an Ant task, data type or property
2003-11-13 12:43:41,125 WARN  org.apache.commons.jelly.tags.ant.AntTag - Could not convert tag: a into an Ant task, data type or property
2003-11-13 12:43:41,125 WARN  org.apache.commons.jelly.tags.ant.AntTag - Could not convert tag: br into an Ant task, data type or property
2003-11-13 12:43:41,125 WARN  org.apache.commons.jelly.tags.ant.AntTag - Could not convert tag: a into an Ant task, data type or property
2003-11-13 12:43:41,125 WARN  org.apache.commons.jelly.tags.ant.AntTag - Could not convert tag: br into an Ant task, data type or property
2003-11-13 12:43:41,125 WARN  org.apache.commons.jelly.tags.ant.AntTag - Could not convert tag: a into an Ant task, data type or property
2003-11-13 12:43:41,125 WARN  org.apache.commons.jelly.tags.ant.AntTag - Could not convert tag: br into an Ant task, data type or property
2003-11-13 12:43:41,125 WARN  org.apache.commons.jelly.tags.ant.AntTag - Could not convert tag: a into an Ant task, data type or property
2003-11-13 12:43:41,125 WARN  org.apache.commons.jelly.tags.ant.AntTag - Could not convert tag: br into an Ant task, data type or property
2003-11-13 12:43:41,125 WARN  org.apache.commons.jelly.tags.ant.AntTag - Could not convert tag: a into an Ant task, data type or property
2003-11-13 12:43:41,125 WARN  org.apache.commons.jelly.tags.ant.AntTag - Could not convert tag: br into an Ant task, data type or property
2003-11-13 12:43:41,125 WARN  org.apache.commons.jelly.tags.ant.AntTag - Could not convert tag: a into an Ant task, data type or property
2003-11-13 12:43:41,125 WARN  org.apache.commons.jelly.tags.ant.AntTag - Could not convert tag: br into an Ant task, data type or property
2003-11-13 12:43:41,125 WARN  org.apache.commons.jelly.tags.ant.AntTag - Could not convert tag: a into an Ant task, data type or property
2003-11-13 12:43:41,125 WARN  org.apache.commons.jelly.tags.ant.AntTag - Could not convert tag: br into an Ant task, data type or property
2003-11-13 12:43:41,125 WARN  org.apache.commons.jelly.tags.ant.AntTag - Could not convert tag: a into an Ant task, data type or property
2003-11-13 12:43:41,125 WARN  org.apache.commons.jelly.tags.ant.AntTag - Could not convert tag: br into an Ant task, data type or property
2003-11-13 12:43:41,125 WARN  org.apache.commons.jelly.tags.ant.AntTag - Could not convert tag: td into an Ant task, data type or property
2003-11-13 12:43:41,125 WARN  org.apache.commons.jelly.tags.ant.AntTag - Could not convert tag: a into an Ant task, data type or property
2003-11-13 12:43:41,125 WARN  org.apache.commons.jelly.tags.ant.AntTag - Could not convert tag: br into an Ant task, data type or property
2003-11-13 12:43:41,125 WARN  org.apache.commons.jelly.tags.ant.AntTag - Could not convert tag: a into an Ant task, data type or property
2003-11-13 12:43:41,125 WARN  org.apache.commons.jelly.tags.ant.AntTag - Could not convert tag: br into an Ant task, data type or property
2003-11-13 12:43:41,125 WARN  org.apache.commons.jelly.tags.ant.AntTag - Could not convert tag: a into an Ant task, data type or property
2003-11-13 12:43:41,125 WARN  org.apache.commons.jelly.tags.ant.AntTag - Could not convert tag: br into an Ant task, data type or property
2003-11-13 12:43:41,125 WARN  org.apache.commons.jelly.tags.ant.AntTag - Could not convert tag: a into an Ant task, data type or property
2003-11-13 12:43:41,125 WARN  org.apache.commons.jelly.tags.ant.AntTag - Could not convert tag: br into an Ant task, data type or property
2003-11-13 12:43:41,125 WARN  org.apache.commons.jelly.tags.ant.AntTag - Could not convert tag: a into an Ant task, data type or property
2003-11-13 12:43:41,125 WARN  org.apache.commons.jelly.tags.ant.AntTag - Could not convert tag: br into an Ant task, data type or property
2003-11-13 12:43:41,125 WARN  org.apache.commons.jelly.tags.ant.AntTag - Could not convert tag: a into an Ant task, data type or property
2003-11-13 12:43:41,125 WARN  org.apache.commons.jelly.tags.ant.AntTag - Could not convert tag: br into an Ant task, data type or property
2003-11-13 12:43:41,125 WARN  org.apache.commons.jelly.tags.ant.AntTag - Could not convert tag: a into an Ant task, data type or property
2003-11-13 12:43:41,140 WARN  org.apache.commons.jelly.tags.ant.AntTag - Could not convert tag: br into an Ant task, data type or property
2003-11-13 12:43:41,140 WARN  org.apache.commons.jelly.tags.ant.AntTag - Could not convert tag: a into an Ant task, data type or property
2003-11-13 12:43:41,140 WARN  org.apache.commons.jelly.tags.ant.AntTag - Could not convert tag: br into an Ant task, data type or property
2003-11-13 12:43:41,140 WARN  org.apache.commons.jelly.tags.ant.AntTag - Could not convert tag: a into an Ant task, data type or property
2003-11-13 12:43:41,140 WARN  org.apache.commons.jelly.tags.ant.AntTag - Could not convert tag: br into an Ant task, data type or property
2003-11-13 12:43:41,140 WARN  org.apache.commons.jelly.tags.ant.AntTag - Could not convert tag: a into an Ant task, data type or property
2003-11-13 12:43:41,140 WARN  org.apache.commons.jelly.tags.ant.AntTag - Could not convert tag: br into an Ant task, data type or property
2003-11-13 12:43:41,140 WARN  org.apache.commons.jelly.tags.ant.AntTag - Could not convert tag: a into an Ant task, data type or property
2003-11-13 12:43:41,140 WARN  org.apache.commons.jelly.tags.ant.AntTag - Could not convert tag: br into an Ant task, data type or property
2003-11-13 12:43:41,140 WARN  org.apache.commons.jelly.tags.ant.AntTag - Could not convert tag: a into an Ant task, data type or property
2003-11-13 12:43:41,140 WARN  org.apache.commons.jelly.tags.ant.AntTag - Could not convert tag: br into an Ant task, data type or property
2003-11-13 12:43:41,140 WARN  org.apache.commons.jelly.tags.ant.AntTag - Could not convert tag: a into an Ant task, data type or property
2003-11-13 12:43:41,140 WARN  org.apache.commons.jelly.tags.ant.AntTag - Could not convert tag: br into an Ant task, data type or property
2003-11-13 12:43:41,140 WARN  org.apache.commons.jelly.tags.ant.AntTag - Could not convert tag: a into an Ant task, data type or property
2003-11-13 12:43:41,140 WARN  org.apache.commons.jelly.tags.ant.AntTag - Could not convert tag: br into an Ant task, data type or property
2003-11-13 12:43:41,140 WARN  org.apache.commons.jelly.tags.ant.AntTag - Could not convert tag: a into an Ant task, data type or property
2003-11-13 12:43:41,140 WARN  org.apache.commons.jelly.tags.ant.AntTag - Could not convert tag: br into an Ant task, data type or property
2003-11-13 12:43:41,140 WARN  org.apache.commons.jelly.tags.ant.AntTag - Could not convert tag: td into an Ant task, data type or property
2003-11-13 12:43:41,140 WARN  org.apache.commons.jelly.tags.ant.AntTag - Could not convert tag: a into an Ant task, data type or property
2003-11-13 12:43:41,140 WARN  org.apache.commons.jelly.tags.ant.AntTag - Could not convert tag: br into an Ant task, data type or property
2003-11-13 12:43:41,140 WARN  org.apache.commons.jelly.tags.ant.AntTag - Could not convert tag: a into an Ant task, data type or property
2003-11-13 12:43:41,140 WARN  org.apache.commons.jelly.tags.ant.AntTag - Could not convert tag: br into an Ant task, data type or property
2003-11-13 12:43:41,140 WARN  org.apache.commons.jelly.tags.ant.AntTag - Could not convert tag: a into an Ant task, data type or property
2003-11-13 12:43:41,140 WARN  org.apache.commons.jelly.tags.ant.AntTag - Could not convert tag: br into an Ant task, data type or property
2003-11-13 12:43:41,140 WARN  org.apache.commons.jelly.tags.ant.AntTag - Could not convert tag: a into an Ant task, data type or property
2003-11-13 12:43:41,140 WARN  org.apache.commons.jelly.tags.ant.AntTag - Could not convert tag: br into an Ant task, data type or property
2003-11-13 12:43:41,140 WARN  org.apache.commons.jelly.tags.ant.AntTag - Could not convert tag: a into an Ant task, data type or property
2003-11-13 12:43:41,140 WARN  org.apache.commons.jelly.tags.ant.AntTag - Could not convert tag: br into an Ant task, data type or property
2003-11-13 12:43:41,140 WARN  org.apache.commons.jelly.tags.ant.AntTag - Could not convert tag: a into an Ant task, data type or property
2003-11-13 12:43:41,140 WARN  org.apache.commons.jelly.tags.ant.AntTag - Could not convert tag: br into an Ant task, data type or property
2003-11-13 12:43:41,140 WARN  org.apache.commons.jelly.tags.ant.AntTag - Could not convert tag: subsection into an Ant task, data type or property
2003-11-13 12:43:41,140 WARN  org.apache.commons.jelly.tags.ant.AntTag - Could not convert tag: table into an Ant task, data type or property
2003-11-13 12:43:41,140 WARN  org.apache.commons.jelly.tags.ant.AntTag - Could not convert tag: tr into an Ant task, data type or property
2003-11-13 12:43:41,140 WARN  org.apache.commons.jelly.tags.ant.AntTag - Could not convert tag: th into an Ant task, data type or property
2003-11-13 12:43:41,140 WARN  org.apache.commons.jelly.tags.ant.AntTag - Could not convert tag: th into an Ant task, data type or property
2003-11-13 12:43:41,140 WARN  org.apache.commons.jelly.tags.ant.AntTag - Could not convert tag: th into an Ant task, data type or property
2003-11-13 12:43:41,140 WARN  org.apache.commons.jelly.tags.ant.AntTag - Could not convert tag: th into an Ant task, data type or property
2003-11-13 12:43:41,140 WARN  org.apache.commons.jelly.tags.ant.AntTag - Could not convert tag: th into an Ant task, data type or property
2003-11-13 12:43:41,140 WARN  org.apache.commons.jelly.tags.ant.AntTag - Could not convert tag: tr into an Ant task, data type or property
2003-11-13 12:43:41,140 WARN  org.apache.commons.jelly.tags.ant.AntTag - Could not convert tag: td into an Ant task, data type or property
2003-11-13 12:43:41,140 WARN  org.apache.commons.jelly.tags.ant.AntTag - Could not convert tag: td into an Ant task, data type or property
2003-11-13 12:43:41,140 WARN  org.apache.commons.jelly.tags.ant.AntTag - Could not convert tag: td into an Ant task, data type or property
2003-11-13 12:43:41,140 WARN  org.apache.commons.jelly.tags.ant.AntTag - Could not convert tag: td into an Ant task, data type or property
2003-11-13 12:43:41,140 WARN  org.apache.commons.jelly.tags.ant.AntTag - Could not convert tag: td into an Ant task, data type or property
2003-11-13 12:43:41,140 WARN  org.apache.commons.jelly.tags.ant.AntTag - Could not convert tag: table into an Ant task, data type or property
2003-11-13 12:43:41,140 WARN  org.apache.commons.jelly.tags.ant.AntTag - Could not convert tag: tr into an Ant task, data type or property
2003-11-13 12:43:41,140 WARN  org.apache.commons.jelly.tags.ant.AntTag - Could not convert tag: th into an Ant task, data type or property
2003-11-13 12:43:41,140 WARN  org.apache.commons.jelly.tags.ant.AntTag - Could not convert tag: th into an Ant task, data type or property
2003-11-13 12:43:41,140 WARN  org.apache.commons.jelly.tags.ant.AntTag - Could not convert tag: th into an Ant task, data type or property
2003-11-13 12:43:41,140 WARN  org.apache.commons.jelly.tags.ant.AntTag - Could not convert tag: th into an Ant task, data type or property
2003-11-13 12:43:41,140 WARN  org.apache.commons.jelly.tags.ant.AntTag - Could not convert tag: tr into an Ant task, data type or property
2003-11-13 12:43:41,140 WARN  org.apache.commons.jelly.tags.ant.AntTag - Could not convert tag: td into an Ant task, data type or property
2003-11-13 12:43:41,140 WARN  org.apache.commons.jelly.tags.ant.AntTag - Could not convert tag: a into an Ant task, data type or property
2003-11-13 12:43:41,140 WARN  org.apache.commons.jelly.tags.ant.AntTag - Could not convert tag: br into an Ant task, data type or property
2003-11-13 12:43:41,140 WARN  org.apache.commons.jelly.tags.ant.AntTag - Could not convert tag: a into an Ant task, data type or property
2003-11-13 12:43:41,140 WARN  org.apache.commons.jelly.tags.ant.AntTag - Could not convert tag: br into an Ant task, data type or property
2003-11-13 12:43:41,140 WARN  org.apache.commons.jelly.tags.ant.AntTag - Could not convert tag: a into an Ant task, data type or property
2003-11-13 12:43:41,140 WARN  org.apache.commons.jelly.tags.ant.AntTag - Could not convert tag: br into an Ant task, data type or property
2003-11-13 12:43:41,140 WARN  org.apache.commons.jelly.tags.ant.AntTag - Could not convert tag: a into an Ant task, data type or property
2003-11-13 12:43:41,140 WARN  org.apache.commons.jelly.tags.ant.AntTag - Could not convert tag: br into an Ant task, data type or property
2003-11-13 12:43:41,140 WARN  org.apache.commons.jelly.tags.ant.AntTag - Could not convert tag: a into an Ant task, data type or property
2003-11-13 12:43:41,140 WARN  org.apache.commons.jelly.tags.ant.AntTag - Could not convert tag: br into an Ant task, data type or property
2003-11-13 12:43:41,140 WARN  org.apache.commons.jelly.tags.ant.AntTag - Could not convert tag: a into an Ant task, data type or property
2003-11-13 12:43:41,140 WARN  org.apache.commons.jelly.tags.ant.AntTag - Could not convert tag: br into an Ant task, data type or property
2003-11-13 12:43:41,140 WARN  org.apache.commons.jelly.tags.ant.AntTag - Could not convert tag: a into an Ant task, data type or property
2003-11-13 12:43:41,140 WARN  org.apache.commons.jelly.tags.ant.AntTag - Could not convert tag: br into an Ant task, data type or property
2003-11-13 12:43:41,140 WARN  org.apache.commons.jelly.tags.ant.AntTag - Could not convert tag: a into an Ant task, data type or property
2003-11-13 12:43:41,140 WARN  org.apache.commons.jelly.tags.ant.AntTag - Could not convert tag: br into an Ant task, data type or property
2003-11-13 12:43:41,140 WARN  org.apache.commons.jelly.tags.ant.AntTag - Could not convert tag: td into an Ant task, data type or property
2003-11-13 12:43:41,140 WARN  org.apache.commons.jelly.tags.ant.AntTag - Could not convert tag: a into an Ant task, data type or property
2003-11-13 12:43:41,140 WARN  org.apache.commons.jelly.tags.ant.AntTag - Could not convert tag: br into an Ant task, data type or property
2003-11-13 12:43:41,140 WARN  org.apache.commons.jelly.tags.ant.AntTag - Could not convert tag: a into an Ant task, data type or property
2003-11-13 12:43:41,140 WARN  org.apache.commons.jelly.tags.ant.AntTag - Could not convert tag: br into an Ant task, data type or property
2003-11-13 12:43:41,140 WARN  org.apache.commons.jelly.tags.ant.AntTag - Could not convert tag: a into an Ant task, data type or property
2003-11-13 12:43:41,140 WARN  org.apache.commons.jelly.tags.ant.AntTag - Could not convert tag: br into an Ant task, data type or property
2003-11-13 12:43:41,140 WARN  org.apache.commons.jelly.tags.ant.AntTag - Could not convert tag: a into an Ant task, data type or property
2003-11-13 12:43:41,140 WARN  org.apache.commons.jelly.tags.ant.AntTag - Could not convert tag: br into an Ant task, data type or property
2003-11-13 12:43:41,140 WARN  org.apache.commons.jelly.tags.ant.AntTag - Could not convert tag: a into an Ant task, data type or property
2003-11-13 12:43:41,140 WARN  org.apache.commons.jelly.tags.ant.AntTag - Could not convert tag: br into an Ant task, data type or property
2003-11-13 12:43:41,140 WARN  org.apache.commons.jelly.tags.ant.AntTag - Could not convert tag: a into an Ant task, data type or property
2003-11-13 12:43:41,140 WARN  org.apache.commons.jelly.tags.ant.AntTag - Could not convert tag: br into an Ant task, data type or property
2003-11-13 12:43:41,140 WARN  org.apache.commons.jelly.tags.ant.AntTag - Could not convert tag: a into an Ant task, data type or property
2003-11-13 12:43:41,140 WARN  org.apache.commons.jelly.tags.ant.AntTag - Could not convert tag: br into an Ant task, data type or property
2003-11-13 12:43:41,140 WARN  org.apache.commons.jelly.tags.ant.AntTag - Could not convert tag: a into an Ant task, data type or property
2003-11-13 12:43:41,140 WARN  org.apache.commons.jelly.tags.ant.AntTag - Could not convert tag: br into an Ant task, data type or property
2003-11-13 12:43:41,156 WARN  org.apache.commons.jelly.tags.ant.AntTag - Could not convert tag: a into an Ant task, data type or property
2003-11-13 12:43:41,156 WARN  org.apache.commons.jelly.tags.ant.AntTag - Could not convert tag: br into an Ant task, data type or property
2003-11-13 12:43:41,156 WARN  org.apache.commons.jelly.tags.ant.AntTag - Could not convert tag: a into an Ant task, data type or property
2003-11-13 12:43:41,156 WARN  org.apache.commons.jelly.tags.ant.AntTag - Could not convert tag: br into an Ant task, data type or property
2003-11-13 12:43:41,156 WARN  org.apache.commons.jelly.tags.ant.AntTag - Could not convert tag: a into an Ant task, data type or property
2003-11-13 12:43:41,156 WARN  org.apache.commons.jelly.tags.ant.AntTag - Could not convert tag: br into an Ant task, data type or property
2003-11-13 12:43:41,156 WARN  org.apache.commons.jelly.tags.ant.AntTag - Could not convert tag: a into an Ant task, data type or property
2003-11-13 12:43:41,156 WARN  org.apache.commons.jelly.tags.ant.AntTag - Could not convert tag: br into an Ant task, data type or property
2003-11-13 12:43:41,156 WARN  org.apache.commons.jelly.tags.ant.AntTag - Could not convert tag: a into an Ant task, data type or property
2003-11-13 12:43:41,156 WARN  org.apache.commons.jelly.tags.ant.AntTag - Could not convert tag: br into an Ant task, data type or property
2003-11-13 12:43:41,156 WARN  org.apache.commons.jelly.tags.ant.AntTag - Could not convert tag: td into an Ant task, data type or property
2003-11-13 12:43:41,156 WARN  org.apache.commons.jelly.tags.ant.AntTag - Could not convert tag: a into an Ant task, data type or property
2003-11-13 12:43:41,156 WARN  org.apache.commons.jelly.tags.ant.AntTag - Could not convert tag: br into an Ant task, data type or property
2003-11-13 12:43:41,156 WARN  org.apache.commons.jelly.tags.ant.AntTag - Could not convert tag: a into an Ant task, data type or property
2003-11-13 12:43:41,156 WARN  org.apache.commons.jelly.tags.ant.AntTag - Could not convert tag: br into an Ant task, data type or property
2003-11-13 12:43:41,156 WARN  org.apache.commons.jelly.tags.ant.AntTag - Could not convert tag: a into an Ant task, data type or property
2003-11-13 12:43:41,156 WARN  org.apache.commons.jelly.tags.ant.AntTag - Could not convert tag: br into an Ant task, data type or property
2003-11-13 12:43:41,156 WARN  org.apache.commons.jelly.tags.ant.AntTag - Could not convert tag: a into an Ant task, data type or property
2003-11-13 12:43:41,156 WARN  org.apache.commons.jelly.tags.ant.AntTag - Could not convert tag: br into an Ant task, data type or property
2003-11-13 12:43:41,156 WARN  org.apache.commons.jelly.tags.ant.AntTag - Could not convert tag: a into an Ant task, data type or property
2003-11-13 12:43:41,156 WARN  org.apache.commons.jelly.tags.ant.AntTag - Could not convert tag: br into an Ant task, data type or property
2003-11-13 12:43:41,156 WARN  org.apache.commons.jelly.tags.ant.AntTag - Could not convert tag: td into an Ant task, data type or property
2003-11-13 12:43:41,156 WARN  org.apache.commons.jelly.tags.ant.AntTag - Could not convert tag: a into an Ant task, data type or property
2003-11-13 12:43:41,156 WARN  org.apache.commons.jelly.tags.ant.AntTag - Could not convert tag: br into an Ant task, data type or property
2003-11-13 12:43:41,156 WARN  org.apache.commons.jelly.tags.ant.AntTag - Could not convert tag: a into an Ant task, data type or property
2003-11-13 12:43:41,156 WARN  org.apache.commons.jelly.tags.ant.AntTag - Could not convert tag: br into an Ant task, data type or property
2003-11-13 12:43:41,156 WARN  org.apache.commons.jelly.tags.ant.AntTag - Could not convert tag: a into an Ant task, data type or property
2003-11-13 12:43:41,156 WARN  org.apache.commons.jelly.tags.ant.AntTag - Could not convert tag: br into an Ant task, data type or property
2003-11-13 12:43:41,156 WARN  org.apache.commons.jelly.tags.ant.AntTag - Could not convert tag: a into an Ant task, data type or property
2003-11-13 12:43:41,156 WARN  org.apache.commons.jelly.tags.ant.AntTag - Could not convert tag: br into an Ant task, data type or property
2003-11-13 12:43:41,156 WARN  org.apache.commons.jelly.tags.ant.AntTag - Could not convert tag: a into an Ant task, data type or property
2003-11-13 12:43:41,156 WARN  org.apache.commons.jelly.tags.ant.AntTag - Could not convert tag: br into an Ant task, data type or property
2003-11-13 12:43:41,156 WARN  org.apache.commons.jelly.tags.ant.AntTag - Could not convert tag: a into an Ant task, data type or property
2003-11-13 12:43:41,156 WARN  org.apache.commons.jelly.tags.ant.AntTag - Could not convert tag: br into an Ant task, data type or property
2003-11-13 12:43:41,156 WARN  org.apache.commons.jelly.tags.ant.AntTag - Could not convert tag: a into an Ant task, data type or property
2003-11-13 12:43:41,156 WARN  org.apache.commons.jelly.tags.ant.AntTag - Could not convert tag: br into an Ant task, data type or property
2003-11-13 12:43:41,156 WARN  org.apache.commons.jelly.tags.ant.AntTag - Could not convert tag: a into an Ant task, data type or property
2003-11-13 12:43:41,156 WARN  org.apache.commons.jelly.tags.ant.AntTag - Could not convert tag: br into an Ant task, data type or property
2003-11-13 12:43:41,156 WARN  org.apache.commons.jelly.tags.ant.AntTag - Could not convert tag: a into an Ant task, data type or property
2003-11-13 12:43:41,156 WARN  org.apache.commons.jelly.tags.ant.AntTag - Could not convert tag: br into an Ant task, data type or property
2003-11-13 12:43:41,156 WARN  org.apache.commons.jelly.tags.ant.AntTag - Could not convert tag: subsection into an Ant task, data type or property
2003-11-13 12:43:41,156 WARN  org.apache.commons.jelly.tags.ant.AntTag - Could not convert tag: table into an Ant task, data type or property
2003-11-13 12:43:41,156 WARN  org.apache.commons.jelly.tags.ant.AntTag - Could not convert tag: tr into an Ant task, data type or property
2003-11-13 12:43:41,156 WARN  org.apache.commons.jelly.tags.ant.AntTag - Could not convert tag: th into an Ant task, data type or property
2003-11-13 12:43:41,156 WARN  org.apache.commons.jelly.tags.ant.AntTag - Could not convert tag: th into an Ant task, data type or property
2003-11-13 12:43:41,156 WARN  org.apache.commons.jelly.tags.ant.AntTag - Could not convert tag: th into an Ant task, data type or property
2003-11-13 12:43:41,156 WARN  org.apache.commons.jelly.tags.ant.AntTag - Could not convert tag: th into an Ant task, data type or property
2003-11-13 12:43:41,156 WARN  org.apache.commons.jelly.tags.ant.AntTag - Could not convert tag: th into an Ant task, data type or property
2003-11-13 12:43:41,156 WARN  org.apache.commons.jelly.tags.ant.AntTag - Could not convert tag: tr into an Ant task, data type or property
2003-11-13 12:43:41,156 WARN  org.apache.commons.jelly.tags.ant.AntTag - Could not convert tag: td into an Ant task, data type or property
2003-11-13 12:43:41,156 WARN  org.apache.commons.jelly.tags.ant.AntTag - Could not convert tag: td into an Ant task, data type or property
2003-11-13 12:43:41,156 WARN  org.apache.commons.jelly.tags.ant.AntTag - Could not convert tag: td into an Ant task, data type or property
2003-11-13 12:43:41,156 WARN  org.apache.commons.jelly.tags.ant.AntTag - Could not convert tag: td into an Ant task, data type or property
2003-11-13 12:43:41,156 WARN  org.apache.commons.jelly.tags.ant.AntTag - Could not convert tag: td into an Ant task, data type or property
2003-11-13 12:43:41,156 WARN  org.apache.commons.jelly.tags.ant.AntTag - Could not convert tag: table into an Ant task, data type or property
2003-11-13 12:43:41,156 WARN  org.apache.commons.jelly.tags.ant.AntTag - Could not convert tag: tr into an Ant task, data type or property
2003-11-13 12:43:41,156 WARN  org.apache.commons.jelly.tags.ant.AntTag - Could not convert tag: th into an Ant task, data type or property
2003-11-13 12:43:41,156 WARN  org.apache.commons.jelly.tags.ant.AntTag - Could not convert tag: th into an Ant task, data type or property
2003-11-13 12:43:41,156 WARN  org.apache.commons.jelly.tags.ant.AntTag - Could not convert tag: th into an Ant task, data type or property
2003-11-13 12:43:41,156 WARN  org.apache.commons.jelly.tags.ant.AntTag - Could not convert tag: th into an Ant task, data type or property
2003-11-13 12:43:41,156 WARN  org.apache.commons.jelly.tags.ant.AntTag - Could not convert tag: tr into an Ant task, data type or property
2003-11-13 12:43:41,156 WARN  org.apache.commons.jelly.tags.ant.AntTag - Could not convert tag: td into an Ant task, data type or property
2003-11-13 12:43:41,156 WARN  org.apache.commons.jelly.tags.ant.AntTag - Could not convert tag: td into an Ant task, data type or property
2003-11-13 12:43:41,156 WARN  org.apache.commons.jelly.tags.ant.AntTag - Could not convert tag: a into an Ant task, data type or property
2003-11-13 12:43:41,156 WARN  org.apache.commons.jelly.tags.ant.AntTag - Could not convert tag: br into an Ant task, data type or property
2003-11-13 12:43:41,156 WARN  org.apache.commons.jelly.tags.ant.AntTag - Could not convert tag: a into an Ant task, data type or property
2003-11-13 12:43:41,156 WARN  org.apache.commons.jelly.tags.ant.AntTag - Could not convert tag: br into an Ant task, data type or property
2003-11-13 12:43:41,156 WARN  org.apache.commons.jelly.tags.ant.AntTag - Could not convert tag: a into an Ant task, data type or property
2003-11-13 12:43:41,156 WARN  org.apache.commons.jelly.tags.ant.AntTag - Could not convert tag: br into an Ant task, data type or property
2003-11-13 12:43:41,156 WARN  org.apache.commons.jelly.tags.ant.AntTag - Could not convert tag: a into an Ant task, data type or property
2003-11-13 12:43:41,156 WARN  org.apache.commons.jelly.tags.ant.AntTag - Could not convert tag: br into an Ant task, data type or property
2003-11-13 12:43:41,156 WARN  org.apache.commons.jelly.tags.ant.AntTag - Could not convert tag: a into an Ant task, data type or property
2003-11-13 12:43:41,156 WARN  org.apache.commons.jelly.tags.ant.AntTag - Could not convert tag: br into an Ant task, data type or property
2003-11-13 12:43:41,156 WARN  org.apache.commons.jelly.tags.ant.AntTag - Could not convert tag: td into an Ant task, data type or property
2003-11-13 12:43:41,156 WARN  org.apache.commons.jelly.tags.ant.AntTag - Could not convert tag: a into an Ant task, data type or property
2003-11-13 12:43:41,156 WARN  org.apache.commons.jelly.tags.ant.AntTag - Could not convert tag: br into an Ant task, data type or property
2003-11-13 12:43:41,156 WARN  org.apache.commons.jelly.tags.ant.AntTag - Could not convert tag: a into an Ant task, data type or property
2003-11-13 12:43:41,156 WARN  org.apache.commons.jelly.tags.ant.AntTag - Could not convert tag: br into an Ant task, data type or property
2003-11-13 12:43:41,156 WARN  org.apache.commons.jelly.tags.ant.AntTag - Could not convert tag: a into an Ant task, data type or property
2003-11-13 12:43:41,156 WARN  org.apache.commons.jelly.tags.ant.AntTag - Could not convert tag: br into an Ant task, data type or property
2003-11-13 12:43:41,156 WARN  org.apache.commons.jelly.tags.ant.AntTag - Could not convert tag: a into an Ant task, data type or property
2003-11-13 12:43:41,156 WARN  org.apache.commons.jelly.tags.ant.AntTag - Could not convert tag: br into an Ant task, data type or property
2003-11-13 12:43:41,171 WARN  org.apache.commons.jelly.tags.ant.AntTag - Could not convert tag: a into an Ant task, data type or property
2003-11-13 12:43:41,171 WARN  org.apache.commons.jelly.tags.ant.AntTag - Could not convert tag: br into an Ant task, data type or property
2003-11-13 12:43:41,171 WARN  org.apache.commons.jelly.tags.ant.AntTag - Could not convert tag: a into an Ant task, data type or property
2003-11-13 12:43:41,171 WARN  org.apache.commons.jelly.tags.ant.AntTag - Could not convert tag: br into an Ant task, data type or property
2003-11-13 12:43:41,171 WARN  org.apache.commons.jelly.tags.ant.AntTag - Could not convert tag: a into an Ant task, data type or property
2003-11-13 12:43:41,171 WARN  org.apache.commons.jelly.tags.ant.AntTag - Could not convert tag: br into an Ant task, data type or property
2003-11-13 12:43:41,171 WARN  org.apache.commons.jelly.tags.ant.AntTag - Could not convert tag: a into an Ant task, data type or property
2003-11-13 12:43:41,171 WARN  org.apache.commons.jelly.tags.ant.AntTag - Could not convert tag: br into an Ant task, data type or property
2003-11-13 12:43:41,171 WARN  org.apache.commons.jelly.tags.ant.AntTag - Could not convert tag: a into an Ant task, data type or property
2003-11-13 12:43:41,171 WARN  org.apache.commons.jelly.tags.ant.AntTag - Could not convert tag: br into an Ant task, data type or property
2003-11-13 12:43:41,171 WARN  org.apache.commons.jelly.tags.ant.AntTag - Could not convert tag: a into an Ant task, data type or property
2003-11-13 12:43:41,171 WARN  org.apache.commons.jelly.tags.ant.AntTag - Could not convert tag: br into an Ant task, data type or property
2003-11-13 12:43:41,171 WARN  org.apache.commons.jelly.tags.ant.AntTag - Could not convert tag: a into an Ant task, data type or property
2003-11-13 12:43:41,171 WARN  org.apache.commons.jelly.tags.ant.AntTag - Could not convert tag: br into an Ant task, data type or property
2003-11-13 12:43:41,171 WARN  org.apache.commons.jelly.tags.ant.AntTag - Could not convert tag: a into an Ant task, data type or property
2003-11-13 12:43:41,171 WARN  org.apache.commons.jelly.tags.ant.AntTag - Could not convert tag: br into an Ant task, data type or property
2003-11-13 12:43:41,171 WARN  org.apache.commons.jelly.tags.ant.AntTag - Could not convert tag: a into an Ant task, data type or property
2003-11-13 12:43:41,171 WARN  org.apache.commons.jelly.tags.ant.AntTag - Could not convert tag: br into an Ant task, data type or property
2003-11-13 12:43:41,171 WARN  org.apache.commons.jelly.tags.ant.AntTag - Could not convert tag: a into an Ant task, data type or property
2003-11-13 12:43:41,171 WARN  org.apache.commons.jelly.tags.ant.AntTag - Could not convert tag: br into an Ant task, data type or property
2003-11-13 12:43:41,171 WARN  org.apache.commons.jelly.tags.ant.AntTag - Could not convert tag: a into an Ant task, data type or property
2003-11-13 12:43:41,171 WARN  org.apache.commons.jelly.tags.ant.AntTag - Could not convert tag: br into an Ant task, data type or property
2003-11-13 12:43:41,171 WARN  org.apache.commons.jelly.tags.ant.AntTag - Could not convert tag: a into an Ant task, data type or property
2003-11-13 12:43:41,171 WARN  org.apache.commons.jelly.tags.ant.AntTag - Could not convert tag: br into an Ant task, data type or property
2003-11-13 12:43:41,171 WARN  org.apache.commons.jelly.tags.ant.AntTag - Could not convert tag: td into an Ant task, data type or property
2003-11-13 12:43:41,171 WARN  org.apache.commons.jelly.tags.ant.AntTag - Could not convert tag: a into an Ant task, data type or property
2003-11-13 12:43:41,171 WARN  org.apache.commons.jelly.tags.ant.AntTag - Could not convert tag: br into an Ant task, data type or property
2003-11-13 12:43:41,171 WARN  org.apache.commons.jelly.tags.ant.AntTag - Could not convert tag: a into an Ant task, data type or property
2003-11-13 12:43:41,171 WARN  org.apache.commons.jelly.tags.ant.AntTag - Could not convert tag: br into an Ant task, data type or property
2003-11-13 12:43:41,171 WARN  org.apache.commons.jelly.tags.ant.AntTag - Could not convert tag: a into an Ant task, data type or property
2003-11-13 12:43:41,171 WARN  org.apache.commons.jelly.tags.ant.AntTag - Could not convert tag: br into an Ant task, data type or property
2003-11-13 12:43:41,171 WARN  org.apache.commons.jelly.tags.ant.AntTag - Could not convert tag: a into an Ant task, data type or property
2003-11-13 12:43:41,171 WARN  org.apache.commons.jelly.tags.ant.AntTag - Could not convert tag: br into an Ant task, data type or property
2003-11-13 12:43:41,171 WARN  org.apache.commons.jelly.tags.ant.AntTag - Could not convert tag: a into an Ant task, data type or property
2003-11-13 12:43:41,171 WARN  org.apache.commons.jelly.tags.ant.AntTag - Could not convert tag: br into an Ant task, data type or property
2003-11-13 12:43:41,171 WARN  org.apache.commons.jelly.tags.ant.AntTag - Could not convert tag: a into an Ant task, data type or property
2003-11-13 12:43:41,171 WARN  org.apache.commons.jelly.tags.ant.AntTag - Could not convert tag: br into an Ant task, data type or property
2003-11-13 12:43:41,171 WARN  org.apache.commons.jelly.tags.ant.AntTag - Could not convert tag: a into an Ant task, data type or property
2003-11-13 12:43:41,171 WARN  org.apache.commons.jelly.tags.ant.AntTag - Could not convert tag: br into an Ant task, data type or property
2003-11-13 12:43:41,171 WARN  org.apache.commons.jelly.tags.ant.AntTag - Could not convert tag: a into an Ant task, data type or property
2003-11-13 12:43:41,171 WARN  org.apache.commons.jelly.tags.ant.AntTag - Could not convert tag: br into an Ant task, data type or property
2003-11-13 12:43:41,171 WARN  org.apache.commons.jelly.tags.ant.AntTag - Could not convert tag: a into an Ant task, data type or property
2003-11-13 12:43:41,171 WARN  org.apache.commons.jelly.tags.ant.AntTag - Could not convert tag: br into an Ant task, data type or property
2003-11-13 12:43:41,171 WARN  org.apache.commons.jelly.tags.ant.AntTag - Could not convert tag: a into an Ant task, data type or property
2003-11-13 12:43:41,171 WARN  org.apache.commons.jelly.tags.ant.AntTag - Could not convert tag: br into an Ant task, data type or property
2003-11-13 12:43:41,171 WARN  org.apache.commons.jelly.tags.ant.AntTag - Could not convert tag: a into an Ant task, data type or property
2003-11-13 12:43:41,171 WARN  org.apache.commons.jelly.tags.ant.AntTag - Could not convert tag: br into an Ant task, data type or property
2003-11-13 12:43:41,171 WARN  org.apache.commons.jelly.tags.ant.AntTag - Could not convert tag: subsection into an Ant task, data type or property
2003-11-13 12:43:41,171 WARN  org.apache.commons.jelly.tags.ant.AntTag - Could not convert tag: table into an Ant task, data type or property
2003-11-13 12:43:41,171 WARN  org.apache.commons.jelly.tags.ant.AntTag - Could not convert tag: tr into an Ant task, data type or property
2003-11-13 12:43:41,171 WARN  org.apache.commons.jelly.tags.ant.AntTag - Could not convert tag: th into an Ant task, data type or property
2003-11-13 12:43:41,171 WARN  org.apache.commons.jelly.tags.ant.AntTag - Could not convert tag: th into an Ant task, data type or property
2003-11-13 12:43:41,171 WARN  org.apache.commons.jelly.tags.ant.AntTag - Could not convert tag: th into an Ant task, data type or property
2003-11-13 12:43:41,171 WARN  org.apache.commons.jelly.tags.ant.AntTag - Could not convert tag: th into an Ant task, data type or property
2003-11-13 12:43:41,171 WARN  org.apache.commons.jelly.tags.ant.AntTag - Could not convert tag: th into an Ant task, data type or property
2003-11-13 12:43:41,171 WARN  org.apache.commons.jelly.tags.ant.AntTag - Could not convert tag: tr into an Ant task, data type or property
2003-11-13 12:43:41,171 WARN  org.apache.commons.jelly.tags.ant.AntTag - Could not convert tag: td into an Ant task, data type or property
2003-11-13 12:43:41,171 WARN  org.apache.commons.jelly.tags.ant.AntTag - Could not convert tag: td into an Ant task, data type or property
2003-11-13 12:43:41,171 WARN  org.apache.commons.jelly.tags.ant.AntTag - Could not convert tag: td into an Ant task, data type or property
2003-11-13 12:43:41,171 WARN  org.apache.commons.jelly.tags.ant.AntTag - Could not convert tag: td into an Ant task, data type or property
2003-11-13 12:43:41,171 WARN  org.apache.commons.jelly.tags.ant.AntTag - Could not convert tag: td into an Ant task, data type or property
2003-11-13 12:43:41,171 WARN  org.apache.commons.jelly.tags.ant.AntTag - Could not convert tag: table into an Ant task, data type or property
2003-11-13 12:43:41,171 WARN  org.apache.commons.jelly.tags.ant.AntTag - Could not convert tag: tr into an Ant task, data type or property
2003-11-13 12:43:41,171 WARN  org.apache.commons.jelly.tags.ant.AntTag - Could not convert tag: th into an Ant task, data type or property
2003-11-13 12:43:41,171 WARN  org.apache.commons.jelly.tags.ant.AntTag - Could not convert tag: th into an Ant task, data type or property
2003-11-13 12:43:41,171 WARN  org.apache.commons.jelly.tags.ant.AntTag - Could not convert tag: th into an Ant task, data type or property
2003-11-13 12:43:41,171 WARN  org.apache.commons.jelly.tags.ant.AntTag - Could not convert tag: th into an Ant task, data type or property
2003-11-13 12:43:41,171 WARN  org.apache.commons.jelly.tags.ant.AntTag - Could not convert tag: tr into an Ant task, data type or property
2003-11-13 12:43:41,171 WARN  org.apache.commons.jelly.tags.ant.AntTag - Could not convert tag: td into an Ant task, data type or property
2003-11-13 12:43:41,171 WARN  org.apache.commons.jelly.tags.ant.AntTag - Could not convert tag: a into an Ant task, data type or property
2003-11-13 12:43:41,171 WARN  org.apache.commons.jelly.tags.ant.AntTag - Could not convert tag: br into an Ant task, data type or property
2003-11-13 12:43:41,171 WARN  org.apache.commons.jelly.tags.ant.AntTag - Could not convert tag: td into an Ant task, data type or property
2003-11-13 12:43:41,171 WARN  org.apache.commons.jelly.tags.ant.AntTag - Could not convert tag: a into an Ant task, data type or property
2003-11-13 12:43:41,171 WARN  org.apache.commons.jelly.tags.ant.AntTag - Could not convert tag: br into an Ant task, data type or property
2003-11-13 12:43:41,171 WARN  org.apache.commons.jelly.tags.ant.AntTag - Could not convert tag: a into an Ant task, data type or property
2003-11-13 12:43:41,171 WARN  org.apache.commons.jelly.tags.ant.AntTag - Could not convert tag: br into an Ant task, data type or property
2003-11-13 12:43:41,171 WARN  org.apache.commons.jelly.tags.ant.AntTag - Could not convert tag: a into an Ant task, data type or property
2003-11-13 12:43:41,171 WARN  org.apache.commons.jelly.tags.ant.AntTag - Could not convert tag: br into an Ant task, data type or property
2003-11-13 12:43:41,171 WARN  org.apache.commons.jelly.tags.ant.AntTag - Could not convert tag: a into an Ant task, data type or property
2003-11-13 12:43:41,171 WARN  org.apache.commons.jelly.tags.ant.AntTag - Could not convert tag: br into an Ant task, data type or property
2003-11-13 12:43:41,171 WARN  org.apache.commons.jelly.tags.ant.AntTag - Could not convert tag: a into an Ant task, data type or property
2003-11-13 12:43:41,171 WARN  org.apache.commons.jelly.tags.ant.AntTag - Could not convert tag: br into an Ant task, data type or property
2003-11-13 12:43:41,171 WARN  org.apache.commons.jelly.tags.ant.AntTag - Could not convert tag: a into an Ant task, data type or property
2003-11-13 12:43:41,171 WARN  org.apache.commons.jelly.tags.ant.AntTag - Could not convert tag: br into an Ant task, data type or property
2003-11-13 12:43:41,171 WARN  org.apache.commons.jelly.tags.ant.AntTag - Could not convert tag: a into an Ant task, data type or property
2003-11-13 12:43:41,171 WARN  org.apache.commons.jelly.tags.ant.AntTag - Could not convert tag: br into an Ant task, data type or property
2003-11-13 12:43:41,171 WARN  org.apache.commons.jelly.tags.ant.AntTag - Could not convert tag: td into an Ant task, data type or property
2003-11-13 12:43:41,187 WARN  org.apache.commons.jelly.tags.ant.AntTag - Could not convert tag: a into an Ant task, data type or property
2003-11-13 12:43:41,187 WARN  org.apache.commons.jelly.tags.ant.AntTag - Could not convert tag: br into an Ant task, data type or property
2003-11-13 12:43:41,187 WARN  org.apache.commons.jelly.tags.ant.AntTag - Could not convert tag: a into an Ant task, data type or property
2003-11-13 12:43:41,187 WARN  org.apache.commons.jelly.tags.ant.AntTag - Could not convert tag: br into an Ant task, data type or property
2003-11-13 12:43:41,187 WARN  org.apache.commons.jelly.tags.ant.AntTag - Could not convert tag: a into an Ant task, data type or property
2003-11-13 12:43:41,187 WARN  org.apache.commons.jelly.tags.ant.AntTag - Could not convert tag: br into an Ant task, data type or property
2003-11-13 12:43:41,187 WARN  org.apache.commons.jelly.tags.ant.AntTag - Could not convert tag: a into an Ant task, data type or property
2003-11-13 12:43:41,187 WARN  org.apache.commons.jelly.tags.ant.AntTag - Could not convert tag: br into an Ant task, data type or property
2003-11-13 12:43:41,187 WARN  org.apache.commons.jelly.tags.ant.AntTag - Could not convert tag: a into an Ant task, data type or property
2003-11-13 12:43:41,187 WARN  org.apache.commons.jelly.tags.ant.AntTag - Could not convert tag: br into an Ant task, data type or property
2003-11-13 12:43:41,187 WARN  org.apache.commons.jelly.tags.ant.AntTag - Could not convert tag: td into an Ant task, data type or property
2003-11-13 12:43:41,187 WARN  org.apache.commons.jelly.tags.ant.AntTag - Could not convert tag: a into an Ant task, data type or property
2003-11-13 12:43:41,187 WARN  org.apache.commons.jelly.tags.ant.AntTag - Could not convert tag: br into an Ant task, data type or property
2003-11-13 12:43:41,187 WARN  org.apache.commons.jelly.tags.ant.AntTag - Could not convert tag: a into an Ant task, data type or property
2003-11-13 12:43:41,187 WARN  org.apache.commons.jelly.tags.ant.AntTag - Could not convert tag: br into an Ant task, data type or property
2003-11-13 12:43:41,187 WARN  org.apache.commons.jelly.tags.ant.AntTag - Could not convert tag: a into an Ant task, data type or property
2003-11-13 12:43:41,187 WARN  org.apache.commons.jelly.tags.ant.AntTag - Could not convert tag: br into an Ant task, data type or property
2003-11-13 12:43:41,187 WARN  org.apache.commons.jelly.tags.ant.AntTag - Could not convert tag: a into an Ant task, data type or property
2003-11-13 12:43:41,187 WARN  org.apache.commons.jelly.tags.ant.AntTag - Could not convert tag: br into an Ant task, data type or property
2003-11-13 12:43:41,187 WARN  org.apache.commons.jelly.tags.ant.AntTag - Could not convert tag: a into an Ant task, data type or property
2003-11-13 12:43:41,187 WARN  org.apache.commons.jelly.tags.ant.AntTag - Could not convert tag: br into an Ant task, data type or property
2003-11-13 12:43:41,187 WARN  org.apache.commons.jelly.tags.ant.AntTag - Could not convert tag: a into an Ant task, data type or property
2003-11-13 12:43:41,187 WARN  org.apache.commons.jelly.tags.ant.AntTag - Could not convert tag: br into an Ant task, data type or property
2003-11-13 12:43:41,187 WARN  org.apache.commons.jelly.tags.ant.AntTag - Could not convert tag: a into an Ant task, data type or property
2003-11-13 12:43:41,187 WARN  org.apache.commons.jelly.tags.ant.AntTag - Could not convert tag: br into an Ant task, data type or property
2003-11-13 12:43:41,187 WARN  org.apache.commons.jelly.tags.ant.AntTag - Could not convert tag: a into an Ant task, data type or property
2003-11-13 12:43:41,187 WARN  org.apache.commons.jelly.tags.ant.AntTag - Could not convert tag: br into an Ant task, data type or property
2003-11-13 12:43:41,187 WARN  org.apache.commons.jelly.tags.ant.AntTag - Could not convert tag: a into an Ant task, data type or property
2003-11-13 12:43:41,187 WARN  org.apache.commons.jelly.tags.ant.AntTag - Could not convert tag: br into an Ant task, data type or property
2003-11-13 12:43:41,187 WARN  org.apache.commons.jelly.tags.ant.AntTag - Could not convert tag: a into an Ant task, data type or property
2003-11-13 12:43:41,187 WARN  org.apache.commons.jelly.tags.ant.AntTag - Could not convert tag: br into an Ant task, data type or property
2003-11-13 12:43:41,187 WARN  org.apache.commons.jelly.tags.ant.AntTag - Could not convert tag: a into an Ant task, data type or property
2003-11-13 12:43:41,187 WARN  org.apache.commons.jelly.tags.ant.AntTag - Could not convert tag: br into an Ant task, data type or property
2003-11-13 12:43:41,187 WARN  org.apache.commons.jelly.tags.ant.AntTag - Could not convert tag: a into an Ant task, data type or property
2003-11-13 12:43:41,187 WARN  org.apache.commons.jelly.tags.ant.AntTag - Could not convert tag: br into an Ant task, data type or property
2003-11-13 12:43:41,187 WARN  org.apache.commons.jelly.tags.ant.AntTag - Could not convert tag: a into an Ant task, data type or property
2003-11-13 12:43:41,187 WARN  org.apache.commons.jelly.tags.ant.AntTag - Could not convert tag: br into an Ant task, data type or property
2003-11-13 12:43:41,187 WARN  org.apache.commons.jelly.tags.ant.AntTag - Could not convert tag: a into an Ant task, data type or property
2003-11-13 12:43:41,187 WARN  org.apache.commons.jelly.tags.ant.AntTag - Could not convert tag: br into an Ant task, data type or property
2003-11-13 12:43:41,187 WARN  org.apache.commons.jelly.tags.ant.AntTag - Could not convert tag: a into an Ant task, data type or property
2003-11-13 12:43:41,187 WARN  org.apache.commons.jelly.tags.ant.AntTag - Could not convert tag: br into an Ant task, data type or property
2003-11-13 12:43:41,187 WARN  org.apache.commons.jelly.tags.ant.AntTag - Could not convert tag: a into an Ant task, data type or property
2003-11-13 12:43:41,187 WARN  org.apache.commons.jelly.tags.ant.AntTag - Could not convert tag: br into an Ant task, data type or property
2003-11-13 12:43:41,187 WARN  org.apache.commons.jelly.tags.ant.AntTag - Could not convert tag: subsection into an Ant task, data type or property
2003-11-13 12:43:41,187 WARN  org.apache.commons.jelly.tags.ant.AntTag - Could not convert tag: table into an Ant task, data type or property
2003-11-13 12:43:41,187 WARN  org.apache.commons.jelly.tags.ant.AntTag - Could not convert tag: tr into an Ant task, data type or property
2003-11-13 12:43:41,187 WARN  org.apache.commons.jelly.tags.ant.AntTag - Could not convert tag: th into an Ant task, data type or property
2003-11-13 12:43:41,187 WARN  org.apache.commons.jelly.tags.ant.AntTag - Could not convert tag: th into an Ant task, data type or property
2003-11-13 12:43:41,187 WARN  org.apache.commons.jelly.tags.ant.AntTag - Could not convert tag: th into an Ant task, data type or property
2003-11-13 12:43:41,187 WARN  org.apache.commons.jelly.tags.ant.AntTag - Could not convert tag: th into an Ant task, data type or property
2003-11-13 12:43:41,187 WARN  org.apache.commons.jelly.tags.ant.AntTag - Could not convert tag: th into an Ant task, data type or property
2003-11-13 12:43:41,187 WARN  org.apache.commons.jelly.tags.ant.AntTag - Could not convert tag: tr into an Ant task, data type or property
2003-11-13 12:43:41,187 WARN  org.apache.commons.jelly.tags.ant.AntTag - Could not convert tag: td into an Ant task, data type or property
2003-11-13 12:43:41,187 WARN  org.apache.commons.jelly.tags.ant.AntTag - Could not convert tag: td into an Ant task, data type or property
2003-11-13 12:43:41,187 WARN  org.apache.commons.jelly.tags.ant.AntTag - Could not convert tag: td into an Ant task, data type or property
2003-11-13 12:43:41,187 WARN  org.apache.commons.jelly.tags.ant.AntTag - Could not convert tag: td into an Ant task, data type or property
2003-11-13 12:43:41,187 WARN  org.apache.commons.jelly.tags.ant.AntTag - Could not convert tag: td into an Ant task, data type or property
2003-11-13 12:43:41,187 WARN  org.apache.commons.jelly.tags.ant.AntTag - Could not convert tag: table into an Ant task, data type or property
2003-11-13 12:43:41,187 WARN  org.apache.commons.jelly.tags.ant.AntTag - Could not convert tag: tr into an Ant task, data type or property
2003-11-13 12:43:41,187 WARN  org.apache.commons.jelly.tags.ant.AntTag - Could not convert tag: th into an Ant task, data type or property
2003-11-13 12:43:41,187 WARN  org.apache.commons.jelly.tags.ant.AntTag - Could not convert tag: th into an Ant task, data type or property
2003-11-13 12:43:41,187 WARN  org.apache.commons.jelly.tags.ant.AntTag - Could not convert tag: th into an Ant task, data type or property
2003-11-13 12:43:41,187 WARN  org.apache.commons.jelly.tags.ant.AntTag - Could not convert tag: th into an Ant task, data type or property
2003-11-13 12:43:41,187 WARN  org.apache.commons.jelly.tags.ant.AntTag - Could not convert tag: tr into an Ant task, data type or property
2003-11-13 12:43:41,187 WARN  org.apache.commons.jelly.tags.ant.AntTag - Could not convert tag: td into an Ant task, data type or property
2003-11-13 12:43:41,187 WARN  org.apache.commons.jelly.tags.ant.AntTag - Could not convert tag: td into an Ant task, data type or property
2003-11-13 12:43:41,187 WARN  org.apache.commons.jelly.tags.ant.AntTag - Could not convert tag: a into an Ant task, data type or property
2003-11-13 12:43:41,187 WARN  org.apache.commons.jelly.tags.ant.AntTag - Could not convert tag: br into an Ant task, data type or property
2003-11-13 12:43:41,187 WARN  org.apache.commons.jelly.tags.ant.AntTag - Could not convert tag: a into an Ant task, data type or property
2003-11-13 12:43:41,187 WARN  org.apache.commons.jelly.tags.ant.AntTag - Could not convert tag: br into an Ant task, data type or property
2003-11-13 12:43:41,187 WARN  org.apache.commons.jelly.tags.ant.AntTag - Could not convert tag: a into an Ant task, data type or property
2003-11-13 12:43:41,187 WARN  org.apache.commons.jelly.tags.ant.AntTag - Could not convert tag: br into an Ant task, data type or property
2003-11-13 12:43:41,187 WARN  org.apache.commons.jelly.tags.ant.AntTag - Could not convert tag: a into an Ant task, data type or property
2003-11-13 12:43:41,187 WARN  org.apache.commons.jelly.tags.ant.AntTag - Could not convert tag: br into an Ant task, data type or property
2003-11-13 12:43:41,187 WARN  org.apache.commons.jelly.tags.ant.AntTag - Could not convert tag: a into an Ant task, data type or property
2003-11-13 12:43:41,187 WARN  org.apache.commons.jelly.tags.ant.AntTag - Could not convert tag: br into an Ant task, data type or property
2003-11-13 12:43:41,187 WARN  org.apache.commons.jelly.tags.ant.AntTag - Could not convert tag: td into an Ant task, data type or property
2003-11-13 12:43:41,187 WARN  org.apache.commons.jelly.tags.ant.AntTag - Could not convert tag: a into an Ant task, data type or property
2003-11-13 12:43:41,187 WARN  org.apache.commons.jelly.tags.ant.AntTag - Could not convert tag: br into an Ant task, data type or property
2003-11-13 12:43:41,187 WARN  org.apache.commons.jelly.tags.ant.AntTag - Could not convert tag: td into an Ant task, data type or property
2003-11-13 12:43:41,187 WARN  org.apache.commons.jelly.tags.ant.AntTag - Could not convert tag: a into an Ant task, data type or property
2003-11-13 12:43:41,187 WARN  org.apache.commons.jelly.tags.ant.AntTag - Could not convert tag: br into an Ant task, data type or property
2003-11-13 12:43:41,187 WARN  org.apache.commons.jelly.tags.ant.AntTag - Could not convert tag: a into an Ant task, data type or property
2003-11-13 12:43:41,187 WARN  org.apache.commons.jelly.tags.ant.AntTag - Could not convert tag: br into an Ant task, data type or property
2003-11-13 12:43:41,187 WARN  org.apache.commons.jelly.tags.ant.AntTag - Could not convert tag: a into an Ant task, data type or property
2003-11-13 12:43:41,187 WARN  org.apache.commons.jelly.tags.ant.AntTag - Could not convert tag: br into an Ant task, data type or property
2003-11-13 12:43:41,187 WARN  org.apache.commons.jelly.tags.ant.AntTag - Could not convert tag: a into an Ant task, data type or property
2003-11-13 12:43:41,187 WARN  org.apache.commons.jelly.tags.ant.AntTag - Could not convert tag: br into an Ant task, data type or property
2003-11-13 12:43:41,187 WARN  org.apache.commons.jelly.tags.ant.AntTag - Could not convert tag: a into an Ant task, data type or property
2003-11-13 12:43:41,203 WARN  org.apache.commons.jelly.tags.ant.AntTag - Could not convert tag: br into an Ant task, data type or property
2003-11-13 12:43:41,203 WARN  org.apache.commons.jelly.tags.ant.AntTag - Could not convert tag: a into an Ant task, data type or property
2003-11-13 12:43:41,203 WARN  org.apache.commons.jelly.tags.ant.AntTag - Could not convert tag: br into an Ant task, data type or property
2003-11-13 12:43:41,203 WARN  org.apache.commons.jelly.tags.ant.AntTag - Could not convert tag: a into an Ant task, data type or property
2003-11-13 12:43:41,203 WARN  org.apache.commons.jelly.tags.ant.AntTag - Could not convert tag: br into an Ant task, data type or property
2003-11-13 12:43:41,203 WARN  org.apache.commons.jelly.tags.ant.AntTag - Could not convert tag: a into an Ant task, data type or property
2003-11-13 12:43:41,203 WARN  org.apache.commons.jelly.tags.ant.AntTag - Could not convert tag: br into an Ant task, data type or property
2003-11-13 12:43:41,203 WARN  org.apache.commons.jelly.tags.ant.AntTag - Could not convert tag: a into an Ant task, data type or property
2003-11-13 12:43:41,203 WARN  org.apache.commons.jelly.tags.ant.AntTag - Could not convert tag: br into an Ant task, data type or property
2003-11-13 12:43:41,203 WARN  org.apache.commons.jelly.tags.ant.AntTag - Could not convert tag: a into an Ant task, data type or property
2003-11-13 12:43:41,203 WARN  org.apache.commons.jelly.tags.ant.AntTag - Could not convert tag: br into an Ant task, data type or property
2003-11-13 12:43:41,203 WARN  org.apache.commons.jelly.tags.ant.AntTag - Could not convert tag: a into an Ant task, data type or property
2003-11-13 12:43:41,203 WARN  org.apache.commons.jelly.tags.ant.AntTag - Could not convert tag: br into an Ant task, data type or property
2003-11-13 12:43:41,203 WARN  org.apache.commons.jelly.tags.ant.AntTag - Could not convert tag: a into an Ant task, data type or property
2003-11-13 12:43:41,203 WARN  org.apache.commons.jelly.tags.ant.AntTag - Could not convert tag: br into an Ant task, data type or property
2003-11-13 12:43:41,203 WARN  org.apache.commons.jelly.tags.ant.AntTag - Could not convert tag: a into an Ant task, data type or property
2003-11-13 12:43:41,203 WARN  org.apache.commons.jelly.tags.ant.AntTag - Could not convert tag: br into an Ant task, data type or property
2003-11-13 12:43:41,203 WARN  org.apache.commons.jelly.tags.ant.AntTag - Could not convert tag: a into an Ant task, data type or property
2003-11-13 12:43:41,203 WARN  org.apache.commons.jelly.tags.ant.AntTag - Could not convert tag: br into an Ant task, data type or property
2003-11-13 12:43:41,203 WARN  org.apache.commons.jelly.tags.ant.AntTag - Could not convert tag: subsection into an Ant task, data type or property
2003-11-13 12:43:41,203 WARN  org.apache.commons.jelly.tags.ant.AntTag - Could not convert tag: table into an Ant task, data type or property
2003-11-13 12:43:41,203 WARN  org.apache.commons.jelly.tags.ant.AntTag - Could not convert tag: tr into an Ant task, data type or property
2003-11-13 12:43:41,203 WARN  org.apache.commons.jelly.tags.ant.AntTag - Could not convert tag: th into an Ant task, data type or property
2003-11-13 12:43:41,203 WARN  org.apache.commons.jelly.tags.ant.AntTag - Could not convert tag: th into an Ant task, data type or property
2003-11-13 12:43:41,203 WARN  org.apache.commons.jelly.tags.ant.AntTag - Could not convert tag: th into an Ant task, data type or property
2003-11-13 12:43:41,203 WARN  org.apache.commons.jelly.tags.ant.AntTag - Could not convert tag: th into an Ant task, data type or property
2003-11-13 12:43:41,203 WARN  org.apache.commons.jelly.tags.ant.AntTag - Could not convert tag: th into an Ant task, data type or property
2003-11-13 12:43:41,203 WARN  org.apache.commons.jelly.tags.ant.AntTag - Could not convert tag: tr into an Ant task, data type or property
2003-11-13 12:43:41,203 WARN  org.apache.commons.jelly.tags.ant.AntTag - Could not convert tag: td into an Ant task, data type or property
2003-11-13 12:43:41,203 WARN  org.apache.commons.jelly.tags.ant.AntTag - Could not convert tag: td into an Ant task, data type or property
2003-11-13 12:43:41,203 WARN  org.apache.commons.jelly.tags.ant.AntTag - Could not convert tag: td into an Ant task, data type or property
2003-11-13 12:43:41,203 WARN  org.apache.commons.jelly.tags.ant.AntTag - Could not convert tag: td into an Ant task, data type or property
2003-11-13 12:43:41,203 WARN  org.apache.commons.jelly.tags.ant.AntTag - Could not convert tag: td into an Ant task, data type or property
2003-11-13 12:43:41,203 WARN  org.apache.commons.jelly.tags.ant.AntTag - Could not convert tag: table into an Ant task, data type or property
2003-11-13 12:43:41,203 WARN  org.apache.commons.jelly.tags.ant.AntTag - Could not convert tag: tr into an Ant task, data type or property
2003-11-13 12:43:41,203 WARN  org.apache.commons.jelly.tags.ant.AntTag - Could not convert tag: th into an Ant task, data type or property
2003-11-13 12:43:41,203 WARN  org.apache.commons.jelly.tags.ant.AntTag - Could not convert tag: th into an Ant task, data type or property
2003-11-13 12:43:41,203 WARN  org.apache.commons.jelly.tags.ant.AntTag - Could not convert tag: th into an Ant task, data type or property
2003-11-13 12:43:41,203 WARN  org.apache.commons.jelly.tags.ant.AntTag - Could not convert tag: th into an Ant task, data type or property
2003-11-13 12:43:41,203 WARN  org.apache.commons.jelly.tags.ant.AntTag - Could not convert tag: tr into an Ant task, data type or property
2003-11-13 12:43:41,203 WARN  org.apache.commons.jelly.tags.ant.AntTag - Could not convert tag: td into an Ant task, data type or property
2003-11-13 12:43:41,203 WARN  org.apache.commons.jelly.tags.ant.AntTag - Could not convert tag: td into an Ant task, data type or property
2003-11-13 12:43:41,203 WARN  org.apache.commons.jelly.tags.ant.AntTag - Could not convert tag: a into an Ant task, data type or property
2003-11-13 12:43:41,203 WARN  org.apache.commons.jelly.tags.ant.AntTag - Could not convert tag: br into an Ant task, data type or property
2003-11-13 12:43:41,203 WARN  org.apache.commons.jelly.tags.ant.AntTag - Could not convert tag: a into an Ant task, data type or property
2003-11-13 12:43:41,203 WARN  org.apache.commons.jelly.tags.ant.AntTag - Could not convert tag: br into an Ant task, data type or property
2003-11-13 12:43:41,203 WARN  org.apache.commons.jelly.tags.ant.AntTag - Could not convert tag: a into an Ant task, data type or property
2003-11-13 12:43:41,203 WARN  org.apache.commons.jelly.tags.ant.AntTag - Could not convert tag: br into an Ant task, data type or property
2003-11-13 12:43:41,203 WARN  org.apache.commons.jelly.tags.ant.AntTag - Could not convert tag: a into an Ant task, data type or property
2003-11-13 12:43:41,203 WARN  org.apache.commons.jelly.tags.ant.AntTag - Could not convert tag: br into an Ant task, data type or property
2003-11-13 12:43:41,203 WARN  org.apache.commons.jelly.tags.ant.AntTag - Could not convert tag: a into an Ant task, data type or property
2003-11-13 12:43:41,203 WARN  org.apache.commons.jelly.tags.ant.AntTag - Could not convert tag: br into an Ant task, data type or property
2003-11-13 12:43:41,203 WARN  org.apache.commons.jelly.tags.ant.AntTag - Could not convert tag: a into an Ant task, data type or property
2003-11-13 12:43:41,203 WARN  org.apache.commons.jelly.tags.ant.AntTag - Could not convert tag: br into an Ant task, data type or property
2003-11-13 12:43:41,203 WARN  org.apache.commons.jelly.tags.ant.AntTag - Could not convert tag: a into an Ant task, data type or property
2003-11-13 12:43:41,203 WARN  org.apache.commons.jelly.tags.ant.AntTag - Could not convert tag: br into an Ant task, data type or property
2003-11-13 12:43:41,203 WARN  org.apache.commons.jelly.tags.ant.AntTag - Could not convert tag: td into an Ant task, data type or property
2003-11-13 12:43:41,203 WARN  org.apache.commons.jelly.tags.ant.AntTag - Could not convert tag: a into an Ant task, data type or property
2003-11-13 12:43:41,203 WARN  org.apache.commons.jelly.tags.ant.AntTag - Could not convert tag: br into an Ant task, data type or property
2003-11-13 12:43:41,203 WARN  org.apache.commons.jelly.tags.ant.AntTag - Could not convert tag: td into an Ant task, data type or property
2003-11-13 12:43:41,203 WARN  org.apache.commons.jelly.tags.ant.AntTag - Could not convert tag: a into an Ant task, data type or property
2003-11-13 12:43:41,203 WARN  org.apache.commons.jelly.tags.ant.AntTag - Could not convert tag: br into an Ant task, data type or property
2003-11-13 12:43:41,203 WARN  org.apache.commons.jelly.tags.ant.AntTag - Could not convert tag: a into an Ant task, data type or property
2003-11-13 12:43:41,203 WARN  org.apache.commons.jelly.tags.ant.AntTag - Could not convert tag: br into an Ant task, data type or property
2003-11-13 12:43:41,203 WARN  org.apache.commons.jelly.tags.ant.AntTag - Could not convert tag: a into an Ant task, data type or property
2003-11-13 12:43:41,203 WARN  org.apache.commons.jelly.tags.ant.AntTag - Could not convert tag: br into an Ant task, data type or property
2003-11-13 12:43:41,203 WARN  org.apache.commons.jelly.tags.ant.AntTag - Could not convert tag: a into an Ant task, data type or property
2003-11-13 12:43:41,203 WARN  org.apache.commons.jelly.tags.ant.AntTag - Could not convert tag: br into an Ant task, data type or property
2003-11-13 12:43:41,203 WARN  org.apache.commons.jelly.tags.ant.AntTag - Could not convert tag: a into an Ant task, data type or property
2003-11-13 12:43:41,203 WARN  org.apache.commons.jelly.tags.ant.AntTag - Could not convert tag: br into an Ant task, data type or property
2003-11-13 12:43:41,203 WARN  org.apache.commons.jelly.tags.ant.AntTag - Could not convert tag: a into an Ant task, data type or property
2003-11-13 12:43:41,203 WARN  org.apache.commons.jelly.tags.ant.AntTag - Could not convert tag: br into an Ant task, data type or property
2003-11-13 12:43:41,203 WARN  org.apache.commons.jelly.tags.ant.AntTag - Could not convert tag: a into an Ant task, data type or property
2003-11-13 12:43:41,203 WARN  org.apache.commons.jelly.tags.ant.AntTag - Could not convert tag: br into an Ant task, data type or property
2003-11-13 12:43:41,203 WARN  org.apache.commons.jelly.tags.ant.AntTag - Could not convert tag: a into an Ant task, data type or property
2003-11-13 12:43:41,203 WARN  org.apache.commons.jelly.tags.ant.AntTag - Could not convert tag: br into an Ant task, data type or property
2003-11-13 12:43:41,203 WARN  org.apache.commons.jelly.tags.ant.AntTag - Could not convert tag: a into an Ant task, data type or property
2003-11-13 12:43:41,203 WARN  org.apache.commons.jelly.tags.ant.AntTag - Could not convert tag: br into an Ant task, data type or property
2003-11-13 12:43:41,203 WARN  org.apache.commons.jelly.tags.ant.AntTag - Could not convert tag: a into an Ant task, data type or property
2003-11-13 12:43:41,203 WARN  org.apache.commons.jelly.tags.ant.AntTag - Could not convert tag: br into an Ant task, data type or property
2003-11-13 12:43:41,203 WARN  org.apache.commons.jelly.tags.ant.AntTag - Could not convert tag: a into an Ant task, data type or property
2003-11-13 12:43:41,203 WARN  org.apache.commons.jelly.tags.ant.AntTag - Could not convert tag: br into an Ant task, data type or property
2003-11-13 12:43:41,203 WARN  org.apache.commons.jelly.tags.ant.AntTag - Could not convert tag: a into an Ant task, data type or property
2003-11-13 12:43:41,203 WARN  org.apache.commons.jelly.tags.ant.AntTag - Could not convert tag: br into an Ant task, data type or property
2003-11-13 12:43:41,203 WARN  org.apache.commons.jelly.tags.ant.AntTag - Could not convert tag: a into an Ant task, data type or property
2003-11-13 12:43:41,203 WARN  org.apache.commons.jelly.tags.ant.AntTag - Could not convert tag: br into an Ant task, data type or property
2003-11-13 12:43:41,203 WARN  org.apache.commons.jelly.tags.ant.AntTag - Could not convert tag: a into an Ant task, data type or property
2003-11-13 12:43:41,203 WARN  org.apache.commons.jelly.tags.ant.AntTag - Could not convert tag: br into an Ant task, data type or property
2003-11-13 12:43:41,203 WARN  org.apache.commons.jelly.tags.ant.AntTag - Could not convert tag: subsection into an Ant task, data type or property
2003-11-13 12:43:41,203 WARN  org.apache.commons.jelly.tags.ant.AntTag - Could not convert tag: table into an Ant task, data type or property
2003-11-13 12:43:41,203 WARN  org.apache.commons.jelly.tags.ant.AntTag - Could not convert tag: tr into an Ant task, data type or property
2003-11-13 12:43:41,203 WARN  org.apache.commons.jelly.tags.ant.AntTag - Could not convert tag: th into an Ant task, data type or property
2003-11-13 12:43:41,203 WARN  org.apache.commons.jelly.tags.ant.AntTag - Could not convert tag: th into an Ant task, data type or property
2003-11-13 12:43:41,203 WARN  org.apache.commons.jelly.tags.ant.AntTag - Could not convert tag: th into an Ant task, data type or property
2003-11-13 12:43:41,203 WARN  org.apache.commons.jelly.tags.ant.AntTag - Could not convert tag: th into an Ant task, data type or property
2003-11-13 12:43:41,203 WARN  org.apache.commons.jelly.tags.ant.AntTag - Could not convert tag: th into an Ant task, data type or property
2003-11-13 12:43:41,203 WARN  org.apache.commons.jelly.tags.ant.AntTag - Could not convert tag: tr into an Ant task, data type or property
2003-11-13 12:43:41,203 WARN  org.apache.commons.jelly.tags.ant.AntTag - Could not convert tag: td into an Ant task, data type or property
2003-11-13 12:43:41,203 WARN  org.apache.commons.jelly.tags.ant.AntTag - Could not convert tag: td into an Ant task, data type or property
2003-11-13 12:43:41,203 WARN  org.apache.commons.jelly.tags.ant.AntTag - Could not convert tag: td into an Ant task, data type or property
2003-11-13 12:43:41,218 WARN  org.apache.commons.jelly.tags.ant.AntTag - Could not convert tag: td into an Ant task, data type or property
2003-11-13 12:43:41,218 WARN  org.apache.commons.jelly.tags.ant.AntTag - Could not convert tag: td into an Ant task, data type or property
2003-11-13 12:43:41,218 WARN  org.apache.commons.jelly.tags.ant.AntTag - Could not convert tag: table into an Ant task, data type or property
2003-11-13 12:43:41,218 WARN  org.apache.commons.jelly.tags.ant.AntTag - Could not convert tag: tr into an Ant task, data type or property
2003-11-13 12:43:41,218 WARN  org.apache.commons.jelly.tags.ant.AntTag - Could not convert tag: th into an Ant task, data type or property
2003-11-13 12:43:41,218 WARN  org.apache.commons.jelly.tags.ant.AntTag - Could not convert tag: th into an Ant task, data type or property
2003-11-13 12:43:41,218 WARN  org.apache.commons.jelly.tags.ant.AntTag - Could not convert tag: th into an Ant task, data type or property
2003-11-13 12:43:41,218 WARN  org.apache.commons.jelly.tags.ant.AntTag - Could not convert tag: th into an Ant task, data type or property
2003-11-13 12:43:41,218 WARN  org.apache.commons.jelly.tags.ant.AntTag - Could not convert tag: tr into an Ant task, data type or property
2003-11-13 12:43:41,218 WARN  org.apache.commons.jelly.tags.ant.AntTag - Could not convert tag: td into an Ant task, data type or property
2003-11-13 12:43:41,218 WARN  org.apache.commons.jelly.tags.ant.AntTag - Could not convert tag: td into an Ant task, data type or property
2003-11-13 12:43:41,218 WARN  org.apache.commons.jelly.tags.ant.AntTag - Could not convert tag: a into an Ant task, data type or property
2003-11-13 12:43:41,218 WARN  org.apache.commons.jelly.tags.ant.AntTag - Could not convert tag: br into an Ant task, data type or property
2003-11-13 12:43:41,218 WARN  org.apache.commons.jelly.tags.ant.AntTag - Could not convert tag: a into an Ant task, data type or property
2003-11-13 12:43:41,218 WARN  org.apache.commons.jelly.tags.ant.AntTag - Could not convert tag: br into an Ant task, data type or property
2003-11-13 12:43:41,218 WARN  org.apache.commons.jelly.tags.ant.AntTag - Could not convert tag: a into an Ant task, data type or property
2003-11-13 12:43:41,218 WARN  org.apache.commons.jelly.tags.ant.AntTag - Could not convert tag: br into an Ant task, data type or property
2003-11-13 12:43:41,218 WARN  org.apache.commons.jelly.tags.ant.AntTag - Could not convert tag: a into an Ant task, data type or property
2003-11-13 12:43:41,218 WARN  org.apache.commons.jelly.tags.ant.AntTag - Could not convert tag: br into an Ant task, data type or property
2003-11-13 12:43:41,218 WARN  org.apache.commons.jelly.tags.ant.AntTag - Could not convert tag: a into an Ant task, data type or property
2003-11-13 12:43:41,218 WARN  org.apache.commons.jelly.tags.ant.AntTag - Could not convert tag: br into an Ant task, data type or property
2003-11-13 12:43:41,218 WARN  org.apache.commons.jelly.tags.ant.AntTag - Could not convert tag: a into an Ant task, data type or property
2003-11-13 12:43:41,218 WARN  org.apache.commons.jelly.tags.ant.AntTag - Could not convert tag: br into an Ant task, data type or property
2003-11-13 12:43:41,218 WARN  org.apache.commons.jelly.tags.ant.AntTag - Could not convert tag: td into an Ant task, data type or property
2003-11-13 12:43:41,218 WARN  org.apache.commons.jelly.tags.ant.AntTag - Could not convert tag: a into an Ant task, data type or property
2003-11-13 12:43:41,218 WARN  org.apache.commons.jelly.tags.ant.AntTag - Could not convert tag: br into an Ant task, data type or property
2003-11-13 12:43:41,218 WARN  org.apache.commons.jelly.tags.ant.AntTag - Could not convert tag: a into an Ant task, data type or property
2003-11-13 12:43:41,218 WARN  org.apache.commons.jelly.tags.ant.AntTag - Could not convert tag: br into an Ant task, data type or property
2003-11-13 12:43:41,218 WARN  org.apache.commons.jelly.tags.ant.AntTag - Could not convert tag: a into an Ant task, data type or property
2003-11-13 12:43:41,218 WARN  org.apache.commons.jelly.tags.ant.AntTag - Could not convert tag: br into an Ant task, data type or property
2003-11-13 12:43:41,218 WARN  org.apache.commons.jelly.tags.ant.AntTag - Could not convert tag: a into an Ant task, data type or property
2003-11-13 12:43:41,218 WARN  org.apache.commons.jelly.tags.ant.AntTag - Could not convert tag: br into an Ant task, data type or property
2003-11-13 12:43:41,218 WARN  org.apache.commons.jelly.tags.ant.AntTag - Could not convert tag: td into an Ant task, data type or property
2003-11-13 12:43:41,218 WARN  org.apache.commons.jelly.tags.ant.AntTag - Could not convert tag: a into an Ant task, data type or property
2003-11-13 12:43:41,218 WARN  org.apache.commons.jelly.tags.ant.AntTag - Could not convert tag: br into an Ant task, data type or property
2003-11-13 12:43:41,218 WARN  org.apache.commons.jelly.tags.ant.AntTag - Could not convert tag: a into an Ant task, data type or property
2003-11-13 12:43:41,218 WARN  org.apache.commons.jelly.tags.ant.AntTag - Could not convert tag: br into an Ant task, data type or property
2003-11-13 12:43:41,218 WARN  org.apache.commons.jelly.tags.ant.AntTag - Could not convert tag: a into an Ant task, data type or property
2003-11-13 12:43:41,218 WARN  org.apache.commons.jelly.tags.ant.AntTag - Could not convert tag: br into an Ant task, data type or property
2003-11-13 12:43:41,218 WARN  org.apache.commons.jelly.tags.ant.AntTag - Could not convert tag: a into an Ant task, data type or property
2003-11-13 12:43:41,218 WARN  org.apache.commons.jelly.tags.ant.AntTag - Could not convert tag: br into an Ant task, data type or property
2003-11-13 12:43:41,218 WARN  org.apache.commons.jelly.tags.ant.AntTag - Could not convert tag: a into an Ant task, data type or property
2003-11-13 12:43:41,218 WARN  org.apache.commons.jelly.tags.ant.AntTag - Could not convert tag: br into an Ant task, data type or property
2003-11-13 12:43:41,218 WARN  org.apache.commons.jelly.tags.ant.AntTag - Could not convert tag: a into an Ant task, data type or property
2003-11-13 12:43:41,218 WARN  org.apache.commons.jelly.tags.ant.AntTag - Could not convert tag: br into an Ant task, data type or property
2003-11-13 12:43:41,218 WARN  org.apache.commons.jelly.tags.ant.AntTag - Could not convert tag: a into an Ant task, data type or property
2003-11-13 12:43:41,218 WARN  org.apache.commons.jelly.tags.ant.AntTag - Could not convert tag: br into an Ant task, data type or property
2003-11-13 12:43:41,218 WARN  org.apache.commons.jelly.tags.ant.AntTag - Could not convert tag: a into an Ant task, data type or property
2003-11-13 12:43:41,218 WARN  org.apache.commons.jelly.tags.ant.AntTag - Could not convert tag: br into an Ant task, data type or property
2003-11-13 12:43:41,218 WARN  org.apache.commons.jelly.tags.ant.AntTag - Could not convert tag: a into an Ant task, data type or property
2003-11-13 12:43:41,218 WARN  org.apache.commons.jelly.tags.ant.AntTag - Could not convert tag: br into an Ant task, data type or property
2003-11-13 12:43:41,218 WARN  org.apache.commons.jelly.tags.ant.AntTag - Could not convert tag: a into an Ant task, data type or property
2003-11-13 12:43:41,218 WARN  org.apache.commons.jelly.tags.ant.AntTag - Could not convert tag: br into an Ant task, data type or property
2003-11-13 12:43:41,218 WARN  org.apache.commons.jelly.tags.ant.AntTag - Could not convert tag: a into an Ant task, data type or property
2003-11-13 12:43:41,218 WARN  org.apache.commons.jelly.tags.ant.AntTag - Could not convert tag: br into an Ant task, data type or property
2003-11-13 12:43:41,218 WARN  org.apache.commons.jelly.tags.ant.AntTag - Could not convert tag: a into an Ant task, data type or property
2003-11-13 12:43:41,218 WARN  org.apache.commons.jelly.tags.ant.AntTag - Could not convert tag: br into an Ant task, data type or property
2003-11-13 12:43:41,218 WARN  org.apache.commons.jelly.tags.ant.AntTag - Could not convert tag: a into an Ant task, data type or property
2003-11-13 12:43:41,218 WARN  org.apache.commons.jelly.tags.ant.AntTag - Could not convert tag: br into an Ant task, data type or property
2003-11-13 12:43:41,218 WARN  org.apache.commons.jelly.tags.ant.AntTag - Could not convert tag: a into an Ant task, data type or property
2003-11-13 12:43:41,218 WARN  org.apache.commons.jelly.tags.ant.AntTag - Could not convert tag: br into an Ant task, data type or property
2003-11-13 12:43:41,218 WARN  org.apache.commons.jelly.tags.ant.AntTag - Could not convert tag: subsection into an Ant task, data type or property
2003-11-13 12:43:41,218 WARN  org.apache.commons.jelly.tags.ant.AntTag - Could not convert tag: table into an Ant task, data type or property
2003-11-13 12:43:41,218 WARN  org.apache.commons.jelly.tags.ant.AntTag - Could not convert tag: tr into an Ant task, data type or property
2003-11-13 12:43:41,218 WARN  org.apache.commons.jelly.tags.ant.AntTag - Could not convert tag: th into an Ant task, data type or property
2003-11-13 12:43:41,218 WARN  org.apache.commons.jelly.tags.ant.AntTag - Could not convert tag: th into an Ant task, data type or property
2003-11-13 12:43:41,218 WARN  org.apache.commons.jelly.tags.ant.AntTag - Could not convert tag: th into an Ant task, data type or property
2003-11-13 12:43:41,218 WARN  org.apache.commons.jelly.tags.ant.AntTag - Could not convert tag: th into an Ant task, data type or property
2003-11-13 12:43:41,218 WARN  org.apache.commons.jelly.tags.ant.AntTag - Could not convert tag: th into an Ant task, data type or property
2003-11-13 12:43:41,218 WARN  org.apache.commons.jelly.tags.ant.AntTag - Could not convert tag: tr into an Ant task, data type or property
2003-11-13 12:43:41,218 WARN  org.apache.commons.jelly.tags.ant.AntTag - Could not convert tag: td into an Ant task, data type or property
2003-11-13 12:43:41,218 WARN  org.apache.commons.jelly.tags.ant.AntTag - Could not convert tag: td into an Ant task, data type or property
2003-11-13 12:43:41,218 WARN  org.apache.commons.jelly.tags.ant.AntTag - Could not convert tag: td into an Ant task, data type or property
2003-11-13 12:43:41,218 WARN  org.apache.commons.jelly.tags.ant.AntTag - Could not convert tag: td into an Ant task, data type or property
2003-11-13 12:43:41,218 WARN  org.apache.commons.jelly.tags.ant.AntTag - Could not convert tag: td into an Ant task, data type or property
2003-11-13 12:43:41,218 WARN  org.apache.commons.jelly.tags.ant.AntTag - Could not convert tag: table into an Ant task, data type or property
2003-11-13 12:43:41,218 WARN  org.apache.commons.jelly.tags.ant.AntTag - Could not convert tag: tr into an Ant task, data type or property
2003-11-13 12:43:41,218 WARN  org.apache.commons.jelly.tags.ant.AntTag - Could not convert tag: th into an Ant task, data type or property
2003-11-13 12:43:41,218 WARN  org.apache.commons.jelly.tags.ant.AntTag - Could not convert tag: th into an Ant task, data type or property
2003-11-13 12:43:41,218 WARN  org.apache.commons.jelly.tags.ant.AntTag - Could not convert tag: th into an Ant task, data type or property
2003-11-13 12:43:41,218 WARN  org.apache.commons.jelly.tags.ant.AntTag - Could not convert tag: th into an Ant task, data type or property
2003-11-13 12:43:41,218 WARN  org.apache.commons.jelly.tags.ant.AntTag - Could not convert tag: tr into an Ant task, data type or property
2003-11-13 12:43:41,218 WARN  org.apache.commons.jelly.tags.ant.AntTag - Could not convert tag: td into an Ant task, data type or property
2003-11-13 12:43:41,218 WARN  org.apache.commons.jelly.tags.ant.AntTag - Could not convert tag: td into an Ant task, data type or property
2003-11-13 12:43:41,218 WARN  org.apache.commons.jelly.tags.ant.AntTag - Could not convert tag: a into an Ant task, data type or property
2003-11-13 12:43:41,218 WARN  org.apache.commons.jelly.tags.ant.AntTag - Could not convert tag: br into an Ant task, data type or property
2003-11-13 12:43:41,218 WARN  org.apache.commons.jelly.tags.ant.AntTag - Could not convert tag: a into an Ant task, data type or property
2003-11-13 12:43:41,218 WARN  org.apache.commons.jelly.tags.ant.AntTag - Could not convert tag: br into an Ant task, data type or property
2003-11-13 12:43:41,234 WARN  org.apache.commons.jelly.tags.ant.AntTag - Could not convert tag: a into an Ant task, data type or property
2003-11-13 12:43:41,234 WARN  org.apache.commons.jelly.tags.ant.AntTag - Could not convert tag: br into an Ant task, data type or property
2003-11-13 12:43:41,234 WARN  org.apache.commons.jelly.tags.ant.AntTag - Could not convert tag: a into an Ant task, data type or property
2003-11-13 12:43:41,234 WARN  org.apache.commons.jelly.tags.ant.AntTag - Could not convert tag: br into an Ant task, data type or property
2003-11-13 12:43:41,234 WARN  org.apache.commons.jelly.tags.ant.AntTag - Could not convert tag: td into an Ant task, data type or property
2003-11-13 12:43:41,234 WARN  org.apache.commons.jelly.tags.ant.AntTag - Could not convert tag: a into an Ant task, data type or property
2003-11-13 12:43:41,234 WARN  org.apache.commons.jelly.tags.ant.AntTag - Could not convert tag: br into an Ant task, data type or property
2003-11-13 12:43:41,234 WARN  org.apache.commons.jelly.tags.ant.AntTag - Could not convert tag: td into an Ant task, data type or property
2003-11-13 12:43:41,234 WARN  org.apache.commons.jelly.tags.ant.AntTag - Could not convert tag: a into an Ant task, data type or property
2003-11-13 12:43:41,234 WARN  org.apache.commons.jelly.tags.ant.AntTag - Could not convert tag: br into an Ant task, data type or property
2003-11-13 12:43:41,234 WARN  org.apache.commons.jelly.tags.ant.AntTag - Could not convert tag: a into an Ant task, data type or property
2003-11-13 12:43:41,234 WARN  org.apache.commons.jelly.tags.ant.AntTag - Could not convert tag: br into an Ant task, data type or property
2003-11-13 12:43:41,234 WARN  org.apache.commons.jelly.tags.ant.AntTag - Could not convert tag: a into an Ant task, data type or property
2003-11-13 12:43:41,234 WARN  org.apache.commons.jelly.tags.ant.AntTag - Could not convert tag: br into an Ant task, data type or property
2003-11-13 12:43:41,234 WARN  org.apache.commons.jelly.tags.ant.AntTag - Could not convert tag: a into an Ant task, data type or property
2003-11-13 12:43:41,234 WARN  org.apache.commons.jelly.tags.ant.AntTag - Could not convert tag: br into an Ant task, data type or property
2003-11-13 12:43:41,234 WARN  org.apache.commons.jelly.tags.ant.AntTag - Could not convert tag: a into an Ant task, data type or property
2003-11-13 12:43:41,234 WARN  org.apache.commons.jelly.tags.ant.AntTag - Could not convert tag: br into an Ant task, data type or property
2003-11-13 12:43:41,234 WARN  org.apache.commons.jelly.tags.ant.AntTag - Could not convert tag: a into an Ant task, data type or property
2003-11-13 12:43:41,234 WARN  org.apache.commons.jelly.tags.ant.AntTag - Could not convert tag: br into an Ant task, data type or property
2003-11-13 12:43:41,234 WARN  org.apache.commons.jelly.tags.ant.AntTag - Could not convert tag: a into an Ant task, data type or property
2003-11-13 12:43:41,234 WARN  org.apache.commons.jelly.tags.ant.AntTag - Could not convert tag: br into an Ant task, data type or property
2003-11-13 12:43:41,234 WARN  org.apache.commons.jelly.tags.ant.AntTag - Could not convert tag: a into an Ant task, data type or property
2003-11-13 12:43:41,234 WARN  org.apache.commons.jelly.tags.ant.AntTag - Could not convert tag: br into an Ant task, data type or property
2003-11-13 12:43:41,234 WARN  org.apache.commons.jelly.tags.ant.AntTag - Could not convert tag: a into an Ant task, data type or property
2003-11-13 12:43:41,234 WARN  org.apache.commons.jelly.tags.ant.AntTag - Could not convert tag: br into an Ant task, data type or property
2003-11-13 12:43:41,234 WARN  org.apache.commons.jelly.tags.ant.AntTag - Could not convert tag: a into an Ant task, data type or property
2003-11-13 12:43:41,234 WARN  org.apache.commons.jelly.tags.ant.AntTag - Could not convert tag: br into an Ant task, data type or property
2003-11-13 12:43:41,234 WARN  org.apache.commons.jelly.tags.ant.AntTag - Could not convert tag: a into an Ant task, data type or property
2003-11-13 12:43:41,234 WARN  org.apache.commons.jelly.tags.ant.AntTag - Could not convert tag: br into an Ant task, data type or property
2003-11-13 12:43:41,234 WARN  org.apache.commons.jelly.tags.ant.AntTag - Could not convert tag: a into an Ant task, data type or property
2003-11-13 12:43:41,234 WARN  org.apache.commons.jelly.tags.ant.AntTag - Could not convert tag: br into an Ant task, data type or property
2003-11-13 12:43:41,234 WARN  org.apache.commons.jelly.tags.ant.AntTag - Could not convert tag: a into an Ant task, data type or property
2003-11-13 12:43:41,234 WARN  org.apache.commons.jelly.tags.ant.AntTag - Could not convert tag: br into an Ant task, data type or property
2003-11-13 12:43:41,234 WARN  org.apache.commons.jelly.tags.ant.AntTag - Could not convert tag: a into an Ant task, data type or property
2003-11-13 12:43:41,234 WARN  org.apache.commons.jelly.tags.ant.AntTag - Could not convert tag: br into an Ant task, data type or property
2003-11-13 12:43:41,234 WARN  org.apache.commons.jelly.tags.ant.AntTag - Could not convert tag: subsection into an Ant task, data type or property
2003-11-13 12:43:41,234 WARN  org.apache.commons.jelly.tags.ant.AntTag - Could not convert tag: table into an Ant task, data type or property
2003-11-13 12:43:41,234 WARN  org.apache.commons.jelly.tags.ant.AntTag - Could not convert tag: tr into an Ant task, data type or property
2003-11-13 12:43:41,234 WARN  org.apache.commons.jelly.tags.ant.AntTag - Could not convert tag: th into an Ant task, data type or property
2003-11-13 12:43:41,234 WARN  org.apache.commons.jelly.tags.ant.AntTag - Could not convert tag: th into an Ant task, data type or property
2003-11-13 12:43:41,234 WARN  org.apache.commons.jelly.tags.ant.AntTag - Could not convert tag: th into an Ant task, data type or property
2003-11-13 12:43:41,234 WARN  org.apache.commons.jelly.tags.ant.AntTag - Could not convert tag: th into an Ant task, data type or property
2003-11-13 12:43:41,234 WARN  org.apache.commons.jelly.tags.ant.AntTag - Could not convert tag: th into an Ant task, data type or property
2003-11-13 12:43:41,234 WARN  org.apache.commons.jelly.tags.ant.AntTag - Could not convert tag: tr into an Ant task, data type or property
2003-11-13 12:43:41,234 WARN  org.apache.commons.jelly.tags.ant.AntTag - Could not convert tag: td into an Ant task, data type or property
2003-11-13 12:43:41,234 WARN  org.apache.commons.jelly.tags.ant.AntTag - Could not convert tag: td into an Ant task, data type or property
2003-11-13 12:43:41,234 WARN  org.apache.commons.jelly.tags.ant.AntTag - Could not convert tag: td into an Ant task, data type or property
2003-11-13 12:43:41,234 WARN  org.apache.commons.jelly.tags.ant.AntTag - Could not convert tag: td into an Ant task, data type or property
2003-11-13 12:43:41,234 WARN  org.apache.commons.jelly.tags.ant.AntTag - Could not convert tag: td into an Ant task, data type or property
2003-11-13 12:43:41,234 WARN  org.apache.commons.jelly.tags.ant.AntTag - Could not convert tag: table into an Ant task, data type or property
2003-11-13 12:43:41,234 WARN  org.apache.commons.jelly.tags.ant.AntTag - Could not convert tag: tr into an Ant task, data type or property
2003-11-13 12:43:41,234 WARN  org.apache.commons.jelly.tags.ant.AntTag - Could not convert tag: th into an Ant task, data type or property
2003-11-13 12:43:41,234 WARN  org.apache.commons.jelly.tags.ant.AntTag - Could not convert tag: th into an Ant task, data type or property
2003-11-13 12:43:41,234 WARN  org.apache.commons.jelly.tags.ant.AntTag - Could not convert tag: th into an Ant task, data type or property
2003-11-13 12:43:41,234 WARN  org.apache.commons.jelly.tags.ant.AntTag - Could not convert tag: th into an Ant task, data type or property
2003-11-13 12:43:41,234 WARN  org.apache.commons.jelly.tags.ant.AntTag - Could not convert tag: tr into an Ant task, data type or property
2003-11-13 12:43:41,234 WARN  org.apache.commons.jelly.tags.ant.AntTag - Could not convert tag: td into an Ant task, data type or property
2003-11-13 12:43:41,234 WARN  org.apache.commons.jelly.tags.ant.AntTag - Could not convert tag: a into an Ant task, data type or property
2003-11-13 12:43:41,234 WARN  org.apache.commons.jelly.tags.ant.AntTag - Could not convert tag: br into an Ant task, data type or property
2003-11-13 12:43:41,234 WARN  org.apache.commons.jelly.tags.ant.AntTag - Could not convert tag: a into an Ant task, data type or property
2003-11-13 12:43:41,234 WARN  org.apache.commons.jelly.tags.ant.AntTag - Could not convert tag: br into an Ant task, data type or property
2003-11-13 12:43:41,234 WARN  org.apache.commons.jelly.tags.ant.AntTag - Could not convert tag: a into an Ant task, data type or property
2003-11-13 12:43:41,234 WARN  org.apache.commons.jelly.tags.ant.AntTag - Could not convert tag: br into an Ant task, data type or property
2003-11-13 12:43:41,234 WARN  org.apache.commons.jelly.tags.ant.AntTag - Could not convert tag: td into an Ant task, data type or property
2003-11-13 12:43:41,234 WARN  org.apache.commons.jelly.tags.ant.AntTag - Could not convert tag: a into an Ant task, data type or property
2003-11-13 12:43:41,234 WARN  org.apache.commons.jelly.tags.ant.AntTag - Could not convert tag: br into an Ant task, data type or property
2003-11-13 12:43:41,234 WARN  org.apache.commons.jelly.tags.ant.AntTag - Could not convert tag: a into an Ant task, data type or property
2003-11-13 12:43:41,234 WARN  org.apache.commons.jelly.tags.ant.AntTag - Could not convert tag: br into an Ant task, data type or property
2003-11-13 12:43:41,234 WARN  org.apache.commons.jelly.tags.ant.AntTag - Could not convert tag: a into an Ant task, data type or property
2003-11-13 12:43:41,234 WARN  org.apache.commons.jelly.tags.ant.AntTag - Could not convert tag: br into an Ant task, data type or property
2003-11-13 12:43:41,234 WARN  org.apache.commons.jelly.tags.ant.AntTag - Could not convert tag: a into an Ant task, data type or property
2003-11-13 12:43:41,234 WARN  org.apache.commons.jelly.tags.ant.AntTag - Could not convert tag: br into an Ant task, data type or property
2003-11-13 12:43:41,234 WARN  org.apache.commons.jelly.tags.ant.AntTag - Could not convert tag: a into an Ant task, data type or property
2003-11-13 12:43:41,234 WARN  org.apache.commons.jelly.tags.ant.AntTag - Could not convert tag: br into an Ant task, data type or property
2003-11-13 12:43:41,234 WARN  org.apache.commons.jelly.tags.ant.AntTag - Could not convert tag: a into an Ant task, data type or property
2003-11-13 12:43:41,234 WARN  org.apache.commons.jelly.tags.ant.AntTag - Could not convert tag: br into an Ant task, data type or property
2003-11-13 12:43:41,234 WARN  org.apache.commons.jelly.tags.ant.AntTag - Could not convert tag: a into an Ant task, data type or property
2003-11-13 12:43:41,234 WARN  org.apache.commons.jelly.tags.ant.AntTag - Could not convert tag: br into an Ant task, data type or property
2003-11-13 12:43:41,234 WARN  org.apache.commons.jelly.tags.ant.AntTag - Could not convert tag: a into an Ant task, data type or property
2003-11-13 12:43:41,250 WARN  org.apache.commons.jelly.tags.ant.AntTag - Could not convert tag: br into an Ant task, data type or property
2003-11-13 12:43:41,250 WARN  org.apache.commons.jelly.tags.ant.AntTag - Could not convert tag: a into an Ant task, data type or property
2003-11-13 12:43:41,250 WARN  org.apache.commons.jelly.tags.ant.AntTag - Could not convert tag: br into an Ant task, data type or property
2003-11-13 12:43:41,250 WARN  org.apache.commons.jelly.tags.ant.AntTag - Could not convert tag: a into an Ant task, data type or property
2003-11-13 12:43:41,250 WARN  org.apache.commons.jelly.tags.ant.AntTag - Could not convert tag: br into an Ant task, data type or property
2003-11-13 12:43:41,250 WARN  org.apache.commons.jelly.tags.ant.AntTag - Could not convert tag: a into an Ant task, data type or property
2003-11-13 12:43:41,250 WARN  org.apache.commons.jelly.tags.ant.AntTag - Could not convert tag: br into an Ant task, data type or property
2003-11-13 12:43:41,250 WARN  org.apache.commons.jelly.tags.ant.AntTag - Could not convert tag: a into an Ant task, data type or property
2003-11-13 12:43:41,250 WARN  org.apache.commons.jelly.tags.ant.AntTag - Could not convert tag: br into an Ant task, data type or property
2003-11-13 12:43:41,250 WARN  org.apache.commons.jelly.tags.ant.AntTag - Could not convert tag: a into an Ant task, data type or property
2003-11-13 12:43:41,250 WARN  org.apache.commons.jelly.tags.ant.AntTag - Could not convert tag: br into an Ant task, data type or property
2003-11-13 12:43:41,250 WARN  org.apache.commons.jelly.tags.ant.AntTag - Could not convert tag: a into an Ant task, data type or property
2003-11-13 12:43:41,250 WARN  org.apache.commons.jelly.tags.ant.AntTag - Could not convert tag: br into an Ant task, data type or property
2003-11-13 12:43:41,250 WARN  org.apache.commons.jelly.tags.ant.AntTag - Could not convert tag: a into an Ant task, data type or property
2003-11-13 12:43:41,250 WARN  org.apache.commons.jelly.tags.ant.AntTag - Could not convert tag: br into an Ant task, data type or property
2003-11-13 12:43:41,250 WARN  org.apache.commons.jelly.tags.ant.AntTag - Could not convert tag: a into an Ant task, data type or property
2003-11-13 12:43:41,250 WARN  org.apache.commons.jelly.tags.ant.AntTag - Could not convert tag: br into an Ant task, data type or property
2003-11-13 12:43:41,250 WARN  org.apache.commons.jelly.tags.ant.AntTag - Could not convert tag: a into an Ant task, data type or property
2003-11-13 12:43:41,250 WARN  org.apache.commons.jelly.tags.ant.AntTag - Could not convert tag: br into an Ant task, data type or property
2003-11-13 12:43:41,250 WARN  org.apache.commons.jelly.tags.ant.AntTag - Could not convert tag: a into an Ant task, data type or property
2003-11-13 12:43:41,250 WARN  org.apache.commons.jelly.tags.ant.AntTag - Could not convert tag: br into an Ant task, data type or property
2003-11-13 12:43:41,250 WARN  org.apache.commons.jelly.tags.ant.AntTag - Could not convert tag: a into an Ant task, data type or property
2003-11-13 12:43:41,250 WARN  org.apache.commons.jelly.tags.ant.AntTag - Could not convert tag: br into an Ant task, data type or property
2003-11-13 12:43:41,250 WARN  org.apache.commons.jelly.tags.ant.AntTag - Could not convert tag: a into an Ant task, data type or property
2003-11-13 12:43:41,250 WARN  org.apache.commons.jelly.tags.ant.AntTag - Could not convert tag: br into an Ant task, data type or property
2003-11-13 12:43:41,250 WARN  org.apache.commons.jelly.tags.ant.AntTag - Could not convert tag: td into an Ant task, data type or property
2003-11-13 12:43:41,250 WARN  org.apache.commons.jelly.tags.ant.AntTag - Could not convert tag: a into an Ant task, data type or property
2003-11-13 12:43:41,250 WARN  org.apache.commons.jelly.tags.ant.AntTag - Could not convert tag: br into an Ant task, data type or property
2003-11-13 12:43:41,250 WARN  org.apache.commons.jelly.tags.ant.AntTag - Could not convert tag: a into an Ant task, data type or property
2003-11-13 12:43:41,250 WARN  org.apache.commons.jelly.tags.ant.AntTag - Could not convert tag: br into an Ant task, data type or property
2003-11-13 12:43:41,250 WARN  org.apache.commons.jelly.tags.ant.AntTag - Could not convert tag: a into an Ant task, data type or property
2003-11-13 12:43:41,250 WARN  org.apache.commons.jelly.tags.ant.AntTag - Could not convert tag: br into an Ant task, data type or property
2003-11-13 12:43:41,250 WARN  org.apache.commons.jelly.tags.ant.AntTag - Could not convert tag: a into an Ant task, data type or property
2003-11-13 12:43:41,250 WARN  org.apache.commons.jelly.tags.ant.AntTag - Could not convert tag: br into an Ant task, data type or property
2003-11-13 12:43:41,250 WARN  org.apache.commons.jelly.tags.ant.AntTag - Could not convert tag: a into an Ant task, data type or property
2003-11-13 12:43:41,250 WARN  org.apache.commons.jelly.tags.ant.AntTag - Could not convert tag: br into an Ant task, data type or property
2003-11-13 12:43:41,250 WARN  org.apache.commons.jelly.tags.ant.AntTag - Could not convert tag: a into an Ant task, data type or property
2003-11-13 12:43:41,250 WARN  org.apache.commons.jelly.tags.ant.AntTag - Could not convert tag: br into an Ant task, data type or property
2003-11-13 12:43:41,250 WARN  org.apache.commons.jelly.tags.ant.AntTag - Could not convert tag: a into an Ant task, data type or property
2003-11-13 12:43:41,250 WARN  org.apache.commons.jelly.tags.ant.AntTag - Could not convert tag: br into an Ant task, data type or property
2003-11-13 12:43:41,250 WARN  org.apache.commons.jelly.tags.ant.AntTag - Could not convert tag: td into an Ant task, data type or property
2003-11-13 12:43:41,250 WARN  org.apache.commons.jelly.tags.ant.AntTag - Could not convert tag: a into an Ant task, data type or property
2003-11-13 12:43:41,250 WARN  org.apache.commons.jelly.tags.ant.AntTag - Could not convert tag: br into an Ant task, data type or property
2003-11-13 12:43:41,250 WARN  org.apache.commons.jelly.tags.ant.AntTag - Could not convert tag: a into an Ant task, data type or property
2003-11-13 12:43:41,250 WARN  org.apache.commons.jelly.tags.ant.AntTag - Could not convert tag: br into an Ant task, data type or property
2003-11-13 12:43:41,250 WARN  org.apache.commons.jelly.tags.ant.AntTag - Could not convert tag: a into an Ant task, data type or property
2003-11-13 12:43:41,250 WARN  org.apache.commons.jelly.tags.ant.AntTag - Could not convert tag: br into an Ant task, data type or property
2003-11-13 12:43:41,250 WARN  org.apache.commons.jelly.tags.ant.AntTag - Could not convert tag: a into an Ant task, data type or property
2003-11-13 12:43:41,250 WARN  org.apache.commons.jelly.tags.ant.AntTag - Could not convert tag: br into an Ant task, data type or property
2003-11-13 12:43:41,250 WARN  org.apache.commons.jelly.tags.ant.AntTag - Could not convert tag: a into an Ant task, data type or property
2003-11-13 12:43:41,250 WARN  org.apache.commons.jelly.tags.ant.AntTag - Could not convert tag: br into an Ant task, data type or property
2003-11-13 12:43:41,250 WARN  org.apache.commons.jelly.tags.ant.AntTag - Could not convert tag: a into an Ant task, data type or property
2003-11-13 12:43:41,250 WARN  org.apache.commons.jelly.tags.ant.AntTag - Could not convert tag: br into an Ant task, data type or property
2003-11-13 12:43:41,250 WARN  org.apache.commons.jelly.tags.ant.AntTag - Could not convert tag: a into an Ant task, data type or property
2003-11-13 12:43:41,250 WARN  org.apache.commons.jelly.tags.ant.AntTag - Could not convert tag: br into an Ant task, data type or property
2003-11-13 12:43:41,250 WARN  org.apache.commons.jelly.tags.ant.AntTag - Could not convert tag: a into an Ant task, data type or property
2003-11-13 12:43:41,250 WARN  org.apache.commons.jelly.tags.ant.AntTag - Could not convert tag: br into an Ant task, data type or property
2003-11-13 12:43:41,250 WARN  org.apache.commons.jelly.tags.ant.AntTag - Could not convert tag: a into an Ant task, data type or property
2003-11-13 12:43:41,250 WARN  org.apache.commons.jelly.tags.ant.AntTag - Could not convert tag: br into an Ant task, data type or property
2003-11-13 12:43:41,250 WARN  org.apache.commons.jelly.tags.ant.AntTag - Could not convert tag: subsection into an Ant task, data type or property
2003-11-13 12:43:41,250 WARN  org.apache.commons.jelly.tags.ant.AntTag - Could not convert tag: table into an Ant task, data type or property
2003-11-13 12:43:41,250 WARN  org.apache.commons.jelly.tags.ant.AntTag - Could not convert tag: tr into an Ant task, data type or property
2003-11-13 12:43:41,250 WARN  org.apache.commons.jelly.tags.ant.AntTag - Could not convert tag: th into an Ant task, data type or property
2003-11-13 12:43:41,250 WARN  org.apache.commons.jelly.tags.ant.AntTag - Could not convert tag: th into an Ant task, data type or property
2003-11-13 12:43:41,250 WARN  org.apache.commons.jelly.tags.ant.AntTag - Could not convert tag: th into an Ant task, data type or property
2003-11-13 12:43:41,250 WARN  org.apache.commons.jelly.tags.ant.AntTag - Could not convert tag: th into an Ant task, data type or property
2003-11-13 12:43:41,250 WARN  org.apache.commons.jelly.tags.ant.AntTag - Could not convert tag: th into an Ant task, data type or property
2003-11-13 12:43:41,250 WARN  org.apache.commons.jelly.tags.ant.AntTag - Could not convert tag: tr into an Ant task, data type or property
2003-11-13 12:43:41,250 WARN  org.apache.commons.jelly.tags.ant.AntTag - Could not convert tag: td into an Ant task, data type or property
2003-11-13 12:43:41,250 WARN  org.apache.commons.jelly.tags.ant.AntTag - Could not convert tag: td into an Ant task, data type or property
2003-11-13 12:43:41,250 WARN  org.apache.commons.jelly.tags.ant.AntTag - Could not convert tag: td into an Ant task, data type or property
2003-11-13 12:43:41,250 WARN  org.apache.commons.jelly.tags.ant.AntTag - Could not convert tag: td into an Ant task, data type or property
2003-11-13 12:43:41,250 WARN  org.apache.commons.jelly.tags.ant.AntTag - Could not convert tag: td into an Ant task, data type or property
2003-11-13 12:43:41,250 WARN  org.apache.commons.jelly.tags.ant.AntTag - Could not convert tag: table into an Ant task, data type or property
2003-11-13 12:43:41,250 WARN  org.apache.commons.jelly.tags.ant.AntTag - Could not convert tag: tr into an Ant task, data type or property
2003-11-13 12:43:41,250 WARN  org.apache.commons.jelly.tags.ant.AntTag - Could not convert tag: th into an Ant task, data type or property
2003-11-13 12:43:41,250 WARN  org.apache.commons.jelly.tags.ant.AntTag - Could not convert tag: th into an Ant task, data type or property
2003-11-13 12:43:41,265 WARN  org.apache.commons.jelly.tags.ant.AntTag - Could not convert tag: th into an Ant task, data type or property
2003-11-13 12:43:41,265 WARN  org.apache.commons.jelly.tags.ant.AntTag - Could not convert tag: th into an Ant task, data type or property
2003-11-13 12:43:41,265 WARN  org.apache.commons.jelly.tags.ant.AntTag - Could not convert tag: tr into an Ant task, data type or property
2003-11-13 12:43:41,265 WARN  org.apache.commons.jelly.tags.ant.AntTag - Could not convert tag: td into an Ant task, data type or property
2003-11-13 12:43:41,265 WARN  org.apache.commons.jelly.tags.ant.AntTag - Could not convert tag: a into an Ant task, data type or property
2003-11-13 12:43:41,265 WARN  org.apache.commons.jelly.tags.ant.AntTag - Could not convert tag: br into an Ant task, data type or property
2003-11-13 12:43:41,265 WARN  org.apache.commons.jelly.tags.ant.AntTag - Could not convert tag: a into an Ant task, data type or property
2003-11-13 12:43:41,265 WARN  org.apache.commons.jelly.tags.ant.AntTag - Could not convert tag: br into an Ant task, data type or property
2003-11-13 12:43:41,265 WARN  org.apache.commons.jelly.tags.ant.AntTag - Could not convert tag: a into an Ant task, data type or property
2003-11-13 12:43:41,265 WARN  org.apache.commons.jelly.tags.ant.AntTag - Could not convert tag: br into an Ant task, data type or property
2003-11-13 12:43:41,265 WARN  org.apache.commons.jelly.tags.ant.AntTag - Could not convert tag: td into an Ant task, data type or property
2003-11-13 12:43:41,265 WARN  org.apache.commons.jelly.tags.ant.AntTag - Could not convert tag: a into an Ant task, data type or property
2003-11-13 12:43:41,265 WARN  org.apache.commons.jelly.tags.ant.AntTag - Could not convert tag: br into an Ant task, data type or property
2003-11-13 12:43:41,265 WARN  org.apache.commons.jelly.tags.ant.AntTag - Could not convert tag: a into an Ant task, data type or property
2003-11-13 12:43:41,265 WARN  org.apache.commons.jelly.tags.ant.AntTag - Could not convert tag: br into an Ant task, data type or property
2003-11-13 12:43:41,265 WARN  org.apache.commons.jelly.tags.ant.AntTag - Could not convert tag: a into an Ant task, data type or property
2003-11-13 12:43:41,265 WARN  org.apache.commons.jelly.tags.ant.AntTag - Could not convert tag: br into an Ant task, data type or property
2003-11-13 12:43:41,265 WARN  org.apache.commons.jelly.tags.ant.AntTag - Could not convert tag: a into an Ant task, data type or property
2003-11-13 12:43:41,265 WARN  org.apache.commons.jelly.tags.ant.AntTag - Could not convert tag: br into an Ant task, data type or property
2003-11-13 12:43:41,265 WARN  org.apache.commons.jelly.tags.ant.AntTag - Could not convert tag: a into an Ant task, data type or property
2003-11-13 12:43:41,265 WARN  org.apache.commons.jelly.tags.ant.AntTag - Could not convert tag: br into an Ant task, data type or property
2003-11-13 12:43:41,265 WARN  org.apache.commons.jelly.tags.ant.AntTag - Could not convert tag: a into an Ant task, data type or property
2003-11-13 12:43:41,265 WARN  org.apache.commons.jelly.tags.ant.AntTag - Could not convert tag: br into an Ant task, data type or property
2003-11-13 12:43:41,265 WARN  org.apache.commons.jelly.tags.ant.AntTag - Could not convert tag: a into an Ant task, data type or property
2003-11-13 12:43:41,265 WARN  org.apache.commons.jelly.tags.ant.AntTag - Could not convert tag: br into an Ant task, data type or property
2003-11-13 12:43:41,265 WARN  org.apache.commons.jelly.tags.ant.AntTag - Could not convert tag: a into an Ant task, data type or property
2003-11-13 12:43:41,265 WARN  org.apache.commons.jelly.tags.ant.AntTag - Could not convert tag: br into an Ant task, data type or property
2003-11-13 12:43:41,265 WARN  org.apache.commons.jelly.tags.ant.AntTag - Could not convert tag: a into an Ant task, data type or property
2003-11-13 12:43:41,265 WARN  org.apache.commons.jelly.tags.ant.AntTag - Could not convert tag: br into an Ant task, data type or property
2003-11-13 12:43:41,265 WARN  org.apache.commons.jelly.tags.ant.AntTag - Could not convert tag: a into an Ant task, data type or property
2003-11-13 12:43:41,265 WARN  org.apache.commons.jelly.tags.ant.AntTag - Could not convert tag: br into an Ant task, data type or property
2003-11-13 12:43:41,265 WARN  org.apache.commons.jelly.tags.ant.AntTag - Could not convert tag: a into an Ant task, data type or property
2003-11-13 12:43:41,265 WARN  org.apache.commons.jelly.tags.ant.AntTag - Could not convert tag: br into an Ant task, data type or property
2003-11-13 12:43:41,265 WARN  org.apache.commons.jelly.tags.ant.AntTag - Could not convert tag: a into an Ant task, data type or property
2003-11-13 12:43:41,265 WARN  org.apache.commons.jelly.tags.ant.AntTag - Could not convert tag: br into an Ant task, data type or property
2003-11-13 12:43:41,265 WARN  org.apache.commons.jelly.tags.ant.AntTag - Could not convert tag: a into an Ant task, data type or property
2003-11-13 12:43:41,265 WARN  org.apache.commons.jelly.tags.ant.AntTag - Could not convert tag: br into an Ant task, data type or property
2003-11-13 12:43:41,265 WARN  org.apache.commons.jelly.tags.ant.AntTag - Could not convert tag: a into an Ant task, data type or property
2003-11-13 12:43:41,265 WARN  org.apache.commons.jelly.tags.ant.AntTag - Could not convert tag: br into an Ant task, data type or property
2003-11-13 12:43:41,265 WARN  org.apache.commons.jelly.tags.ant.AntTag - Could not convert tag: a into an Ant task, data type or property
2003-11-13 12:43:41,265 WARN  org.apache.commons.jelly.tags.ant.AntTag - Could not convert tag: br into an Ant task, data type or property
2003-11-13 12:43:41,265 WARN  org.apache.commons.jelly.tags.ant.AntTag - Could not convert tag: a into an Ant task, data type or property
2003-11-13 12:43:41,265 WARN  org.apache.commons.jelly.tags.ant.AntTag - Could not convert tag: br into an Ant task, data type or property
2003-11-13 12:43:41,265 WARN  org.apache.commons.jelly.tags.ant.AntTag - Could not convert tag: a into an Ant task, data type or property
2003-11-13 12:43:41,265 WARN  org.apache.commons.jelly.tags.ant.AntTag - Could not convert tag: br into an Ant task, data type or property
2003-11-13 12:43:41,265 WARN  org.apache.commons.jelly.tags.ant.AntTag - Could not convert tag: a into an Ant task, data type or property
2003-11-13 12:43:41,265 WARN  org.apache.commons.jelly.tags.ant.AntTag - Could not convert tag: br into an Ant task, data type or property
2003-11-13 12:43:41,265 WARN  org.apache.commons.jelly.tags.ant.AntTag - Could not convert tag: a into an Ant task, data type or property
2003-11-13 12:43:41,265 WARN  org.apache.commons.jelly.tags.ant.AntTag - Could not convert tag: br into an Ant task, data type or property
2003-11-13 12:43:41,265 WARN  org.apache.commons.jelly.tags.ant.AntTag - Could not convert tag: a into an Ant task, data type or property
2003-11-13 12:43:41,265 WARN  org.apache.commons.jelly.tags.ant.AntTag - Could not convert tag: br into an Ant task, data type or property
2003-11-13 12:43:41,265 WARN  org.apache.commons.jelly.tags.ant.AntTag - Could not convert tag: a into an Ant task, data type or property
2003-11-13 12:43:41,265 WARN  org.apache.commons.jelly.tags.ant.AntTag - Could not convert tag: br into an Ant task, data type or property
2003-11-13 12:43:41,265 WARN  org.apache.commons.jelly.tags.ant.AntTag - Could not convert tag: a into an Ant task, data type or property
2003-11-13 12:43:41,265 WARN  org.apache.commons.jelly.tags.ant.AntTag - Could not convert tag: br into an Ant task, data type or property
2003-11-13 12:43:41,265 WARN  org.apache.commons.jelly.tags.ant.AntTag - Could not convert tag: td into an Ant task, data type or property
2003-11-13 12:43:41,265 WARN  org.apache.commons.jelly.tags.ant.AntTag - Could not convert tag: a into an Ant task, data type or property
2003-11-13 12:43:41,265 WARN  org.apache.commons.jelly.tags.ant.AntTag - Could not convert tag: br into an Ant task, data type or property
2003-11-13 12:43:41,265 WARN  org.apache.commons.jelly.tags.ant.AntTag - Could not convert tag: td into an Ant task, data type or property
2003-11-13 12:43:41,265 WARN  org.apache.commons.jelly.tags.ant.AntTag - Could not convert tag: a into an Ant task, data type or property
2003-11-13 12:43:41,265 WARN  org.apache.commons.jelly.tags.ant.AntTag - Could not convert tag: br into an Ant task, data type or property
2003-11-13 12:43:41,265 WARN  org.apache.commons.jelly.tags.ant.AntTag - Could not convert tag: a into an Ant task, data type or property
2003-11-13 12:43:41,281 WARN  org.apache.commons.jelly.tags.ant.AntTag - Could not convert tag: br into an Ant task, data type or property
2003-11-13 12:43:41,281 WARN  org.apache.commons.jelly.tags.ant.AntTag - Could not convert tag: a into an Ant task, data type or property
2003-11-13 12:43:41,281 WARN  org.apache.commons.jelly.tags.ant.AntTag - Could not convert tag: br into an Ant task, data type or property
2003-11-13 12:43:41,281 WARN  org.apache.commons.jelly.tags.ant.AntTag - Could not convert tag: a into an Ant task, data type or property
2003-11-13 12:43:41,281 WARN  org.apache.commons.jelly.tags.ant.AntTag - Could not convert tag: br into an Ant task, data type or property
2003-11-13 12:43:41,281 WARN  org.apache.commons.jelly.tags.ant.AntTag - Could not convert tag: a into an Ant task, data type or property
2003-11-13 12:43:41,281 WARN  org.apache.commons.jelly.tags.ant.AntTag - Could not convert tag: br into an Ant task, data type or property
2003-11-13 12:43:41,281 WARN  org.apache.commons.jelly.tags.ant.AntTag - Could not convert tag: a into an Ant task, data type or property
2003-11-13 12:43:41,281 WARN  org.apache.commons.jelly.tags.ant.AntTag - Could not convert tag: br into an Ant task, data type or property
2003-11-13 12:43:41,281 WARN  org.apache.commons.jelly.tags.ant.AntTag - Could not convert tag: a into an Ant task, data type or property
2003-11-13 12:43:41,281 WARN  org.apache.commons.jelly.tags.ant.AntTag - Could not convert tag: br into an Ant task, data type or property
2003-11-13 12:43:41,281 WARN  org.apache.commons.jelly.tags.ant.AntTag - Could not convert tag: a into an Ant task, data type or property
2003-11-13 12:43:41,281 WARN  org.apache.commons.jelly.tags.ant.AntTag - Could not convert tag: br into an Ant task, data type or property
2003-11-13 12:43:41,281 WARN  org.apache.commons.jelly.tags.ant.AntTag - Could not convert tag: a into an Ant task, data type or property
2003-11-13 12:43:41,281 WARN  org.apache.commons.jelly.tags.ant.AntTag - Could not convert tag: br into an Ant task, data type or property
2003-11-13 12:43:41,281 WARN  org.apache.commons.jelly.tags.ant.AntTag - Could not convert tag: subsection into an Ant task, data type or property
2003-11-13 12:43:41,281 WARN  org.apache.commons.jelly.tags.ant.AntTag - Could not convert tag: table into an Ant task, data type or property
2003-11-13 12:43:41,281 WARN  org.apache.commons.jelly.tags.ant.AntTag - Could not convert tag: tr into an Ant task, data type or property
2003-11-13 12:43:41,281 WARN  org.apache.commons.jelly.tags.ant.AntTag - Could not convert tag: th into an Ant task, data type or property
2003-11-13 12:43:41,281 WARN  org.apache.commons.jelly.tags.ant.AntTag - Could not convert tag: th into an Ant task, data type or property
2003-11-13 12:43:41,281 WARN  org.apache.commons.jelly.tags.ant.AntTag - Could not convert tag: th into an Ant task, data type or property
2003-11-13 12:43:41,281 WARN  org.apache.commons.jelly.tags.ant.AntTag - Could not convert tag: th into an Ant task, data type or property
2003-11-13 12:43:41,281 WARN  org.apache.commons.jelly.tags.ant.AntTag - Could not convert tag: th into an Ant task, data type or property
2003-11-13 12:43:41,281 WARN  org.apache.commons.jelly.tags.ant.AntTag - Could not convert tag: tr into an Ant task, data type or property
2003-11-13 12:43:41,281 WARN  org.apache.commons.jelly.tags.ant.AntTag - Could not convert tag: td into an Ant task, data type or property
2003-11-13 12:43:41,281 WARN  org.apache.commons.jelly.tags.ant.AntTag - Could not convert tag: td into an Ant task, data type or property
2003-11-13 12:43:41,281 WARN  org.apache.commons.jelly.tags.ant.AntTag - Could not convert tag: td into an Ant task, data type or property
2003-11-13 12:43:41,281 WARN  org.apache.commons.jelly.tags.ant.AntTag - Could not convert tag: td into an Ant task, data type or property
2003-11-13 12:43:41,281 WARN  org.apache.commons.jelly.tags.ant.AntTag - Could not convert tag: td into an Ant task, data type or property
2003-11-13 12:43:41,281 WARN  org.apache.commons.jelly.tags.ant.AntTag - Could not convert tag: table into an Ant task, data type or property
2003-11-13 12:43:41,281 WARN  org.apache.commons.jelly.tags.ant.AntTag - Could not convert tag: tr into an Ant task, data type or property
2003-11-13 12:43:41,281 WARN  org.apache.commons.jelly.tags.ant.AntTag - Could not convert tag: th into an Ant task, data type or property
2003-11-13 12:43:41,281 WARN  org.apache.commons.jelly.tags.ant.AntTag - Could not convert tag: th into an Ant task, data type or property
2003-11-13 12:43:41,281 WARN  org.apache.commons.jelly.tags.ant.AntTag - Could not convert tag: th into an Ant task, data type or property
2003-11-13 12:43:41,281 WARN  org.apache.commons.jelly.tags.ant.AntTag - Could not convert tag: th into an Ant task, data type or property
2003-11-13 12:43:41,281 WARN  org.apache.commons.jelly.tags.ant.AntTag - Could not convert tag: tr into an Ant task, data type or property
2003-11-13 12:43:41,281 WARN  org.apache.commons.jelly.tags.ant.AntTag - Could not convert tag: td into an Ant task, data type or property
2003-11-13 12:43:41,281 WARN  org.apache.commons.jelly.tags.ant.AntTag - Could not convert tag: td into an Ant task, data type or property
2003-11-13 12:43:41,281 WARN  org.apache.commons.jelly.tags.ant.AntTag - Could not convert tag: a into an Ant task, data type or property
2003-11-13 12:43:41,281 WARN  org.apache.commons.jelly.tags.ant.AntTag - Could not convert tag: br into an Ant task, data type or property
2003-11-13 12:43:41,281 WARN  org.apache.commons.jelly.tags.ant.AntTag - Could not convert tag: a into an Ant task, data type or property
2003-11-13 12:43:41,281 WARN  org.apache.commons.jelly.tags.ant.AntTag - Could not convert tag: br into an Ant task, data type or property
2003-11-13 12:43:41,281 WARN  org.apache.commons.jelly.tags.ant.AntTag - Could not convert tag: a into an Ant task, data type or property
2003-11-13 12:43:41,281 WARN  org.apache.commons.jelly.tags.ant.AntTag - Could not convert tag: br into an Ant task, data type or property
2003-11-13 12:43:41,281 WARN  org.apache.commons.jelly.tags.ant.AntTag - Could not convert tag: a into an Ant task, data type or property
2003-11-13 12:43:41,281 WARN  org.apache.commons.jelly.tags.ant.AntTag - Could not convert tag: br into an Ant task, data type or property
2003-11-13 12:43:41,281 WARN  org.apache.commons.jelly.tags.ant.AntTag - Could not convert tag: a into an Ant task, data type or property
2003-11-13 12:43:41,281 WARN  org.apache.commons.jelly.tags.ant.AntTag - Could not convert tag: br into an Ant task, data type or property
2003-11-13 12:43:41,281 WARN  org.apache.commons.jelly.tags.ant.AntTag - Could not convert tag: a into an Ant task, data type or property
2003-11-13 12:43:41,281 WARN  org.apache.commons.jelly.tags.ant.AntTag - Could not convert tag: br into an Ant task, data type or property
2003-11-13 12:43:41,281 WARN  org.apache.commons.jelly.tags.ant.AntTag - Could not convert tag: a into an Ant task, data type or property
2003-11-13 12:43:41,281 WARN  org.apache.commons.jelly.tags.ant.AntTag - Could not convert tag: br into an Ant task, data type or property
2003-11-13 12:43:41,281 WARN  org.apache.commons.jelly.tags.ant.AntTag - Could not convert tag: a into an Ant task, data type or property
2003-11-13 12:43:41,281 WARN  org.apache.commons.jelly.tags.ant.AntTag - Could not convert tag: br into an Ant task, data type or property
2003-11-13 12:43:41,281 WARN  org.apache.commons.jelly.tags.ant.AntTag - Could not convert tag: a into an Ant task, data type or property
2003-11-13 12:43:41,281 WARN  org.apache.commons.jelly.tags.ant.AntTag - Could not convert tag: br into an Ant task, data type or property
2003-11-13 12:43:41,281 WARN  org.apache.commons.jelly.tags.ant.AntTag - Could not convert tag: a into an Ant task, data type or property
2003-11-13 12:43:41,281 WARN  org.apache.commons.jelly.tags.ant.AntTag - Could not convert tag: br into an Ant task, data type or property
2003-11-13 12:43:41,281 WARN  org.apache.commons.jelly.tags.ant.AntTag - Could not convert tag: a into an Ant task, data type or property
2003-11-13 12:43:41,281 WARN  org.apache.commons.jelly.tags.ant.AntTag - Could not convert tag: br into an Ant task, data type or property
2003-11-13 12:43:41,281 WARN  org.apache.commons.jelly.tags.ant.AntTag - Could not convert tag: a into an Ant task, data type or property
2003-11-13 12:43:41,281 WARN  org.apache.commons.jelly.tags.ant.AntTag - Could not convert tag: br into an Ant task, data type or property
2003-11-13 12:43:41,281 WARN  org.apache.commons.jelly.tags.ant.AntTag - Could not convert tag: a into an Ant task, data type or property
2003-11-13 12:43:41,281 WARN  org.apache.commons.jelly.tags.ant.AntTag - Could not convert tag: br into an Ant task, data type or property
2003-11-13 12:43:41,281 WARN  org.apache.commons.jelly.tags.ant.AntTag - Could not convert tag: a into an Ant task, data type or property
2003-11-13 12:43:41,281 WARN  org.apache.commons.jelly.tags.ant.AntTag - Could not convert tag: br into an Ant task, data type or property
2003-11-13 12:43:41,281 WARN  org.apache.commons.jelly.tags.ant.AntTag - Could not convert tag: a into an Ant task, data type or property
2003-11-13 12:43:41,281 WARN  org.apache.commons.jelly.tags.ant.AntTag - Could not convert tag: br into an Ant task, data type or property
2003-11-13 12:43:41,281 WARN  org.apache.commons.jelly.tags.ant.AntTag - Could not convert tag: a into an Ant task, data type or property
2003-11-13 12:43:41,281 WARN  org.apache.commons.jelly.tags.ant.AntTag - Could not convert tag: br into an Ant task, data type or property
2003-11-13 12:43:41,281 WARN  org.apache.commons.jelly.tags.ant.AntTag - Could not convert tag: a into an Ant task, data type or property
2003-11-13 12:43:41,281 WARN  org.apache.commons.jelly.tags.ant.AntTag - Could not convert tag: br into an Ant task, data type or property
2003-11-13 12:43:41,296 WARN  org.apache.commons.jelly.tags.ant.AntTag - Could not convert tag: a into an Ant task, data type or property
2003-11-13 12:43:41,296 WARN  org.apache.commons.jelly.tags.ant.AntTag - Could not convert tag: br into an Ant task, data type or property
2003-11-13 12:43:41,296 WARN  org.apache.commons.jelly.tags.ant.AntTag - Could not convert tag: a into an Ant task, data type or property
2003-11-13 12:43:41,296 WARN  org.apache.commons.jelly.tags.ant.AntTag - Could not convert tag: br into an Ant task, data type or property
2003-11-13 12:43:41,296 WARN  org.apache.commons.jelly.tags.ant.AntTag - Could not convert tag: a into an Ant task, data type or property
2003-11-13 12:43:41,296 WARN  org.apache.commons.jelly.tags.ant.AntTag - Could not convert tag: br into an Ant task, data type or property
2003-11-13 12:43:41,296 WARN  org.apache.commons.jelly.tags.ant.AntTag - Could not convert tag: a into an Ant task, data type or property
2003-11-13 12:43:41,296 WARN  org.apache.commons.jelly.tags.ant.AntTag - Could not convert tag: br into an Ant task, data type or property
2003-11-13 12:43:41,296 WARN  org.apache.commons.jelly.tags.ant.AntTag - Could not convert tag: a into an Ant task, data type or property
2003-11-13 12:43:41,296 WARN  org.apache.commons.jelly.tags.ant.AntTag - Could not convert tag: br into an Ant task, data type or property
2003-11-13 12:43:41,296 WARN  org.apache.commons.jelly.tags.ant.AntTag - Could not convert tag: a into an Ant task, data type or property
2003-11-13 12:43:41,296 WARN  org.apache.commons.jelly.tags.ant.AntTag - Could not convert tag: br into an Ant task, data type or property
2003-11-13 12:43:41,296 WARN  org.apache.commons.jelly.tags.ant.AntTag - Could not convert tag: a into an Ant task, data type or property
2003-11-13 12:43:41,296 WARN  org.apache.commons.jelly.tags.ant.AntTag - Could not convert tag: br into an Ant task, data type or property
2003-11-13 12:43:41,296 WARN  org.apache.commons.jelly.tags.ant.AntTag - Could not convert tag: a into an Ant task, data type or property
2003-11-13 12:43:41,296 WARN  org.apache.commons.jelly.tags.ant.AntTag - Could not convert tag: br into an Ant task, data type or property
2003-11-13 12:43:41,296 WARN  org.apache.commons.jelly.tags.ant.AntTag - Could not convert tag: a into an Ant task, data type or property
2003-11-13 12:43:41,296 WARN  org.apache.commons.jelly.tags.ant.AntTag - Could not convert tag: br into an Ant task, data type or property
2003-11-13 12:43:41,296 WARN  org.apache.commons.jelly.tags.ant.AntTag - Could not convert tag: a into an Ant task, data type or property
2003-11-13 12:43:41,296 WARN  org.apache.commons.jelly.tags.ant.AntTag - Could not convert tag: br into an Ant task, data type or property
2003-11-13 12:43:41,296 WARN  org.apache.commons.jelly.tags.ant.AntTag - Could not convert tag: a into an Ant task, data type or property
2003-11-13 12:43:41,296 WARN  org.apache.commons.jelly.tags.ant.AntTag - Could not convert tag: br into an Ant task, data type or property
2003-11-13 12:43:41,296 WARN  org.apache.commons.jelly.tags.ant.AntTag - Could not convert tag: a into an Ant task, data type or property
2003-11-13 12:43:41,296 WARN  org.apache.commons.jelly.tags.ant.AntTag - Could not convert tag: br into an Ant task, data type or property
2003-11-13 12:43:41,296 WARN  org.apache.commons.jelly.tags.ant.AntTag - Could not convert tag: td into an Ant task, data type or property
2003-11-13 12:43:41,296 WARN  org.apache.commons.jelly.tags.ant.AntTag - Could not convert tag: a into an Ant task, data type or property
2003-11-13 12:43:41,296 WARN  org.apache.commons.jelly.tags.ant.AntTag - Could not convert tag: br into an Ant task, data type or property
2003-11-13 12:43:41,296 WARN  org.apache.commons.jelly.tags.ant.AntTag - Could not convert tag: a into an Ant task, data type or property
2003-11-13 12:43:41,296 WARN  org.apache.commons.jelly.tags.ant.AntTag - Could not convert tag: br into an Ant task, data type or property
2003-11-13 12:43:41,296 WARN  org.apache.commons.jelly.tags.ant.AntTag - Could not convert tag: a into an Ant task, data type or property
2003-11-13 12:43:41,296 WARN  org.apache.commons.jelly.tags.ant.AntTag - Could not convert tag: br into an Ant task, data type or property
2003-11-13 12:43:41,296 WARN  org.apache.commons.jelly.tags.ant.AntTag - Could not convert tag: a into an Ant task, data type or property
2003-11-13 12:43:41,296 WARN  org.apache.commons.jelly.tags.ant.AntTag - Could not convert tag: br into an Ant task, data type or property
2003-11-13 12:43:41,296 WARN  org.apache.commons.jelly.tags.ant.AntTag - Could not convert tag: a into an Ant task, data type or property
2003-11-13 12:43:41,296 WARN  org.apache.commons.jelly.tags.ant.AntTag - Could not convert tag: br into an Ant task, data type or property
2003-11-13 12:43:41,296 WARN  org.apache.commons.jelly.tags.ant.AntTag - Could not convert tag: a into an Ant task, data type or property
2003-11-13 12:43:41,296 WARN  org.apache.commons.jelly.tags.ant.AntTag - Could not convert tag: br into an Ant task, data type or property
2003-11-13 12:43:41,296 WARN  org.apache.commons.jelly.tags.ant.AntTag - Could not convert tag: a into an Ant task, data type or property
2003-11-13 12:43:41,296 WARN  org.apache.commons.jelly.tags.ant.AntTag - Could not convert tag: br into an Ant task, data type or property
2003-11-13 12:43:41,296 WARN  org.apache.commons.jelly.tags.ant.AntTag - Could not convert tag: a into an Ant task, data type or property
2003-11-13 12:43:41,296 WARN  org.apache.commons.jelly.tags.ant.AntTag - Could not convert tag: br into an Ant task, data type or property
2003-11-13 12:43:41,296 WARN  org.apache.commons.jelly.tags.ant.AntTag - Could not convert tag: a into an Ant task, data type or property
2003-11-13 12:43:41,296 WARN  org.apache.commons.jelly.tags.ant.AntTag - Could not convert tag: br into an Ant task, data type or property
2003-11-13 12:43:41,296 WARN  org.apache.commons.jelly.tags.ant.AntTag - Could not convert tag: a into an Ant task, data type or property
2003-11-13 12:43:41,296 WARN  org.apache.commons.jelly.tags.ant.AntTag - Could not convert tag: br into an Ant task, data type or property
2003-11-13 12:43:41,296 WARN  org.apache.commons.jelly.tags.ant.AntTag - Could not convert tag: a into an Ant task, data type or property
2003-11-13 12:43:41,296 WARN  org.apache.commons.jelly.tags.ant.AntTag - Could not convert tag: br into an Ant task, data type or property
2003-11-13 12:43:41,296 WARN  org.apache.commons.jelly.tags.ant.AntTag - Could not convert tag: a into an Ant task, data type or property
2003-11-13 12:43:41,296 WARN  org.apache.commons.jelly.tags.ant.AntTag - Could not convert tag: br into an Ant task, data type or property
2003-11-13 12:43:41,296 WARN  org.apache.commons.jelly.tags.ant.AntTag - Could not convert tag: a into an Ant task, data type or property
2003-11-13 12:43:41,296 WARN  org.apache.commons.jelly.tags.ant.AntTag - Could not convert tag: br into an Ant task, data type or property
2003-11-13 12:43:41,296 WARN  org.apache.commons.jelly.tags.ant.AntTag - Could not convert tag: a into an Ant task, data type or property
2003-11-13 12:43:41,296 WARN  org.apache.commons.jelly.tags.ant.AntTag - Could not convert tag: br into an Ant task, data type or property
2003-11-13 12:43:41,296 WARN  org.apache.commons.jelly.tags.ant.AntTag - Could not convert tag: a into an Ant task, data type or property
2003-11-13 12:43:41,296 WARN  org.apache.commons.jelly.tags.ant.AntTag - Could not convert tag: br into an Ant task, data type or property
2003-11-13 12:43:41,296 WARN  org.apache.commons.jelly.tags.ant.AntTag - Could not convert tag: a into an Ant task, data type or property
2003-11-13 12:43:41,296 WARN  org.apache.commons.jelly.tags.ant.AntTag - Could not convert tag: br into an Ant task, data type or property
2003-11-13 12:43:41,296 WARN  org.apache.commons.jelly.tags.ant.AntTag - Could not convert tag: a into an Ant task, data type or property
2003-11-13 12:43:41,296 WARN  org.apache.commons.jelly.tags.ant.AntTag - Could not convert tag: br into an Ant task, data type or property
2003-11-13 12:43:41,296 WARN  org.apache.commons.jelly.tags.ant.AntTag - Could not convert tag: a into an Ant task, data type or property
2003-11-13 12:43:41,296 WARN  org.apache.commons.jelly.tags.ant.AntTag - Could not convert tag: br into an Ant task, data type or property
2003-11-13 12:43:41,296 WARN  org.apache.commons.jelly.tags.ant.AntTag - Could not convert tag: a into an Ant task, data type or property
2003-11-13 12:43:41,296 WARN  org.apache.commons.jelly.tags.ant.AntTag - Could not convert tag: br into an Ant task, data type or property
2003-11-13 12:43:41,296 WARN  org.apache.commons.jelly.tags.ant.AntTag - Could not convert tag: a into an Ant task, data type or property
2003-11-13 12:43:41,296 WARN  org.apache.commons.jelly.tags.ant.AntTag - Could not convert tag: br into an Ant task, data type or property
2003-11-13 12:43:41,296 WARN  org.apache.commons.jelly.tags.ant.AntTag - Could not convert tag: a into an Ant task, data type or property
2003-11-13 12:43:41,296 WARN  org.apache.commons.jelly.tags.ant.AntTag - Could not convert tag: br into an Ant task, data type or property
2003-11-13 12:43:41,296 WARN  org.apache.commons.jelly.tags.ant.AntTag - Could not convert tag: a into an Ant task, data type or property
2003-11-13 12:43:41,296 WARN  org.apache.commons.jelly.tags.ant.AntTag - Could not convert tag: br into an Ant task, data type or property
2003-11-13 12:43:41,296 WARN  org.apache.commons.jelly.tags.ant.AntTag - Could not convert tag: a into an Ant task, data type or property
2003-11-13 12:43:41,296 WARN  org.apache.commons.jelly.tags.ant.AntTag - Could not convert tag: br into an Ant task, data type or property
2003-11-13 12:43:41,296 WARN  org.apache.commons.jelly.tags.ant.AntTag - Could not convert tag: a into an Ant task, data type or property
2003-11-13 12:43:41,296 WARN  org.apache.commons.jelly.tags.ant.AntTag - Could not convert tag: br into an Ant task, data type or property
2003-11-13 12:43:41,296 WARN  org.apache.commons.jelly.tags.ant.AntTag - Could not convert tag: a into an Ant task, data type or property
2003-11-13 12:43:41,296 WARN  org.apache.commons.jelly.tags.ant.AntTag - Could not convert tag: br into an Ant task, data type or property
2003-11-13 12:43:41,296 WARN  org.apache.commons.jelly.tags.ant.AntTag - Could not convert tag: a into an Ant task, data type or property
2003-11-13 12:43:41,296 WARN  org.apache.commons.jelly.tags.ant.AntTag - Could not convert tag: br into an Ant task, data type or property
2003-11-13 12:43:41,296 WARN  org.apache.commons.jelly.tags.ant.AntTag - Could not convert tag: a into an Ant task, data type or property
2003-11-13 12:43:41,296 WARN  org.apache.commons.jelly.tags.ant.AntTag - Could not convert tag: br into an Ant task, data type or property
2003-11-13 12:43:41,296 WARN  org.apache.commons.jelly.tags.ant.AntTag - Could not convert tag: a into an Ant task, data type or property
2003-11-13 12:43:41,296 WARN  org.apache.commons.jelly.tags.ant.AntTag - Could not convert tag: br into an Ant task, data type or property
2003-11-13 12:43:41,296 WARN  org.apache.commons.jelly.tags.ant.AntTag - Could not convert tag: a into an Ant task, data type or property
2003-11-13 12:43:41,296 WARN  org.apache.commons.jelly.tags.ant.AntTag - Could not convert tag: br into an Ant task, data type or property
2003-11-13 12:43:41,296 WARN  org.apache.commons.jelly.tags.ant.AntTag - Could not convert tag: a into an Ant task, data type or property
2003-11-13 12:43:41,296 WARN  org.apache.commons.jelly.tags.ant.AntTag - Could not convert tag: br into an Ant task, data type or property
2003-11-13 12:43:41,296 WARN  org.apache.commons.jelly.tags.ant.AntTag - Could not convert tag: a into an Ant task, data type or property
2003-11-13 12:43:41,296 WARN  org.apache.commons.jelly.tags.ant.AntTag - Could not convert tag: br into an Ant task, data type or property
2003-11-13 12:43:41,296 WARN  org.apache.commons.jelly.tags.ant.AntTag - Could not convert tag: a into an Ant task, data type or property
2003-11-13 12:43:41,296 WARN  org.apache.commons.jelly.tags.ant.AntTag - Could not convert tag: br into an Ant task, data type or property
2003-11-13 12:43:41,296 WARN  org.apache.commons.jelly.tags.ant.AntTag - Could not convert tag: a into an Ant task, data type or property
2003-11-13 12:43:41,296 WARN  org.apache.commons.jelly.tags.ant.AntTag - Could not convert tag: br into an Ant task, data type or property
2003-11-13 12:43:41,312 WARN  org.apache.commons.jelly.tags.ant.AntTag - Could not convert tag: a into an Ant task, data type or property
2003-11-13 12:43:41,312 WARN  org.apache.commons.jelly.tags.ant.AntTag - Could not convert tag: br into an Ant task, data type or property
2003-11-13 12:43:41,312 WARN  org.apache.commons.jelly.tags.ant.AntTag - Could not convert tag: a into an Ant task, data type or property
2003-11-13 12:43:41,312 WARN  org.apache.commons.jelly.tags.ant.AntTag - Could not convert tag: br into an Ant task, data type or property
2003-11-13 12:43:41,312 WARN  org.apache.commons.jelly.tags.ant.AntTag - Could not convert tag: a into an Ant task, data type or property
2003-11-13 12:43:41,312 WARN  org.apache.commons.jelly.tags.ant.AntTag - Could not convert tag: br into an Ant task, data type or property
2003-11-13 12:43:41,312 WARN  org.apache.commons.jelly.tags.ant.AntTag - Could not convert tag: a into an Ant task, data type or property
2003-11-13 12:43:41,312 WARN  org.apache.commons.jelly.tags.ant.AntTag - Could not convert tag: br into an Ant task, data type or property
2003-11-13 12:43:41,312 WARN  org.apache.commons.jelly.tags.ant.AntTag - Could not convert tag: a into an Ant task, data type or property
2003-11-13 12:43:41,312 WARN  org.apache.commons.jelly.tags.ant.AntTag - Could not convert tag: br into an Ant task, data type or property
2003-11-13 12:43:41,312 WARN  org.apache.commons.jelly.tags.ant.AntTag - Could not convert tag: a into an Ant task, data type or property
2003-11-13 12:43:41,312 WARN  org.apache.commons.jelly.tags.ant.AntTag - Could not convert tag: br into an Ant task, data type or property
2003-11-13 12:43:41,312 WARN  org.apache.commons.jelly.tags.ant.AntTag - Could not convert tag: a into an Ant task, data type or property
2003-11-13 12:43:41,312 WARN  org.apache.commons.jelly.tags.ant.AntTag - Could not convert tag: br into an Ant task, data type or property
2003-11-13 12:43:41,312 WARN  org.apache.commons.jelly.tags.ant.AntTag - Could not convert tag: a into an Ant task, data type or property
2003-11-13 12:43:41,312 WARN  org.apache.commons.jelly.tags.ant.AntTag - Could not convert tag: br into an Ant task, data type or property
2003-11-13 12:43:41,312 WARN  org.apache.commons.jelly.tags.ant.AntTag - Could not convert tag: a into an Ant task, data type or property
2003-11-13 12:43:41,312 WARN  org.apache.commons.jelly.tags.ant.AntTag - Could not convert tag: br into an Ant task, data type or property
2003-11-13 12:43:41,312 WARN  org.apache.commons.jelly.tags.ant.AntTag - Could not convert tag: a into an Ant task, data type or property
2003-11-13 12:43:41,312 WARN  org.apache.commons.jelly.tags.ant.AntTag - Could not convert tag: br into an Ant task, data type or property
2003-11-13 12:43:41,312 WARN  org.apache.commons.jelly.tags.ant.AntTag - Could not convert tag: a into an Ant task, data type or property
2003-11-13 12:43:41,312 WARN  org.apache.commons.jelly.tags.ant.AntTag - Could not convert tag: br into an Ant task, data type or property
2003-11-13 12:43:41,312 WARN  org.apache.commons.jelly.tags.ant.AntTag - Could not convert tag: a into an Ant task, data type or property
2003-11-13 12:43:41,312 WARN  org.apache.commons.jelly.tags.ant.AntTag - Could not convert tag: br into an Ant task, data type or property
2003-11-13 12:43:41,312 WARN  org.apache.commons.jelly.tags.ant.AntTag - Could not convert tag: a into an Ant task, data type or property
2003-11-13 12:43:41,312 WARN  org.apache.commons.jelly.tags.ant.AntTag - Could not convert tag: br into an Ant task, data type or property
2003-11-13 12:43:41,312 WARN  org.apache.commons.jelly.tags.ant.AntTag - Could not convert tag: a into an Ant task, data type or property
2003-11-13 12:43:41,312 WARN  org.apache.commons.jelly.tags.ant.AntTag - Could not convert tag: br into an Ant task, data type or property
2003-11-13 12:43:41,312 WARN  org.apache.commons.jelly.tags.ant.AntTag - Could not convert tag: a into an Ant task, data type or property
2003-11-13 12:43:41,312 WARN  org.apache.commons.jelly.tags.ant.AntTag - Could not convert tag: br into an Ant task, data type or property
2003-11-13 12:43:41,312 WARN  org.apache.commons.jelly.tags.ant.AntTag - Could not convert tag: td into an Ant task, data type or property
2003-11-13 12:43:41,312 WARN  org.apache.commons.jelly.tags.ant.AntTag - Could not convert tag: a into an Ant task, data type or property
2003-11-13 12:43:41,312 WARN  org.apache.commons.jelly.tags.ant.AntTag - Could not convert tag: br into an Ant task, data type or property
2003-11-13 12:43:41,312 WARN  org.apache.commons.jelly.tags.ant.AntTag - Could not convert tag: a into an Ant task, data type or property
2003-11-13 12:43:41,312 WARN  org.apache.commons.jelly.tags.ant.AntTag - Could not convert tag: br into an Ant task, data type or property
2003-11-13 12:43:41,312 WARN  org.apache.commons.jelly.tags.ant.AntTag - Could not convert tag: a into an Ant task, data type or property
2003-11-13 12:43:41,312 WARN  org.apache.commons.jelly.tags.ant.AntTag - Could not convert tag: br into an Ant task, data type or property
2003-11-13 12:43:41,312 WARN  org.apache.commons.jelly.tags.ant.AntTag - Could not convert tag: a into an Ant task, data type or property
2003-11-13 12:43:41,312 WARN  org.apache.commons.jelly.tags.ant.AntTag - Could not convert tag: br into an Ant task, data type or property
2003-11-13 12:43:41,312 WARN  org.apache.commons.jelly.tags.ant.AntTag - Could not convert tag: a into an Ant task, data type or property
2003-11-13 12:43:41,312 WARN  org.apache.commons.jelly.tags.ant.AntTag - Could not convert tag: br into an Ant task, data type or property
2003-11-13 12:43:41,312 WARN  org.apache.commons.jelly.tags.ant.AntTag - Could not convert tag: a into an Ant task, data type or property
2003-11-13 12:43:41,312 WARN  org.apache.commons.jelly.tags.ant.AntTag - Could not convert tag: br into an Ant task, data type or property
2003-11-13 12:43:41,312 WARN  org.apache.commons.jelly.tags.ant.AntTag - Could not convert tag: a into an Ant task, data type or property
2003-11-13 12:43:41,312 WARN  org.apache.commons.jelly.tags.ant.AntTag - Could not convert tag: br into an Ant task, data type or property
2003-11-13 12:43:41,312 WARN  org.apache.commons.jelly.tags.ant.AntTag - Could not convert tag: subsection into an Ant task, data type or property
2003-11-13 12:43:41,312 WARN  org.apache.commons.jelly.tags.ant.AntTag - Could not convert tag: table into an Ant task, data type or property
2003-11-13 12:43:41,312 WARN  org.apache.commons.jelly.tags.ant.AntTag - Could not convert tag: tr into an Ant task, data type or property
2003-11-13 12:43:41,312 WARN  org.apache.commons.jelly.tags.ant.AntTag - Could not convert tag: th into an Ant task, data type or property
2003-11-13 12:43:41,312 WARN  org.apache.commons.jelly.tags.ant.AntTag - Could not convert tag: th into an Ant task, data type or property
2003-11-13 12:43:41,312 WARN  org.apache.commons.jelly.tags.ant.AntTag - Could not convert tag: th into an Ant task, data type or property
2003-11-13 12:43:41,312 WARN  org.apache.commons.jelly.tags.ant.AntTag - Could not convert tag: th into an Ant task, data type or property
2003-11-13 12:43:41,312 WARN  org.apache.commons.jelly.tags.ant.AntTag - Could not convert tag: th into an Ant task, data type or property
2003-11-13 12:43:41,312 WARN  org.apache.commons.jelly.tags.ant.AntTag - Could not convert tag: tr into an Ant task, data type or property
2003-11-13 12:43:41,312 WARN  org.apache.commons.jelly.tags.ant.AntTag - Could not convert tag: td into an Ant task, data type or property
2003-11-13 12:43:41,312 WARN  org.apache.commons.jelly.tags.ant.AntTag - Could not convert tag: td into an Ant task, data type or property
2003-11-13 12:43:41,312 WARN  org.apache.commons.jelly.tags.ant.AntTag - Could not convert tag: td into an Ant task, data type or property
2003-11-13 12:43:41,312 WARN  org.apache.commons.jelly.tags.ant.AntTag - Could not convert tag: td into an Ant task, data type or property
2003-11-13 12:43:41,312 WARN  org.apache.commons.jelly.tags.ant.AntTag - Could not convert tag: td into an Ant task, data type or property
2003-11-13 12:43:41,312 WARN  org.apache.commons.jelly.tags.ant.AntTag - Could not convert tag: table into an Ant task, data type or property
2003-11-13 12:43:41,312 WARN  org.apache.commons.jelly.tags.ant.AntTag - Could not convert tag: tr into an Ant task, data type or property
2003-11-13 12:43:41,312 WARN  org.apache.commons.jelly.tags.ant.AntTag - Could not convert tag: th into an Ant task, data type or property
2003-11-13 12:43:41,312 WARN  org.apache.commons.jelly.tags.ant.AntTag - Could not convert tag: th into an Ant task, data type or property
2003-11-13 12:43:41,312 WARN  org.apache.commons.jelly.tags.ant.AntTag - Could not convert tag: th into an Ant task, data type or property
2003-11-13 12:43:41,312 WARN  org.apache.commons.jelly.tags.ant.AntTag - Could not convert tag: th into an Ant task, data type or property
2003-11-13 12:43:41,312 WARN  org.apache.commons.jelly.tags.ant.AntTag - Could not convert tag: tr into an Ant task, data type or property
2003-11-13 12:43:41,312 WARN  org.apache.commons.jelly.tags.ant.AntTag - Could not convert tag: td into an Ant task, data type or property
2003-11-13 12:43:41,312 WARN  org.apache.commons.jelly.tags.ant.AntTag - Could not convert tag: td into an Ant task, data type or property
2003-11-13 12:43:41,312 WARN  org.apache.commons.jelly.tags.ant.AntTag - Could not convert tag: a into an Ant task, data type or property
2003-11-13 12:43:41,312 WARN  org.apache.commons.jelly.tags.ant.AntTag - Could not convert tag: br into an Ant task, data type or property
2003-11-13 12:43:41,312 WARN  org.apache.commons.jelly.tags.ant.AntTag - Could not convert tag: a into an Ant task, data type or property
2003-11-13 12:43:41,312 WARN  org.apache.commons.jelly.tags.ant.AntTag - Could not convert tag: br into an Ant task, data type or property
2003-11-13 12:43:41,312 WARN  org.apache.commons.jelly.tags.ant.AntTag - Could not convert tag: a into an Ant task, data type or property
2003-11-13 12:43:41,312 WARN  org.apache.commons.jelly.tags.ant.AntTag - Could not convert tag: br into an Ant task, data type or property
2003-11-13 12:43:41,312 WARN  org.apache.commons.jelly.tags.ant.AntTag - Could not convert tag: a into an Ant task, data type or property
2003-11-13 12:43:41,312 WARN  org.apache.commons.jelly.tags.ant.AntTag - Could not convert tag: br into an Ant task, data type or property
2003-11-13 12:43:41,312 WARN  org.apache.commons.jelly.tags.ant.AntTag - Could not convert tag: a into an Ant task, data type or property
2003-11-13 12:43:41,312 WARN  org.apache.commons.jelly.tags.ant.AntTag - Could not convert tag: br into an Ant task, data type or property
2003-11-13 12:43:41,312 WARN  org.apache.commons.jelly.tags.ant.AntTag - Could not convert tag: a into an Ant task, data type or property
2003-11-13 12:43:41,312 WARN  org.apache.commons.jelly.tags.ant.AntTag - Could not convert tag: br into an Ant task, data type or property
2003-11-13 12:43:41,312 WARN  org.apache.commons.jelly.tags.ant.AntTag - Could not convert tag: a into an Ant task, data type or property
2003-11-13 12:43:41,312 WARN  org.apache.commons.jelly.tags.ant.AntTag - Could not convert tag: br into an Ant task, data type or property
2003-11-13 12:43:41,312 WARN  org.apache.commons.jelly.tags.ant.AntTag - Could not convert tag: a into an Ant task, data type or property
2003-11-13 12:43:41,312 WARN  org.apache.commons.jelly.tags.ant.AntTag - Could not convert tag: br into an Ant task, data type or property
2003-11-13 12:43:41,312 WARN  org.apache.commons.jelly.tags.ant.AntTag - Could not convert tag: a into an Ant task, data type or property
2003-11-13 12:43:41,312 WARN  org.apache.commons.jelly.tags.ant.AntTag - Could not convert tag: br into an Ant task, data type or property
2003-11-13 12:43:41,328 WARN  org.apache.commons.jelly.tags.ant.AntTag - Could not convert tag: a into an Ant task, data type or property
2003-11-13 12:43:41,328 WARN  org.apache.commons.jelly.tags.ant.AntTag - Could not convert tag: br into an Ant task, data type or property
2003-11-13 12:43:41,328 WARN  org.apache.commons.jelly.tags.ant.AntTag - Could not convert tag: a into an Ant task, data type or property
2003-11-13 12:43:41,328 WARN  org.apache.commons.jelly.tags.ant.AntTag - Could not convert tag: br into an Ant task, data type or property
2003-11-13 12:43:41,328 WARN  org.apache.commons.jelly.tags.ant.AntTag - Could not convert tag: a into an Ant task, data type or property
2003-11-13 12:43:41,328 WARN  org.apache.commons.jelly.tags.ant.AntTag - Could not convert tag: br into an Ant task, data type or property
2003-11-13 12:43:41,328 WARN  org.apache.commons.jelly.tags.ant.AntTag - Could not convert tag: a into an Ant task, data type or property
2003-11-13 12:43:41,328 WARN  org.apache.commons.jelly.tags.ant.AntTag - Could not convert tag: br into an Ant task, data type or property
2003-11-13 12:43:41,328 WARN  org.apache.commons.jelly.tags.ant.AntTag - Could not convert tag: td into an Ant task, data type or property
2003-11-13 12:43:41,328 WARN  org.apache.commons.jelly.tags.ant.AntTag - Could not convert tag: a into an Ant task, data type or property
2003-11-13 12:43:41,328 WARN  org.apache.commons.jelly.tags.ant.AntTag - Could not convert tag: br into an Ant task, data type or property
2003-11-13 12:43:41,328 WARN  org.apache.commons.jelly.tags.ant.AntTag - Could not convert tag: a into an Ant task, data type or property
2003-11-13 12:43:41,328 WARN  org.apache.commons.jelly.tags.ant.AntTag - Could not convert tag: br into an Ant task, data type or property
2003-11-13 12:43:41,328 WARN  org.apache.commons.jelly.tags.ant.AntTag - Could not convert tag: a into an Ant task, data type or property
2003-11-13 12:43:41,328 WARN  org.apache.commons.jelly.tags.ant.AntTag - Could not convert tag: br into an Ant task, data type or property
2003-11-13 12:43:41,328 WARN  org.apache.commons.jelly.tags.ant.AntTag - Could not convert tag: a into an Ant task, data type or property
2003-11-13 12:43:41,328 WARN  org.apache.commons.jelly.tags.ant.AntTag - Could not convert tag: br into an Ant task, data type or property
2003-11-13 12:43:41,328 WARN  org.apache.commons.jelly.tags.ant.AntTag - Could not convert tag: a into an Ant task, data type or property
2003-11-13 12:43:41,328 WARN  org.apache.commons.jelly.tags.ant.AntTag - Could not convert tag: br into an Ant task, data type or property
2003-11-13 12:43:41,328 WARN  org.apache.commons.jelly.tags.ant.AntTag - Could not convert tag: a into an Ant task, data type or property
2003-11-13 12:43:41,328 WARN  org.apache.commons.jelly.tags.ant.AntTag - Could not convert tag: br into an Ant task, data type or property
2003-11-13 12:43:41,328 WARN  org.apache.commons.jelly.tags.ant.AntTag - Could not convert tag: td into an Ant task, data type or property
2003-11-13 12:43:41,328 WARN  org.apache.commons.jelly.tags.ant.AntTag - Could not convert tag: a into an Ant task, data type or property
2003-11-13 12:43:41,328 WARN  org.apache.commons.jelly.tags.ant.AntTag - Could not convert tag: br into an Ant task, data type or property
2003-11-13 12:43:41,328 WARN  org.apache.commons.jelly.tags.ant.AntTag - Could not convert tag: a into an Ant task, data type or property
2003-11-13 12:43:41,328 WARN  org.apache.commons.jelly.tags.ant.AntTag - Could not convert tag: br into an Ant task, data type or property
2003-11-13 12:43:41,328 WARN  org.apache.commons.jelly.tags.ant.AntTag - Could not convert tag: a into an Ant task, data type or property
2003-11-13 12:43:41,328 WARN  org.apache.commons.jelly.tags.ant.AntTag - Could not convert tag: br into an Ant task, data type or property
2003-11-13 12:43:41,328 WARN  org.apache.commons.jelly.tags.ant.AntTag - Could not convert tag: a into an Ant task, data type or property
2003-11-13 12:43:41,328 WARN  org.apache.commons.jelly.tags.ant.AntTag - Could not convert tag: br into an Ant task, data type or property
2003-11-13 12:43:41,328 WARN  org.apache.commons.jelly.tags.ant.AntTag - Could not convert tag: a into an Ant task, data type or property
2003-11-13 12:43:41,328 WARN  org.apache.commons.jelly.tags.ant.AntTag - Could not convert tag: br into an Ant task, data type or property
2003-11-13 12:43:41,328 WARN  org.apache.commons.jelly.tags.ant.AntTag - Could not convert tag: a into an Ant task, data type or property
2003-11-13 12:43:41,328 WARN  org.apache.commons.jelly.tags.ant.AntTag - Could not convert tag: br into an Ant task, data type or property
2003-11-13 12:43:41,328 WARN  org.apache.commons.jelly.tags.ant.AntTag - Could not convert tag: a into an Ant task, data type or property
2003-11-13 12:43:41,328 WARN  org.apache.commons.jelly.tags.ant.AntTag - Could not convert tag: br into an Ant task, data type or property
2003-11-13 12:43:41,328 WARN  org.apache.commons.jelly.tags.ant.AntTag - Could not convert tag: a into an Ant task, data type or property
2003-11-13 12:43:41,328 WARN  org.apache.commons.jelly.tags.ant.AntTag - Could not convert tag: br into an Ant task, data type or property
2003-11-13 12:43:41,328 WARN  org.apache.commons.jelly.tags.ant.AntTag - Could not convert tag: a into an Ant task, data type or property
2003-11-13 12:43:41,328 WARN  org.apache.commons.jelly.tags.ant.AntTag - Could not convert tag: br into an Ant task, data type or property
2003-11-13 12:43:41,328 WARN  org.apache.commons.jelly.tags.ant.AntTag - Could not convert tag: a into an Ant task, data type or property
2003-11-13 12:43:41,328 WARN  org.apache.commons.jelly.tags.ant.AntTag - Could not convert tag: br into an Ant task, data type or property
2003-11-13 12:43:41,328 WARN  org.apache.commons.jelly.tags.ant.AntTag - Could not convert tag: a into an Ant task, data type or property
2003-11-13 12:43:41,328 WARN  org.apache.commons.jelly.tags.ant.AntTag - Could not convert tag: br into an Ant task, data type or property
2003-11-13 12:43:41,328 WARN  org.apache.commons.jelly.tags.ant.AntTag - Could not convert tag: a into an Ant task, data type or property
2003-11-13 12:43:41,328 WARN  org.apache.commons.jelly.tags.ant.AntTag - Could not convert tag: br into an Ant task, data type or property
2003-11-13 12:43:41,328 WARN  org.apache.commons.jelly.tags.ant.AntTag - Could not convert tag: a into an Ant task, data type or property
2003-11-13 12:43:41,328 WARN  org.apache.commons.jelly.tags.ant.AntTag - Could not convert tag: br into an Ant task, data type or property
2003-11-13 12:43:41,328 WARN  org.apache.commons.jelly.tags.ant.AntTag - Could not convert tag: a into an Ant task, data type or property
2003-11-13 12:43:41,328 WARN  org.apache.commons.jelly.tags.ant.AntTag - Could not convert tag: br into an Ant task, data type or property
2003-11-13 12:43:41,328 WARN  org.apache.commons.jelly.tags.ant.AntTag - Could not convert tag: a into an Ant task, data type or property
2003-11-13 12:43:41,328 WARN  org.apache.commons.jelly.tags.ant.AntTag - Could not convert tag: br into an Ant task, data type or property
2003-11-13 12:43:41,328 WARN  org.apache.commons.jelly.tags.ant.AntTag - Could not convert tag: a into an Ant task, data type or property
2003-11-13 12:43:41,328 WARN  org.apache.commons.jelly.tags.ant.AntTag - Could not convert tag: br into an Ant task, data type or property
2003-11-13 12:43:41,328 WARN  org.apache.commons.jelly.tags.ant.AntTag - Could not convert tag: subsection into an Ant task, data type or property
2003-11-13 12:43:41,328 WARN  org.apache.commons.jelly.tags.ant.AntTag - Could not convert tag: table into an Ant task, data type or property
2003-11-13 12:43:41,328 WARN  org.apache.commons.jelly.tags.ant.AntTag - Could not convert tag: tr into an Ant task, data type or property
2003-11-13 12:43:41,328 WARN  org.apache.commons.jelly.tags.ant.AntTag - Could not convert tag: th into an Ant task, data type or property
2003-11-13 12:43:41,328 WARN  org.apache.commons.jelly.tags.ant.AntTag - Could not convert tag: th into an Ant task, data type or property
2003-11-13 12:43:41,328 WARN  org.apache.commons.jelly.tags.ant.AntTag - Could not convert tag: th into an Ant task, data type or property
2003-11-13 12:43:41,328 WARN  org.apache.commons.jelly.tags.ant.AntTag - Could not convert tag: th into an Ant task, data type or property
2003-11-13 12:43:41,328 WARN  org.apache.commons.jelly.tags.ant.AntTag - Could not convert tag: th into an Ant task, data type or property
2003-11-13 12:43:41,328 WARN  org.apache.commons.jelly.tags.ant.AntTag - Could not convert tag: tr into an Ant task, data type or property
2003-11-13 12:43:41,328 WARN  org.apache.commons.jelly.tags.ant.AntTag - Could not convert tag: td into an Ant task, data type or property
2003-11-13 12:43:41,328 WARN  org.apache.commons.jelly.tags.ant.AntTag - Could not convert tag: td into an Ant task, data type or property
2003-11-13 12:43:41,328 WARN  org.apache.commons.jelly.tags.ant.AntTag - Could not convert tag: td into an Ant task, data type or property
2003-11-13 12:43:41,328 WARN  org.apache.commons.jelly.tags.ant.AntTag - Could not convert tag: td into an Ant task, data type or property
2003-11-13 12:43:41,328 WARN  org.apache.commons.jelly.tags.ant.AntTag - Could not convert tag: td into an Ant task, data type or property
2003-11-13 12:43:41,328 WARN  org.apache.commons.jelly.tags.ant.AntTag - Could not convert tag: table into an Ant task, data type or property
2003-11-13 12:43:41,328 WARN  org.apache.commons.jelly.tags.ant.AntTag - Could not convert tag: tr into an Ant task, data type or property
2003-11-13 12:43:41,328 WARN  org.apache.commons.jelly.tags.ant.AntTag - Could not convert tag: th into an Ant task, data type or property
2003-11-13 12:43:41,328 WARN  org.apache.commons.jelly.tags.ant.AntTag - Could not convert tag: th into an Ant task, data type or property
2003-11-13 12:43:41,328 WARN  org.apache.commons.jelly.tags.ant.AntTag - Could not convert tag: th into an Ant task, data type or property
2003-11-13 12:43:41,328 WARN  org.apache.commons.jelly.tags.ant.AntTag - Could not convert tag: th into an Ant task, data type or property
2003-11-13 12:43:41,328 WARN  org.apache.commons.jelly.tags.ant.AntTag - Could not convert tag: tr into an Ant task, data type or property
2003-11-13 12:43:41,328 WARN  org.apache.commons.jelly.tags.ant.AntTag - Could not convert tag: td into an Ant task, data type or property
2003-11-13 12:43:41,328 WARN  org.apache.commons.jelly.tags.ant.AntTag - Could not convert tag: a into an Ant task, data type or property
2003-11-13 12:43:41,328 WARN  org.apache.commons.jelly.tags.ant.AntTag - Could not convert tag: br into an Ant task, data type or property
2003-11-13 12:43:41,328 WARN  org.apache.commons.jelly.tags.ant.AntTag - Could not convert tag: a into an Ant task, data type or property
2003-11-13 12:43:41,328 WARN  org.apache.commons.jelly.tags.ant.AntTag - Could not convert tag: br into an Ant task, data type or property
2003-11-13 12:43:41,328 WARN  org.apache.commons.jelly.tags.ant.AntTag - Could not convert tag: td into an Ant task, data type or property
2003-11-13 12:43:41,328 WARN  org.apache.commons.jelly.tags.ant.AntTag - Could not convert tag: a into an Ant task, data type or property
2003-11-13 12:43:41,328 WARN  org.apache.commons.jelly.tags.ant.AntTag - Could not convert tag: br into an Ant task, data type or property
2003-11-13 12:43:41,328 WARN  org.apache.commons.jelly.tags.ant.AntTag - Could not convert tag: a into an Ant task, data type or property
2003-11-13 12:43:41,328 WARN  org.apache.commons.jelly.tags.ant.AntTag - Could not convert tag: br into an Ant task, data type or property
2003-11-13 12:43:41,328 WARN  org.apache.commons.jelly.tags.ant.AntTag - Could not convert tag: a into an Ant task, data type or property
2003-11-13 12:43:41,328 WARN  org.apache.commons.jelly.tags.ant.AntTag - Could not convert tag: br into an Ant task, data type or property
2003-11-13 12:43:41,328 WARN  org.apache.commons.jelly.tags.ant.AntTag - Could not convert tag: a into an Ant task, data type or property
2003-11-13 12:43:41,328 WARN  org.apache.commons.jelly.tags.ant.AntTag - Could not convert tag: br into an Ant task, data type or property
2003-11-13 12:43:41,343 WARN  org.apache.commons.jelly.tags.ant.AntTag - Could not convert tag: a into an Ant task, data type or property
2003-11-13 12:43:41,343 WARN  org.apache.commons.jelly.tags.ant.AntTag - Could not convert tag: br into an Ant task, data type or property
2003-11-13 12:43:41,343 WARN  org.apache.commons.jelly.tags.ant.AntTag - Could not convert tag: a into an Ant task, data type or property
2003-11-13 12:43:41,343 WARN  org.apache.commons.jelly.tags.ant.AntTag - Could not convert tag: br into an Ant task, data type or property
2003-11-13 12:43:41,343 WARN  org.apache.commons.jelly.tags.ant.AntTag - Could not convert tag: a into an Ant task, data type or property
2003-11-13 12:43:41,343 WARN  org.apache.commons.jelly.tags.ant.AntTag - Could not convert tag: br into an Ant task, data type or property
2003-11-13 12:43:41,343 WARN  org.apache.commons.jelly.tags.ant.AntTag - Could not convert tag: a into an Ant task, data type or property
2003-11-13 12:43:41,343 WARN  org.apache.commons.jelly.tags.ant.AntTag - Could not convert tag: br into an Ant task, data type or property
2003-11-13 12:43:41,343 WARN  org.apache.commons.jelly.tags.ant.AntTag - Could not convert tag: td into an Ant task, data type or property
2003-11-13 12:43:41,343 WARN  org.apache.commons.jelly.tags.ant.AntTag - Could not convert tag: a into an Ant task, data type or property
2003-11-13 12:43:41,343 WARN  org.apache.commons.jelly.tags.ant.AntTag - Could not convert tag: br into an Ant task, data type or property
2003-11-13 12:43:41,343 WARN  org.apache.commons.jelly.tags.ant.AntTag - Could not convert tag: a into an Ant task, data type or property
2003-11-13 12:43:41,343 WARN  org.apache.commons.jelly.tags.ant.AntTag - Could not convert tag: br into an Ant task, data type or property
2003-11-13 12:43:41,343 WARN  org.apache.commons.jelly.tags.ant.AntTag - Could not convert tag: a into an Ant task, data type or property
2003-11-13 12:43:41,343 WARN  org.apache.commons.jelly.tags.ant.AntTag - Could not convert tag: br into an Ant task, data type or property
2003-11-13 12:43:41,343 WARN  org.apache.commons.jelly.tags.ant.AntTag - Could not convert tag: a into an Ant task, data type or property
2003-11-13 12:43:41,343 WARN  org.apache.commons.jelly.tags.ant.AntTag - Could not convert tag: br into an Ant task, data type or property
2003-11-13 12:43:41,343 WARN  org.apache.commons.jelly.tags.ant.AntTag - Could not convert tag: a into an Ant task, data type or property
2003-11-13 12:43:41,343 WARN  org.apache.commons.jelly.tags.ant.AntTag - Could not convert tag: br into an Ant task, data type or property
2003-11-13 12:43:41,343 WARN  org.apache.commons.jelly.tags.ant.AntTag - Could not convert tag: td into an Ant task, data type or property
2003-11-13 12:43:41,343 WARN  org.apache.commons.jelly.tags.ant.AntTag - Could not convert tag: a into an Ant task, data type or property
2003-11-13 12:43:41,343 WARN  org.apache.commons.jelly.tags.ant.AntTag - Could not convert tag: br into an Ant task, data type or property
2003-11-13 12:43:41,343 WARN  org.apache.commons.jelly.tags.ant.AntTag - Could not convert tag: a into an Ant task, data type or property
2003-11-13 12:43:41,343 WARN  org.apache.commons.jelly.tags.ant.AntTag - Could not convert tag: br into an Ant task, data type or property
2003-11-13 12:43:41,343 WARN  org.apache.commons.jelly.tags.ant.AntTag - Could not convert tag: a into an Ant task, data type or property
2003-11-13 12:43:41,343 WARN  org.apache.commons.jelly.tags.ant.AntTag - Could not convert tag: br into an Ant task, data type or property
2003-11-13 12:43:41,343 WARN  org.apache.commons.jelly.tags.ant.AntTag - Could not convert tag: a into an Ant task, data type or property
2003-11-13 12:43:41,343 WARN  org.apache.commons.jelly.tags.ant.AntTag - Could not convert tag: br into an Ant task, data type or property
2003-11-13 12:43:41,343 WARN  org.apache.commons.jelly.tags.ant.AntTag - Could not convert tag: a into an Ant task, data type or property
2003-11-13 12:43:41,343 WARN  org.apache.commons.jelly.tags.ant.AntTag - Could not convert tag: br into an Ant task, data type or property
2003-11-13 12:43:41,343 WARN  org.apache.commons.jelly.tags.ant.AntTag - Could not convert tag: a into an Ant task, data type or property
2003-11-13 12:43:41,343 WARN  org.apache.commons.jelly.tags.ant.AntTag - Could not convert tag: br into an Ant task, data type or property
2003-11-13 12:43:41,343 WARN  org.apache.commons.jelly.tags.ant.AntTag - Could not convert tag: a into an Ant task, data type or property
2003-11-13 12:43:41,343 WARN  org.apache.commons.jelly.tags.ant.AntTag - Could not convert tag: br into an Ant task, data type or property
2003-11-13 12:43:41,343 WARN  org.apache.commons.jelly.tags.ant.AntTag - Could not convert tag: a into an Ant task, data type or property
2003-11-13 12:43:41,343 WARN  org.apache.commons.jelly.tags.ant.AntTag - Could not convert tag: br into an Ant task, data type or property
2003-11-13 12:43:41,343 WARN  org.apache.commons.jelly.tags.ant.AntTag - Could not convert tag: a into an Ant task, data type or property
2003-11-13 12:43:41,343 WARN  org.apache.commons.jelly.tags.ant.AntTag - Could not convert tag: br into an Ant task, data type or property
2003-11-13 12:43:41,343 WARN  org.apache.commons.jelly.tags.ant.AntTag - Could not convert tag: a into an Ant task, data type or property
2003-11-13 12:43:41,343 WARN  org.apache.commons.jelly.tags.ant.AntTag - Could not convert tag: br into an Ant task, data type or property
2003-11-13 12:43:41,343 WARN  org.apache.commons.jelly.tags.ant.AntTag - Could not convert tag: a into an Ant task, data type or property
2003-11-13 12:43:41,343 WARN  org.apache.commons.jelly.tags.ant.AntTag - Could not convert tag: br into an Ant task, data type or property
2003-11-13 12:43:41,343 WARN  org.apache.commons.jelly.tags.ant.AntTag - Could not convert tag: a into an Ant task, data type or property
2003-11-13 12:43:41,343 WARN  org.apache.commons.jelly.tags.ant.AntTag - Could not convert tag: br into an Ant task, data type or property
2003-11-13 12:43:41,343 WARN  org.apache.commons.jelly.tags.ant.AntTag - Could not convert tag: a into an Ant task, data type or property
2003-11-13 12:43:41,343 WARN  org.apache.commons.jelly.tags.ant.AntTag - Could not convert tag: br into an Ant task, data type or property
2003-11-13 12:43:41,343 WARN  org.apache.commons.jelly.tags.ant.AntTag - Could not convert tag: a into an Ant task, data type or property
2003-11-13 12:43:41,343 WARN  org.apache.commons.jelly.tags.ant.AntTag - Could not convert tag: br into an Ant task, data type or property
2003-11-13 12:43:41,343 WARN  org.apache.commons.jelly.tags.ant.AntTag - Could not convert tag: a into an Ant task, data type or property
2003-11-13 12:43:41,343 WARN  org.apache.commons.jelly.tags.ant.AntTag - Could not convert tag: br into an Ant task, data type or property
2003-11-13 12:43:41,343 WARN  org.apache.commons.jelly.tags.ant.AntTag - Could not convert tag: subsection into an Ant task, data type or property
2003-11-13 12:43:41,343 WARN  org.apache.commons.jelly.tags.ant.AntTag - Could not convert tag: table into an Ant task, data type or property
2003-11-13 12:43:41,343 WARN  org.apache.commons.jelly.tags.ant.AntTag - Could not convert tag: tr into an Ant task, data type or property
2003-11-13 12:43:41,343 WARN  org.apache.commons.jelly.tags.ant.AntTag - Could not convert tag: th into an Ant task, data type or property
2003-11-13 12:43:41,343 WARN  org.apache.commons.jelly.tags.ant.AntTag - Could not convert tag: th into an Ant task, data type or property
2003-11-13 12:43:41,343 WARN  org.apache.commons.jelly.tags.ant.AntTag - Could not convert tag: th into an Ant task, data type or property
2003-11-13 12:43:41,343 WARN  org.apache.commons.jelly.tags.ant.AntTag - Could not convert tag: th into an Ant task, data type or property
2003-11-13 12:43:41,343 WARN  org.apache.commons.jelly.tags.ant.AntTag - Could not convert tag: th into an Ant task, data type or property
2003-11-13 12:43:41,343 WARN  org.apache.commons.jelly.tags.ant.AntTag - Could not convert tag: tr into an Ant task, data type or property
2003-11-13 12:43:41,343 WARN  org.apache.commons.jelly.tags.ant.AntTag - Could not convert tag: td into an Ant task, data type or property
2003-11-13 12:43:41,343 WARN  org.apache.commons.jelly.tags.ant.AntTag - Could not convert tag: td into an Ant task, data type or property
2003-11-13 12:43:41,343 WARN  org.apache.commons.jelly.tags.ant.AntTag - Could not convert tag: td into an Ant task, data type or property
2003-11-13 12:43:41,343 WARN  org.apache.commons.jelly.tags.ant.AntTag - Could not convert tag: td into an Ant task, data type or property
2003-11-13 12:43:41,343 WARN  org.apache.commons.jelly.tags.ant.AntTag - Could not convert tag: td into an Ant task, data type or property
2003-11-13 12:43:41,343 WARN  org.apache.commons.jelly.tags.ant.AntTag - Could not convert tag: table into an Ant task, data type or property
2003-11-13 12:43:41,343 WARN  org.apache.commons.jelly.tags.ant.AntTag - Could not convert tag: tr into an Ant task, data type or property
2003-11-13 12:43:41,343 WARN  org.apache.commons.jelly.tags.ant.AntTag - Could not convert tag: th into an Ant task, data type or property
2003-11-13 12:43:41,343 WARN  org.apache.commons.jelly.tags.ant.AntTag - Could not convert tag: th into an Ant task, data type or property
2003-11-13 12:43:41,343 WARN  org.apache.commons.jelly.tags.ant.AntTag - Could not convert tag: th into an Ant task, data type or property
2003-11-13 12:43:41,343 WARN  org.apache.commons.jelly.tags.ant.AntTag - Could not convert tag: th into an Ant task, data type or property
2003-11-13 12:43:41,343 WARN  org.apache.commons.jelly.tags.ant.AntTag - Could not convert tag: tr into an Ant task, data type or property
2003-11-13 12:43:41,343 WARN  org.apache.commons.jelly.tags.ant.AntTag - Could not convert tag: td into an Ant task, data type or property
2003-11-13 12:43:41,343 WARN  org.apache.commons.jelly.tags.ant.AntTag - Could not convert tag: td into an Ant task, data type or property
2003-11-13 12:43:41,343 WARN  org.apache.commons.jelly.tags.ant.AntTag - Could not convert tag: a into an Ant task, data type or property
2003-11-13 12:43:41,343 WARN  org.apache.commons.jelly.tags.ant.AntTag - Could not convert tag: br into an Ant task, data type or property
2003-11-13 12:43:41,343 WARN  org.apache.commons.jelly.tags.ant.AntTag - Could not convert tag: a into an Ant task, data type or property
2003-11-13 12:43:41,343 WARN  org.apache.commons.jelly.tags.ant.AntTag - Could not convert tag: br into an Ant task, data type or property
2003-11-13 12:43:41,343 WARN  org.apache.commons.jelly.tags.ant.AntTag - Could not convert tag: a into an Ant task, data type or property
2003-11-13 12:43:41,343 WARN  org.apache.commons.jelly.tags.ant.AntTag - Could not convert tag: br into an Ant task, data type or property
2003-11-13 12:43:41,343 WARN  org.apache.commons.jelly.tags.ant.AntTag - Could not convert tag: td into an Ant task, data type or property
2003-11-13 12:43:41,343 WARN  org.apache.commons.jelly.tags.ant.AntTag - Could not convert tag: a into an Ant task, data type or property
2003-11-13 12:43:41,343 WARN  org.apache.commons.jelly.tags.ant.AntTag - Could not convert tag: br into an Ant task, data type or property
2003-11-13 12:43:41,343 WARN  org.apache.commons.jelly.tags.ant.AntTag - Could not convert tag: td into an Ant task, data type or property
2003-11-13 12:43:41,343 WARN  org.apache.commons.jelly.tags.ant.AntTag - Could not convert tag: a into an Ant task, data type or property
2003-11-13 12:43:41,343 WARN  org.apache.commons.jelly.tags.ant.AntTag - Could not convert tag: br into an Ant task, data type or property
2003-11-13 12:43:41,343 WARN  org.apache.commons.jelly.tags.ant.AntTag - Could not convert tag: a into an Ant task, data type or property
2003-11-13 12:43:41,343 WARN  org.apache.commons.jelly.tags.ant.AntTag - Could not convert tag: br into an Ant task, data type or property
2003-11-13 12:43:41,343 WARN  org.apache.commons.jelly.tags.ant.AntTag - Could not convert tag: a into an Ant task, data type or property
2003-11-13 12:43:41,343 WARN  org.apache.commons.jelly.tags.ant.AntTag - Could not convert tag: br into an Ant task, data type or property
2003-11-13 12:43:41,343 WARN  org.apache.commons.jelly.tags.ant.AntTag - Could not convert tag: a into an Ant task, data type or property
2003-11-13 12:43:41,343 WARN  org.apache.commons.jelly.tags.ant.AntTag - Could not convert tag: br into an Ant task, data type or property
2003-11-13 12:43:41,343 WARN  org.apache.commons.jelly.tags.ant.AntTag - Could not convert tag: a into an Ant task, data type or property
2003-11-13 12:43:41,343 WARN  org.apache.commons.jelly.tags.ant.AntTag - Could not convert tag: br into an Ant task, data type or property
2003-11-13 12:43:41,359 WARN  org.apache.commons.jelly.tags.ant.AntTag - Could not convert tag: a into an Ant task, data type or property
2003-11-13 12:43:41,359 WARN  org.apache.commons.jelly.tags.ant.AntTag - Could not convert tag: br into an Ant task, data type or property
2003-11-13 12:43:41,359 WARN  org.apache.commons.jelly.tags.ant.AntTag - Could not convert tag: a into an Ant task, data type or property
2003-11-13 12:43:41,359 WARN  org.apache.commons.jelly.tags.ant.AntTag - Could not convert tag: br into an Ant task, data type or property
2003-11-13 12:43:41,359 WARN  org.apache.commons.jelly.tags.ant.AntTag - Could not convert tag: a into an Ant task, data type or property
2003-11-13 12:43:41,359 WARN  org.apache.commons.jelly.tags.ant.AntTag - Could not convert tag: br into an Ant task, data type or property
2003-11-13 12:43:41,359 WARN  org.apache.commons.jelly.tags.ant.AntTag - Could not convert tag: a into an Ant task, data type or property
2003-11-13 12:43:41,359 WARN  org.apache.commons.jelly.tags.ant.AntTag - Could not convert tag: br into an Ant task, data type or property
2003-11-13 12:43:41,359 WARN  org.apache.commons.jelly.tags.ant.AntTag - Could not convert tag: a into an Ant task, data type or property
2003-11-13 12:43:41,359 WARN  org.apache.commons.jelly.tags.ant.AntTag - Could not convert tag: br into an Ant task, data type or property
2003-11-13 12:43:41,359 WARN  org.apache.commons.jelly.tags.ant.AntTag - Could not convert tag: a into an Ant task, data type or property
2003-11-13 12:43:41,359 WARN  org.apache.commons.jelly.tags.ant.AntTag - Could not convert tag: br into an Ant task, data type or property
2003-11-13 12:43:41,359 WARN  org.apache.commons.jelly.tags.ant.AntTag - Could not convert tag: a into an Ant task, data type or property
2003-11-13 12:43:41,359 WARN  org.apache.commons.jelly.tags.ant.AntTag - Could not convert tag: br into an Ant task, data type or property
2003-11-13 12:43:41,359 WARN  org.apache.commons.jelly.tags.ant.AntTag - Could not convert tag: a into an Ant task, data type or property
2003-11-13 12:43:41,359 WARN  org.apache.commons.jelly.tags.ant.AntTag - Could not convert tag: br into an Ant task, data type or property
2003-11-13 12:43:41,359 WARN  org.apache.commons.jelly.tags.ant.AntTag - Could not convert tag: a into an Ant task, data type or property
2003-11-13 12:43:41,359 WARN  org.apache.commons.jelly.tags.ant.AntTag - Could not convert tag: br into an Ant task, data type or property
2003-11-13 12:43:41,359 WARN  org.apache.commons.jelly.tags.ant.AntTag - Could not convert tag: subsection into an Ant task, data type or property
2003-11-13 12:43:41,359 WARN  org.apache.commons.jelly.tags.ant.AntTag - Could not convert tag: table into an Ant task, data type or property
2003-11-13 12:43:41,359 WARN  org.apache.commons.jelly.tags.ant.AntTag - Could not convert tag: tr into an Ant task, data type or property
2003-11-13 12:43:41,359 WARN  org.apache.commons.jelly.tags.ant.AntTag - Could not convert tag: th into an Ant task, data type or property
2003-11-13 12:43:41,359 WARN  org.apache.commons.jelly.tags.ant.AntTag - Could not convert tag: th into an Ant task, data type or property
2003-11-13 12:43:41,359 WARN  org.apache.commons.jelly.tags.ant.AntTag - Could not convert tag: th into an Ant task, data type or property
2003-11-13 12:43:41,359 WARN  org.apache.commons.jelly.tags.ant.AntTag - Could not convert tag: th into an Ant task, data type or property
2003-11-13 12:43:41,359 WARN  org.apache.commons.jelly.tags.ant.AntTag - Could not convert tag: th into an Ant task, data type or property
2003-11-13 12:43:41,359 WARN  org.apache.commons.jelly.tags.ant.AntTag - Could not convert tag: tr into an Ant task, data type or property
2003-11-13 12:43:41,359 WARN  org.apache.commons.jelly.tags.ant.AntTag - Could not convert tag: td into an Ant task, data type or property
2003-11-13 12:43:41,359 WARN  org.apache.commons.jelly.tags.ant.AntTag - Could not convert tag: td into an Ant task, data type or property
2003-11-13 12:43:41,359 WARN  org.apache.commons.jelly.tags.ant.AntTag - Could not convert tag: td into an Ant task, data type or property
2003-11-13 12:43:41,359 WARN  org.apache.commons.jelly.tags.ant.AntTag - Could not convert tag: td into an Ant task, data type or property
2003-11-13 12:43:41,359 WARN  org.apache.commons.jelly.tags.ant.AntTag - Could not convert tag: td into an Ant task, data type or property
2003-11-13 12:43:41,359 WARN  org.apache.commons.jelly.tags.ant.AntTag - Could not convert tag: table into an Ant task, data type or property
2003-11-13 12:43:41,359 WARN  org.apache.commons.jelly.tags.ant.AntTag - Could not convert tag: tr into an Ant task, data type or property
2003-11-13 12:43:41,359 WARN  org.apache.commons.jelly.tags.ant.AntTag - Could not convert tag: th into an Ant task, data type or property
2003-11-13 12:43:41,359 WARN  org.apache.commons.jelly.tags.ant.AntTag - Could not convert tag: th into an Ant task, data type or property
2003-11-13 12:43:41,359 WARN  org.apache.commons.jelly.tags.ant.AntTag - Could not convert tag: th into an Ant task, data type or property
2003-11-13 12:43:41,359 WARN  org.apache.commons.jelly.tags.ant.AntTag - Could not convert tag: th into an Ant task, data type or property
2003-11-13 12:43:41,359 WARN  org.apache.commons.jelly.tags.ant.AntTag - Could not convert tag: tr into an Ant task, data type or property
2003-11-13 12:43:41,359 WARN  org.apache.commons.jelly.tags.ant.AntTag - Could not convert tag: td into an Ant task, data type or property
2003-11-13 12:43:41,359 WARN  org.apache.commons.jelly.tags.ant.AntTag - Could not convert tag: td into an Ant task, data type or property
2003-11-13 12:43:41,359 WARN  org.apache.commons.jelly.tags.ant.AntTag - Could not convert tag: a into an Ant task, data type or property
2003-11-13 12:43:41,359 WARN  org.apache.commons.jelly.tags.ant.AntTag - Could not convert tag: br into an Ant task, data type or property
2003-11-13 12:43:41,359 WARN  org.apache.commons.jelly.tags.ant.AntTag - Could not convert tag: a into an Ant task, data type or property
2003-11-13 12:43:41,359 WARN  org.apache.commons.jelly.tags.ant.AntTag - Could not convert tag: br into an Ant task, data type or property
2003-11-13 12:43:41,359 WARN  org.apache.commons.jelly.tags.ant.AntTag - Could not convert tag: a into an Ant task, data type or property
2003-11-13 12:43:41,359 WARN  org.apache.commons.jelly.tags.ant.AntTag - Could not convert tag: br into an Ant task, data type or property
2003-11-13 12:43:41,359 WARN  org.apache.commons.jelly.tags.ant.AntTag - Could not convert tag: a into an Ant task, data type or property
2003-11-13 12:43:41,359 WARN  org.apache.commons.jelly.tags.ant.AntTag - Could not convert tag: br into an Ant task, data type or property
2003-11-13 12:43:41,359 WARN  org.apache.commons.jelly.tags.ant.AntTag - Could not convert tag: a into an Ant task, data type or property
2003-11-13 12:43:41,359 WARN  org.apache.commons.jelly.tags.ant.AntTag - Could not convert tag: br into an Ant task, data type or property
2003-11-13 12:43:41,359 WARN  org.apache.commons.jelly.tags.ant.AntTag - Could not convert tag: a into an Ant task, data type or property
2003-11-13 12:43:41,359 WARN  org.apache.commons.jelly.tags.ant.AntTag - Could not convert tag: br into an Ant task, data type or property
2003-11-13 12:43:41,359 WARN  org.apache.commons.jelly.tags.ant.AntTag - Could not convert tag: a into an Ant task, data type or property
2003-11-13 12:43:41,359 WARN  org.apache.commons.jelly.tags.ant.AntTag - Could not convert tag: br into an Ant task, data type or property
2003-11-13 12:43:41,359 WARN  org.apache.commons.jelly.tags.ant.AntTag - Could not convert tag: a into an Ant task, data type or property
2003-11-13 12:43:41,359 WARN  org.apache.commons.jelly.tags.ant.AntTag - Could not convert tag: br into an Ant task, data type or property
2003-11-13 12:43:41,359 WARN  org.apache.commons.jelly.tags.ant.AntTag - Could not convert tag: a into an Ant task, data type or property
2003-11-13 12:43:41,359 WARN  org.apache.commons.jelly.tags.ant.AntTag - Could not convert tag: br into an Ant task, data type or property
2003-11-13 12:43:41,359 WARN  org.apache.commons.jelly.tags.ant.AntTag - Could not convert tag: a into an Ant task, data type or property
2003-11-13 12:43:41,359 WARN  org.apache.commons.jelly.tags.ant.AntTag - Could not convert tag: br into an Ant task, data type or property
2003-11-13 12:43:41,359 WARN  org.apache.commons.jelly.tags.ant.AntTag - Could not convert tag: a into an Ant task, data type or property
2003-11-13 12:43:41,359 WARN  org.apache.commons.jelly.tags.ant.AntTag - Could not convert tag: br into an Ant task, data type or property
2003-11-13 12:43:41,359 WARN  org.apache.commons.jelly.tags.ant.AntTag - Could not convert tag: a into an Ant task, data type or property
2003-11-13 12:43:41,359 WARN  org.apache.commons.jelly.tags.ant.AntTag - Could not convert tag: br into an Ant task, data type or property
2003-11-13 12:43:41,359 WARN  org.apache.commons.jelly.tags.ant.AntTag - Could not convert tag: a into an Ant task, data type or property
2003-11-13 12:43:41,359 WARN  org.apache.commons.jelly.tags.ant.AntTag - Could not convert tag: br into an Ant task, data type or property
2003-11-13 12:43:41,359 WARN  org.apache.commons.jelly.tags.ant.AntTag - Could not convert tag: td into an Ant task, data type or property
2003-11-13 12:43:41,359 WARN  org.apache.commons.jelly.tags.ant.AntTag - Could not convert tag: a into an Ant task, data type or property
2003-11-13 12:43:41,359 WARN  org.apache.commons.jelly.tags.ant.AntTag - Could not convert tag: br into an Ant task, data type or property
2003-11-13 12:43:41,359 WARN  org.apache.commons.jelly.tags.ant.AntTag - Could not convert tag: td into an Ant task, data type or property
2003-11-13 12:43:41,359 WARN  org.apache.commons.jelly.tags.ant.AntTag - Could not convert tag: a into an Ant task, data type or property
2003-11-13 12:43:41,359 WARN  org.apache.commons.jelly.tags.ant.AntTag - Could not convert tag: br into an Ant task, data type or property
2003-11-13 12:43:41,359 WARN  org.apache.commons.jelly.tags.ant.AntTag - Could not convert tag: a into an Ant task, data type or property
2003-11-13 12:43:41,359 WARN  org.apache.commons.jelly.tags.ant.AntTag - Could not convert tag: br into an Ant task, data type or property
2003-11-13 12:43:41,359 WARN  org.apache.commons.jelly.tags.ant.AntTag - Could not convert tag: a into an Ant task, data type or property
2003-11-13 12:43:41,359 WARN  org.apache.commons.jelly.tags.ant.AntTag - Could not convert tag: br into an Ant task, data type or property
2003-11-13 12:43:41,359 WARN  org.apache.commons.jelly.tags.ant.AntTag - Could not convert tag: a into an Ant task, data type or property
2003-11-13 12:43:41,359 WARN  org.apache.commons.jelly.tags.ant.AntTag - Could not convert tag: br into an Ant task, data type or property
2003-11-13 12:43:41,375 WARN  org.apache.commons.jelly.tags.ant.AntTag - Could not convert tag: a into an Ant task, data type or property
2003-11-13 12:43:41,375 WARN  org.apache.commons.jelly.tags.ant.AntTag - Could not convert tag: br into an Ant task, data type or property
2003-11-13 12:43:41,375 WARN  org.apache.commons.jelly.tags.ant.AntTag - Could not convert tag: a into an Ant task, data type or property
2003-11-13 12:43:41,375 WARN  org.apache.commons.jelly.tags.ant.AntTag - Could not convert tag: br into an Ant task, data type or property
2003-11-13 12:43:41,375 WARN  org.apache.commons.jelly.tags.ant.AntTag - Could not convert tag: a into an Ant task, data type or property
2003-11-13 12:43:41,375 WARN  org.apache.commons.jelly.tags.ant.AntTag - Could not convert tag: br into an Ant task, data type or property
2003-11-13 12:43:41,375 WARN  org.apache.commons.jelly.tags.ant.AntTag - Could not convert tag: a into an Ant task, data type or property
2003-11-13 12:43:41,375 WARN  org.apache.commons.jelly.tags.ant.AntTag - Could not convert tag: br into an Ant task, data type or property
2003-11-13 12:43:41,375 WARN  org.apache.commons.jelly.tags.ant.AntTag - Could not convert tag: a into an Ant task, data type or property
2003-11-13 12:43:41,375 WARN  org.apache.commons.jelly.tags.ant.AntTag - Could not convert tag: br into an Ant task, data type or property
2003-11-13 12:43:41,375 WARN  org.apache.commons.jelly.tags.ant.AntTag - Could not convert tag: a into an Ant task, data type or property
2003-11-13 12:43:41,375 WARN  org.apache.commons.jelly.tags.ant.AntTag - Could not convert tag: br into an Ant task, data type or property
2003-11-13 12:43:41,375 WARN  org.apache.commons.jelly.tags.ant.AntTag - Could not convert tag: a into an Ant task, data type or property
2003-11-13 12:43:41,375 WARN  org.apache.commons.jelly.tags.ant.AntTag - Could not convert tag: br into an Ant task, data type or property
2003-11-13 12:43:41,375 WARN  org.apache.commons.jelly.tags.ant.AntTag - Could not convert tag: a into an Ant task, data type or property
2003-11-13 12:43:41,375 WARN  org.apache.commons.jelly.tags.ant.AntTag - Could not convert tag: br into an Ant task, data type or property
2003-11-13 12:43:41,375 WARN  org.apache.commons.jelly.tags.ant.AntTag - Could not convert tag: a into an Ant task, data type or property
2003-11-13 12:43:41,375 WARN  org.apache.commons.jelly.tags.ant.AntTag - Could not convert tag: br into an Ant task, data type or property
2003-11-13 12:43:41,375 WARN  org.apache.commons.jelly.tags.ant.AntTag - Could not convert tag: a into an Ant task, data type or property
2003-11-13 12:43:41,375 WARN  org.apache.commons.jelly.tags.ant.AntTag - Could not convert tag: br into an Ant task, data type or property
2003-11-13 12:43:41,375 WARN  org.apache.commons.jelly.tags.ant.AntTag - Could not convert tag: a into an Ant task, data type or property
2003-11-13 12:43:41,375 WARN  org.apache.commons.jelly.tags.ant.AntTag - Could not convert tag: br into an Ant task, data type or property
2003-11-13 12:43:41,375 WARN  org.apache.commons.jelly.tags.ant.AntTag - Could not convert tag: a into an Ant task, data type or property
2003-11-13 12:43:41,375 WARN  org.apache.commons.jelly.tags.ant.AntTag - Could not convert tag: br into an Ant task, data type or property
2003-11-13 12:43:41,375 WARN  org.apache.commons.jelly.tags.ant.AntTag - Could not convert tag: a into an Ant task, data type or property
2003-11-13 12:43:41,375 WARN  org.apache.commons.jelly.tags.ant.AntTag - Could not convert tag: br into an Ant task, data type or property
2003-11-13 12:43:41,375 WARN  org.apache.commons.jelly.tags.ant.AntTag - Could not convert tag: subsection into an Ant task, data type or property
2003-11-13 12:43:41,375 WARN  org.apache.commons.jelly.tags.ant.AntTag - Could not convert tag: table into an Ant task, data type or property
2003-11-13 12:43:41,375 WARN  org.apache.commons.jelly.tags.ant.AntTag - Could not convert tag: tr into an Ant task, data type or property
2003-11-13 12:43:41,375 WARN  org.apache.commons.jelly.tags.ant.AntTag - Could not convert tag: th into an Ant task, data type or property
2003-11-13 12:43:41,375 WARN  org.apache.commons.jelly.tags.ant.AntTag - Could not convert tag: th into an Ant task, data type or property
2003-11-13 12:43:41,375 WARN  org.apache.commons.jelly.tags.ant.AntTag - Could not convert tag: th into an Ant task, data type or property
2003-11-13 12:43:41,375 WARN  org.apache.commons.jelly.tags.ant.AntTag - Could not convert tag: th into an Ant task, data type or property
2003-11-13 12:43:41,375 WARN  org.apache.commons.jelly.tags.ant.AntTag - Could not convert tag: th into an Ant task, data type or property
2003-11-13 12:43:41,375 WARN  org.apache.commons.jelly.tags.ant.AntTag - Could not convert tag: tr into an Ant task, data type or property
2003-11-13 12:43:41,375 WARN  org.apache.commons.jelly.tags.ant.AntTag - Could not convert tag: td into an Ant task, data type or property
2003-11-13 12:43:41,375 WARN  org.apache.commons.jelly.tags.ant.AntTag - Could not convert tag: td into an Ant task, data type or property
2003-11-13 12:43:41,375 WARN  org.apache.commons.jelly.tags.ant.AntTag - Could not convert tag: td into an Ant task, data type or property
2003-11-13 12:43:41,375 WARN  org.apache.commons.jelly.tags.ant.AntTag - Could not convert tag: td into an Ant task, data type or property
2003-11-13 12:43:41,375 WARN  org.apache.commons.jelly.tags.ant.AntTag - Could not convert tag: td into an Ant task, data type or property
2003-11-13 12:43:41,375 WARN  org.apache.commons.jelly.tags.ant.AntTag - Could not convert tag: table into an Ant task, data type or property
2003-11-13 12:43:41,375 WARN  org.apache.commons.jelly.tags.ant.AntTag - Could not convert tag: tr into an Ant task, data type or property
2003-11-13 12:43:41,375 WARN  org.apache.commons.jelly.tags.ant.AntTag - Could not convert tag: th into an Ant task, data type or property
2003-11-13 12:43:41,375 WARN  org.apache.commons.jelly.tags.ant.AntTag - Could not convert tag: th into an Ant task, data type or property
2003-11-13 12:43:41,375 WARN  org.apache.commons.jelly.tags.ant.AntTag - Could not convert tag: th into an Ant task, data type or property
2003-11-13 12:43:41,375 WARN  org.apache.commons.jelly.tags.ant.AntTag - Could not convert tag: th into an Ant task, data type or property
2003-11-13 12:43:41,375 WARN  org.apache.commons.jelly.tags.ant.AntTag - Could not convert tag: tr into an Ant task, data type or property
2003-11-13 12:43:41,375 WARN  org.apache.commons.jelly.tags.ant.AntTag - Could not convert tag: td into an Ant task, data type or property
2003-11-13 12:43:41,375 WARN  org.apache.commons.jelly.tags.ant.AntTag - Could not convert tag: td into an Ant task, data type or property
2003-11-13 12:43:41,375 WARN  org.apache.commons.jelly.tags.ant.AntTag - Could not convert tag: a into an Ant task, data type or property
2003-11-13 12:43:41,375 WARN  org.apache.commons.jelly.tags.ant.AntTag - Could not convert tag: br into an Ant task, data type or property
2003-11-13 12:43:41,375 WARN  org.apache.commons.jelly.tags.ant.AntTag - Could not convert tag: a into an Ant task, data type or property
2003-11-13 12:43:41,375 WARN  org.apache.commons.jelly.tags.ant.AntTag - Could not convert tag: br into an Ant task, data type or property
2003-11-13 12:43:41,375 WARN  org.apache.commons.jelly.tags.ant.AntTag - Could not convert tag: a into an Ant task, data type or property
2003-11-13 12:43:41,375 WARN  org.apache.commons.jelly.tags.ant.AntTag - Could not convert tag: br into an Ant task, data type or property
2003-11-13 12:43:41,375 WARN  org.apache.commons.jelly.tags.ant.AntTag - Could not convert tag: a into an Ant task, data type or property
2003-11-13 12:43:41,375 WARN  org.apache.commons.jelly.tags.ant.AntTag - Could not convert tag: br into an Ant task, data type or property
2003-11-13 12:43:41,375 WARN  org.apache.commons.jelly.tags.ant.AntTag - Could not convert tag: a into an Ant task, data type or property
2003-11-13 12:43:41,375 WARN  org.apache.commons.jelly.tags.ant.AntTag - Could not convert tag: br into an Ant task, data type or property
2003-11-13 12:43:41,375 WARN  org.apache.commons.jelly.tags.ant.AntTag - Could not convert tag: a into an Ant task, data type or property
2003-11-13 12:43:41,375 WARN  org.apache.commons.jelly.tags.ant.AntTag - Could not convert tag: br into an Ant task, data type or property
2003-11-13 12:43:41,375 WARN  org.apache.commons.jelly.tags.ant.AntTag - Could not convert tag: a into an Ant task, data type or property
2003-11-13 12:43:41,375 WARN  org.apache.commons.jelly.tags.ant.AntTag - Could not convert tag: br into an Ant task, data type or property
2003-11-13 12:43:41,375 WARN  org.apache.commons.jelly.tags.ant.AntTag - Could not convert tag: a into an Ant task, data type or property
2003-11-13 12:43:41,375 WARN  org.apache.commons.jelly.tags.ant.AntTag - Could not convert tag: br into an Ant task, data type or property
2003-11-13 12:43:41,375 WARN  org.apache.commons.jelly.tags.ant.AntTag - Could not convert tag: a into an Ant task, data type or property
2003-11-13 12:43:41,375 WARN  org.apache.commons.jelly.tags.ant.AntTag - Could not convert tag: br into an Ant task, data type or property
2003-11-13 12:43:41,375 WARN  org.apache.commons.jelly.tags.ant.AntTag - Could not convert tag: a into an Ant task, data type or property
2003-11-13 12:43:41,375 WARN  org.apache.commons.jelly.tags.ant.AntTag - Could not convert tag: br into an Ant task, data type or property
2003-11-13 12:43:41,375 WARN  org.apache.commons.jelly.tags.ant.AntTag - Could not convert tag: a into an Ant task, data type or property
2003-11-13 12:43:41,375 WARN  org.apache.commons.jelly.tags.ant.AntTag - Could not convert tag: br into an Ant task, data type or property
2003-11-13 12:43:41,390 WARN  org.apache.commons.jelly.tags.ant.AntTag - Could not convert tag: a into an Ant task, data type or property
2003-11-13 12:43:41,390 WARN  org.apache.commons.jelly.tags.ant.AntTag - Could not convert tag: br into an Ant task, data type or property
2003-11-13 12:43:41,390 WARN  org.apache.commons.jelly.tags.ant.AntTag - Could not convert tag: a into an Ant task, data type or property
2003-11-13 12:43:41,390 WARN  org.apache.commons.jelly.tags.ant.AntTag - Could not convert tag: br into an Ant task, data type or property
2003-11-13 12:43:41,390 WARN  org.apache.commons.jelly.tags.ant.AntTag - Could not convert tag: a into an Ant task, data type or property
2003-11-13 12:43:41,390 WARN  org.apache.commons.jelly.tags.ant.AntTag - Could not convert tag: br into an Ant task, data type or property
2003-11-13 12:43:41,390 WARN  org.apache.commons.jelly.tags.ant.AntTag - Could not convert tag: a into an Ant task, data type or property
2003-11-13 12:43:41,390 WARN  org.apache.commons.jelly.tags.ant.AntTag - Could not convert tag: br into an Ant task, data type or property
2003-11-13 12:43:41,390 WARN  org.apache.commons.jelly.tags.ant.AntTag - Could not convert tag: td into an Ant task, data type or property
2003-11-13 12:43:41,390 WARN  org.apache.commons.jelly.tags.ant.AntTag - Could not convert tag: a into an Ant task, data type or property
2003-11-13 12:43:41,390 WARN  org.apache.commons.jelly.tags.ant.AntTag - Could not convert tag: br into an Ant task, data type or property
2003-11-13 12:43:41,390 WARN  org.apache.commons.jelly.tags.ant.AntTag - Could not convert tag: td into an Ant task, data type or property
2003-11-13 12:43:41,390 WARN  org.apache.commons.jelly.tags.ant.AntTag - Could not convert tag: a into an Ant task, data type or property
2003-11-13 12:43:41,390 WARN  org.apache.commons.jelly.tags.ant.AntTag - Could not convert tag: br into an Ant task, data type or property
2003-11-13 12:43:41,390 WARN  org.apache.commons.jelly.tags.ant.AntTag - Could not convert tag: a into an Ant task, data type or property
2003-11-13 12:43:41,390 WARN  org.apache.commons.jelly.tags.ant.AntTag - Could not convert tag: br into an Ant task, data type or property
2003-11-13 12:43:41,390 WARN  org.apache.commons.jelly.tags.ant.AntTag - Could not convert tag: a into an Ant task, data type or property
2003-11-13 12:43:41,390 WARN  org.apache.commons.jelly.tags.ant.AntTag - Could not convert tag: br into an Ant task, data type or property
2003-11-13 12:43:41,390 WARN  org.apache.commons.jelly.tags.ant.AntTag - Could not convert tag: a into an Ant task, data type or property
2003-11-13 12:43:41,390 WARN  org.apache.commons.jelly.tags.ant.AntTag - Could not convert tag: br into an Ant task, data type or property
2003-11-13 12:43:41,390 WARN  org.apache.commons.jelly.tags.ant.AntTag - Could not convert tag: a into an Ant task, data type or property
2003-11-13 12:43:41,390 WARN  org.apache.commons.jelly.tags.ant.AntTag - Could not convert tag: br into an Ant task, data type or property
2003-11-13 12:43:41,390 WARN  org.apache.commons.jelly.tags.ant.AntTag - Could not convert tag: a into an Ant task, data type or property
2003-11-13 12:43:41,390 WARN  org.apache.commons.jelly.tags.ant.AntTag - Could not convert tag: br into an Ant task, data type or property
2003-11-13 12:43:41,390 WARN  org.apache.commons.jelly.tags.ant.AntTag - Could not convert tag: a into an Ant task, data type or property
2003-11-13 12:43:41,390 WARN  org.apache.commons.jelly.tags.ant.AntTag - Could not convert tag: br into an Ant task, data type or property
2003-11-13 12:43:41,390 WARN  org.apache.commons.jelly.tags.ant.AntTag - Could not convert tag: a into an Ant task, data type or property
2003-11-13 12:43:41,390 WARN  org.apache.commons.jelly.tags.ant.AntTag - Could not convert tag: br into an Ant task, data type or property
2003-11-13 12:43:41,390 WARN  org.apache.commons.jelly.tags.ant.AntTag - Could not convert tag: a into an Ant task, data type or property
2003-11-13 12:43:41,390 WARN  org.apache.commons.jelly.tags.ant.AntTag - Could not convert tag: br into an Ant task, data type or property
2003-11-13 12:43:41,390 WARN  org.apache.commons.jelly.tags.ant.AntTag - Could not convert tag: a into an Ant task, data type or property
2003-11-13 12:43:41,390 WARN  org.apache.commons.jelly.tags.ant.AntTag - Could not convert tag: br into an Ant task, data type or property
2003-11-13 12:43:41,390 WARN  org.apache.commons.jelly.tags.ant.AntTag - Could not convert tag: a into an Ant task, data type or property
2003-11-13 12:43:41,390 WARN  org.apache.commons.jelly.tags.ant.AntTag - Could not convert tag: br into an Ant task, data type or property
2003-11-13 12:43:41,390 WARN  org.apache.commons.jelly.tags.ant.AntTag - Could not convert tag: a into an Ant task, data type or property
2003-11-13 12:43:41,390 WARN  org.apache.commons.jelly.tags.ant.AntTag - Could not convert tag: br into an Ant task, data type or property
2003-11-13 12:43:41,390 WARN  org.apache.commons.jelly.tags.ant.AntTag - Could not convert tag: a into an Ant task, data type or property
2003-11-13 12:43:41,390 WARN  org.apache.commons.jelly.tags.ant.AntTag - Could not convert tag: br into an Ant task, data type or property
2003-11-13 12:43:41,390 WARN  org.apache.commons.jelly.tags.ant.AntTag - Could not convert tag: a into an Ant task, data type or property
2003-11-13 12:43:41,390 WARN  org.apache.commons.jelly.tags.ant.AntTag - Could not convert tag: br into an Ant task, data type or property
2003-11-13 12:43:41,390 WARN  org.apache.commons.jelly.tags.ant.AntTag - Could not convert tag: a into an Ant task, data type or property
2003-11-13 12:43:41,390 WARN  org.apache.commons.jelly.tags.ant.AntTag - Could not convert tag: br into an Ant task, data type or property
2003-11-13 12:43:41,390 WARN  org.apache.commons.jelly.tags.ant.AntTag - Could not convert tag: a into an Ant task, data type or property
2003-11-13 12:43:41,390 WARN  org.apache.commons.jelly.tags.ant.AntTag - Could not convert tag: br into an Ant task, data type or property
2003-11-13 12:43:41,390 WARN  org.apache.commons.jelly.tags.ant.AntTag - Could not convert tag: a into an Ant task, data type or property
2003-11-13 12:43:41,390 WARN  org.apache.commons.jelly.tags.ant.AntTag - Could not convert tag: br into an Ant task, data type or property
2003-11-13 12:43:41,390 WARN  org.apache.commons.jelly.tags.ant.AntTag - Could not convert tag: subsection into an Ant task, data type or property
2003-11-13 12:43:41,390 WARN  org.apache.commons.jelly.tags.ant.AntTag - Could not convert tag: table into an Ant task, data type or property
2003-11-13 12:43:41,390 WARN  org.apache.commons.jelly.tags.ant.AntTag - Could not convert tag: tr into an Ant task, data type or property
2003-11-13 12:43:41,390 WARN  org.apache.commons.jelly.tags.ant.AntTag - Could not convert tag: th into an Ant task, data type or property
2003-11-13 12:43:41,390 WARN  org.apache.commons.jelly.tags.ant.AntTag - Could not convert tag: th into an Ant task, data type or property
2003-11-13 12:43:41,390 WARN  org.apache.commons.jelly.tags.ant.AntTag - Could not convert tag: th into an Ant task, data type or property
2003-11-13 12:43:41,390 WARN  org.apache.commons.jelly.tags.ant.AntTag - Could not convert tag: th into an Ant task, data type or property
2003-11-13 12:43:41,390 WARN  org.apache.commons.jelly.tags.ant.AntTag - Could not convert tag: th into an Ant task, data type or property
2003-11-13 12:43:41,390 WARN  org.apache.commons.jelly.tags.ant.AntTag - Could not convert tag: tr into an Ant task, data type or property
2003-11-13 12:43:41,390 WARN  org.apache.commons.jelly.tags.ant.AntTag - Could not convert tag: td into an Ant task, data type or property
2003-11-13 12:43:41,390 WARN  org.apache.commons.jelly.tags.ant.AntTag - Could not convert tag: td into an Ant task, data type or property
2003-11-13 12:43:41,390 WARN  org.apache.commons.jelly.tags.ant.AntTag - Could not convert tag: td into an Ant task, data type or property
2003-11-13 12:43:41,390 WARN  org.apache.commons.jelly.tags.ant.AntTag - Could not convert tag: td into an Ant task, data type or property
2003-11-13 12:43:41,390 WARN  org.apache.commons.jelly.tags.ant.AntTag - Could not convert tag: td into an Ant task, data type or property
2003-11-13 12:43:41,390 WARN  org.apache.commons.jelly.tags.ant.AntTag - Could not convert tag: table into an Ant task, data type or property
2003-11-13 12:43:41,390 WARN  org.apache.commons.jelly.tags.ant.AntTag - Could not convert tag: tr into an Ant task, data type or property
2003-11-13 12:43:41,390 WARN  org.apache.commons.jelly.tags.ant.AntTag - Could not convert tag: th into an Ant task, data type or property
2003-11-13 12:43:41,390 WARN  org.apache.commons.jelly.tags.ant.AntTag - Could not convert tag: th into an Ant task, data type or property
2003-11-13 12:43:41,390 WARN  org.apache.commons.jelly.tags.ant.AntTag - Could not convert tag: th into an Ant task, data type or property
2003-11-13 12:43:41,390 WARN  org.apache.commons.jelly.tags.ant.AntTag - Could not convert tag: th into an Ant task, data type or property
2003-11-13 12:43:41,390 WARN  org.apache.commons.jelly.tags.ant.AntTag - Could not convert tag: tr into an Ant task, data type or property
2003-11-13 12:43:41,390 WARN  org.apache.commons.jelly.tags.ant.AntTag - Could not convert tag: td into an Ant task, data type or property
2003-11-13 12:43:41,390 WARN  org.apache.commons.jelly.tags.ant.AntTag - Could not convert tag: td into an Ant task, data type or property
2003-11-13 12:43:41,390 WARN  org.apache.commons.jelly.tags.ant.AntTag - Could not convert tag: a into an Ant task, data type or property
2003-11-13 12:43:41,390 WARN  org.apache.commons.jelly.tags.ant.AntTag - Could not convert tag: br into an Ant task, data type or property
2003-11-13 12:43:41,390 WARN  org.apache.commons.jelly.tags.ant.AntTag - Could not convert tag: a into an Ant task, data type or property
2003-11-13 12:43:41,406 WARN  org.apache.commons.jelly.tags.ant.AntTag - Could not convert tag: br into an Ant task, data type or property
2003-11-13 12:43:41,406 WARN  org.apache.commons.jelly.tags.ant.AntTag - Could not convert tag: a into an Ant task, data type or property
2003-11-13 12:43:41,406 WARN  org.apache.commons.jelly.tags.ant.AntTag - Could not convert tag: br into an Ant task, data type or property
2003-11-13 12:43:41,406 WARN  org.apache.commons.jelly.tags.ant.AntTag - Could not convert tag: a into an Ant task, data type or property
2003-11-13 12:43:41,406 WARN  org.apache.commons.jelly.tags.ant.AntTag - Could not convert tag: br into an Ant task, data type or property
2003-11-13 12:43:41,406 WARN  org.apache.commons.jelly.tags.ant.AntTag - Could not convert tag: a into an Ant task, data type or property
2003-11-13 12:43:41,406 WARN  org.apache.commons.jelly.tags.ant.AntTag - Could not convert tag: br into an Ant task, data type or property
2003-11-13 12:43:41,406 WARN  org.apache.commons.jelly.tags.ant.AntTag - Could not convert tag: td into an Ant task, data type or property
2003-11-13 12:43:41,406 WARN  org.apache.commons.jelly.tags.ant.AntTag - Could not convert tag: a into an Ant task, data type or property
2003-11-13 12:43:41,406 WARN  org.apache.commons.jelly.tags.ant.AntTag - Could not convert tag: br into an Ant task, data type or property
2003-11-13 12:43:41,406 WARN  org.apache.commons.jelly.tags.ant.AntTag - Could not convert tag: td into an Ant task, data type or property
2003-11-13 12:43:41,406 WARN  org.apache.commons.jelly.tags.ant.AntTag - Could not convert tag: a into an Ant task, data type or property
2003-11-13 12:43:41,406 WARN  org.apache.commons.jelly.tags.ant.AntTag - Could not convert tag: br into an Ant task, data type or property
2003-11-13 12:43:41,406 WARN  org.apache.commons.jelly.tags.ant.AntTag - Could not convert tag: a into an Ant task, data type or property
2003-11-13 12:43:41,406 WARN  org.apache.commons.jelly.tags.ant.AntTag - Could not convert tag: br into an Ant task, data type or property
2003-11-13 12:43:41,406 WARN  org.apache.commons.jelly.tags.ant.AntTag - Could not convert tag: a into an Ant task, data type or property
2003-11-13 12:43:41,406 WARN  org.apache.commons.jelly.tags.ant.AntTag - Could not convert tag: br into an Ant task, data type or property
2003-11-13 12:43:41,406 WARN  org.apache.commons.jelly.tags.ant.AntTag - Could not convert tag: a into an Ant task, data type or property
2003-11-13 12:43:41,406 WARN  org.apache.commons.jelly.tags.ant.AntTag - Could not convert tag: br into an Ant task, data type or property
2003-11-13 12:43:41,406 WARN  org.apache.commons.jelly.tags.ant.AntTag - Could not convert tag: a into an Ant task, data type or property
2003-11-13 12:43:41,406 WARN  org.apache.commons.jelly.tags.ant.AntTag - Could not convert tag: br into an Ant task, data type or property
2003-11-13 12:43:41,406 WARN  org.apache.commons.jelly.tags.ant.AntTag - Could not convert tag: a into an Ant task, data type or property
2003-11-13 12:43:41,406 WARN  org.apache.commons.jelly.tags.ant.AntTag - Could not convert tag: br into an Ant task, data type or property
2003-11-13 12:43:41,406 WARN  org.apache.commons.jelly.tags.ant.AntTag - Could not convert tag: a into an Ant task, data type or property
2003-11-13 12:43:41,406 WARN  org.apache.commons.jelly.tags.ant.AntTag - Could not convert tag: br into an Ant task, data type or property
2003-11-13 12:43:41,406 WARN  org.apache.commons.jelly.tags.ant.AntTag - Could not convert tag: a into an Ant task, data type or property
2003-11-13 12:43:41,406 WARN  org.apache.commons.jelly.tags.ant.AntTag - Could not convert tag: br into an Ant task, data type or property
2003-11-13 12:43:41,406 WARN  org.apache.commons.jelly.tags.ant.AntTag - Could not convert tag: a into an Ant task, data type or property
2003-11-13 12:43:41,406 WARN  org.apache.commons.jelly.tags.ant.AntTag - Could not convert tag: br into an Ant task, data type or property
2003-11-13 12:43:41,406 WARN  org.apache.commons.jelly.tags.ant.AntTag - Could not convert tag: a into an Ant task, data type or property
2003-11-13 12:43:41,406 WARN  org.apache.commons.jelly.tags.ant.AntTag - Could not convert tag: br into an Ant task, data type or property
2003-11-13 12:43:41,406 WARN  org.apache.commons.jelly.tags.ant.AntTag - Could not convert tag: a into an Ant task, data type or property
2003-11-13 12:43:41,406 WARN  org.apache.commons.jelly.tags.ant.AntTag - Could not convert tag: br into an Ant task, data type or property
2003-11-13 12:43:41,406 WARN  org.apache.commons.jelly.tags.ant.AntTag - Could not convert tag: a into an Ant task, data type or property
2003-11-13 12:43:41,406 WARN  org.apache.commons.jelly.tags.ant.AntTag - Could not convert tag: br into an Ant task, data type or property
2003-11-13 12:43:41,406 WARN  org.apache.commons.jelly.tags.ant.AntTag - Could not convert tag: a into an Ant task, data type or property
2003-11-13 12:43:41,406 WARN  org.apache.commons.jelly.tags.ant.AntTag - Could not convert tag: br into an Ant task, data type or property
2003-11-13 12:43:41,406 WARN  org.apache.commons.jelly.tags.ant.AntTag - Could not convert tag: a into an Ant task, data type or property
2003-11-13 12:43:41,406 WARN  org.apache.commons.jelly.tags.ant.AntTag - Could not convert tag: br into an Ant task, data type or property
2003-11-13 12:43:41,406 WARN  org.apache.commons.jelly.tags.ant.AntTag - Could not convert tag: a into an Ant task, data type or property
2003-11-13 12:43:41,406 WARN  org.apache.commons.jelly.tags.ant.AntTag - Could not convert tag: br into an Ant task, data type or property
2003-11-13 12:43:41,406 WARN  org.apache.commons.jelly.tags.ant.AntTag - Could not convert tag: subsection into an Ant task, data type or property
2003-11-13 12:43:41,406 WARN  org.apache.commons.jelly.tags.ant.AntTag - Could not convert tag: table into an Ant task, data type or property
2003-11-13 12:43:41,406 WARN  org.apache.commons.jelly.tags.ant.AntTag - Could not convert tag: tr into an Ant task, data type or property
2003-11-13 12:43:41,406 WARN  org.apache.commons.jelly.tags.ant.AntTag - Could not convert tag: th into an Ant task, data type or property
2003-11-13 12:43:41,406 WARN  org.apache.commons.jelly.tags.ant.AntTag - Could not convert tag: th into an Ant task, data type or property
2003-11-13 12:43:41,406 WARN  org.apache.commons.jelly.tags.ant.AntTag - Could not convert tag: th into an Ant task, data type or property
2003-11-13 12:43:41,406 WARN  org.apache.commons.jelly.tags.ant.AntTag - Could not convert tag: th into an Ant task, data type or property
2003-11-13 12:43:41,406 WARN  org.apache.commons.jelly.tags.ant.AntTag - Could not convert tag: th into an Ant task, data type or property
2003-11-13 12:43:41,406 WARN  org.apache.commons.jelly.tags.ant.AntTag - Could not convert tag: tr into an Ant task, data type or property
2003-11-13 12:43:41,406 WARN  org.apache.commons.jelly.tags.ant.AntTag - Could not convert tag: td into an Ant task, data type or property
2003-11-13 12:43:41,406 WARN  org.apache.commons.jelly.tags.ant.AntTag - Could not convert tag: td into an Ant task, data type or property
2003-11-13 12:43:41,406 WARN  org.apache.commons.jelly.tags.ant.AntTag - Could not convert tag: td into an Ant task, data type or property
2003-11-13 12:43:41,406 WARN  org.apache.commons.jelly.tags.ant.AntTag - Could not convert tag: td into an Ant task, data type or property
2003-11-13 12:43:41,406 WARN  org.apache.commons.jelly.tags.ant.AntTag - Could not convert tag: td into an Ant task, data type or property
2003-11-13 12:43:41,406 WARN  org.apache.commons.jelly.tags.ant.AntTag - Could not convert tag: table into an Ant task, data type or property
2003-11-13 12:43:41,406 WARN  org.apache.commons.jelly.tags.ant.AntTag - Could not convert tag: tr into an Ant task, data type or property
2003-11-13 12:43:41,406 WARN  org.apache.commons.jelly.tags.ant.AntTag - Could not convert tag: th into an Ant task, data type or property
2003-11-13 12:43:41,406 WARN  org.apache.commons.jelly.tags.ant.AntTag - Could not convert tag: th into an Ant task, data type or property
2003-11-13 12:43:41,406 WARN  org.apache.commons.jelly.tags.ant.AntTag - Could not convert tag: th into an Ant task, data type or property
2003-11-13 12:43:41,406 WARN  org.apache.commons.jelly.tags.ant.AntTag - Could not convert tag: th into an Ant task, data type or property
2003-11-13 12:43:41,406 WARN  org.apache.commons.jelly.tags.ant.AntTag - Could not convert tag: tr into an Ant task, data type or property
2003-11-13 12:43:41,406 WARN  org.apache.commons.jelly.tags.ant.AntTag - Could not convert tag: td into an Ant task, data type or property
2003-11-13 12:43:41,406 WARN  org.apache.commons.jelly.tags.ant.AntTag - Could not convert tag: a into an Ant task, data type or property
2003-11-13 12:43:41,406 WARN  org.apache.commons.jelly.tags.ant.AntTag - Could not convert tag: br into an Ant task, data type or property
2003-11-13 12:43:41,406 WARN  org.apache.commons.jelly.tags.ant.AntTag - Could not convert tag: td into an Ant task, data type or property
2003-11-13 12:43:41,406 WARN  org.apache.commons.jelly.tags.ant.AntTag - Could not convert tag: a into an Ant task, data type or property
2003-11-13 12:43:41,406 WARN  org.apache.commons.jelly.tags.ant.AntTag - Could not convert tag: br into an Ant task, data type or property
2003-11-13 12:43:41,406 WARN  org.apache.commons.jelly.tags.ant.AntTag - Could not convert tag: a into an Ant task, data type or property
2003-11-13 12:43:41,406 WARN  org.apache.commons.jelly.tags.ant.AntTag - Could not convert tag: br into an Ant task, data type or property
2003-11-13 12:43:41,406 WARN  org.apache.commons.jelly.tags.ant.AntTag - Could not convert tag: a into an Ant task, data type or property
2003-11-13 12:43:41,406 WARN  org.apache.commons.jelly.tags.ant.AntTag - Could not convert tag: br into an Ant task, data type or property
2003-11-13 12:43:41,406 WARN  org.apache.commons.jelly.tags.ant.AntTag - Could not convert tag: a into an Ant task, data type or property
2003-11-13 12:43:41,406 WARN  org.apache.commons.jelly.tags.ant.AntTag - Could not convert tag: br into an Ant task, data type or property
2003-11-13 12:43:41,406 WARN  org.apache.commons.jelly.tags.ant.AntTag - Could not convert tag: a into an Ant task, data type or property
2003-11-13 12:43:41,406 WARN  org.apache.commons.jelly.tags.ant.AntTag - Could not convert tag: br into an Ant task, data type or property
2003-11-13 12:43:41,406 WARN  org.apache.commons.jelly.tags.ant.AntTag - Could not convert tag: a into an Ant task, data type or property
2003-11-13 12:43:41,406 WARN  org.apache.commons.jelly.tags.ant.AntTag - Could not convert tag: br into an Ant task, data type or property
2003-11-13 12:43:41,406 WARN  org.apache.commons.jelly.tags.ant.AntTag - Could not convert tag: a into an Ant task, data type or property
2003-11-13 12:43:41,406 WARN  org.apache.commons.jelly.tags.ant.AntTag - Could not convert tag: br into an Ant task, data type or property
2003-11-13 12:43:41,406 WARN  org.apache.commons.jelly.tags.ant.AntTag - Could not convert tag: a into an Ant task, data type or property
2003-11-13 12:43:41,406 WARN  org.apache.commons.jelly.tags.ant.AntTag - Could not convert tag: br into an Ant task, data type or property
2003-11-13 12:43:41,406 WARN  org.apache.commons.jelly.tags.ant.AntTag - Could not convert tag: a into an Ant task, data type or property
2003-11-13 12:43:41,406 WARN  org.apache.commons.jelly.tags.ant.AntTag - Could not convert tag: br into an Ant task, data type or property
2003-11-13 12:43:41,421 WARN  org.apache.commons.jelly.tags.ant.AntTag - Could not convert tag: a into an Ant task, data type or property
2003-11-13 12:43:41,421 WARN  org.apache.commons.jelly.tags.ant.AntTag - Could not convert tag: br into an Ant task, data type or property
2003-11-13 12:43:41,421 WARN  org.apache.commons.jelly.tags.ant.AntTag - Could not convert tag: a into an Ant task, data type or property
2003-11-13 12:43:41,421 WARN  org.apache.commons.jelly.tags.ant.AntTag - Could not convert tag: br into an Ant task, data type or property
2003-11-13 12:43:41,421 WARN  org.apache.commons.jelly.tags.ant.AntTag - Could not convert tag: td into an Ant task, data type or property
2003-11-13 12:43:41,421 WARN  org.apache.commons.jelly.tags.ant.AntTag - Could not convert tag: a into an Ant task, data type or property
2003-11-13 12:43:41,421 WARN  org.apache.commons.jelly.tags.ant.AntTag - Could not convert tag: br into an Ant task, data type or property
2003-11-13 12:43:41,421 WARN  org.apache.commons.jelly.tags.ant.AntTag - Could not convert tag: td into an Ant task, data type or property
2003-11-13 12:43:41,421 WARN  org.apache.commons.jelly.tags.ant.AntTag - Could not convert tag: a into an Ant task, data type or property
2003-11-13 12:43:41,421 WARN  org.apache.commons.jelly.tags.ant.AntTag - Could not convert tag: br into an Ant task, data type or property
2003-11-13 12:43:41,421 WARN  org.apache.commons.jelly.tags.ant.AntTag - Could not convert tag: a into an Ant task, data type or property
2003-11-13 12:43:41,421 WARN  org.apache.commons.jelly.tags.ant.AntTag - Could not convert tag: br into an Ant task, data type or property
2003-11-13 12:43:41,421 WARN  org.apache.commons.jelly.tags.ant.AntTag - Could not convert tag: a into an Ant task, data type or property
2003-11-13 12:43:41,421 WARN  org.apache.commons.jelly.tags.ant.AntTag - Could not convert tag: br into an Ant task, data type or property
2003-11-13 12:43:41,421 WARN  org.apache.commons.jelly.tags.ant.AntTag - Could not convert tag: a into an Ant task, data type or property
2003-11-13 12:43:41,421 WARN  org.apache.commons.jelly.tags.ant.AntTag - Could not convert tag: br into an Ant task, data type or property
2003-11-13 12:43:41,421 WARN  org.apache.commons.jelly.tags.ant.AntTag - Could not convert tag: a into an Ant task, data type or property
2003-11-13 12:43:41,421 WARN  org.apache.commons.jelly.tags.ant.AntTag - Could not convert tag: br into an Ant task, data type or property
2003-11-13 12:43:41,421 WARN  org.apache.commons.jelly.tags.ant.AntTag - Could not convert tag: a into an Ant task, data type or property
2003-11-13 12:43:41,421 WARN  org.apache.commons.jelly.tags.ant.AntTag - Could not convert tag: br into an Ant task, data type or property
2003-11-13 12:43:41,421 WARN  org.apache.commons.jelly.tags.ant.AntTag - Could not convert tag: a into an Ant task, data type or property
2003-11-13 12:43:41,421 WARN  org.apache.commons.jelly.tags.ant.AntTag - Could not convert tag: br into an Ant task, data type or property
2003-11-13 12:43:41,421 WARN  org.apache.commons.jelly.tags.ant.AntTag - Could not convert tag: subsection into an Ant task, data type or property
2003-11-13 12:43:41,421 WARN  org.apache.commons.jelly.tags.ant.AntTag - Could not convert tag: table into an Ant task, data type or property
2003-11-13 12:43:41,421 WARN  org.apache.commons.jelly.tags.ant.AntTag - Could not convert tag: tr into an Ant task, data type or property
2003-11-13 12:43:41,421 WARN  org.apache.commons.jelly.tags.ant.AntTag - Could not convert tag: th into an Ant task, data type or property
2003-11-13 12:43:41,421 WARN  org.apache.commons.jelly.tags.ant.AntTag - Could not convert tag: th into an Ant task, data type or property
2003-11-13 12:43:41,421 WARN  org.apache.commons.jelly.tags.ant.AntTag - Could not convert tag: th into an Ant task, data type or property
2003-11-13 12:43:41,421 WARN  org.apache.commons.jelly.tags.ant.AntTag - Could not convert tag: th into an Ant task, data type or property
2003-11-13 12:43:41,421 WARN  org.apache.commons.jelly.tags.ant.AntTag - Could not convert tag: th into an Ant task, data type or property
2003-11-13 12:43:41,421 WARN  org.apache.commons.jelly.tags.ant.AntTag - Could not convert tag: tr into an Ant task, data type or property
2003-11-13 12:43:41,421 WARN  org.apache.commons.jelly.tags.ant.AntTag - Could not convert tag: td into an Ant task, data type or property
2003-11-13 12:43:41,421 WARN  org.apache.commons.jelly.tags.ant.AntTag - Could not convert tag: td into an Ant task, data type or property
2003-11-13 12:43:41,421 WARN  org.apache.commons.jelly.tags.ant.AntTag - Could not convert tag: td into an Ant task, data type or property
2003-11-13 12:43:41,421 WARN  org.apache.commons.jelly.tags.ant.AntTag - Could not convert tag: td into an Ant task, data type or property
2003-11-13 12:43:41,421 WARN  org.apache.commons.jelly.tags.ant.AntTag - Could not convert tag: td into an Ant task, data type or property
2003-11-13 12:43:41,421 WARN  org.apache.commons.jelly.tags.ant.AntTag - Could not convert tag: table into an Ant task, data type or property
2003-11-13 12:43:41,421 WARN  org.apache.commons.jelly.tags.ant.AntTag - Could not convert tag: tr into an Ant task, data type or property
2003-11-13 12:43:41,421 WARN  org.apache.commons.jelly.tags.ant.AntTag - Could not convert tag: th into an Ant task, data type or property
2003-11-13 12:43:41,421 WARN  org.apache.commons.jelly.tags.ant.AntTag - Could not convert tag: th into an Ant task, data type or property
2003-11-13 12:43:41,421 WARN  org.apache.commons.jelly.tags.ant.AntTag - Could not convert tag: th into an Ant task, data type or property
2003-11-13 12:43:41,421 WARN  org.apache.commons.jelly.tags.ant.AntTag - Could not convert tag: th into an Ant task, data type or property
2003-11-13 12:43:41,421 WARN  org.apache.commons.jelly.tags.ant.AntTag - Could not convert tag: tr into an Ant task, data type or property
2003-11-13 12:43:41,421 WARN  org.apache.commons.jelly.tags.ant.AntTag - Could not convert tag: td into an Ant task, data type or property
2003-11-13 12:43:41,421 WARN  org.apache.commons.jelly.tags.ant.AntTag - Could not convert tag: td into an Ant task, data type or property
2003-11-13 12:43:41,421 WARN  org.apache.commons.jelly.tags.ant.AntTag - Could not convert tag: a into an Ant task, data type or property
2003-11-13 12:43:41,421 WARN  org.apache.commons.jelly.tags.ant.AntTag - Could not convert tag: br into an Ant task, data type or property
2003-11-13 12:43:41,421 WARN  org.apache.commons.jelly.tags.ant.AntTag - Could not convert tag: td into an Ant task, data type or property
2003-11-13 12:43:41,421 WARN  org.apache.commons.jelly.tags.ant.AntTag - Could not convert tag: td into an Ant task, data type or property
2003-11-13 12:43:41,421 WARN  org.apache.commons.jelly.tags.ant.AntTag - Could not convert tag: a into an Ant task, data type or property
2003-11-13 12:43:41,421 WARN  org.apache.commons.jelly.tags.ant.AntTag - Could not convert tag: br into an Ant task, data type or property
2003-11-13 12:43:41,421 WARN  org.apache.commons.jelly.tags.ant.AntTag - Could not convert tag: a into an Ant task, data type or property
2003-11-13 12:43:41,421 WARN  org.apache.commons.jelly.tags.ant.AntTag - Could not convert tag: br into an Ant task, data type or property
2003-11-13 12:43:41,421 WARN  org.apache.commons.jelly.tags.ant.AntTag - Could not convert tag: a into an Ant task, data type or property
2003-11-13 12:43:41,421 WARN  org.apache.commons.jelly.tags.ant.AntTag - Could not convert tag: br into an Ant task, data type or property
2003-11-13 12:43:41,421 WARN  org.apache.commons.jelly.tags.ant.AntTag - Could not convert tag: a into an Ant task, data type or property
2003-11-13 12:43:41,421 WARN  org.apache.commons.jelly.tags.ant.AntTag - Could not convert tag: br into an Ant task, data type or property
2003-11-13 12:43:41,421 WARN  org.apache.commons.jelly.tags.ant.AntTag - Could not convert tag: a into an Ant task, data type or property
2003-11-13 12:43:41,421 WARN  org.apache.commons.jelly.tags.ant.AntTag - Could not convert tag: br into an Ant task, data type or property
2003-11-13 12:43:41,421 WARN  org.apache.commons.jelly.tags.ant.AntTag - Could not convert tag: a into an Ant task, data type or property
2003-11-13 12:43:41,421 WARN  org.apache.commons.jelly.tags.ant.AntTag - Could not convert tag: br into an Ant task, data type or property
2003-11-13 12:43:41,421 WARN  org.apache.commons.jelly.tags.ant.AntTag - Could not convert tag: section into an Ant task, data type or property
2003-11-13 12:43:41,421 WARN  org.apache.commons.jelly.tags.ant.AntTag - Could not convert tag: p into an Ant task, data type or property
2003-11-13 12:43:41,421 WARN  org.apache.commons.jelly.tags.ant.AntTag - Could not convert tag: a into an Ant task, data type or property
2003-11-13 12:43:41,421 WARN  org.apache.commons.jelly.tags.ant.AntTag - Could not convert tag: a into an Ant task, data type or property
2003-11-13 12:43:41,421 WARN  org.apache.commons.jelly.tags.ant.AntTag - Could not convert tag: a into an Ant task, data type or property
2003-11-13 12:43:41,421 WARN  org.apache.commons.jelly.tags.ant.AntTag - Could not convert tag: a into an Ant task, data type or property
2003-11-13 12:43:41,421 WARN  org.apache.commons.jelly.tags.ant.AntTag - Could not convert tag: table into an Ant task, data type or property
2003-11-13 12:43:41,421 WARN  org.apache.commons.jelly.tags.ant.AntTag - Could not convert tag: tr into an Ant task, data type or property
2003-11-13 12:43:41,421 WARN  org.apache.commons.jelly.tags.ant.AntTag - Could not convert tag: th into an Ant task, data type or property
2003-11-13 12:43:41,421 WARN  org.apache.commons.jelly.tags.ant.AntTag - Could not convert tag: th into an Ant task, data type or property
2003-11-13 12:43:41,421 WARN  org.apache.commons.jelly.tags.ant.AntTag - Could not convert tag: tr into an Ant task, data type or property
2003-11-13 12:43:41,421 WARN  org.apache.commons.jelly.tags.ant.AntTag - Could not convert tag: td into an Ant task, data type or property
2003-11-13 12:43:41,421 WARN  org.apache.commons.jelly.tags.ant.AntTag - Could not convert tag: td into an Ant task, data type or property
2003-11-13 12:43:41,421 WARN  org.apache.commons.jelly.tags.ant.AntTag - Could not convert tag: br into an Ant task, data type or property
2003-11-13 12:43:41,421 WARN  org.apache.commons.jelly.tags.ant.AntTag - Could not convert tag: br into an Ant task, data type or property
2003-11-13 12:43:41,421 WARN  org.apache.commons.jelly.tags.ant.AntTag - Could not convert tag: br into an Ant task, data type or property
2003-11-13 12:43:41,421 WARN  org.apache.commons.jelly.tags.ant.AntTag - Could not convert tag: br into an Ant task, data type or property
2003-11-13 12:43:41,421 WARN  org.apache.commons.jelly.tags.ant.AntTag - Could not convert tag: br into an Ant task, data type or property
2003-11-13 12:43:41,421 WARN  org.apache.commons.jelly.tags.ant.AntTag - Could not convert tag: tr into an Ant task, data type or property
2003-11-13 12:43:41,421 WARN  org.apache.commons.jelly.tags.ant.AntTag - Could not convert tag: td into an Ant task, data type or property
2003-11-13 12:43:41,421 WARN  org.apache.commons.jelly.tags.ant.AntTag - Could not convert tag: td into an Ant task, data type or property
2003-11-13 12:43:41,421 WARN  org.apache.commons.jelly.tags.ant.AntTag - Could not convert tag: br into an Ant task, data type or property
2003-11-13 12:43:41,421 WARN  org.apache.commons.jelly.tags.ant.AntTag - Could not convert tag: br into an Ant task, data type or property
2003-11-13 12:43:41,421 WARN  org.apache.commons.jelly.tags.ant.AntTag - Could not convert tag: br into an Ant task, data type or property
2003-11-13 12:43:41,421 WARN  org.apache.commons.jelly.tags.ant.AntTag - Could not convert tag: tr into an Ant task, data type or property
2003-11-13 12:43:41,421 WARN  org.apache.commons.jelly.tags.ant.AntTag - Could not convert tag: td into an Ant task, data type or property
2003-11-13 12:43:41,421 WARN  org.apache.commons.jelly.tags.ant.AntTag - Could not convert tag: td into an Ant task, data type or property
2003-11-13 12:43:41,421 WARN  org.apache.commons.jelly.tags.ant.AntTag - Could not convert tag: br into an Ant task, data type or property
2003-11-13 12:43:41,421 WARN  org.apache.commons.jelly.tags.ant.AntTag - Could not convert tag: br into an Ant task, data type or property
2003-11-13 12:43:41,421 WARN  org.apache.commons.jelly.tags.ant.AntTag - Could not convert tag: br into an Ant task, data type or property
2003-11-13 12:43:41,421 WARN  org.apache.commons.jelly.tags.ant.AntTag - Could not convert tag: br into an Ant task, data type or property
2003-11-13 12:43:41,421 WARN  org.apache.commons.jelly.tags.ant.AntTag - Could not convert tag: tr into an Ant task, data type or property
2003-11-13 12:43:41,421 WARN  org.apache.commons.jelly.tags.ant.AntTag - Could not convert tag: td into an Ant task, data type or property
2003-11-13 12:43:41,421 WARN  org.apache.commons.jelly.tags.ant.AntTag - Could not convert tag: td into an Ant task, data type or property
2003-11-13 12:43:41,421 WARN  org.apache.commons.jelly.tags.ant.AntTag - Could not convert tag: br into an Ant task, data type or property
2003-11-13 12:43:41,421 WARN  org.apache.commons.jelly.tags.ant.AntTag - Could not convert tag: br into an Ant task, data type or property
2003-11-13 12:43:41,421 WARN  org.apache.commons.jelly.tags.ant.AntTag - Could not convert tag: br into an Ant task, data type or property
2003-11-13 12:43:41,421 WARN  org.apache.commons.jelly.tags.ant.AntTag - Could not convert tag: br into an Ant task, data type or property
2003-11-13 12:43:41,421 WARN  org.apache.commons.jelly.tags.ant.AntTag - Could not convert tag: tr into an Ant task, data type or property
2003-11-13 12:43:41,421 WARN  org.apache.commons.jelly.tags.ant.AntTag - Could not convert tag: td into an Ant task, data type or property
2003-11-13 12:43:41,421 WARN  org.apache.commons.jelly.tags.ant.AntTag - Could not convert tag: td into an Ant task, data type or property
2003-11-13 12:43:41,421 WARN  org.apache.commons.jelly.tags.ant.AntTag - Could not convert tag: br into an Ant task, data type or property
2003-11-13 12:43:41,421 WARN  org.apache.commons.jelly.tags.ant.AntTag - Could not convert tag: br into an Ant task, data type or property
2003-11-13 12:43:41,421 WARN  org.apache.commons.jelly.tags.ant.AntTag - Could not convert tag: br into an Ant task, data type or property
2003-11-13 12:43:41,421 WARN  org.apache.commons.jelly.tags.ant.AntTag - Could not convert tag: tr into an Ant task, data type or property
2003-11-13 12:43:41,437 WARN  org.apache.commons.jelly.tags.ant.AntTag - Could not convert tag: td into an Ant task, data type or property
2003-11-13 12:43:41,437 WARN  org.apache.commons.jelly.tags.ant.AntTag - Could not convert tag: td into an Ant task, data type or property
2003-11-13 12:43:41,437 WARN  org.apache.commons.jelly.tags.ant.AntTag - Could not convert tag: br into an Ant task, data type or property
2003-11-13 12:43:41,437 WARN  org.apache.commons.jelly.tags.ant.AntTag - Could not convert tag: br into an Ant task, data type or property
2003-11-13 12:43:41,437 WARN  org.apache.commons.jelly.tags.ant.AntTag - Could not convert tag: br into an Ant task, data type or property
2003-11-13 12:43:41,437 WARN  org.apache.commons.jelly.tags.ant.AntTag - Could not convert tag: tr into an Ant task, data type or property
2003-11-13 12:43:41,437 WARN  org.apache.commons.jelly.tags.ant.AntTag - Could not convert tag: td into an Ant task, data type or property
2003-11-13 12:43:41,437 WARN  org.apache.commons.jelly.tags.ant.AntTag - Could not convert tag: td into an Ant task, data type or property
2003-11-13 12:43:41,437 WARN  org.apache.commons.jelly.tags.ant.AntTag - Could not convert tag: br into an Ant task, data type or property
2003-11-13 12:43:41,437 WARN  org.apache.commons.jelly.tags.ant.AntTag - Could not convert tag: br into an Ant task, data type or property
2003-11-13 12:43:41,437 WARN  org.apache.commons.jelly.tags.ant.AntTag - Could not convert tag: tr into an Ant task, data type or property
2003-11-13 12:43:41,437 WARN  org.apache.commons.jelly.tags.ant.AntTag - Could not convert tag: td into an Ant task, data type or property
2003-11-13 12:43:41,437 WARN  org.apache.commons.jelly.tags.ant.AntTag - Could not convert tag: td into an Ant task, data type or property
2003-11-13 12:43:41,437 WARN  org.apache.commons.jelly.tags.ant.AntTag - Could not convert tag: br into an Ant task, data type or property
2003-11-13 12:43:41,437 WARN  org.apache.commons.jelly.tags.ant.AntTag - Could not convert tag: br into an Ant task, data type or property
2003-11-13 12:43:41,437 WARN  org.apache.commons.jelly.tags.ant.AntTag - Could not convert tag: br into an Ant task, data type or property
2003-11-13 12:43:41,437 WARN  org.apache.commons.jelly.tags.ant.AntTag - Could not convert tag: tr into an Ant task, data type or property
2003-11-13 12:43:41,437 WARN  org.apache.commons.jelly.tags.ant.AntTag - Could not convert tag: td into an Ant task, data type or property
2003-11-13 12:43:41,437 WARN  org.apache.commons.jelly.tags.ant.AntTag - Could not convert tag: td into an Ant task, data type or property
2003-11-13 12:43:41,437 WARN  org.apache.commons.jelly.tags.ant.AntTag - Could not convert tag: br into an Ant task, data type or property
2003-11-13 12:43:41,437 WARN  org.apache.commons.jelly.tags.ant.AntTag - Could not convert tag: br into an Ant task, data type or property
2003-11-13 12:43:41,437 WARN  org.apache.commons.jelly.tags.ant.AntTag - Could not convert tag: tr into an Ant task, data type or property
2003-11-13 12:43:41,437 WARN  org.apache.commons.jelly.tags.ant.AntTag - Could not convert tag: td into an Ant task, data type or property
2003-11-13 12:43:41,437 WARN  org.apache.commons.jelly.tags.ant.AntTag - Could not convert tag: td into an Ant task, data type or property
2003-11-13 12:43:41,437 WARN  org.apache.commons.jelly.tags.ant.AntTag - Could not convert tag: br into an Ant task, data type or property
2003-11-13 12:43:41,437 WARN  org.apache.commons.jelly.tags.ant.AntTag - Could not convert tag: br into an Ant task, data type or property
2003-11-13 12:43:41,437 WARN  org.apache.commons.jelly.tags.ant.AntTag - Could not convert tag: br into an Ant task, data type or property
2003-11-13 12:43:41,437 WARN  org.apache.commons.jelly.tags.ant.AntTag - Could not convert tag: tr into an Ant task, data type or property
2003-11-13 12:43:41,437 WARN  org.apache.commons.jelly.tags.ant.AntTag - Could not convert tag: td into an Ant task, data type or property
2003-11-13 12:43:41,437 WARN  org.apache.commons.jelly.tags.ant.AntTag - Could not convert tag: td into an Ant task, data type or property
2003-11-13 12:43:41,437 WARN  org.apache.commons.jelly.tags.ant.AntTag - Could not convert tag: br into an Ant task, data type or property
2003-11-13 12:43:41,437 WARN  org.apache.commons.jelly.tags.ant.AntTag - Could not convert tag: br into an Ant task, data type or property
2003-11-13 12:43:41,437 WARN  org.apache.commons.jelly.tags.ant.AntTag - Could not convert tag: br into an Ant task, data type or property
2003-11-13 12:43:41,437 WARN  org.apache.commons.jelly.tags.ant.AntTag - Could not convert tag: br into an Ant task, data type or property
2003-11-13 12:43:41,437 WARN  org.apache.commons.jelly.tags.ant.AntTag - Could not convert tag: tr into an Ant task, data type or property
2003-11-13 12:43:41,437 WARN  org.apache.commons.jelly.tags.ant.AntTag - Could not convert tag: td into an Ant task, data type or property
2003-11-13 12:43:41,437 WARN  org.apache.commons.jelly.tags.ant.AntTag - Could not convert tag: td into an Ant task, data type or property
2003-11-13 12:43:41,437 WARN  org.apache.commons.jelly.tags.ant.AntTag - Could not convert tag: br into an Ant task, data type or property
2003-11-13 12:43:41,437 WARN  org.apache.commons.jelly.tags.ant.AntTag - Could not convert tag: br into an Ant task, data type or property
2003-11-13 12:43:41,437 WARN  org.apache.commons.jelly.tags.ant.AntTag - Could not convert tag: br into an Ant task, data type or property
2003-11-13 12:43:41,437 WARN  org.apache.commons.jelly.tags.ant.AntTag - Could not convert tag: tr into an Ant task, data type or property
2003-11-13 12:43:41,437 WARN  org.apache.commons.jelly.tags.ant.AntTag - Could not convert tag: td into an Ant task, data type or property
2003-11-13 12:43:41,437 WARN  org.apache.commons.jelly.tags.ant.AntTag - Could not convert tag: td into an Ant task, data type or property
2003-11-13 12:43:41,437 WARN  org.apache.commons.jelly.tags.ant.AntTag - Could not convert tag: br into an Ant task, data type or property
2003-11-13 12:43:41,437 WARN  org.apache.commons.jelly.tags.ant.AntTag - Could not convert tag: br into an Ant task, data type or property
2003-11-13 12:43:41,437 WARN  org.apache.commons.jelly.tags.ant.AntTag - Could not convert tag: br into an Ant task, data type or property
2003-11-13 12:43:41,437 WARN  org.apache.commons.jelly.tags.ant.AntTag - Could not convert tag: br into an Ant task, data type or property
2003-11-13 12:43:41,437 WARN  org.apache.commons.jelly.tags.ant.AntTag - Could not convert tag: br into an Ant task, data type or property
2003-11-13 12:43:41,437 WARN  org.apache.commons.jelly.tags.ant.AntTag - Could not convert tag: tr into an Ant task, data type or property
2003-11-13 12:43:41,437 WARN  org.apache.commons.jelly.tags.ant.AntTag - Could not convert tag: td into an Ant task, data type or property
2003-11-13 12:43:41,437 WARN  org.apache.commons.jelly.tags.ant.AntTag - Could not convert tag: td into an Ant task, data type or property
2003-11-13 12:43:41,437 WARN  org.apache.commons.jelly.tags.ant.AntTag - Could not convert tag: br into an Ant task, data type or property
2003-11-13 12:43:41,437 WARN  org.apache.commons.jelly.tags.ant.AntTag - Could not convert tag: br into an Ant task, data type or property
2003-11-13 12:43:41,437 WARN  org.apache.commons.jelly.tags.ant.AntTag - Could not convert tag: br into an Ant task, data type or property
2003-11-13 12:43:41,437 WARN  org.apache.commons.jelly.tags.ant.AntTag - Could not convert tag: br into an Ant task, data type or property
2003-11-13 12:43:41,437 WARN  org.apache.commons.jelly.tags.ant.AntTag - Could not convert tag: br into an Ant task, data type or property
2003-11-13 12:43:41,437 WARN  org.apache.commons.jelly.tags.ant.AntTag - Could not convert tag: br into an Ant task, data type or property
2003-11-13 12:43:41,437 WARN  org.apache.commons.jelly.tags.ant.AntTag - Could not convert tag: tr into an Ant task, data type or property
2003-11-13 12:43:41,437 WARN  org.apache.commons.jelly.tags.ant.AntTag - Could not convert tag: td into an Ant task, data type or property
2003-11-13 12:43:41,437 WARN  org.apache.commons.jelly.tags.ant.AntTag - Could not convert tag: td into an Ant task, data type or property
2003-11-13 12:43:41,437 WARN  org.apache.commons.jelly.tags.ant.AntTag - Could not convert tag: br into an Ant task, data type or property
2003-11-13 12:43:41,437 WARN  org.apache.commons.jelly.tags.ant.AntTag - Could not convert tag: br into an Ant task, data type or property
2003-11-13 12:43:41,437 WARN  org.apache.commons.jelly.tags.ant.AntTag - Could not convert tag: br into an Ant task, data type or property
2003-11-13 12:43:41,437 WARN  org.apache.commons.jelly.tags.ant.AntTag - Could not convert tag: tr into an Ant task, data type or property
2003-11-13 12:43:41,437 WARN  org.apache.commons.jelly.tags.ant.AntTag - Could not convert tag: td into an Ant task, data type or property
2003-11-13 12:43:41,437 WARN  org.apache.commons.jelly.tags.ant.AntTag - Could not convert tag: td into an Ant task, data type or property
2003-11-13 12:43:41,437 WARN  org.apache.commons.jelly.tags.ant.AntTag - Could not convert tag: br into an Ant task, data type or property
2003-11-13 12:43:41,437 WARN  org.apache.commons.jelly.tags.ant.AntTag - Could not convert tag: br into an Ant task, data type or property
2003-11-13 12:43:41,437 WARN  org.apache.commons.jelly.tags.ant.AntTag - Could not convert tag: br into an Ant task, data type or property
2003-11-13 12:43:41,437 WARN  org.apache.commons.jelly.tags.ant.AntTag - Could not convert tag: br into an Ant task, data type or property
2003-11-13 12:43:41,437 WARN  org.apache.commons.jelly.tags.ant.AntTag - Could not convert tag: br into an Ant task, data type or property
2003-11-13 12:43:41,437 WARN  org.apache.commons.jelly.tags.ant.AntTag - Could not convert tag: tr into an Ant task, data type or property
2003-11-13 12:43:41,437 WARN  org.apache.commons.jelly.tags.ant.AntTag - Could not convert tag: td into an Ant task, data type or property
2003-11-13 12:43:41,437 WARN  org.apache.commons.jelly.tags.ant.AntTag - Could not convert tag: td into an Ant task, data type or property
2003-11-13 12:43:41,437 WARN  org.apache.commons.jelly.tags.ant.AntTag - Could not convert tag: br into an Ant task, data type or property
2003-11-13 12:43:41,437 WARN  org.apache.commons.jelly.tags.ant.AntTag - Could not convert tag: br into an Ant task, data type or property
2003-11-13 12:43:41,437 WARN  org.apache.commons.jelly.tags.ant.AntTag - Could not convert tag: br into an Ant task, data type or property
2003-11-13 12:43:41,437 WARN  org.apache.commons.jelly.tags.ant.AntTag - Could not convert tag: br into an Ant task, data type or property
2003-11-13 12:43:41,437 WARN  org.apache.commons.jelly.tags.ant.AntTag - Could not convert tag: br into an Ant task, data type or property
2003-11-13 12:43:41,437 WARN  org.apache.commons.jelly.tags.ant.AntTag - Could not convert tag: tr into an Ant task, data type or property
2003-11-13 12:43:41,437 WARN  org.apache.commons.jelly.tags.ant.AntTag - Could not convert tag: td into an Ant task, data type or property
2003-11-13 12:43:41,437 WARN  org.apache.commons.jelly.tags.ant.AntTag - Could not convert tag: td into an Ant task, data type or property
2003-11-13 12:43:41,437 WARN  org.apache.commons.jelly.tags.ant.AntTag - Could not convert tag: br into an Ant task, data type or property
2003-11-13 12:43:41,437 WARN  org.apache.commons.jelly.tags.ant.AntTag - Could not convert tag: br into an Ant task, data type or property
2003-11-13 12:43:41,437 WARN  org.apache.commons.jelly.tags.ant.AntTag - Could not convert tag: br into an Ant task, data type or property
2003-11-13 12:43:41,437 WARN  org.apache.commons.jelly.tags.ant.AntTag - Could not convert tag: tr into an Ant task, data type or property
2003-11-13 12:43:41,437 WARN  org.apache.commons.jelly.tags.ant.AntTag - Could not convert tag: td into an Ant task, data type or property
2003-11-13 12:43:41,437 WARN  org.apache.commons.jelly.tags.ant.AntTag - Could not convert tag: td into an Ant task, data type or property
2003-11-13 12:43:41,437 WARN  org.apache.commons.jelly.tags.ant.AntTag - Could not convert tag: br into an Ant task, data type or property
2003-11-13 12:43:41,437 WARN  org.apache.commons.jelly.tags.ant.AntTag - Could not convert tag: br into an Ant task, data type or property
2003-11-13 12:43:41,437 WARN  org.apache.commons.jelly.tags.ant.AntTag - Could not convert tag: br into an Ant task, data type or property
2003-11-13 12:43:41,437 WARN  org.apache.commons.jelly.tags.ant.AntTag - Could not convert tag: br into an Ant task, data type or property
2003-11-13 12:43:41,437 WARN  org.apache.commons.jelly.tags.ant.AntTag - Could not convert tag: tr into an Ant task, data type or property
2003-11-13 12:43:41,437 WARN  org.apache.commons.jelly.tags.ant.AntTag - Could not convert tag: td into an Ant task, data type or property
2003-11-13 12:43:41,437 WARN  org.apache.commons.jelly.tags.ant.AntTag - Could not convert tag: td into an Ant task, data type or property
2003-11-13 12:43:41,437 WARN  org.apache.commons.jelly.tags.ant.AntTag - Could not convert tag: br into an Ant task, data type or property
2003-11-13 12:43:41,437 WARN  org.apache.commons.jelly.tags.ant.AntTag - Could not convert tag: br into an Ant task, data type or property
2003-11-13 12:43:41,437 WARN  org.apache.commons.jelly.tags.ant.AntTag - Could not convert tag: br into an Ant task, data type or property
2003-11-13 12:43:41,437 WARN  org.apache.commons.jelly.tags.ant.AntTag - Could not convert tag: br into an Ant task, data type or property
2003-11-13 12:43:41,437 WARN  org.apache.commons.jelly.tags.ant.AntTag - Could not convert tag: tr into an Ant task, data type or property
2003-11-13 12:43:41,437 WARN  org.apache.commons.jelly.tags.ant.AntTag - Could not convert tag: td into an Ant task, data type or property
2003-11-13 12:43:41,437 WARN  org.apache.commons.jelly.tags.ant.AntTag - Could not convert tag: td into an Ant task, data type or property
2003-11-13 12:43:41,437 WARN  org.apache.commons.jelly.tags.ant.AntTag - Could not convert tag: br into an Ant task, data type or property
2003-11-13 12:43:41,437 WARN  org.apache.commons.jelly.tags.ant.AntTag - Could not convert tag: br into an Ant task, data type or property
2003-11-13 12:43:41,437 WARN  org.apache.commons.jelly.tags.ant.AntTag - Could not convert tag: br into an Ant task, data type or property
2003-11-13 12:43:41,437 WARN  org.apache.commons.jelly.tags.ant.AntTag - Could not convert tag: br into an Ant task, data type or property
2003-11-13 12:43:41,437 WARN  org.apache.commons.jelly.tags.ant.AntTag - Could not convert tag: tr into an Ant task, data type or property
2003-11-13 12:43:41,437 WARN  org.apache.commons.jelly.tags.ant.AntTag - Could not convert tag: td into an Ant task, data type or property
2003-11-13 12:43:41,437 WARN  org.apache.commons.jelly.tags.ant.AntTag - Could not convert tag: td into an Ant task, data type or property
2003-11-13 12:43:41,437 WARN  org.apache.commons.jelly.tags.ant.AntTag - Could not convert tag: br into an Ant task, data type or property
2003-11-13 12:43:41,437 WARN  org.apache.commons.jelly.tags.ant.AntTag - Could not convert tag: br into an Ant task, data type or property
2003-11-13 12:43:41,437 WARN  org.apache.commons.jelly.tags.ant.AntTag - Could not convert tag: br into an Ant task, data type or property
2003-11-13 12:43:41,437 WARN  org.apache.commons.jelly.tags.ant.AntTag - Could not convert tag: br into an Ant task, data type or property
2003-11-13 12:43:41,437 WARN  org.apache.commons.jelly.tags.ant.AntTag - Could not convert tag: tr into an Ant task, data type or property
2003-11-13 12:43:41,437 WARN  org.apache.commons.jelly.tags.ant.AntTag - Could not convert tag: td into an Ant task, data type or property
2003-11-13 12:43:41,437 WARN  org.apache.commons.jelly.tags.ant.AntTag - Could not convert tag: td into an Ant task, data type or property
2003-11-13 12:43:41,437 WARN  org.apache.commons.jelly.tags.ant.AntTag - Could not convert tag: br into an Ant task, data type or property
2003-11-13 12:43:41,437 WARN  org.apache.commons.jelly.tags.ant.AntTag - Could not convert tag: br into an Ant task, data type or property
2003-11-13 12:43:41,437 WARN  org.apache.commons.jelly.tags.ant.AntTag - Could not convert tag: br into an Ant task, data type or property
2003-11-13 12:43:41,437 WARN  org.apache.commons.jelly.tags.ant.AntTag - Could not convert tag: br into an Ant task, data type or property
2003-11-13 12:43:41,437 WARN  org.apache.commons.jelly.tags.ant.AntTag - Could not convert tag: tr into an Ant task, data type or property
2003-11-13 12:43:41,437 WARN  org.apache.commons.jelly.tags.ant.AntTag - Could not convert tag: td into an Ant task, data type or property
2003-11-13 12:43:41,437 WARN  org.apache.commons.jelly.tags.ant.AntTag - Could not convert tag: td into an Ant task, data type or property
2003-11-13 12:43:41,437 WARN  org.apache.commons.jelly.tags.ant.AntTag - Could not convert tag: br into an Ant task, data type or property
2003-11-13 12:43:41,437 WARN  org.apache.commons.jelly.tags.ant.AntTag - Could not convert tag: br into an Ant task, data type or property
2003-11-13 12:43:41,437 WARN  org.apache.commons.jelly.tags.ant.AntTag - Could not convert tag: br into an Ant task, data type or property
2003-11-13 12:43:41,437 WARN  org.apache.commons.jelly.tags.ant.AntTag - Could not convert tag: br into an Ant task, data type or property
2003-11-13 12:43:41,437 WARN  org.apache.commons.jelly.tags.ant.AntTag - Could not convert tag: tr into an Ant task, data type or property
2003-11-13 12:43:41,437 WARN  org.apache.commons.jelly.tags.ant.AntTag - Could not convert tag: td into an Ant task, data type or property
2003-11-13 12:43:41,437 WARN  org.apache.commons.jelly.tags.ant.AntTag - Could not convert tag: td into an Ant task, data type or property
2003-11-13 12:43:41,437 WARN  org.apache.commons.jelly.tags.ant.AntTag - Could not convert tag: br into an Ant task, data type or property
2003-11-13 12:43:41,437 WARN  org.apache.commons.jelly.tags.ant.AntTag - Could not convert tag: br into an Ant task, data type or property
2003-11-13 12:43:41,437 WARN  org.apache.commons.jelly.tags.ant.AntTag - Could not convert tag: br into an Ant task, data type or property
2003-11-13 12:43:41,437 WARN  org.apache.commons.jelly.tags.ant.AntTag - Could not convert tag: br into an Ant task, data type or property
2003-11-13 12:43:41,437 WARN  org.apache.commons.jelly.tags.ant.AntTag - Could not convert tag: tr into an Ant task, data type or property
2003-11-13 12:43:41,437 WARN  org.apache.commons.jelly.tags.ant.AntTag - Could not convert tag: td into an Ant task, data type or property
2003-11-13 12:43:41,437 WARN  org.apache.commons.jelly.tags.ant.AntTag - Could not convert tag: td into an Ant task, data type or property
2003-11-13 12:43:41,437 WARN  org.apache.commons.jelly.tags.ant.AntTag - Could not convert tag: br into an Ant task, data type or property
2003-11-13 12:43:41,437 WARN  org.apache.commons.jelly.tags.ant.AntTag - Could not convert tag: br into an Ant task, data type or property
2003-11-13 12:43:41,437 WARN  org.apache.commons.jelly.tags.ant.AntTag - Could not convert tag: br into an Ant task, data type or property
2003-11-13 12:43:41,437 WARN  org.apache.commons.jelly.tags.ant.AntTag - Could not convert tag: tr into an Ant task, data type or property
2003-11-13 12:43:41,437 WARN  org.apache.commons.jelly.tags.ant.AntTag - Could not convert tag: td into an Ant task, data type or property
2003-11-13 12:43:41,437 WARN  org.apache.commons.jelly.tags.ant.AntTag - Could not convert tag: td into an Ant task, data type or property
2003-11-13 12:43:41,437 WARN  org.apache.commons.jelly.tags.ant.AntTag - Could not convert tag: br into an Ant task, data type or property
2003-11-13 12:43:41,437 WARN  org.apache.commons.jelly.tags.ant.AntTag - Could not convert tag: br into an Ant task, data type or property
2003-11-13 12:43:41,437 WARN  org.apache.commons.jelly.tags.ant.AntTag - Could not convert tag: br into an Ant task, data type or property
2003-11-13 12:43:41,437 WARN  org.apache.commons.jelly.tags.ant.AntTag - Could not convert tag: tr into an Ant task, data type or property
2003-11-13 12:43:41,437 WARN  org.apache.commons.jelly.tags.ant.AntTag - Could not convert tag: td into an Ant task, data type or property
2003-11-13 12:43:41,437 WARN  org.apache.commons.jelly.tags.ant.AntTag - Could not convert tag: td into an Ant task, data type or property
2003-11-13 12:43:41,437 WARN  org.apache.commons.jelly.tags.ant.AntTag - Could not convert tag: br into an Ant task, data type or property
2003-11-13 12:43:41,437 WARN  org.apache.commons.jelly.tags.ant.AntTag - Could not convert tag: br into an Ant task, data type or property
2003-11-13 12:43:41,437 WARN  org.apache.commons.jelly.tags.ant.AntTag - Could not convert tag: br into an Ant task, data type or property
2003-11-13 12:43:41,437 WARN  org.apache.commons.jelly.tags.ant.AntTag - Could not convert tag: br into an Ant task, data type or property
2003-11-13 12:43:41,437 WARN  org.apache.commons.jelly.tags.ant.AntTag - Could not convert tag: tr into an Ant task, data type or property
2003-11-13 12:43:41,437 WARN  org.apache.commons.jelly.tags.ant.AntTag - Could not convert tag: td into an Ant task, data type or property
2003-11-13 12:43:41,437 WARN  org.apache.commons.jelly.tags.ant.AntTag - Could not convert tag: td into an Ant task, data type or property
2003-11-13 12:43:41,437 WARN  org.apache.commons.jelly.tags.ant.AntTag - Could not convert tag: br into an Ant task, data type or property
2003-11-13 12:43:41,437 WARN  org.apache.commons.jelly.tags.ant.AntTag - Could not convert tag: br into an Ant task, data type or property
2003-11-13 12:43:41,437 WARN  org.apache.commons.jelly.tags.ant.AntTag - Could not convert tag: br into an Ant task, data type or property
2003-11-13 12:43:41,437 WARN  org.apache.commons.jelly.tags.ant.AntTag - Could not convert tag: tr into an Ant task, data type or property
2003-11-13 12:43:41,437 WARN  org.apache.commons.jelly.tags.ant.AntTag - Could not convert tag: td into an Ant task, data type or property
2003-11-13 12:43:41,437 WARN  org.apache.commons.jelly.tags.ant.AntTag - Could not convert tag: td into an Ant task, data type or property
2003-11-13 12:43:41,437 WARN  org.apache.commons.jelly.tags.ant.AntTag - Could not convert tag: br into an Ant task, data type or property
2003-11-13 12:43:41,437 WARN  org.apache.commons.jelly.tags.ant.AntTag - Could not convert tag: br into an Ant task, data type or property
2003-11-13 12:43:41,437 WARN  org.apache.commons.jelly.tags.ant.AntTag - Could not convert tag: tr into an Ant task, data type or property
2003-11-13 12:43:41,437 WARN  org.apache.commons.jelly.tags.ant.AntTag - Could not convert tag: td into an Ant task, data type or property
2003-11-13 12:43:41,437 WARN  org.apache.commons.jelly.tags.ant.AntTag - Could not convert tag: td into an Ant task, data type or property
2003-11-13 12:43:41,437 WARN  org.apache.commons.jelly.tags.ant.AntTag - Could not convert tag: br into an Ant task, data type or property
2003-11-13 12:43:41,437 WARN  org.apache.commons.jelly.tags.ant.AntTag - Could not convert tag: br into an Ant task, data type or property
2003-11-13 12:43:41,453 WARN  org.apache.commons.jelly.tags.ant.AntTag - Could not convert tag: br into an Ant task, data type or property
2003-11-13 12:43:41,453 WARN  org.apache.commons.jelly.tags.ant.AntTag - Could not convert tag: tr into an Ant task, data type or property
2003-11-13 12:43:41,453 WARN  org.apache.commons.jelly.tags.ant.AntTag - Could not convert tag: td into an Ant task, data type or property
2003-11-13 12:43:41,453 WARN  org.apache.commons.jelly.tags.ant.AntTag - Could not convert tag: td into an Ant task, data type or property
2003-11-13 12:43:41,453 WARN  org.apache.commons.jelly.tags.ant.AntTag - Could not convert tag: br into an Ant task, data type or property
2003-11-13 12:43:41,453 WARN  org.apache.commons.jelly.tags.ant.AntTag - Could not convert tag: br into an Ant task, data type or property
2003-11-13 12:43:41,453 WARN  org.apache.commons.jelly.tags.ant.AntTag - Could not convert tag: br into an Ant task, data type or property
2003-11-13 12:43:41,453 WARN  org.apache.commons.jelly.tags.ant.AntTag - Could not convert tag: tr into an Ant task, data type or property
2003-11-13 12:43:41,453 WARN  org.apache.commons.jelly.tags.ant.AntTag - Could not convert tag: td into an Ant task, data type or property
2003-11-13 12:43:41,453 WARN  org.apache.commons.jelly.tags.ant.AntTag - Could not convert tag: td into an Ant task, data type or property
2003-11-13 12:43:41,453 WARN  org.apache.commons.jelly.tags.ant.AntTag - Could not convert tag: br into an Ant task, data type or property
2003-11-13 12:43:41,453 WARN  org.apache.commons.jelly.tags.ant.AntTag - Could not convert tag: br into an Ant task, data type or property
2003-11-13 12:43:41,453 WARN  org.apache.commons.jelly.tags.ant.AntTag - Could not convert tag: br into an Ant task, data type or property
2003-11-13 12:43:41,453 WARN  org.apache.commons.jelly.tags.ant.AntTag - Could not convert tag: br into an Ant task, data type or property
2003-11-13 12:43:41,453 WARN  org.apache.commons.jelly.tags.ant.AntTag - Could not convert tag: tr into an Ant task, data type or property
2003-11-13 12:43:41,453 WARN  org.apache.commons.jelly.tags.ant.AntTag - Could not convert tag: td into an Ant task, data type or property
2003-11-13 12:43:41,453 WARN  org.apache.commons.jelly.tags.ant.AntTag - Could not convert tag: td into an Ant task, data type or property
2003-11-13 12:43:41,453 WARN  org.apache.commons.jelly.tags.ant.AntTag - Could not convert tag: br into an Ant task, data type or property
2003-11-13 12:43:41,453 WARN  org.apache.commons.jelly.tags.ant.AntTag - Could not convert tag: br into an Ant task, data type or property
2003-11-13 12:43:41,453 WARN  org.apache.commons.jelly.tags.ant.AntTag - Could not convert tag: br into an Ant task, data type or property
2003-11-13 12:43:41,453 WARN  org.apache.commons.jelly.tags.ant.AntTag - Could not convert tag: br into an Ant task, data type or property
2003-11-13 12:43:41,453 WARN  org.apache.commons.jelly.tags.ant.AntTag - Could not convert tag: tr into an Ant task, data type or property
2003-11-13 12:43:41,453 WARN  org.apache.commons.jelly.tags.ant.AntTag - Could not convert tag: td into an Ant task, data type or property
2003-11-13 12:43:41,453 WARN  org.apache.commons.jelly.tags.ant.AntTag - Could not convert tag: td into an Ant task, data type or property
2003-11-13 12:43:41,453 WARN  org.apache.commons.jelly.tags.ant.AntTag - Could not convert tag: br into an Ant task, data type or property
2003-11-13 12:43:41,453 WARN  org.apache.commons.jelly.tags.ant.AntTag - Could not convert tag: br into an Ant task, data type or property
2003-11-13 12:43:41,453 WARN  org.apache.commons.jelly.tags.ant.AntTag - Could not convert tag: br into an Ant task, data type or property
2003-11-13 12:43:41,453 WARN  org.apache.commons.jelly.tags.ant.AntTag - Could not convert tag: tr into an Ant task, data type or property
2003-11-13 12:43:41,453 WARN  org.apache.commons.jelly.tags.ant.AntTag - Could not convert tag: td into an Ant task, data type or property
2003-11-13 12:43:41,453 WARN  org.apache.commons.jelly.tags.ant.AntTag - Could not convert tag: td into an Ant task, data type or property
2003-11-13 12:43:41,453 WARN  org.apache.commons.jelly.tags.ant.AntTag - Could not convert tag: br into an Ant task, data type or property
2003-11-13 12:43:41,453 WARN  org.apache.commons.jelly.tags.ant.AntTag - Could not convert tag: br into an Ant task, data type or property
2003-11-13 12:43:41,453 WARN  org.apache.commons.jelly.tags.ant.AntTag - Could not convert tag: br into an Ant task, data type or property
2003-11-13 12:43:41,453 WARN  org.apache.commons.jelly.tags.ant.AntTag - Could not convert tag: tr into an Ant task, data type or property
2003-11-13 12:43:41,453 WARN  org.apache.commons.jelly.tags.ant.AntTag - Could not convert tag: td into an Ant task, data type or property
2003-11-13 12:43:41,453 WARN  org.apache.commons.jelly.tags.ant.AntTag - Could not convert tag: td into an Ant task, data type or property
2003-11-13 12:43:41,453 WARN  org.apache.commons.jelly.tags.ant.AntTag - Could not convert tag: br into an Ant task, data type or property
2003-11-13 12:43:41,453 WARN  org.apache.commons.jelly.tags.ant.AntTag - Could not convert tag: br into an Ant task, data type or property
2003-11-13 12:43:41,453 WARN  org.apache.commons.jelly.tags.ant.AntTag - Could not convert tag: br into an Ant task, data type or property
2003-11-13 12:43:41,453 WARN  org.apache.commons.jelly.tags.ant.AntTag - Could not convert tag: tr into an Ant task, data type or property
2003-11-13 12:43:41,453 WARN  org.apache.commons.jelly.tags.ant.AntTag - Could not convert tag: td into an Ant task, data type or property
2003-11-13 12:43:41,453 WARN  org.apache.commons.jelly.tags.ant.AntTag - Could not convert tag: td into an Ant task, data type or property
2003-11-13 12:43:41,453 WARN  org.apache.commons.jelly.tags.ant.AntTag - Could not convert tag: br into an Ant task, data type or property
2003-11-13 12:43:41,453 WARN  org.apache.commons.jelly.tags.ant.AntTag - Could not convert tag: br into an Ant task, data type or property
2003-11-13 12:43:41,453 WARN  org.apache.commons.jelly.tags.ant.AntTag - Could not convert tag: br into an Ant task, data type or property
2003-11-13 12:43:41,453 WARN  org.apache.commons.jelly.tags.ant.AntTag - Could not convert tag: br into an Ant task, data type or property
2003-11-13 12:43:41,453 WARN  org.apache.commons.jelly.tags.ant.AntTag - Could not convert tag: tr into an Ant task, data type or property
2003-11-13 12:43:41,453 WARN  org.apache.commons.jelly.tags.ant.AntTag - Could not convert tag: td into an Ant task, data type or property
2003-11-13 12:43:41,453 WARN  org.apache.commons.jelly.tags.ant.AntTag - Could not convert tag: td into an Ant task, data type or property
2003-11-13 12:43:41,453 WARN  org.apache.commons.jelly.tags.ant.AntTag - Could not convert tag: br into an Ant task, data type or property
2003-11-13 12:43:41,453 WARN  org.apache.commons.jelly.tags.ant.AntTag - Could not convert tag: br into an Ant task, data type or property
2003-11-13 12:43:41,453 WARN  org.apache.commons.jelly.tags.ant.AntTag - Could not convert tag: br into an Ant task, data type or property
2003-11-13 12:43:41,453 WARN  org.apache.commons.jelly.tags.ant.AntTag - Could not convert tag: tr into an Ant task, data type or property
2003-11-13 12:43:41,453 WARN  org.apache.commons.jelly.tags.ant.AntTag - Could not convert tag: td into an Ant task, data type or property
2003-11-13 12:43:41,453 WARN  org.apache.commons.jelly.tags.ant.AntTag - Could not convert tag: td into an Ant task, data type or property
2003-11-13 12:43:41,453 WARN  org.apache.commons.jelly.tags.ant.AntTag - Could not convert tag: br into an Ant task, data type or property
2003-11-13 12:43:41,453 WARN  org.apache.commons.jelly.tags.ant.AntTag - Could not convert tag: br into an Ant task, data type or property
2003-11-13 12:43:41,453 WARN  org.apache.commons.jelly.tags.ant.AntTag - Could not convert tag: br into an Ant task, data type or property
2003-11-13 12:43:41,453 WARN  org.apache.commons.jelly.tags.ant.AntTag - Could not convert tag: tr into an Ant task, data type or property
2003-11-13 12:43:41,453 WARN  org.apache.commons.jelly.tags.ant.AntTag - Could not convert tag: td into an Ant task, data type or property
2003-11-13 12:43:41,453 WARN  org.apache.commons.jelly.tags.ant.AntTag - Could not convert tag: td into an Ant task, data type or property
2003-11-13 12:43:41,453 WARN  org.apache.commons.jelly.tags.ant.AntTag - Could not convert tag: br into an Ant task, data type or property
2003-11-13 12:43:41,453 WARN  org.apache.commons.jelly.tags.ant.AntTag - Could not convert tag: br into an Ant task, data type or property
2003-11-13 12:43:41,453 WARN  org.apache.commons.jelly.tags.ant.AntTag - Could not convert tag: br into an Ant task, data type or property
2003-11-13 12:43:41,453 WARN  org.apache.commons.jelly.tags.ant.AntTag - Could not convert tag: tr into an Ant task, data type or property
2003-11-13 12:43:41,453 WARN  org.apache.commons.jelly.tags.ant.AntTag - Could not convert tag: td into an Ant task, data type or property
2003-11-13 12:43:41,453 WARN  org.apache.commons.jelly.tags.ant.AntTag - Could not convert tag: td into an Ant task, data type or property
2003-11-13 12:43:41,453 WARN  org.apache.commons.jelly.tags.ant.AntTag - Could not convert tag: br into an Ant task, data type or property
2003-11-13 12:43:41,453 WARN  org.apache.commons.jelly.tags.ant.AntTag - Could not convert tag: br into an Ant task, data type or property
2003-11-13 12:43:41,453 WARN  org.apache.commons.jelly.tags.ant.AntTag - Could not convert tag: br into an Ant task, data type or property
2003-11-13 12:43:41,453 WARN  org.apache.commons.jelly.tags.ant.AntTag - Could not convert tag: tr into an Ant task, data type or property
2003-11-13 12:43:41,453 WARN  org.apache.commons.jelly.tags.ant.AntTag - Could not convert tag: td into an Ant task, data type or property
2003-11-13 12:43:41,453 WARN  org.apache.commons.jelly.tags.ant.AntTag - Could not convert tag: td into an Ant task, data type or property
2003-11-13 12:43:41,453 WARN  org.apache.commons.jelly.tags.ant.AntTag - Could not convert tag: br into an Ant task, data type or property
2003-11-13 12:43:41,453 WARN  org.apache.commons.jelly.tags.ant.AntTag - Could not convert tag: br into an Ant task, data type or property
2003-11-13 12:43:41,453 WARN  org.apache.commons.jelly.tags.ant.AntTag - Could not convert tag: br into an Ant task, data type or property
2003-11-13 12:43:41,453 WARN  org.apache.commons.jelly.tags.ant.AntTag - Could not convert tag: tr into an Ant task, data type or property
2003-11-13 12:43:41,453 WARN  org.apache.commons.jelly.tags.ant.AntTag - Could not convert tag: td into an Ant task, data type or property
2003-11-13 12:43:41,453 WARN  org.apache.commons.jelly.tags.ant.AntTag - Could not convert tag: td into an Ant task, data type or property
2003-11-13 12:43:41,453 WARN  org.apache.commons.jelly.tags.ant.AntTag - Could not convert tag: br into an Ant task, data type or property
2003-11-13 12:43:41,453 WARN  org.apache.commons.jelly.tags.ant.AntTag - Could not convert tag: br into an Ant task, data type or property
2003-11-13 12:43:41,453 WARN  org.apache.commons.jelly.tags.ant.AntTag - Could not convert tag: br into an Ant task, data type or property
2003-11-13 12:43:41,453 WARN  org.apache.commons.jelly.tags.ant.AntTag - Could not convert tag: tr into an Ant task, data type or property
2003-11-13 12:43:41,453 WARN  org.apache.commons.jelly.tags.ant.AntTag - Could not convert tag: td into an Ant task, data type or property
2003-11-13 12:43:41,453 WARN  org.apache.commons.jelly.tags.ant.AntTag - Could not convert tag: td into an Ant task, data type or property
2003-11-13 12:43:41,453 WARN  org.apache.commons.jelly.tags.ant.AntTag - Could not convert tag: br into an Ant task, data type or property
2003-11-13 12:43:41,453 WARN  org.apache.commons.jelly.tags.ant.AntTag - Could not convert tag: br into an Ant task, data type or property
2003-11-13 12:43:41,453 WARN  org.apache.commons.jelly.tags.ant.AntTag - Could not convert tag: br into an Ant task, data type or property
2003-11-13 12:43:41,453 WARN  org.apache.commons.jelly.tags.ant.AntTag - Could not convert tag: br into an Ant task, data type or property
2003-11-13 12:43:41,453 WARN  org.apache.commons.jelly.tags.ant.AntTag - Could not convert tag: tr into an Ant task, data type or property
2003-11-13 12:43:41,453 WARN  org.apache.commons.jelly.tags.ant.AntTag - Could not convert tag: td into an Ant task, data type or property
2003-11-13 12:43:41,453 WARN  org.apache.commons.jelly.tags.ant.AntTag - Could not convert tag: td into an Ant task, data type or property
2003-11-13 12:43:41,453 WARN  org.apache.commons.jelly.tags.ant.AntTag - Could not convert tag: br into an Ant task, data type or property
2003-11-13 12:43:41,453 WARN  org.apache.commons.jelly.tags.ant.AntTag - Could not convert tag: br into an Ant task, data type or property
2003-11-13 12:43:41,453 WARN  org.apache.commons.jelly.tags.ant.AntTag - Could not convert tag: br into an Ant task, data type or property
2003-11-13 12:43:41,453 WARN  org.apache.commons.jelly.tags.ant.AntTag - Could not convert tag: br into an Ant task, data type or property
2003-11-13 12:43:41,453 WARN  org.apache.commons.jelly.tags.ant.AntTag - Could not convert tag: tr into an Ant task, data type or property
2003-11-13 12:43:41,453 WARN  org.apache.commons.jelly.tags.ant.AntTag - Could not convert tag: td into an Ant task, data type or property
2003-11-13 12:43:41,453 WARN  org.apache.commons.jelly.tags.ant.AntTag - Could not convert tag: td into an Ant task, data type or property
2003-11-13 12:43:41,453 WARN  org.apache.commons.jelly.tags.ant.AntTag - Could not convert tag: br into an Ant task, data type or property
2003-11-13 12:43:41,453 WARN  org.apache.commons.jelly.tags.ant.AntTag - Could not convert tag: br into an Ant task, data type or property
2003-11-13 12:43:41,453 WARN  org.apache.commons.jelly.tags.ant.AntTag - Could not convert tag: br into an Ant task, data type or property
2003-11-13 12:43:41,453 WARN  org.apache.commons.jelly.tags.ant.AntTag - Could not convert tag: br into an Ant task, data type or property
2003-11-13 12:43:41,453 WARN  org.apache.commons.jelly.tags.ant.AntTag - Could not convert tag: tr into an Ant task, data type or property
2003-11-13 12:43:41,453 WARN  org.apache.commons.jelly.tags.ant.AntTag - Could not convert tag: td into an Ant task, data type or property
2003-11-13 12:43:41,453 WARN  org.apache.commons.jelly.tags.ant.AntTag - Could not convert tag: td into an Ant task, data type or property
2003-11-13 12:43:41,453 WARN  org.apache.commons.jelly.tags.ant.AntTag - Could not convert tag: br into an Ant task, data type or property
2003-11-13 12:43:41,453 WARN  org.apache.commons.jelly.tags.ant.AntTag - Could not convert tag: br into an Ant task, data type or property
2003-11-13 12:43:41,453 WARN  org.apache.commons.jelly.tags.ant.AntTag - Could not convert tag: br into an Ant task, data type or property
2003-11-13 12:43:41,453 WARN  org.apache.commons.jelly.tags.ant.AntTag - Could not convert tag: tr into an Ant task, data type or property
2003-11-13 12:43:41,453 WARN  org.apache.commons.jelly.tags.ant.AntTag - Could not convert tag: td into an Ant task, data type or property
2003-11-13 12:43:41,453 WARN  org.apache.commons.jelly.tags.ant.AntTag - Could not convert tag: td into an Ant task, data type or property
2003-11-13 12:43:41,453 WARN  org.apache.commons.jelly.tags.ant.AntTag - Could not convert tag: br into an Ant task, data type or property
2003-11-13 12:43:41,453 WARN  org.apache.commons.jelly.tags.ant.AntTag - Could not convert tag: br into an Ant task, data type or property
2003-11-13 12:43:41,453 WARN  org.apache.commons.jelly.tags.ant.AntTag - Could not convert tag: br into an Ant task, data type or property
2003-11-13 12:43:41,453 WARN  org.apache.commons.jelly.tags.ant.AntTag - Could not convert tag: br into an Ant task, data type or property
2003-11-13 12:43:41,453 WARN  org.apache.commons.jelly.tags.ant.AntTag - Could not convert tag: tr into an Ant task, data type or property
2003-11-13 12:43:41,453 WARN  org.apache.commons.jelly.tags.ant.AntTag - Could not convert tag: td into an Ant task, data type or property
2003-11-13 12:43:41,453 WARN  org.apache.commons.jelly.tags.ant.AntTag - Could not convert tag: td into an Ant task, data type or property
2003-11-13 12:43:41,453 WARN  org.apache.commons.jelly.tags.ant.AntTag - Could not convert tag: br into an Ant task, data type or property
2003-11-13 12:43:41,453 WARN  org.apache.commons.jelly.tags.ant.AntTag - Could not convert tag: br into an Ant task, data type or property
2003-11-13 12:43:41,453 WARN  org.apache.commons.jelly.tags.ant.AntTag - Could not convert tag: br into an Ant task, data type or property
2003-11-13 12:43:41,453 WARN  org.apache.commons.jelly.tags.ant.AntTag - Could not convert tag: tr into an Ant task, data type or property
2003-11-13 12:43:41,453 WARN  org.apache.commons.jelly.tags.ant.AntTag - Could not convert tag: td into an Ant task, data type or property
2003-11-13 12:43:41,453 WARN  org.apache.commons.jelly.tags.ant.AntTag - Could not convert tag: td into an Ant task, data type or property
2003-11-13 12:43:41,453 WARN  org.apache.commons.jelly.tags.ant.AntTag - Could not convert tag: br into an Ant task, data type or property
2003-11-13 12:43:41,453 WARN  org.apache.commons.jelly.tags.ant.AntTag - Could not convert tag: br into an Ant task, data type or property
2003-11-13 12:43:41,453 WARN  org.apache.commons.jelly.tags.ant.AntTag - Could not convert tag: br into an Ant task, data type or property
2003-11-13 12:43:41,453 WARN  org.apache.commons.jelly.tags.ant.AntTag - Could not convert tag: br into an Ant task, data type or property
2003-11-13 12:43:41,453 WARN  org.apache.commons.jelly.tags.ant.AntTag - Could not convert tag: br into an Ant task, data type or property
2003-11-13 12:43:41,453 WARN  org.apache.commons.jelly.tags.ant.AntTag - Could not convert tag: br into an Ant task, data type or property
2003-11-13 12:43:41,453 WARN  org.apache.commons.jelly.tags.ant.AntTag - Could not convert tag: tr into an Ant task, data type or property
2003-11-13 12:43:41,453 WARN  org.apache.commons.jelly.tags.ant.AntTag - Could not convert tag: td into an Ant task, data type or property
2003-11-13 12:43:41,453 WARN  org.apache.commons.jelly.tags.ant.AntTag - Could not convert tag: td into an Ant task, data type or property
2003-11-13 12:43:41,453 WARN  org.apache.commons.jelly.tags.ant.AntTag - Could not convert tag: br into an Ant task, data type or property
2003-11-13 12:43:41,453 WARN  org.apache.commons.jelly.tags.ant.AntTag - Could not convert tag: br into an Ant task, data type or property
2003-11-13 12:43:41,453 WARN  org.apache.commons.jelly.tags.ant.AntTag - Could not convert tag: tr into an Ant task, data type or property
2003-11-13 12:43:41,453 WARN  org.apache.commons.jelly.tags.ant.AntTag - Could not convert tag: td into an Ant task, data type or property
2003-11-13 12:43:41,453 WARN  org.apache.commons.jelly.tags.ant.AntTag - Could not convert tag: td into an Ant task, data type or property
2003-11-13 12:43:41,453 WARN  org.apache.commons.jelly.tags.ant.AntTag - Could not convert tag: br into an Ant task, data type or property
2003-11-13 12:43:41,453 WARN  org.apache.commons.jelly.tags.ant.AntTag - Could not convert tag: br into an Ant task, data type or property
2003-11-13 12:43:41,453 WARN  org.apache.commons.jelly.tags.ant.AntTag - Could not convert tag: br into an Ant task, data type or property
2003-11-13 12:43:41,453 WARN  org.apache.commons.jelly.tags.ant.AntTag - Could not convert tag: br into an Ant task, data type or property
2003-11-13 12:43:41,453 WARN  org.apache.commons.jelly.tags.ant.AntTag - Could not convert tag: br into an Ant task, data type or property
2003-11-13 12:43:41,453 WARN  org.apache.commons.jelly.tags.ant.AntTag - Could not convert tag: tr into an Ant task, data type or property
2003-11-13 12:43:41,453 WARN  org.apache.commons.jelly.tags.ant.AntTag - Could not convert tag: td into an Ant task, data type or property
2003-11-13 12:43:41,453 WARN  org.apache.commons.jelly.tags.ant.AntTag - Could not convert tag: td into an Ant task, data type or property
2003-11-13 12:43:41,453 WARN  org.apache.commons.jelly.tags.ant.AntTag - Could not convert tag: br into an Ant task, data type or property
2003-11-13 12:43:41,453 WARN  org.apache.commons.jelly.tags.ant.AntTag - Could not convert tag: br into an Ant task, data type or property
2003-11-13 12:43:41,453 WARN  org.apache.commons.jelly.tags.ant.AntTag - Could not convert tag: br into an Ant task, data type or property
2003-11-13 12:43:41,453 WARN  org.apache.commons.jelly.tags.ant.AntTag - Could not convert tag: br into an Ant task, data type or property
2003-11-13 12:43:41,453 WARN  org.apache.commons.jelly.tags.ant.AntTag - Could not convert tag: tr into an Ant task, data type or property
2003-11-13 12:43:41,453 WARN  org.apache.commons.jelly.tags.ant.AntTag - Could not convert tag: td into an Ant task, data type or property
2003-11-13 12:43:41,453 WARN  org.apache.commons.jelly.tags.ant.AntTag - Could not convert tag: td into an Ant task, data type or property
2003-11-13 12:43:41,453 WARN  org.apache.commons.jelly.tags.ant.AntTag - Could not convert tag: br into an Ant task, data type or property
2003-11-13 12:43:41,453 WARN  org.apache.commons.jelly.tags.ant.AntTag - Could not convert tag: br into an Ant task, data type or property
2003-11-13 12:43:41,453 WARN  org.apache.commons.jelly.tags.ant.AntTag - Could not convert tag: br into an Ant task, data type or property
2003-11-13 12:43:41,453 WARN  org.apache.commons.jelly.tags.ant.AntTag - Could not convert tag: br into an Ant task, data type or property
2003-11-13 12:43:41,453 WARN  org.apache.commons.jelly.tags.ant.AntTag - Could not convert tag: br into an Ant task, data type or property
2003-11-13 12:43:41,453 WARN  org.apache.commons.jelly.tags.ant.AntTag - Could not convert tag: tr into an Ant task, data type or property
2003-11-13 12:43:41,453 WARN  org.apache.commons.jelly.tags.ant.AntTag - Could not convert tag: td into an Ant task, data type or property
2003-11-13 12:43:41,453 WARN  org.apache.commons.jelly.tags.ant.AntTag - Could not convert tag: td into an Ant task, data type or property
2003-11-13 12:43:41,453 WARN  org.apache.commons.jelly.tags.ant.AntTag - Could not convert tag: br into an Ant task, data type or property
2003-11-13 12:43:41,453 WARN  org.apache.commons.jelly.tags.ant.AntTag - Could not convert tag: br into an Ant task, data type or property
2003-11-13 12:43:41,453 WARN  org.apache.commons.jelly.tags.ant.AntTag - Could not convert tag: br into an Ant task, data type or property
2003-11-13 12:43:41,453 WARN  org.apache.commons.jelly.tags.ant.AntTag - Could not convert tag: tr into an Ant task, data type or property
2003-11-13 12:43:41,453 WARN  org.apache.commons.jelly.tags.ant.AntTag - Could not convert tag: td into an Ant task, data type or property
2003-11-13 12:43:41,453 WARN  org.apache.commons.jelly.tags.ant.AntTag - Could not convert tag: td into an Ant task, data type or property
2003-11-13 12:43:41,453 WARN  org.apache.commons.jelly.tags.ant.AntTag - Could not convert tag: br into an Ant task, data type or property
2003-11-13 12:43:41,453 WARN  org.apache.commons.jelly.tags.ant.AntTag - Could not convert tag: br into an Ant task, data type or property
2003-11-13 12:43:41,453 WARN  org.apache.commons.jelly.tags.ant.AntTag - Could not convert tag: br into an Ant task, data type or property
2003-11-13 12:43:41,453 WARN  org.apache.commons.jelly.tags.ant.AntTag - Could not convert tag: br into an Ant task, data type or property
2003-11-13 12:43:41,468 WARN  org.apache.commons.jelly.tags.ant.AntTag - Could not convert tag: tr into an Ant task, data type or property
2003-11-13 12:43:41,468 WARN  org.apache.commons.jelly.tags.ant.AntTag - Could not convert tag: td into an Ant task, data type or property
2003-11-13 12:43:41,468 WARN  org.apache.commons.jelly.tags.ant.AntTag - Could not convert tag: td into an Ant task, data type or property
2003-11-13 12:43:41,468 WARN  org.apache.commons.jelly.tags.ant.AntTag - Could not convert tag: br into an Ant task, data type or property
2003-11-13 12:43:41,468 WARN  org.apache.commons.jelly.tags.ant.AntTag - Could not convert tag: br into an Ant task, data type or property
2003-11-13 12:43:41,468 WARN  org.apache.commons.jelly.tags.ant.AntTag - Could not convert tag: br into an Ant task, data type or property
2003-11-13 12:43:41,468 WARN  org.apache.commons.jelly.tags.ant.AntTag - Could not convert tag: br into an Ant task, data type or property
2003-11-13 12:43:41,468 WARN  org.apache.commons.jelly.tags.ant.AntTag - Could not convert tag: br into an Ant task, data type or property
2003-11-13 12:43:41,468 WARN  org.apache.commons.jelly.tags.ant.AntTag - Could not convert tag: tr into an Ant task, data type or property
2003-11-13 12:43:41,468 WARN  org.apache.commons.jelly.tags.ant.AntTag - Could not convert tag: td into an Ant task, data type or property
2003-11-13 12:43:41,468 WARN  org.apache.commons.jelly.tags.ant.AntTag - Could not convert tag: td into an Ant task, data type or property
2003-11-13 12:43:41,468 WARN  org.apache.commons.jelly.tags.ant.AntTag - Could not convert tag: br into an Ant task, data type or property
2003-11-13 12:43:41,468 WARN  org.apache.commons.jelly.tags.ant.AntTag - Could not convert tag: br into an Ant task, data type or property
2003-11-13 12:43:41,468 WARN  org.apache.commons.jelly.tags.ant.AntTag - Could not convert tag: br into an Ant task, data type or property
2003-11-13 12:43:41,468 WARN  org.apache.commons.jelly.tags.ant.AntTag - Could not convert tag: tr into an Ant task, data type or property
2003-11-13 12:43:41,468 WARN  org.apache.commons.jelly.tags.ant.AntTag - Could not convert tag: td into an Ant task, data type or property
2003-11-13 12:43:41,468 WARN  org.apache.commons.jelly.tags.ant.AntTag - Could not convert tag: td into an Ant task, data type or property
2003-11-13 12:43:41,468 WARN  org.apache.commons.jelly.tags.ant.AntTag - Could not convert tag: br into an Ant task, data type or property
2003-11-13 12:43:41,468 WARN  org.apache.commons.jelly.tags.ant.AntTag - Could not convert tag: br into an Ant task, data type or property
2003-11-13 12:43:41,468 WARN  org.apache.commons.jelly.tags.ant.AntTag - Could not convert tag: br into an Ant task, data type or property
2003-11-13 12:43:41,468 WARN  org.apache.commons.jelly.tags.ant.AntTag - Could not convert tag: br into an Ant task, data type or property
2003-11-13 12:43:41,468 WARN  org.apache.commons.jelly.tags.ant.AntTag - Could not convert tag: br into an Ant task, data type or property
2003-11-13 12:43:41,468 WARN  org.apache.commons.jelly.tags.ant.AntTag - Could not convert tag: br into an Ant task, data type or property
2003-11-13 12:43:41,468 WARN  org.apache.commons.jelly.tags.ant.AntTag - Could not convert tag: section into an Ant task, data type or property
2003-11-13 12:43:41,468 WARN  org.apache.commons.jelly.tags.ant.AntTag - Could not convert tag: p into an Ant task, data type or property
2003-11-13 12:43:41,468 WARN  org.apache.commons.jelly.tags.ant.AntTag - Could not convert tag: a into an Ant task, data type or property
2003-11-13 12:43:41,468 WARN  org.apache.commons.jelly.tags.ant.AntTag - Could not convert tag: a into an Ant task, data type or property
2003-11-13 12:43:41,468 WARN  org.apache.commons.jelly.tags.ant.AntTag - Could not convert tag: a into an Ant task, data type or property
2003-11-13 12:43:41,468 WARN  org.apache.commons.jelly.tags.ant.AntTag - Could not convert tag: a into an Ant task, data type or property
2003-11-13 12:43:41,468 WARN  org.apache.commons.jelly.tags.ant.AntTag - Could not convert tag: p into an Ant task, data type or property
2003-11-13 12:43:41,468 WARN  org.apache.commons.jelly.tags.ant.AntTag - Could not convert tag: a into an Ant task, data type or property
2003-11-13 12:43:41,468 WARN  org.apache.commons.jelly.tags.ant.AntTag - Could not convert tag: table into an Ant task, data type or property
2003-11-13 12:43:41,468 WARN  org.apache.commons.jelly.tags.ant.AntTag - Could not convert tag: tr into an Ant task, data type or property
2003-11-13 12:43:41,468 WARN  org.apache.commons.jelly.tags.ant.AntTag - Could not convert tag: th into an Ant task, data type or property
2003-11-13 12:43:41,468 WARN  org.apache.commons.jelly.tags.ant.AntTag - Could not convert tag: th into an Ant task, data type or property
2003-11-13 12:43:41,468 WARN  org.apache.commons.jelly.tags.ant.AntTag - Could not convert tag: tr into an Ant task, data type or property
2003-11-13 12:43:41,468 WARN  org.apache.commons.jelly.tags.ant.AntTag - Could not convert tag: td into an Ant task, data type or property
2003-11-13 12:43:41,468 WARN  org.apache.commons.jelly.tags.ant.AntTag - Could not convert tag: td into an Ant task, data type or property
2003-11-13 12:43:41,468 WARN  org.apache.commons.jelly.tags.ant.AntTag - Could not convert tag: tr into an Ant task, data type or property
2003-11-13 12:43:41,468 WARN  org.apache.commons.jelly.tags.ant.AntTag - Could not convert tag: td into an Ant task, data type or property
2003-11-13 12:43:41,468 WARN  org.apache.commons.jelly.tags.ant.AntTag - Could not convert tag: td into an Ant task, data type or property
2003-11-13 12:43:41,468 WARN  org.apache.commons.jelly.tags.ant.AntTag - Could not convert tag: tr into an Ant task, data type or property
2003-11-13 12:43:41,468 WARN  org.apache.commons.jelly.tags.ant.AntTag - Could not convert tag: td into an Ant task, data type or property
2003-11-13 12:43:41,468 WARN  org.apache.commons.jelly.tags.ant.AntTag - Could not convert tag: td into an Ant task, data type or property
2003-11-13 12:43:41,468 WARN  org.apache.commons.jelly.tags.ant.AntTag - Could not convert tag: tr into an Ant task, data type or property
2003-11-13 12:43:41,468 WARN  org.apache.commons.jelly.tags.ant.AntTag - Could not convert tag: td into an Ant task, data type or property
2003-11-13 12:43:41,468 WARN  org.apache.commons.jelly.tags.ant.AntTag - Could not convert tag: td into an Ant task, data type or property
2003-11-13 12:43:41,468 WARN  org.apache.commons.jelly.tags.ant.AntTag - Could not convert tag: tr into an Ant task, data type or property
2003-11-13 12:43:41,468 WARN  org.apache.commons.jelly.tags.ant.AntTag - Could not convert tag: td into an Ant task, data type or property
2003-11-13 12:43:41,468 WARN  org.apache.commons.jelly.tags.ant.AntTag - Could not convert tag: td into an Ant task, data type or property
2003-11-13 12:43:41,468 WARN  org.apache.commons.jelly.tags.ant.AntTag - Could not convert tag: tr into an Ant task, data type or property
2003-11-13 12:43:41,468 WARN  org.apache.commons.jelly.tags.ant.AntTag - Could not convert tag: td into an Ant task, data type or property
2003-11-13 12:43:41,468 WARN  org.apache.commons.jelly.tags.ant.AntTag - Could not convert tag: td into an Ant task, data type or property
2003-11-13 12:43:41,468 WARN  org.apache.commons.jelly.tags.ant.AntTag - Could not convert tag: tr into an Ant task, data type or property
2003-11-13 12:43:41,468 WARN  org.apache.commons.jelly.tags.ant.AntTag - Could not convert tag: td into an Ant task, data type or property
2003-11-13 12:43:41,468 WARN  org.apache.commons.jelly.tags.ant.AntTag - Could not convert tag: td into an Ant task, data type or property
2003-11-13 12:46:03,562 INFO  org.apache.commons.jelly.tags.log.InfoTag - About to use JSL stylesheet file:/C:/Documents and Settings/gilesn/.maven/plugins/maven-xdoc-plugin-1.5-SNAPSHOT/plugin-resources/site.jsl
2003-11-13 12:46:03,718 WARN  org.apache.commons.jelly.tags.ant.AntTag - Could not convert tag: a into an Ant task, data type or property
2003-11-13 12:46:03,718 WARN  org.apache.commons.jelly.tags.ant.AntTag - Could not convert tag: img into an Ant task, data type or property
2003-11-13 12:46:03,718 WARN  org.apache.commons.jelly.tags.ant.AntTag - Could not convert tag: img into an Ant task, data type or property
2003-11-13 12:46:03,734 WARN  org.apache.commons.jelly.tags.ant.AntTag - Could not convert tag: a into an Ant task, data type or property
2003-11-13 12:46:03,734 WARN  org.apache.commons.jelly.tags.ant.AntTag - Could not convert tag: img into an Ant task, data type or property
2003-11-13 12:46:03,734 WARN  org.apache.commons.jelly.tags.ant.AntTag - Could not convert tag: img into an Ant task, data type or property
2003-11-13 12:46:03,734 WARN  org.apache.commons.jelly.tags.ant.AntTag - Could not convert tag: a into an Ant task, data type or property
2003-11-13 12:46:03,734 WARN  org.apache.commons.jelly.tags.ant.AntTag - Could not convert tag: img into an Ant task, data type or property
2003-11-13 12:46:03,734 WARN  org.apache.commons.jelly.tags.ant.AntTag - Could not convert tag: img into an Ant task, data type or property
2003-11-13 12:46:03,734 WARN  org.apache.commons.jelly.tags.ant.AntTag - Could not convert tag: a into an Ant task, data type or property
2003-11-13 12:46:03,734 WARN  org.apache.commons.jelly.tags.ant.AntTag - Could not convert tag: img into an Ant task, data type or property
2003-11-13 12:46:03,734 WARN  org.apache.commons.jelly.tags.ant.AntTag - Could not convert tag: img into an Ant task, data type or property
2003-11-13 12:46:03,750 WARN  org.apache.commons.jelly.tags.ant.AntTag - Could not convert tag: a into an Ant task, data type or property
2003-11-13 12:46:03,750 WARN  org.apache.commons.jelly.tags.ant.AntTag - Could not convert tag: img into an Ant task, data type or property
2003-11-13 12:46:03,750 WARN  org.apache.commons.jelly.tags.ant.AntTag - Could not convert tag: img into an Ant task, data type or property
2003-11-13 12:46:03,750 WARN  org.apache.commons.jelly.tags.ant.AntTag - Could not convert tag: a into an Ant task, data type or property
2003-11-13 12:46:03,750 WARN  org.apache.commons.jelly.tags.ant.AntTag - Could not convert tag: img into an Ant task, data type or property
2003-11-13 12:46:03,750 WARN  org.apache.commons.jelly.tags.ant.AntTag - Could not convert tag: img into an Ant task, data type or property
2003-11-13 12:46:03,750 WARN  org.apache.commons.jelly.tags.ant.AntTag - Could not convert tag: a into an Ant task, data type or property
2003-11-13 12:46:03,750 WARN  org.apache.commons.jelly.tags.ant.AntTag - Could not convert tag: img into an Ant task, data type or property
2003-11-13 12:46:03,750 WARN  org.apache.commons.jelly.tags.ant.AntTag - Could not convert tag: img into an Ant task, data type or property
2003-11-13 12:46:03,750 WARN  org.apache.commons.jelly.tags.ant.AntTag - Could not convert tag: a into an Ant task, data type or property
2003-11-13 12:46:03,750 WARN  org.apache.commons.jelly.tags.ant.AntTag - Could not convert tag: img into an Ant task, data type or property
2003-11-13 12:46:03,750 WARN  org.apache.commons.jelly.tags.ant.AntTag - Could not convert tag: img into an Ant task, data type or property
2003-11-13 12:46:03,750 WARN  org.apache.commons.jelly.tags.ant.AntTag - Could not convert tag: a into an Ant task, data type or property
2003-11-13 12:46:03,750 WARN  org.apache.commons.jelly.tags.ant.AntTag - Could not convert tag: img into an Ant task, data type or property
2003-11-13 12:46:03,750 WARN  org.apache.commons.jelly.tags.ant.AntTag - Could not convert tag: img into an Ant task, data type or property
2003-11-13 12:46:03,750 WARN  org.apache.commons.jelly.tags.ant.AntTag - Could not convert tag: a into an Ant task, data type or property
2003-11-13 12:46:03,750 WARN  org.apache.commons.jelly.tags.ant.AntTag - Could not convert tag: img into an Ant task, data type or property
2003-11-13 12:46:03,750 WARN  org.apache.commons.jelly.tags.ant.AntTag - Could not convert tag: img into an Ant task, data type or property
2003-11-13 12:46:03,750 WARN  org.apache.commons.jelly.tags.ant.AntTag - Could not convert tag: a into an Ant task, data type or property
2003-11-13 12:46:03,750 WARN  org.apache.commons.jelly.tags.ant.AntTag - Could not convert tag: img into an Ant task, data type or property
2003-11-13 12:46:03,750 WARN  org.apache.commons.jelly.tags.ant.AntTag - Could not convert tag: img into an Ant task, data type or property
2003-11-13 12:46:03,750 WARN  org.apache.commons.jelly.tags.ant.AntTag - Could not convert tag: a into an Ant task, data type or property
2003-11-13 12:46:03,750 WARN  org.apache.commons.jelly.tags.ant.AntTag - Could not convert tag: img into an Ant task, data type or property
2003-11-13 12:46:03,750 WARN  org.apache.commons.jelly.tags.ant.AntTag - Could not convert tag: img into an Ant task, data type or property
2003-11-13 12:46:03,750 WARN  org.apache.commons.jelly.tags.ant.AntTag - Could not convert tag: a into an Ant task, data type or property
2003-11-13 12:46:03,750 WARN  org.apache.commons.jelly.tags.ant.AntTag - Could not convert tag: img into an Ant task, data type or property
2003-11-13 12:46:03,750 WARN  org.apache.commons.jelly.tags.ant.AntTag - Could not convert tag: img into an Ant task, data type or property
2003-11-13 12:46:03,750 WARN  org.apache.commons.jelly.tags.ant.AntTag - Could not convert tag: a into an Ant task, data type or property
2003-11-13 12:46:03,750 WARN  org.apache.commons.jelly.tags.ant.AntTag - Could not convert tag: img into an Ant task, data type or property
2003-11-13 12:46:03,750 WARN  org.apache.commons.jelly.tags.ant.AntTag - Could not convert tag: img into an Ant task, data type or property
2003-11-13 12:46:03,765 WARN  org.apache.commons.jelly.tags.ant.AntTag - Could not convert tag: a into an Ant task, data type or property
2003-11-13 12:46:03,765 WARN  org.apache.commons.jelly.tags.ant.AntTag - Could not convert tag: img into an Ant task, data type or property
2003-11-13 12:46:03,765 WARN  org.apache.commons.jelly.tags.ant.AntTag - Could not convert tag: img into an Ant task, data type or property
2003-11-13 12:46:03,765 WARN  org.apache.commons.jelly.tags.ant.AntTag - Could not convert tag: a into an Ant task, data type or property
2003-11-13 12:46:03,765 WARN  org.apache.commons.jelly.tags.ant.AntTag - Could not convert tag: img into an Ant task, data type or property
2003-11-13 12:46:03,765 WARN  org.apache.commons.jelly.tags.ant.AntTag - Could not convert tag: img into an Ant task, data type or property
2003-11-13 12:46:03,890 WARN  org.apache.commons.jelly.tags.ant.AntTag - Could not convert tag: a into an Ant task, data type or property
2003-11-13 12:46:03,890 WARN  org.apache.commons.jelly.tags.ant.AntTag - Could not convert tag: img into an Ant task, data type or property
2003-11-13 12:46:03,890 WARN  org.apache.commons.jelly.tags.ant.AntTag - Could not convert tag: img into an Ant task, data type or property
2003-11-13 12:46:03,890 WARN  org.apache.commons.jelly.tags.ant.AntTag - Could not convert tag: a into an Ant task, data type or property
2003-11-13 12:46:03,890 WARN  org.apache.commons.jelly.tags.ant.AntTag - Could not convert tag: img into an Ant task, data type or property
2003-11-13 12:46:03,890 WARN  org.apache.commons.jelly.tags.ant.AntTag - Could not convert tag: img into an Ant task, data type or property
2003-11-13 12:46:03,890 WARN  org.apache.commons.jelly.tags.ant.AntTag - Could not convert tag: a into an Ant task, data type or property
2003-11-13 12:46:03,890 WARN  org.apache.commons.jelly.tags.ant.AntTag - Could not convert tag: img into an Ant task, data type or property
2003-11-13 12:46:03,890 WARN  org.apache.commons.jelly.tags.ant.AntTag - Could not convert tag: img into an Ant task, data type or property
2003-11-13 12:46:03,890 WARN  org.apache.commons.jelly.tags.ant.AntTag - Could not convert tag: a into an Ant task, data type or property
2003-11-13 12:46:03,890 WARN  org.apache.commons.jelly.tags.ant.AntTag - Could not convert tag: img into an Ant task, data type or property
2003-11-13 12:46:03,890 WARN  org.apache.commons.jelly.tags.ant.AntTag - Could not convert tag: img into an Ant task, data type or property
2003-11-13 12:46:03,890 WARN  org.apache.commons.jelly.tags.ant.AntTag - Could not convert tag: a into an Ant task, data type or property
2003-11-13 12:46:03,890 WARN  org.apache.commons.jelly.tags.ant.AntTag - Could not convert tag: img into an Ant task, data type or property
2003-11-13 12:46:03,890 WARN  org.apache.commons.jelly.tags.ant.AntTag - Could not convert tag: img into an Ant task, data type or property
2003-11-13 12:46:03,890 WARN  org.apache.commons.jelly.tags.ant.AntTag - Could not convert tag: a into an Ant task, data type or property
2003-11-13 12:46:03,890 WARN  org.apache.commons.jelly.tags.ant.AntTag - Could not convert tag: img into an Ant task, data type or property
2003-11-13 12:46:03,890 WARN  org.apache.commons.jelly.tags.ant.AntTag - Could not convert tag: img into an Ant task, data type or property
2003-11-13 12:46:03,890 WARN  org.apache.commons.jelly.tags.ant.AntTag - Could not convert tag: a into an Ant task, data type or property
2003-11-13 12:46:03,890 WARN  org.apache.commons.jelly.tags.ant.AntTag - Could not convert tag: img into an Ant task, data type or property
2003-11-13 12:46:03,890 WARN  org.apache.commons.jelly.tags.ant.AntTag - Could not convert tag: img into an Ant task, data type or property
2003-11-13 12:46:03,906 WARN  org.apache.commons.jelly.tags.ant.AntTag - Could not convert tag: a into an Ant task, data type or property
2003-11-13 12:46:03,906 WARN  org.apache.commons.jelly.tags.ant.AntTag - Could not convert tag: img into an Ant task, data type or property
2003-11-13 12:46:03,906 WARN  org.apache.commons.jelly.tags.ant.AntTag - Could not convert tag: img into an Ant task, data type or property
2003-11-13 12:46:03,937 WARN  org.apache.commons.jelly.tags.ant.AntTag - Could not convert tag: a into an Ant task, data type or property
2003-11-13 12:46:03,937 WARN  org.apache.commons.jelly.tags.ant.AntTag - Could not convert tag: img into an Ant task, data type or property
2003-11-13 12:46:03,937 WARN  org.apache.commons.jelly.tags.ant.AntTag - Could not convert tag: img into an Ant task, data type or property
2003-11-13 12:46:03,937 WARN  org.apache.commons.jelly.tags.ant.AntTag - Could not convert tag: a into an Ant task, data type or property
2003-11-13 12:46:03,937 WARN  org.apache.commons.jelly.tags.ant.AntTag - Could not convert tag: img into an Ant task, data type or property
2003-11-13 12:46:03,937 WARN  org.apache.commons.jelly.tags.ant.AntTag - Could not convert tag: img into an Ant task, data type or property
2003-11-13 12:46:03,937 WARN  org.apache.commons.jelly.tags.ant.AntTag - Could not convert tag: a into an Ant task, data type or property
2003-11-13 12:46:03,937 WARN  org.apache.commons.jelly.tags.ant.AntTag - Could not convert tag: img into an Ant task, data type or property
2003-11-13 12:46:03,937 WARN  org.apache.commons.jelly.tags.ant.AntTag - Could not convert tag: img into an Ant task, data type or property
2003-11-13 12:46:03,937 WARN  org.apache.commons.jelly.tags.ant.AntTag - Could not convert tag: a into an Ant task, data type or property
2003-11-13 12:46:03,937 WARN  org.apache.commons.jelly.tags.ant.AntTag - Could not convert tag: img into an Ant task, data type or property
2003-11-13 12:46:03,937 WARN  org.apache.commons.jelly.tags.ant.AntTag - Could not convert tag: img into an Ant task, data type or property
2003-11-13 12:46:03,937 WARN  org.apache.commons.jelly.tags.ant.AntTag - Could not convert tag: a into an Ant task, data type or property
2003-11-13 12:46:03,937 WARN  org.apache.commons.jelly.tags.ant.AntTag - Could not convert tag: img into an Ant task, data type or property
2003-11-13 12:46:03,937 WARN  org.apache.commons.jelly.tags.ant.AntTag - Could not convert tag: img into an Ant task, data type or property
2003-11-13 12:46:03,937 WARN  org.apache.commons.jelly.tags.ant.AntTag - Could not convert tag: a into an Ant task, data type or property
2003-11-13 12:46:03,937 WARN  org.apache.commons.jelly.tags.ant.AntTag - Could not convert tag: img into an Ant task, data type or property
2003-11-13 12:46:03,937 WARN  org.apache.commons.jelly.tags.ant.AntTag - Could not convert tag: img into an Ant task, data type or property
2003-11-13 12:46:03,953 WARN  org.apache.commons.jelly.tags.ant.AntTag - Could not convert tag: a into an Ant task, data type or property
2003-11-13 12:46:03,953 WARN  org.apache.commons.jelly.tags.ant.AntTag - Could not convert tag: img into an Ant task, data type or property
2003-11-13 12:46:03,953 WARN  org.apache.commons.jelly.tags.ant.AntTag - Could not convert tag: img into an Ant task, data type or property
2003-11-13 12:46:03,953 WARN  org.apache.commons.jelly.tags.ant.AntTag - Could not convert tag: a into an Ant task, data type or property
2003-11-13 12:46:03,953 WARN  org.apache.commons.jelly.tags.ant.AntTag - Could not convert tag: img into an Ant task, data type or property
2003-11-13 12:46:03,953 WARN  org.apache.commons.jelly.tags.ant.AntTag - Could not convert tag: img into an Ant task, data type or property
2003-11-13 12:46:04,000 WARN  org.apache.commons.jelly.tags.ant.AntTag - Could not convert tag: a into an Ant task, data type or property
2003-11-13 12:46:04,000 WARN  org.apache.commons.jelly.tags.ant.AntTag - Could not convert tag: img into an Ant task, data type or property
2003-11-13 12:46:04,000 WARN  org.apache.commons.jelly.tags.ant.AntTag - Could not convert tag: img into an Ant task, data type or property
2003-11-13 12:46:04,000 WARN  org.apache.commons.jelly.tags.ant.AntTag - Could not convert tag: a into an Ant task, data type or property
2003-11-13 12:46:04,000 WARN  org.apache.commons.jelly.tags.ant.AntTag - Could not convert tag: img into an Ant task, data type or property
2003-11-13 12:46:04,000 WARN  org.apache.commons.jelly.tags.ant.AntTag - Could not convert tag: img into an Ant task, data type or property
2003-11-13 12:46:04,000 WARN  org.apache.commons.jelly.tags.ant.AntTag - Could not convert tag: a into an Ant task, data type or property
2003-11-13 12:46:04,000 WARN  org.apache.commons.jelly.tags.ant.AntTag - Could not convert tag: img into an Ant task, data type or property
2003-11-13 12:46:04,000 WARN  org.apache.commons.jelly.tags.ant.AntTag - Could not convert tag: img into an Ant task, data type or property
2003-11-13 12:46:04,000 WARN  org.apache.commons.jelly.tags.ant.AntTag - Could not convert tag: a into an Ant task, data type or property
2003-11-13 12:46:04,000 WARN  org.apache.commons.jelly.tags.ant.AntTag - Could not convert tag: img into an Ant task, data type or property
2003-11-13 12:46:04,000 WARN  org.apache.commons.jelly.tags.ant.AntTag - Could not convert tag: img into an Ant task, data type or property
2003-11-13 12:46:04,000 WARN  org.apache.commons.jelly.tags.ant.AntTag - Could not convert tag: a into an Ant task, data type or property
2003-11-13 12:46:04,000 WARN  org.apache.commons.jelly.tags.ant.AntTag - Could not convert tag: img into an Ant task, data type or property
2003-11-13 12:46:04,000 WARN  org.apache.commons.jelly.tags.ant.AntTag - Could not convert tag: img into an Ant task, data type or property
2003-11-13 12:46:04,000 WARN  org.apache.commons.jelly.tags.ant.AntTag - Could not convert tag: a into an Ant task, data type or property
2003-11-13 12:46:04,000 WARN  org.apache.commons.jelly.tags.ant.AntTag - Could not convert tag: img into an Ant task, data type or property
2003-11-13 12:46:04,000 WARN  org.apache.commons.jelly.tags.ant.AntTag - Could not convert tag: img into an Ant task, data type or property
2003-11-13 12:46:04,000 WARN  org.apache.commons.jelly.tags.ant.AntTag - Could not convert tag: a into an Ant task, data type or property
2003-11-13 12:46:04,000 WARN  org.apache.commons.jelly.tags.ant.AntTag - Could not convert tag: img into an Ant task, data type or property
2003-11-13 12:46:04,000 WARN  org.apache.commons.jelly.tags.ant.AntTag - Could not convert tag: img into an Ant task, data type or property
2003-11-13 12:46:04,000 WARN  org.apache.commons.jelly.tags.ant.AntTag - Could not convert tag: a into an Ant task, data type or property
2003-11-13 12:46:04,000 WARN  org.apache.commons.jelly.tags.ant.AntTag - Could not convert tag: img into an Ant task, data type or property
2003-11-13 12:46:04,000 WARN  org.apache.commons.jelly.tags.ant.AntTag - Could not convert tag: img into an Ant task, data type or property
2003-11-13 12:46:04,000 WARN  org.apache.commons.jelly.tags.ant.AntTag - Could not convert tag: a into an Ant task, data type or property
2003-11-13 12:46:04,000 WARN  org.apache.commons.jelly.tags.ant.AntTag - Could not convert tag: img into an Ant task, data type or property
2003-11-13 12:46:04,000 WARN  org.apache.commons.jelly.tags.ant.AntTag - Could not convert tag: img into an Ant task, data type or property
2003-11-13 12:46:04,000 WARN  org.apache.commons.jelly.tags.ant.AntTag - Could not convert tag: a into an Ant task, data type or property
2003-11-13 12:46:04,000 WARN  org.apache.commons.jelly.tags.ant.AntTag - Could not convert tag: img into an Ant task, data type or property
2003-11-13 12:46:04,000 WARN  org.apache.commons.jelly.tags.ant.AntTag - Could not convert tag: img into an Ant task, data type or property
2003-11-13 12:46:04,015 WARN  org.apache.commons.jelly.tags.ant.AntTag - Could not convert tag: a into an Ant task, data type or property
2003-11-13 12:46:04,015 WARN  org.apache.commons.jelly.tags.ant.AntTag - Could not convert tag: img into an Ant task, data type or property
2003-11-13 12:46:04,015 WARN  org.apache.commons.jelly.tags.ant.AntTag - Could not convert tag: img into an Ant task, data type or property
2003-11-13 12:46:04,015 WARN  org.apache.commons.jelly.tags.ant.AntTag - Could not convert tag: a into an Ant task, data type or property
2003-11-13 12:46:04,015 WARN  org.apache.commons.jelly.tags.ant.AntTag - Could not convert tag: img into an Ant task, data type or property
2003-11-13 12:46:04,015 WARN  org.apache.commons.jelly.tags.ant.AntTag - Could not convert tag: img into an Ant task, data type or property
2003-11-13 12:46:04,015 WARN  org.apache.commons.jelly.tags.ant.AntTag - Could not convert tag: a into an Ant task, data type or property
2003-11-13 12:46:04,015 WARN  org.apache.commons.jelly.tags.ant.AntTag - Could not convert tag: img into an Ant task, data type or property
2003-11-13 12:46:04,015 WARN  org.apache.commons.jelly.tags.ant.AntTag - Could not convert tag: img into an Ant task, data type or property
2003-11-13 12:46:04,015 WARN  org.apache.commons.jelly.tags.ant.AntTag - Could not convert tag: a into an Ant task, data type or property
2003-11-13 12:46:04,015 WARN  org.apache.commons.jelly.tags.ant.AntTag - Could not convert tag: img into an Ant task, data type or property
2003-11-13 12:46:04,015 WARN  org.apache.commons.jelly.tags.ant.AntTag - Could not convert tag: img into an Ant task, data type or property
2003-11-13 12:46:04,015 WARN  org.apache.commons.jelly.tags.ant.AntTag - Could not convert tag: a into an Ant task, data type or property
2003-11-13 12:46:04,015 WARN  org.apache.commons.jelly.tags.ant.AntTag - Could not convert tag: img into an Ant task, data type or property
2003-11-13 12:46:04,015 WARN  org.apache.commons.jelly.tags.ant.AntTag - Could not convert tag: img into an Ant task, data type or property
2003-11-13 12:46:04,015 WARN  org.apache.commons.jelly.tags.ant.AntTag - Could not convert tag: a into an Ant task, data type or property
2003-11-13 12:46:04,015 WARN  org.apache.commons.jelly.tags.ant.AntTag - Could not convert tag: img into an Ant task, data type or property
2003-11-13 12:46:04,015 WARN  org.apache.commons.jelly.tags.ant.AntTag - Could not convert tag: img into an Ant task, data type or property
2003-11-13 12:46:04,062 WARN  org.apache.commons.jelly.tags.ant.AntTag - Could not convert tag: a into an Ant task, data type or property
2003-11-13 12:46:04,062 WARN  org.apache.commons.jelly.tags.ant.AntTag - Could not convert tag: img into an Ant task, data type or property
2003-11-13 12:46:04,062 WARN  org.apache.commons.jelly.tags.ant.AntTag - Could not convert tag: img into an Ant task, data type or property
2003-11-13 12:46:04,062 WARN  org.apache.commons.jelly.tags.ant.AntTag - Could not convert tag: a into an Ant task, data type or property
2003-11-13 12:46:04,062 WARN  org.apache.commons.jelly.tags.ant.AntTag - Could not convert tag: img into an Ant task, data type or property
2003-11-13 12:46:04,062 WARN  org.apache.commons.jelly.tags.ant.AntTag - Could not convert tag: img into an Ant task, data type or property
2003-11-13 12:46:04,062 WARN  org.apache.commons.jelly.tags.ant.AntTag - Could not convert tag: a into an Ant task, data type or property
2003-11-13 12:46:04,062 WARN  org.apache.commons.jelly.tags.ant.AntTag - Could not convert tag: img into an Ant task, data type or property
2003-11-13 12:46:04,062 WARN  org.apache.commons.jelly.tags.ant.AntTag - Could not convert tag: img into an Ant task, data type or property
2003-11-13 12:46:04,062 WARN  org.apache.commons.jelly.tags.ant.AntTag - Could not convert tag: a into an Ant task, data type or property
2003-11-13 12:46:04,062 WARN  org.apache.commons.jelly.tags.ant.AntTag - Could not convert tag: img into an Ant task, data type or property
2003-11-13 12:46:04,062 WARN  org.apache.commons.jelly.tags.ant.AntTag - Could not convert tag: img into an Ant task, data type or property
2003-11-13 12:46:04,062 WARN  org.apache.commons.jelly.tags.ant.AntTag - Could not convert tag: a into an Ant task, data type or property
2003-11-13 12:46:04,062 WARN  org.apache.commons.jelly.tags.ant.AntTag - Could not convert tag: img into an Ant task, data type or property
2003-11-13 12:46:04,062 WARN  org.apache.commons.jelly.tags.ant.AntTag - Could not convert tag: img into an Ant task, data type or property
2003-11-13 12:46:04,062 WARN  org.apache.commons.jelly.tags.ant.AntTag - Could not convert tag: a into an Ant task, data type or property
2003-11-13 12:46:04,062 WARN  org.apache.commons.jelly.tags.ant.AntTag - Could not convert tag: img into an Ant task, data type or property
2003-11-13 12:46:04,062 WARN  org.apache.commons.jelly.tags.ant.AntTag - Could not convert tag: img into an Ant task, data type or property
2003-11-13 12:46:04,078 WARN  org.apache.commons.jelly.tags.ant.AntTag - Could not convert tag: a into an Ant task, data type or property
2003-11-13 12:46:04,078 WARN  org.apache.commons.jelly.tags.ant.AntTag - Could not convert tag: img into an Ant task, data type or property
2003-11-13 12:46:04,078 WARN  org.apache.commons.jelly.tags.ant.AntTag - Could not convert tag: img into an Ant task, data type or property
2003-11-13 12:46:04,078 WARN  org.apache.commons.jelly.tags.ant.AntTag - Could not convert tag: a into an Ant task, data type or property
2003-11-13 12:46:04,078 WARN  org.apache.commons.jelly.tags.ant.AntTag - Could not convert tag: img into an Ant task, data type or property
2003-11-13 12:46:04,078 WARN  org.apache.commons.jelly.tags.ant.AntTag - Could not convert tag: img into an Ant task, data type or property
2003-11-13 12:46:04,078 WARN  org.apache.commons.jelly.tags.ant.AntTag - Could not convert tag: a into an Ant task, data type or property
2003-11-13 12:46:04,078 WARN  org.apache.commons.jelly.tags.ant.AntTag - Could not convert tag: img into an Ant task, data type or property
2003-11-13 12:46:04,078 WARN  org.apache.commons.jelly.tags.ant.AntTag - Could not convert tag: img into an Ant task, data type or property
2003-11-13 12:46:04,078 WARN  org.apache.commons.jelly.tags.ant.AntTag - Could not convert tag: a into an Ant task, data type or property
2003-11-13 12:46:04,078 WARN  org.apache.commons.jelly.tags.ant.AntTag - Could not convert tag: img into an Ant task, data type or property
2003-11-13 12:46:04,078 WARN  org.apache.commons.jelly.tags.ant.AntTag - Could not convert tag: img into an Ant task, data type or property
2003-11-13 12:46:04,078 WARN  org.apache.commons.jelly.tags.ant.AntTag - Could not convert tag: a into an Ant task, data type or property
2003-11-13 12:46:04,078 WARN  org.apache.commons.jelly.tags.ant.AntTag - Could not convert tag: img into an Ant task, data type or property
2003-11-13 12:46:04,078 WARN  org.apache.commons.jelly.tags.ant.AntTag - Could not convert tag: img into an Ant task, data type or property
2003-11-13 12:46:04,078 WARN  org.apache.commons.jelly.tags.ant.AntTag - Could not convert tag: a into an Ant task, data type or property
2003-11-13 12:46:04,078 WARN  org.apache.commons.jelly.tags.ant.AntTag - Could not convert tag: img into an Ant task, data type or property
2003-11-13 12:46:04,078 WARN  org.apache.commons.jelly.tags.ant.AntTag - Could not convert tag: img into an Ant task, data type or property
2003-11-13 12:46:04,078 WARN  org.apache.commons.jelly.tags.ant.AntTag - Could not convert tag: a into an Ant task, data type or property
2003-11-13 12:46:04,078 WARN  org.apache.commons.jelly.tags.ant.AntTag - Could not convert tag: img into an Ant task, data type or property
2003-11-13 12:46:04,078 WARN  org.apache.commons.jelly.tags.ant.AntTag - Could not convert tag: img into an Ant task, data type or property
2003-11-13 12:46:04,078 WARN  org.apache.commons.jelly.tags.ant.AntTag - Could not convert tag: a into an Ant task, data type or property
2003-11-13 12:46:04,078 WARN  org.apache.commons.jelly.tags.ant.AntTag - Could not convert tag: img into an Ant task, data type or property
2003-11-13 12:46:04,078 WARN  org.apache.commons.jelly.tags.ant.AntTag - Could not convert tag: img into an Ant task, data type or property
2003-11-13 12:46:04,078 WARN  org.apache.commons.jelly.tags.ant.AntTag - Could not convert tag: a into an Ant task, data type or property
2003-11-13 12:46:04,078 WARN  org.apache.commons.jelly.tags.ant.AntTag - Could not convert tag: img into an Ant task, data type or property
2003-11-13 12:46:04,078 WARN  org.apache.commons.jelly.tags.ant.AntTag - Could not convert tag: img into an Ant task, data type or property
2003-11-13 12:46:04,078 WARN  org.apache.commons.jelly.tags.ant.AntTag - Could not convert tag: a into an Ant task, data type or property
2003-11-13 12:46:04,078 WARN  org.apache.commons.jelly.tags.ant.AntTag - Could not convert tag: img into an Ant task, data type or property
2003-11-13 12:46:04,078 WARN  org.apache.commons.jelly.tags.ant.AntTag - Could not convert tag: img into an Ant task, data type or property
2003-11-13 12:46:04,484 WARN  org.apache.commons.jelly.tags.ant.AntTag - Could not convert tag: a into an Ant task, data type or property
2003-11-13 12:46:04,484 WARN  org.apache.commons.jelly.tags.ant.AntTag - Could not convert tag: img into an Ant task, data type or property
2003-11-13 12:46:04,484 WARN  org.apache.commons.jelly.tags.ant.AntTag - Could not convert tag: img into an Ant task, data type or property
2003-11-13 12:46:04,484 WARN  org.apache.commons.jelly.tags.ant.AntTag - Could not convert tag: a into an Ant task, data type or property
2003-11-13 12:46:04,484 WARN  org.apache.commons.jelly.tags.ant.AntTag - Could not convert tag: img into an Ant task, data type or property
2003-11-13 12:46:04,484 WARN  org.apache.commons.jelly.tags.ant.AntTag - Could not convert tag: img into an Ant task, data type or property
2003-11-13 12:46:04,484 WARN  org.apache.commons.jelly.tags.ant.AntTag - Could not convert tag: a into an Ant task, data type or property
2003-11-13 12:46:04,484 WARN  org.apache.commons.jelly.tags.ant.AntTag - Could not convert tag: img into an Ant task, data type or property
2003-11-13 12:46:04,484 WARN  org.apache.commons.jelly.tags.ant.AntTag - Could not convert tag: img into an Ant task, data type or property
2003-11-13 12:46:04,484 WARN  org.apache.commons.jelly.tags.ant.AntTag - Could not convert tag: a into an Ant task, data type or property
2003-11-13 12:46:04,484 WARN  org.apache.commons.jelly.tags.ant.AntTag - Could not convert tag: img into an Ant task, data type or property
2003-11-13 12:46:04,484 WARN  org.apache.commons.jelly.tags.ant.AntTag - Could not convert tag: img into an Ant task, data type or property
2003-11-13 12:46:04,515 WARN  org.apache.commons.jelly.tags.ant.AntTag - Could not convert tag: a into an Ant task, data type or property
2003-11-13 12:46:04,515 WARN  org.apache.commons.jelly.tags.ant.AntTag - Could not convert tag: img into an Ant task, data type or property
2003-11-13 12:46:04,531 WARN  org.apache.commons.jelly.tags.ant.AntTag - Could not convert tag: img into an Ant task, data type or property
2003-11-13 12:46:04,531 WARN  org.apache.commons.jelly.tags.ant.AntTag - Could not convert tag: a into an Ant task, data type or property
2003-11-13 12:46:04,531 WARN  org.apache.commons.jelly.tags.ant.AntTag - Could not convert tag: img into an Ant task, data type or property
2003-11-13 12:46:04,531 WARN  org.apache.commons.jelly.tags.ant.AntTag - Could not convert tag: img into an Ant task, data type or property
2003-11-13 12:46:04,531 WARN  org.apache.commons.jelly.tags.ant.AntTag - Could not convert tag: a into an Ant task, data type or property
2003-11-13 12:46:04,531 WARN  org.apache.commons.jelly.tags.ant.AntTag - Could not convert tag: img into an Ant task, data type or property
2003-11-13 12:46:04,531 WARN  org.apache.commons.jelly.tags.ant.AntTag - Could not convert tag: img into an Ant task, data type or property
2003-11-13 12:46:04,531 WARN  org.apache.commons.jelly.tags.ant.AntTag - Could not convert tag: a into an Ant task, data type or property
2003-11-13 12:46:04,531 WARN  org.apache.commons.jelly.tags.ant.AntTag - Could not convert tag: img into an Ant task, data type or property
2003-11-13 12:46:04,531 WARN  org.apache.commons.jelly.tags.ant.AntTag - Could not convert tag: img into an Ant task, data type or property
2003-11-13 12:46:04,578 WARN  org.apache.commons.jelly.tags.ant.AntTag - Could not convert tag: a into an Ant task, data type or property
2003-11-13 12:46:04,578 WARN  org.apache.commons.jelly.tags.ant.AntTag - Could not convert tag: img into an Ant task, data type or property
2003-11-13 12:46:04,578 WARN  org.apache.commons.jelly.tags.ant.AntTag - Could not convert tag: img into an Ant task, data type or property
2003-11-13 12:46:04,578 WARN  org.apache.commons.jelly.tags.ant.AntTag - Could not convert tag: a into an Ant task, data type or property
2003-11-13 12:46:04,578 WARN  org.apache.commons.jelly.tags.ant.AntTag - Could not convert tag: img into an Ant task, data type or property
2003-11-13 12:46:04,578 WARN  org.apache.commons.jelly.tags.ant.AntTag - Could not convert tag: img into an Ant task, data type or property
2003-11-13 12:46:04,578 WARN  org.apache.commons.jelly.tags.ant.AntTag - Could not convert tag: a into an Ant task, data type or property
2003-11-13 12:46:04,578 WARN  org.apache.commons.jelly.tags.ant.AntTag - Could not convert tag: img into an Ant task, data type or property
2003-11-13 12:46:04,578 WARN  org.apache.commons.jelly.tags.ant.AntTag - Could not convert tag: img into an Ant task, data type or property
2003-11-13 12:46:04,578 WARN  org.apache.commons.jelly.tags.ant.AntTag - Could not convert tag: a into an Ant task, data type or property
2003-11-13 12:46:04,578 WARN  org.apache.commons.jelly.tags.ant.AntTag - Could not convert tag: img into an Ant task, data type or property
2003-11-13 12:46:04,578 WARN  org.apache.commons.jelly.tags.ant.AntTag - Could not convert tag: img into an Ant task, data type or property
2003-11-13 12:46:04,578 WARN  org.apache.commons.jelly.tags.ant.AntTag - Could not convert tag: a into an Ant task, data type or property
2003-11-13 12:46:04,578 WARN  org.apache.commons.jelly.tags.ant.AntTag - Could not convert tag: img into an Ant task, data type or property
2003-11-13 12:46:04,578 WARN  org.apache.commons.jelly.tags.ant.AntTag - Could not convert tag: img into an Ant task, data type or property
2003-11-13 12:46:04,578 WARN  org.apache.commons.jelly.tags.ant.AntTag - Could not convert tag: a into an Ant task, data type or property
2003-11-13 12:46:04,578 WARN  org.apache.commons.jelly.tags.ant.AntTag - Could not convert tag: img into an Ant task, data type or property
2003-11-13 12:46:04,578 WARN  org.apache.commons.jelly.tags.ant.AntTag - Could not convert tag: img into an Ant task, data type or property
2003-11-13 12:46:04,578 WARN  org.apache.commons.jelly.tags.ant.AntTag - Could not convert tag: a into an Ant task, data type or property
2003-11-13 12:46:04,578 WARN  org.apache.commons.jelly.tags.ant.AntTag - Could not convert tag: img into an Ant task, data type or property
2003-11-13 12:46:04,578 WARN  org.apache.commons.jelly.tags.ant.AntTag - Could not convert tag: img into an Ant task, data type or property
2003-11-13 12:46:04,593 WARN  org.apache.commons.jelly.tags.ant.AntTag - Could not convert tag: a into an Ant task, data type or property
2003-11-13 12:46:04,593 WARN  org.apache.commons.jelly.tags.ant.AntTag - Could not convert tag: img into an Ant task, data type or property
2003-11-13 12:46:04,593 WARN  org.apache.commons.jelly.tags.ant.AntTag - Could not convert tag: img into an Ant task, data type or property
2003-11-13 12:46:04,593 WARN  org.apache.commons.jelly.tags.ant.AntTag - Could not convert tag: a into an Ant task, data type or property
2003-11-13 12:46:04,593 WARN  org.apache.commons.jelly.tags.ant.AntTag - Could not convert tag: img into an Ant task, data type or property
2003-11-13 12:46:04,593 WARN  org.apache.commons.jelly.tags.ant.AntTag - Could not convert tag: img into an Ant task, data type or property
2003-11-13 12:46:04,593 WARN  org.apache.commons.jelly.tags.ant.AntTag - Could not convert tag: a into an Ant task, data type or property
2003-11-13 12:46:04,593 WARN  org.apache.commons.jelly.tags.ant.AntTag - Could not convert tag: img into an Ant task, data type or property
2003-11-13 12:46:04,593 WARN  org.apache.commons.jelly.tags.ant.AntTag - Could not convert tag: img into an Ant task, data type or property
2003-11-13 12:46:04,593 WARN  org.apache.commons.jelly.tags.ant.AntTag - Could not convert tag: a into an Ant task, data type or property
2003-11-13 12:46:04,593 WARN  org.apache.commons.jelly.tags.ant.AntTag - Could not convert tag: img into an Ant task, data type or property
2003-11-13 12:46:04,593 WARN  org.apache.commons.jelly.tags.ant.AntTag - Could not convert tag: img into an Ant task, data type or property
2003-11-13 12:46:04,593 WARN  org.apache.commons.jelly.tags.ant.AntTag - Could not convert tag: a into an Ant task, data type or property
2003-11-13 12:46:04,593 WARN  org.apache.commons.jelly.tags.ant.AntTag - Could not convert tag: img into an Ant task, data type or property
2003-11-13 12:46:04,593 WARN  org.apache.commons.jelly.tags.ant.AntTag - Could not convert tag: img into an Ant task, data type or property
2003-11-13 12:46:04,593 WARN  org.apache.commons.jelly.tags.ant.AntTag - Could not convert tag: a into an Ant task, data type or property
2003-11-13 12:46:04,593 WARN  org.apache.commons.jelly.tags.ant.AntTag - Could not convert tag: img into an Ant task, data type or property
2003-11-13 12:46:04,593 WARN  org.apache.commons.jelly.tags.ant.AntTag - Could not convert tag: img into an Ant task, data type or property
2003-11-13 12:46:04,593 WARN  org.apache.commons.jelly.tags.ant.AntTag - Could not convert tag: a into an Ant task, data type or property
2003-11-13 12:46:04,593 WARN  org.apache.commons.jelly.tags.ant.AntTag - Could not convert tag: img into an Ant task, data type or property
2003-11-13 12:46:04,593 WARN  org.apache.commons.jelly.tags.ant.AntTag - Could not convert tag: img into an Ant task, data type or property
2003-11-13 12:46:04,593 WARN  org.apache.commons.jelly.tags.ant.AntTag - Could not convert tag: a into an Ant task, data type or property
2003-11-13 12:46:04,593 WARN  org.apache.commons.jelly.tags.ant.AntTag - Could not convert tag: img into an Ant task, data type or property
2003-11-13 12:46:04,593 WARN  org.apache.commons.jelly.tags.ant.AntTag - Could not convert tag: img into an Ant task, data type or property
2003-11-13 12:46:04,593 WARN  org.apache.commons.jelly.tags.ant.AntTag - Could not convert tag: a into an Ant task, data type or property
2003-11-13 12:46:04,593 WARN  org.apache.commons.jelly.tags.ant.AntTag - Could not convert tag: img into an Ant task, data type or property
2003-11-13 12:46:04,593 WARN  org.apache.commons.jelly.tags.ant.AntTag - Could not convert tag: img into an Ant task, data type or property
2003-11-13 12:46:04,687 WARN  org.apache.commons.jelly.tags.ant.AntTag - Could not convert tag: a into an Ant task, data type or property
2003-11-13 12:46:04,687 WARN  org.apache.commons.jelly.tags.ant.AntTag - Could not convert tag: img into an Ant task, data type or property
2003-11-13 12:46:04,687 WARN  org.apache.commons.jelly.tags.ant.AntTag - Could not convert tag: img into an Ant task, data type or property
2003-11-13 12:46:04,687 WARN  org.apache.commons.jelly.tags.ant.AntTag - Could not convert tag: a into an Ant task, data type or property
2003-11-13 12:46:04,687 WARN  org.apache.commons.jelly.tags.ant.AntTag - Could not convert tag: img into an Ant task, data type or property
2003-11-13 12:46:04,687 WARN  org.apache.commons.jelly.tags.ant.AntTag - Could not convert tag: img into an Ant task, data type or property
2003-11-13 12:46:04,687 WARN  org.apache.commons.jelly.tags.ant.AntTag - Could not convert tag: a into an Ant task, data type or property
2003-11-13 12:46:04,687 WARN  org.apache.commons.jelly.tags.ant.AntTag - Could not convert tag: img into an Ant task, data type or property
2003-11-13 12:46:04,687 WARN  org.apache.commons.jelly.tags.ant.AntTag - Could not convert tag: img into an Ant task, data type or property
2003-11-13 12:46:04,687 WARN  org.apache.commons.jelly.tags.ant.AntTag - Could not convert tag: a into an Ant task, data type or property
2003-11-13 12:46:04,687 WARN  org.apache.commons.jelly.tags.ant.AntTag - Could not convert tag: img into an Ant task, data type or property
2003-11-13 12:46:04,687 WARN  org.apache.commons.jelly.tags.ant.AntTag - Could not convert tag: img into an Ant task, data type or property
2003-11-13 12:46:04,687 WARN  org.apache.commons.jelly.tags.ant.AntTag - Could not convert tag: a into an Ant task, data type or property
2003-11-13 12:46:04,687 WARN  org.apache.commons.jelly.tags.ant.AntTag - Could not convert tag: img into an Ant task, data type or property
2003-11-13 12:46:04,687 WARN  org.apache.commons.jelly.tags.ant.AntTag - Could not convert tag: img into an Ant task, data type or property
2003-11-13 12:46:04,687 WARN  org.apache.commons.jelly.tags.ant.AntTag - Could not convert tag: a into an Ant task, data type or property
2003-11-13 12:46:04,687 WARN  org.apache.commons.jelly.tags.ant.AntTag - Could not convert tag: img into an Ant task, data type or property
2003-11-13 12:46:04,687 WARN  org.apache.commons.jelly.tags.ant.AntTag - Could not convert tag: img into an Ant task, data type or property
2003-11-13 12:46:04,687 WARN  org.apache.commons.jelly.tags.ant.AntTag - Could not convert tag: a into an Ant task, data type or property
2003-11-13 12:46:04,687 WARN  org.apache.commons.jelly.tags.ant.AntTag - Could not convert tag: img into an Ant task, data type or property
2003-11-13 12:46:04,687 WARN  org.apache.commons.jelly.tags.ant.AntTag - Could not convert tag: img into an Ant task, data type or property
2003-11-13 12:46:04,687 WARN  org.apache.commons.jelly.tags.ant.AntTag - Could not convert tag: a into an Ant task, data type or property
2003-11-13 12:46:04,687 WARN  org.apache.commons.jelly.tags.ant.AntTag - Could not convert tag: img into an Ant task, data type or property
2003-11-13 12:46:04,687 WARN  org.apache.commons.jelly.tags.ant.AntTag - Could not convert tag: img into an Ant task, data type or property
2003-11-13 12:46:04,687 WARN  org.apache.commons.jelly.tags.ant.AntTag - Could not convert tag: a into an Ant task, data type or property
2003-11-13 12:46:04,687 WARN  org.apache.commons.jelly.tags.ant.AntTag - Could not convert tag: img into an Ant task, data type or property
2003-11-13 12:46:04,687 WARN  org.apache.commons.jelly.tags.ant.AntTag - Could not convert tag: img into an Ant task, data type or property
2003-11-13 12:46:04,687 WARN  org.apache.commons.jelly.tags.ant.AntTag - Could not convert tag: a into an Ant task, data type or property
2003-11-13 12:46:04,687 WARN  org.apache.commons.jelly.tags.ant.AntTag - Could not convert tag: img into an Ant task, data type or property
2003-11-13 12:46:04,687 WARN  org.apache.commons.jelly.tags.ant.AntTag - Could not convert tag: img into an Ant task, data type or property
2003-11-13 12:46:04,703 WARN  org.apache.commons.jelly.tags.ant.AntTag - Could not convert tag: a into an Ant task, data type or property
2003-11-13 12:46:04,703 WARN  org.apache.commons.jelly.tags.ant.AntTag - Could not convert tag: img into an Ant task, data type or property
2003-11-13 12:46:04,703 WARN  org.apache.commons.jelly.tags.ant.AntTag - Could not convert tag: img into an Ant task, data type or property
2003-11-13 12:46:04,703 WARN  org.apache.commons.jelly.tags.ant.AntTag - Could not convert tag: a into an Ant task, data type or property
2003-11-13 12:46:04,703 WARN  org.apache.commons.jelly.tags.ant.AntTag - Could not convert tag: img into an Ant task, data type or property
2003-11-13 12:46:04,703 WARN  org.apache.commons.jelly.tags.ant.AntTag - Could not convert tag: img into an Ant task, data type or property
2003-11-13 12:46:04,703 WARN  org.apache.commons.jelly.tags.ant.AntTag - Could not convert tag: a into an Ant task, data type or property
2003-11-13 12:46:04,703 WARN  org.apache.commons.jelly.tags.ant.AntTag - Could not convert tag: img into an Ant task, data type or property
2003-11-13 12:46:04,703 WARN  org.apache.commons.jelly.tags.ant.AntTag - Could not convert tag: img into an Ant task, data type or property
2003-11-13 12:46:04,703 WARN  org.apache.commons.jelly.tags.ant.AntTag - Could not convert tag: a into an Ant task, data type or property
2003-11-13 12:46:04,703 WARN  org.apache.commons.jelly.tags.ant.AntTag - Could not convert tag: img into an Ant task, data type or property
2003-11-13 12:46:04,703 WARN  org.apache.commons.jelly.tags.ant.AntTag - Could not convert tag: img into an Ant task, data type or property
2003-11-13 12:46:04,703 WARN  org.apache.commons.jelly.tags.ant.AntTag - Could not convert tag: a into an Ant task, data type or property
2003-11-13 12:46:04,703 WARN  org.apache.commons.jelly.tags.ant.AntTag - Could not convert tag: img into an Ant task, data type or property
2003-11-13 12:46:04,703 WARN  org.apache.commons.jelly.tags.ant.AntTag - Could not convert tag: img into an Ant task, data type or property
2003-11-13 12:46:04,703 WARN  org.apache.commons.jelly.tags.ant.AntTag - Could not convert tag: a into an Ant task, data type or property
2003-11-13 12:46:04,703 WARN  org.apache.commons.jelly.tags.ant.AntTag - Could not convert tag: img into an Ant task, data type or property
2003-11-13 12:46:04,703 WARN  org.apache.commons.jelly.tags.ant.AntTag - Could not convert tag: img into an Ant task, data type or property
2003-11-13 12:46:05,687 WARN  org.apache.commons.jelly.tags.ant.AntTag - Could not convert tag: a into an Ant task, data type or property
2003-11-13 12:46:05,687 WARN  org.apache.commons.jelly.tags.ant.AntTag - Could not convert tag: img into an Ant task, data type or property
2003-11-13 12:46:05,687 WARN  org.apache.commons.jelly.tags.ant.AntTag - Could not convert tag: img into an Ant task, data type or property
2003-11-13 12:46:05,687 WARN  org.apache.commons.jelly.tags.ant.AntTag - Could not convert tag: a into an Ant task, data type or property
2003-11-13 12:46:05,687 WARN  org.apache.commons.jelly.tags.ant.AntTag - Could not convert tag: img into an Ant task, data type or property
2003-11-13 12:46:05,687 WARN  org.apache.commons.jelly.tags.ant.AntTag - Could not convert tag: img into an Ant task, data type or property
2003-11-13 12:46:05,703 WARN  org.apache.commons.jelly.tags.ant.AntTag - Could not convert tag: a into an Ant task, data type or property
2003-11-13 12:46:05,703 WARN  org.apache.commons.jelly.tags.ant.AntTag - Could not convert tag: img into an Ant task, data type or property
2003-11-13 12:46:05,703 WARN  org.apache.commons.jelly.tags.ant.AntTag - Could not convert tag: img into an Ant task, data type or property
2003-11-13 12:46:05,703 WARN  org.apache.commons.jelly.tags.ant.AntTag - Could not convert tag: a into an Ant task, data type or property
2003-11-13 12:46:05,703 WARN  org.apache.commons.jelly.tags.ant.AntTag - Could not convert tag: img into an Ant task, data type or property
2003-11-13 12:46:05,703 WARN  org.apache.commons.jelly.tags.ant.AntTag - Could not convert tag: img into an Ant task, data type or property
2003-11-13 12:46:05,703 WARN  org.apache.commons.jelly.tags.ant.AntTag - Could not convert tag: a into an Ant task, data type or property
2003-11-13 12:46:05,703 WARN  org.apache.commons.jelly.tags.ant.AntTag - Could not convert tag: img into an Ant task, data type or property
2003-11-13 12:46:05,703 WARN  org.apache.commons.jelly.tags.ant.AntTag - Could not convert tag: img into an Ant task, data type or property
2003-11-13 12:46:05,703 WARN  org.apache.commons.jelly.tags.ant.AntTag - Could not convert tag: a into an Ant task, data type or property
2003-11-13 12:46:05,703 WARN  org.apache.commons.jelly.tags.ant.AntTag - Could not convert tag: img into an Ant task, data type or property
2003-11-13 12:46:05,703 WARN  org.apache.commons.jelly.tags.ant.AntTag - Could not convert tag: img into an Ant task, data type or property
2003-11-13 12:46:05,703 WARN  org.apache.commons.jelly.tags.ant.AntTag - Could not convert tag: a into an Ant task, data type or property
2003-11-13 12:46:05,703 WARN  org.apache.commons.jelly.tags.ant.AntTag - Could not convert tag: img into an Ant task, data type or property
2003-11-13 12:46:05,703 WARN  org.apache.commons.jelly.tags.ant.AntTag - Could not convert tag: img into an Ant task, data type or property
2003-11-13 12:46:05,703 WARN  org.apache.commons.jelly.tags.ant.AntTag - Could not convert tag: a into an Ant task, data type or property
2003-11-13 12:46:05,703 WARN  org.apache.commons.jelly.tags.ant.AntTag - Could not convert tag: img into an Ant task, data type or property
2003-11-13 12:46:05,703 WARN  org.apache.commons.jelly.tags.ant.AntTag - Could not convert tag: img into an Ant task, data type or property
2003-11-13 12:46:05,703 WARN  org.apache.commons.jelly.tags.ant.AntTag - Could not convert tag: a into an Ant task, data type or property
2003-11-13 12:46:05,703 WARN  org.apache.commons.jelly.tags.ant.AntTag - Could not convert tag: img into an Ant task, data type or property
2003-11-13 12:46:05,703 WARN  org.apache.commons.jelly.tags.ant.AntTag - Could not convert tag: img into an Ant task, data type or property
2003-11-13 12:46:05,703 WARN  org.apache.commons.jelly.tags.ant.AntTag - Could not convert tag: a into an Ant task, data type or property
2003-11-13 12:46:05,703 WARN  org.apache.commons.jelly.tags.ant.AntTag - Could not convert tag: img into an Ant task, data type or property
2003-11-13 12:46:05,703 WARN  org.apache.commons.jelly.tags.ant.AntTag - Could not convert tag: img into an Ant task, data type or property
2003-11-13 12:46:05,703 WARN  org.apache.commons.jelly.tags.ant.AntTag - Could not convert tag: a into an Ant task, data type or property
2003-11-13 12:46:05,703 WARN  org.apache.commons.jelly.tags.ant.AntTag - Could not convert tag: img into an Ant task, data type or property
2003-11-13 12:46:05,703 WARN  org.apache.commons.jelly.tags.ant.AntTag - Could not convert tag: img into an Ant task, data type or property
2003-11-13 12:46:05,703 WARN  org.apache.commons.jelly.tags.ant.AntTag - Could not convert tag: a into an Ant task, data type or property
2003-11-13 12:46:05,703 WARN  org.apache.commons.jelly.tags.ant.AntTag - Could not convert tag: img into an Ant task, data type or property
2003-11-13 12:46:05,703 WARN  org.apache.commons.jelly.tags.ant.AntTag - Could not convert tag: img into an Ant task, data type or property
2003-11-13 12:46:05,703 WARN  org.apache.commons.jelly.tags.ant.AntTag - Could not convert tag: a into an Ant task, data type or property
2003-11-13 12:46:05,703 WARN  org.apache.commons.jelly.tags.ant.AntTag - Could not convert tag: img into an Ant task, data type or property
2003-11-13 12:46:05,703 WARN  org.apache.commons.jelly.tags.ant.AntTag - Could not convert tag: img into an Ant task, data type or property
2003-11-13 12:46:05,703 WARN  org.apache.commons.jelly.tags.ant.AntTag - Could not convert tag: a into an Ant task, data type or property
2003-11-13 12:46:05,703 WARN  org.apache.commons.jelly.tags.ant.AntTag - Could not convert tag: img into an Ant task, data type or property
2003-11-13 12:46:05,703 WARN  org.apache.commons.jelly.tags.ant.AntTag - Could not convert tag: img into an Ant task, data type or property
2003-11-13 12:46:05,703 WARN  org.apache.commons.jelly.tags.ant.AntTag - Could not convert tag: a into an Ant task, data type or property
2003-11-13 12:46:05,703 WARN  org.apache.commons.jelly.tags.ant.AntTag - Could not convert tag: img into an Ant task, data type or property
2003-11-13 12:46:05,703 WARN  org.apache.commons.jelly.tags.ant.AntTag - Could not convert tag: img into an Ant task, data type or property
2003-11-13 12:46:05,718 WARN  org.apache.commons.jelly.tags.ant.AntTag - Could not convert tag: a into an Ant task, data type or property
2003-11-13 12:46:05,718 WARN  org.apache.commons.jelly.tags.ant.AntTag - Could not convert tag: img into an Ant task, data type or property
2003-11-13 12:46:05,718 WARN  org.apache.commons.jelly.tags.ant.AntTag - Could not convert tag: img into an Ant task, data type or property
2003-11-13 12:46:05,750 WARN  org.apache.commons.jelly.tags.ant.AntTag - Could not convert tag: a into an Ant task, data type or property
2003-11-13 12:46:05,750 WARN  org.apache.commons.jelly.tags.ant.AntTag - Could not convert tag: img into an Ant task, data type or property
2003-11-13 12:46:05,750 WARN  org.apache.commons.jelly.tags.ant.AntTag - Could not convert tag: img into an Ant task, data type or property
2003-11-13 12:46:05,750 WARN  org.apache.commons.jelly.tags.ant.AntTag - Could not convert tag: a into an Ant task, data type or property
2003-11-13 12:46:05,750 WARN  org.apache.commons.jelly.tags.ant.AntTag - Could not convert tag: img into an Ant task, data type or property
2003-11-13 12:46:05,750 WARN  org.apache.commons.jelly.tags.ant.AntTag - Could not convert tag: img into an Ant task, data type or property
2003-11-13 12:46:05,750 WARN  org.apache.commons.jelly.tags.ant.AntTag - Could not convert tag: a into an Ant task, data type or property
2003-11-13 12:46:05,750 WARN  org.apache.commons.jelly.tags.ant.AntTag - Could not convert tag: img into an Ant task, data type or property
2003-11-13 12:46:05,750 WARN  org.apache.commons.jelly.tags.ant.AntTag - Could not convert tag: img into an Ant task, data type or property
2003-11-13 12:46:05,750 WARN  org.apache.commons.jelly.tags.ant.AntTag - Could not convert tag: a into an Ant task, data type or property
2003-11-13 12:46:05,750 WARN  org.apache.commons.jelly.tags.ant.AntTag - Could not convert tag: img into an Ant task, data type or property
2003-11-13 12:46:05,750 WARN  org.apache.commons.jelly.tags.ant.AntTag - Could not convert tag: img into an Ant task, data type or property
2003-11-13 12:46:05,750 WARN  org.apache.commons.jelly.tags.ant.AntTag - Could not convert tag: a into an Ant task, data type or property
2003-11-13 12:46:05,750 WARN  org.apache.commons.jelly.tags.ant.AntTag - Could not convert tag: img into an Ant task, data type or property
2003-11-13 12:46:05,750 WARN  org.apache.commons.jelly.tags.ant.AntTag - Could not convert tag: img into an Ant task, data type or property
2003-11-13 12:46:05,750 WARN  org.apache.commons.jelly.tags.ant.AntTag - Could not convert tag: a into an Ant task, data type or property
2003-11-13 12:46:05,750 WARN  org.apache.commons.jelly.tags.ant.AntTag - Could not convert tag: img into an Ant task, data type or property
2003-11-13 12:46:05,750 WARN  org.apache.commons.jelly.tags.ant.AntTag - Could not convert tag: img into an Ant task, data type or property
2003-11-13 12:46:05,750 WARN  org.apache.commons.jelly.tags.ant.AntTag - Could not convert tag: a into an Ant task, data type or property
2003-11-13 12:46:05,750 WARN  org.apache.commons.jelly.tags.ant.AntTag - Could not convert tag: img into an Ant task, data type or property
2003-11-13 12:46:05,750 WARN  org.apache.commons.jelly.tags.ant.AntTag - Could not convert tag: img into an Ant task, data type or property
2003-11-13 12:46:05,750 WARN  org.apache.commons.jelly.tags.ant.AntTag - Could not convert tag: a into an Ant task, data type or property
2003-11-13 12:46:05,750 WARN  org.apache.commons.jelly.tags.ant.AntTag - Could not convert tag: img into an Ant task, data type or property
2003-11-13 12:46:05,765 WARN  org.apache.commons.jelly.tags.ant.AntTag - Could not convert tag: img into an Ant task, data type or property
2003-11-13 12:46:05,796 WARN  org.apache.commons.jelly.tags.ant.AntTag - Could not convert tag: a into an Ant task, data type or property
2003-11-13 12:46:05,796 WARN  org.apache.commons.jelly.tags.ant.AntTag - Could not convert tag: img into an Ant task, data type or property
2003-11-13 12:46:05,796 WARN  org.apache.commons.jelly.tags.ant.AntTag - Could not convert tag: img into an Ant task, data type or property
2003-11-13 12:46:05,796 WARN  org.apache.commons.jelly.tags.ant.AntTag - Could not convert tag: a into an Ant task, data type or property
2003-11-13 12:46:05,796 WARN  org.apache.commons.jelly.tags.ant.AntTag - Could not convert tag: img into an Ant task, data type or property
2003-11-13 12:46:05,796 WARN  org.apache.commons.jelly.tags.ant.AntTag - Could not convert tag: img into an Ant task, data type or property
2003-11-13 12:46:05,796 WARN  org.apache.commons.jelly.tags.ant.AntTag - Could not convert tag: a into an Ant task, data type or property
2003-11-13 12:46:05,796 WARN  org.apache.commons.jelly.tags.ant.AntTag - Could not convert tag: img into an Ant task, data type or property
2003-11-13 12:46:05,796 WARN  org.apache.commons.jelly.tags.ant.AntTag - Could not convert tag: img into an Ant task, data type or property
2003-11-13 12:46:05,796 WARN  org.apache.commons.jelly.tags.ant.AntTag - Could not convert tag: a into an Ant task, data type or property
2003-11-13 12:46:05,796 WARN  org.apache.commons.jelly.tags.ant.AntTag - Could not convert tag: img into an Ant task, data type or property
2003-11-13 12:46:05,796 WARN  org.apache.commons.jelly.tags.ant.AntTag - Could not convert tag: img into an Ant task, data type or property
2003-11-13 12:46:05,796 WARN  org.apache.commons.jelly.tags.ant.AntTag - Could not convert tag: a into an Ant task, data type or property
2003-11-13 12:46:05,796 WARN  org.apache.commons.jelly.tags.ant.AntTag - Could not convert tag: img into an Ant task, data type or property
2003-11-13 12:46:05,796 WARN  org.apache.commons.jelly.tags.ant.AntTag - Could not convert tag: img into an Ant task, data type or property
2003-11-13 12:46:05,796 WARN  org.apache.commons.jelly.tags.ant.AntTag - Could not convert tag: a into an Ant task, data type or property
2003-11-13 12:46:05,796 WARN  org.apache.commons.jelly.tags.ant.AntTag - Could not convert tag: img into an Ant task, data type or property
2003-11-13 12:46:05,796 WARN  org.apache.commons.jelly.tags.ant.AntTag - Could not convert tag: img into an Ant task, data type or property
2003-11-13 12:46:05,796 WARN  org.apache.commons.jelly.tags.ant.AntTag - Could not convert tag: a into an Ant task, data type or property
2003-11-13 12:46:05,796 WARN  org.apache.commons.jelly.tags.ant.AntTag - Could not convert tag: img into an Ant task, data type or property
2003-11-13 12:46:05,796 WARN  org.apache.commons.jelly.tags.ant.AntTag - Could not convert tag: img into an Ant task, data type or property
2003-11-13 12:46:05,796 WARN  org.apache.commons.jelly.tags.ant.AntTag - Could not convert tag: a into an Ant task, data type or property
2003-11-13 12:46:05,796 WARN  org.apache.commons.jelly.tags.ant.AntTag - Could not convert tag: img into an Ant task, data type or property
2003-11-13 12:46:05,796 WARN  org.apache.commons.jelly.tags.ant.AntTag - Could not convert tag: img into an Ant task, data type or property
2003-11-13 12:46:05,812 WARN  org.apache.commons.jelly.tags.ant.AntTag - Could not convert tag: a into an Ant task, data type or property
2003-11-13 12:46:05,812 WARN  org.apache.commons.jelly.tags.ant.AntTag - Could not convert tag: img into an Ant task, data type or property
2003-11-13 12:46:05,812 WARN  org.apache.commons.jelly.tags.ant.AntTag - Could not convert tag: img into an Ant task, data type or property
2003-11-13 12:46:05,812 WARN  org.apache.commons.jelly.tags.ant.AntTag - Could not convert tag: a into an Ant task, data type or property
2003-11-13 12:46:05,812 WARN  org.apache.commons.jelly.tags.ant.AntTag - Could not convert tag: img into an Ant task, data type or property
2003-11-13 12:46:05,812 WARN  org.apache.commons.jelly.tags.ant.AntTag - Could not convert tag: img into an Ant task, data type or property
2003-11-13 12:46:05,812 WARN  org.apache.commons.jelly.tags.ant.AntTag - Could not convert tag: a into an Ant task, data type or property
2003-11-13 12:46:05,812 WARN  org.apache.commons.jelly.tags.ant.AntTag - Could not convert tag: img into an Ant task, data type or property
2003-11-13 12:46:05,812 WARN  org.apache.commons.jelly.tags.ant.AntTag - Could not convert tag: img into an Ant task, data type or property
2003-11-13 12:46:05,812 WARN  org.apache.commons.jelly.tags.ant.AntTag - Could not convert tag: a into an Ant task, data type or property
2003-11-13 12:46:05,812 WARN  org.apache.commons.jelly.tags.ant.AntTag - Could not convert tag: img into an Ant task, data type or property
2003-11-13 12:46:05,812 WARN  org.apache.commons.jelly.tags.ant.AntTag - Could not convert tag: img into an Ant task, data type or property
2003-11-13 12:46:05,812 WARN  org.apache.commons.jelly.tags.ant.AntTag - Could not convert tag: a into an Ant task, data type or property
2003-11-13 12:46:05,812 WARN  org.apache.commons.jelly.tags.ant.AntTag - Could not convert tag: img into an Ant task, data type or property
2003-11-13 12:46:05,812 WARN  org.apache.commons.jelly.tags.ant.AntTag - Could not convert tag: img into an Ant task, data type or property
2003-11-13 12:46:05,812 WARN  org.apache.commons.jelly.tags.ant.AntTag - Could not convert tag: a into an Ant task, data type or property
2003-11-13 12:46:05,812 WARN  org.apache.commons.jelly.tags.ant.AntTag - Could not convert tag: img into an Ant task, data type or property
2003-11-13 12:46:05,812 WARN  org.apache.commons.jelly.tags.ant.AntTag - Could not convert tag: img into an Ant task, data type or property
2003-11-13 12:46:05,812 WARN  org.apache.commons.jelly.tags.ant.AntTag - Could not convert tag: a into an Ant task, data type or property
2003-11-13 12:46:05,812 WARN  org.apache.commons.jelly.tags.ant.AntTag - Could not convert tag: img into an Ant task, data type or property
2003-11-13 12:46:05,812 WARN  org.apache.commons.jelly.tags.ant.AntTag - Could not convert tag: img into an Ant task, data type or property
2003-11-13 12:46:05,812 WARN  org.apache.commons.jelly.tags.ant.AntTag - Could not convert tag: a into an Ant task, data type or property
2003-11-13 12:46:05,812 WARN  org.apache.commons.jelly.tags.ant.AntTag - Could not convert tag: img into an Ant task, data type or property
2003-11-13 12:46:05,812 WARN  org.apache.commons.jelly.tags.ant.AntTag - Could not convert tag: img into an Ant task, data type or property
2003-11-13 12:46:06,265 WARN  org.apache.commons.jelly.tags.ant.AntTag - Could not convert tag: a into an Ant task, data type or property
2003-11-13 12:46:06,265 WARN  org.apache.commons.jelly.tags.ant.AntTag - Could not convert tag: img into an Ant task, data type or property
2003-11-13 12:46:06,265 WARN  org.apache.commons.jelly.tags.ant.AntTag - Could not convert tag: img into an Ant task, data type or property
2003-11-13 12:46:06,265 WARN  org.apache.commons.jelly.tags.ant.AntTag - Could not convert tag: a into an Ant task, data type or property
2003-11-13 12:46:06,265 WARN  org.apache.commons.jelly.tags.ant.AntTag - Could not convert tag: img into an Ant task, data type or property
2003-11-13 12:46:06,265 WARN  org.apache.commons.jelly.tags.ant.AntTag - Could not convert tag: img into an Ant task, data type or property
2003-11-13 12:46:06,265 WARN  org.apache.commons.jelly.tags.ant.AntTag - Could not convert tag: a into an Ant task, data type or property
2003-11-13 12:46:06,265 WARN  org.apache.commons.jelly.tags.ant.AntTag - Could not convert tag: img into an Ant task, data type or property
2003-11-13 12:46:06,265 WARN  org.apache.commons.jelly.tags.ant.AntTag - Could not convert tag: img into an Ant task, data type or property
2003-11-13 12:46:06,265 WARN  org.apache.commons.jelly.tags.ant.AntTag - Could not convert tag: a into an Ant task, data type or property
2003-11-13 12:46:06,265 WARN  org.apache.commons.jelly.tags.ant.AntTag - Could not convert tag: img into an Ant task, data type or property
2003-11-13 12:46:06,265 WARN  org.apache.commons.jelly.tags.ant.AntTag - Could not convert tag: img into an Ant task, data type or property
2003-11-13 12:46:06,265 WARN  org.apache.commons.jelly.tags.ant.AntTag - Could not convert tag: a into an Ant task, data type or property
2003-11-13 12:46:06,265 WARN  org.apache.commons.jelly.tags.ant.AntTag - Could not convert tag: img into an Ant task, data type or property
2003-11-13 12:46:06,265 WARN  org.apache.commons.jelly.tags.ant.AntTag - Could not convert tag: img into an Ant task, data type or property
2003-11-13 12:46:06,281 WARN  org.apache.commons.jelly.tags.ant.AntTag - Could not convert tag: a into an Ant task, data type or property
2003-11-13 12:46:06,281 WARN  org.apache.commons.jelly.tags.ant.AntTag - Could not convert tag: img into an Ant task, data type or property
2003-11-13 12:46:06,281 WARN  org.apache.commons.jelly.tags.ant.AntTag - Could not convert tag: img into an Ant task, data type or property
2003-11-13 12:46:06,281 WARN  org.apache.commons.jelly.tags.ant.AntTag - Could not convert tag: a into an Ant task, data type or property
2003-11-13 12:46:06,281 WARN  org.apache.commons.jelly.tags.ant.AntTag - Could not convert tag: img into an Ant task, data type or property
2003-11-13 12:46:06,281 WARN  org.apache.commons.jelly.tags.ant.AntTag - Could not convert tag: img into an Ant task, data type or property
2003-11-13 12:46:06,281 WARN  org.apache.commons.jelly.tags.ant.AntTag - Could not convert tag: a into an Ant task, data type or property
2003-11-13 12:46:06,281 WARN  org.apache.commons.jelly.tags.ant.AntTag - Could not convert tag: img into an Ant task, data type or property
2003-11-13 12:46:06,281 WARN  org.apache.commons.jelly.tags.ant.AntTag - Could not convert tag: img into an Ant task, data type or property
2003-11-13 12:46:06,281 WARN  org.apache.commons.jelly.tags.ant.AntTag - Could not convert tag: a into an Ant task, data type or property
2003-11-13 12:46:06,281 WARN  org.apache.commons.jelly.tags.ant.AntTag - Could not convert tag: img into an Ant task, data type or property
2003-11-13 12:46:06,281 WARN  org.apache.commons.jelly.tags.ant.AntTag - Could not convert tag: img into an Ant task, data type or property
2003-11-13 12:46:06,281 WARN  org.apache.commons.jelly.tags.ant.AntTag - Could not convert tag: a into an Ant task, data type or property
2003-11-13 12:46:06,281 WARN  org.apache.commons.jelly.tags.ant.AntTag - Could not convert tag: img into an Ant task, data type or property
2003-11-13 12:46:06,281 WARN  org.apache.commons.jelly.tags.ant.AntTag - Could not convert tag: img into an Ant task, data type or property
2003-11-13 12:46:06,281 WARN  org.apache.commons.jelly.tags.ant.AntTag - Could not convert tag: a into an Ant task, data type or property
2003-11-13 12:46:06,281 WARN  org.apache.commons.jelly.tags.ant.AntTag - Could not convert tag: img into an Ant task, data type or property
2003-11-13 12:46:06,281 WARN  org.apache.commons.jelly.tags.ant.AntTag - Could not convert tag: img into an Ant task, data type or property
2003-11-13 12:46:06,281 WARN  org.apache.commons.jelly.tags.ant.AntTag - Could not convert tag: a into an Ant task, data type or property
2003-11-13 12:46:06,281 WARN  org.apache.commons.jelly.tags.ant.AntTag - Could not convert tag: img into an Ant task, data type or property
2003-11-13 12:46:06,281 WARN  org.apache.commons.jelly.tags.ant.AntTag - Could not convert tag: img into an Ant task, data type or property
2003-11-13 12:46:06,281 WARN  org.apache.commons.jelly.tags.ant.AntTag - Could not convert tag: a into an Ant task, data type or property
2003-11-13 12:46:06,281 WARN  org.apache.commons.jelly.tags.ant.AntTag - Could not convert tag: img into an Ant task, data type or property
2003-11-13 12:46:06,281 WARN  org.apache.commons.jelly.tags.ant.AntTag - Could not convert tag: img into an Ant task, data type or property
2003-11-13 12:46:06,281 WARN  org.apache.commons.jelly.tags.ant.AntTag - Could not convert tag: a into an Ant task, data type or property
2003-11-13 12:46:06,281 WARN  org.apache.commons.jelly.tags.ant.AntTag - Could not convert tag: img into an Ant task, data type or property
2003-11-13 12:46:06,281 WARN  org.apache.commons.jelly.tags.ant.AntTag - Could not convert tag: img into an Ant task, data type or property
2003-11-13 12:46:06,281 WARN  org.apache.commons.jelly.tags.ant.AntTag - Could not convert tag: a into an Ant task, data type or property
2003-11-13 12:46:06,296 WARN  org.apache.commons.jelly.tags.ant.AntTag - Could not convert tag: img into an Ant task, data type or property
2003-11-13 12:46:06,296 WARN  org.apache.commons.jelly.tags.ant.AntTag - Could not convert tag: img into an Ant task, data type or property
2003-11-13 12:46:06,296 WARN  org.apache.commons.jelly.tags.ant.AntTag - Could not convert tag: a into an Ant task, data type or property
2003-11-13 12:46:06,296 WARN  org.apache.commons.jelly.tags.ant.AntTag - Could not convert tag: img into an Ant task, data type or property
2003-11-13 12:46:06,296 WARN  org.apache.commons.jelly.tags.ant.AntTag - Could not convert tag: img into an Ant task, data type or property
2003-11-13 12:46:13,765 WARN  org.apache.commons.jelly.tags.ant.AntTag - Could not convert tag: a into an Ant task, data type or property
2003-11-13 12:46:13,765 WARN  org.apache.commons.jelly.tags.ant.AntTag - Could not convert tag: img into an Ant task, data type or property
2003-11-13 12:46:13,765 WARN  org.apache.commons.jelly.tags.ant.AntTag - Could not convert tag: img into an Ant task, data type or property
2003-11-13 12:46:13,765 WARN  org.apache.commons.jelly.tags.ant.AntTag - Could not convert tag: a into an Ant task, data type or property
2003-11-13 12:46:13,765 WARN  org.apache.commons.jelly.tags.ant.AntTag - Could not convert tag: img into an Ant task, data type or property
2003-11-13 12:46:13,765 WARN  org.apache.commons.jelly.tags.ant.AntTag - Could not convert tag: img into an Ant task, data type or property
2003-11-13 12:46:13,765 WARN  org.apache.commons.jelly.tags.ant.AntTag - Could not convert tag: a into an Ant task, data type or property
2003-11-13 12:46:13,765 WARN  org.apache.commons.jelly.tags.ant.AntTag - Could not convert tag: img into an Ant task, data type or property
2003-11-13 12:46:13,765 WARN  org.apache.commons.jelly.tags.ant.AntTag - Could not convert tag: img into an Ant task, data type or property
2003-11-13 12:46:13,765 WARN  org.apache.commons.jelly.tags.ant.AntTag - Could not convert tag: a into an Ant task, data type or property
2003-11-13 12:46:13,765 WARN  org.apache.commons.jelly.tags.ant.AntTag - Could not convert tag: img into an Ant task, data type or property
2003-11-13 12:46:13,765 WARN  org.apache.commons.jelly.tags.ant.AntTag - Could not convert tag: img into an Ant task, data type or property
2003-11-13 12:46:13,765 WARN  org.apache.commons.jelly.tags.ant.AntTag - Could not convert tag: a into an Ant task, data type or property
2003-11-13 12:46:13,765 WARN  org.apache.commons.jelly.tags.ant.AntTag - Could not convert tag: img into an Ant task, data type or property
2003-11-13 12:46:13,765 WARN  org.apache.commons.jelly.tags.ant.AntTag - Could not convert tag: img into an Ant task, data type or property
2003-11-13 12:46:13,765 WARN  org.apache.commons.jelly.tags.ant.AntTag - Could not convert tag: a into an Ant task, data type or property
2003-11-13 12:46:13,765 WARN  org.apache.commons.jelly.tags.ant.AntTag - Could not convert tag: img into an Ant task, data type or property
2003-11-13 12:46:13,765 WARN  org.apache.commons.jelly.tags.ant.AntTag - Could not convert tag: img into an Ant task, data type or property
2003-11-13 12:46:13,765 WARN  org.apache.commons.jelly.tags.ant.AntTag - Could not convert tag: a into an Ant task, data type or property
2003-11-13 12:46:13,765 WARN  org.apache.commons.jelly.tags.ant.AntTag - Could not convert tag: img into an Ant task, data type or property
2003-11-13 12:46:13,765 WARN  org.apache.commons.jelly.tags.ant.AntTag - Could not convert tag: img into an Ant task, data type or property
2003-11-13 12:46:13,765 WARN  org.apache.commons.jelly.tags.ant.AntTag - Could not convert tag: a into an Ant task, data type or property
2003-11-13 12:46:13,765 WARN  org.apache.commons.jelly.tags.ant.AntTag - Could not convert tag: img into an Ant task, data type or property
2003-11-13 12:46:13,765 WARN  org.apache.commons.jelly.tags.ant.AntTag - Could not convert tag: img into an Ant task, data type or property
2003-11-13 12:46:13,812 WARN  org.apache.commons.jelly.tags.ant.AntTag - Could not convert tag: a into an Ant task, data type or property
2003-11-13 12:46:13,812 WARN  org.apache.commons.jelly.tags.ant.AntTag - Could not convert tag: img into an Ant task, data type or property
2003-11-13 12:46:13,812 WARN  org.apache.commons.jelly.tags.ant.AntTag - Could not convert tag: img into an Ant task, data type or property
2003-11-13 12:46:13,812 WARN  org.apache.commons.jelly.tags.ant.AntTag - Could not convert tag: a into an Ant task, data type or property
2003-11-13 12:46:13,812 WARN  org.apache.commons.jelly.tags.ant.AntTag - Could not convert tag: img into an Ant task, data type or property
2003-11-13 12:46:13,812 WARN  org.apache.commons.jelly.tags.ant.AntTag - Could not convert tag: img into an Ant task, data type or property
2003-11-13 12:46:13,812 WARN  org.apache.commons.jelly.tags.ant.AntTag - Could not convert tag: a into an Ant task, data type or property
2003-11-13 12:46:13,812 WARN  org.apache.commons.jelly.tags.ant.AntTag - Could not convert tag: img into an Ant task, data type or property
2003-11-13 12:46:13,812 WARN  org.apache.commons.jelly.tags.ant.AntTag - Could not convert tag: img into an Ant task, data type or property
2003-11-13 12:46:13,812 WARN  org.apache.commons.jelly.tags.ant.AntTag - Could not convert tag: a into an Ant task, data type or property
2003-11-13 12:46:13,812 WARN  org.apache.commons.jelly.tags.ant.AntTag - Could not convert tag: img into an Ant task, data type or property
2003-11-13 12:46:13,812 WARN  org.apache.commons.jelly.tags.ant.AntTag - Could not convert tag: img into an Ant task, data type or property
2003-11-13 12:46:13,859 WARN  org.apache.commons.jelly.tags.ant.AntTag - Could not convert tag: a into an Ant task, data type or property
2003-11-13 12:46:13,859 WARN  org.apache.commons.jelly.tags.ant.AntTag - Could not convert tag: img into an Ant task, data type or property
2003-11-13 12:46:13,859 WARN  org.apache.commons.jelly.tags.ant.AntTag - Could not convert tag: img into an Ant task, data type or property
2003-11-13 12:46:13,859 WARN  org.apache.commons.jelly.tags.ant.AntTag - Could not convert tag: a into an Ant task, data type or property
2003-11-13 12:46:13,859 WARN  org.apache.commons.jelly.tags.ant.AntTag - Could not convert tag: img into an Ant task, data type or property
2003-11-13 12:46:13,859 WARN  org.apache.commons.jelly.tags.ant.AntTag - Could not convert tag: img into an Ant task, data type or property
2003-11-13 12:46:13,859 WARN  org.apache.commons.jelly.tags.ant.AntTag - Could not convert tag: a into an Ant task, data type or property
2003-11-13 12:46:13,859 WARN  org.apache.commons.jelly.tags.ant.AntTag - Could not convert tag: img into an Ant task, data type or property
2003-11-13 12:46:13,859 WARN  org.apache.commons.jelly.tags.ant.AntTag - Could not convert tag: img into an Ant task, data type or property
2003-11-13 12:46:13,859 WARN  org.apache.commons.jelly.tags.ant.AntTag - Could not convert tag: a into an Ant task, data type or property
2003-11-13 12:46:13,859 WARN  org.apache.commons.jelly.tags.ant.AntTag - Could not convert tag: img into an Ant task, data type or property
2003-11-13 12:46:13,859 WARN  org.apache.commons.jelly.tags.ant.AntTag - Could not convert tag: img into an Ant task, data type or property
2003-11-13 12:46:13,953 WARN  org.apache.commons.jelly.tags.ant.AntTag - Could not convert tag: a into an Ant task, data type or property
2003-11-13 12:46:13,953 WARN  org.apache.commons.jelly.tags.ant.AntTag - Could not convert tag: img into an Ant task, data type or property
2003-11-13 12:46:13,953 WARN  org.apache.commons.jelly.tags.ant.AntTag - Could not convert tag: img into an Ant task, data type or property
2003-11-13 12:46:13,953 WARN  org.apache.commons.jelly.tags.ant.AntTag - Could not convert tag: a into an Ant task, data type or property
2003-11-13 12:46:13,953 WARN  org.apache.commons.jelly.tags.ant.AntTag - Could not convert tag: img into an Ant task, data type or property
2003-11-13 12:46:13,953 WARN  org.apache.commons.jelly.tags.ant.AntTag - Could not convert tag: img into an Ant task, data type or property
2003-11-13 12:46:13,984 WARN  org.apache.commons.jelly.tags.ant.AntTag - Could not convert tag: a into an Ant task, data type or property
2003-11-13 12:46:13,984 WARN  org.apache.commons.jelly.tags.ant.AntTag - Could not convert tag: img into an Ant task, data type or property
2003-11-13 12:46:13,984 WARN  org.apache.commons.jelly.tags.ant.AntTag - Could not convert tag: img into an Ant task, data type or property
2003-11-13 12:46:13,984 WARN  org.apache.commons.jelly.tags.ant.AntTag - Could not convert tag: a into an Ant task, data type or property
2003-11-13 12:46:13,984 WARN  org.apache.commons.jelly.tags.ant.AntTag - Could not convert tag: img into an Ant task, data type or property
2003-11-13 12:46:13,984 WARN  org.apache.commons.jelly.tags.ant.AntTag - Could not convert tag: img into an Ant task, data type or property
2003-11-13 12:46:14,453 WARN  org.apache.commons.jelly.tags.ant.AntTag - Could not convert tag: a into an Ant task, data type or property
2003-11-13 12:46:14,453 WARN  org.apache.commons.jelly.tags.ant.AntTag - Could not convert tag: img into an Ant task, data type or property
2003-11-13 12:46:14,453 WARN  org.apache.commons.jelly.tags.ant.AntTag - Could not convert tag: img into an Ant task, data type or property
2003-11-13 12:46:14,453 WARN  org.apache.commons.jelly.tags.ant.AntTag - Could not convert tag: a into an Ant task, data type or property
2003-11-13 12:46:14,453 WARN  org.apache.commons.jelly.tags.ant.AntTag - Could not convert tag: img into an Ant task, data type or property
2003-11-13 12:46:14,453 WARN  org.apache.commons.jelly.tags.ant.AntTag - Could not convert tag: img into an Ant task, data type or property
2003-11-13 12:46:14,453 WARN  org.apache.commons.jelly.tags.ant.AntTag - Could not convert tag: a into an Ant task, data type or property
2003-11-13 12:46:14,453 WARN  org.apache.commons.jelly.tags.ant.AntTag - Could not convert tag: img into an Ant task, data type or property
2003-11-13 12:46:14,453 WARN  org.apache.commons.jelly.tags.ant.AntTag - Could not convert tag: img into an Ant task, data type or property
2003-11-13 12:46:14,468 WARN  org.apache.commons.jelly.tags.ant.AntTag - Could not convert tag: a into an Ant task, data type or property
2003-11-13 12:46:14,468 WARN  org.apache.commons.jelly.tags.ant.AntTag - Could not convert tag: img into an Ant task, data type or property
2003-11-13 12:46:14,468 WARN  org.apache.commons.jelly.tags.ant.AntTag - Could not convert tag: img into an Ant task, data type or property
2003-11-13 12:46:14,500 WARN  org.apache.commons.jelly.tags.ant.AntTag - Could not convert tag: a into an Ant task, data type or property
2003-11-13 12:46:14,500 WARN  org.apache.commons.jelly.tags.ant.AntTag - Could not convert tag: img into an Ant task, data type or property
2003-11-13 12:46:14,500 WARN  org.apache.commons.jelly.tags.ant.AntTag - Could not convert tag: img into an Ant task, data type or property
2003-11-13 12:46:14,500 WARN  org.apache.commons.jelly.tags.ant.AntTag - Could not convert tag: a into an Ant task, data type or property
2003-11-13 12:46:14,500 WARN  org.apache.commons.jelly.tags.ant.AntTag - Could not convert tag: img into an Ant task, data type or property
2003-11-13 12:46:14,500 WARN  org.apache.commons.jelly.tags.ant.AntTag - Could not convert tag: img into an Ant task, data type or property
2003-11-13 12:46:14,500 WARN  org.apache.commons.jelly.tags.ant.AntTag - Could not convert tag: a into an Ant task, data type or property
2003-11-13 12:46:14,500 WARN  org.apache.commons.jelly.tags.ant.AntTag - Could not convert tag: img into an Ant task, data type or property
2003-11-13 12:46:14,500 WARN  org.apache.commons.jelly.tags.ant.AntTag - Could not convert tag: img into an Ant task, data type or property
2003-11-13 12:46:14,500 WARN  org.apache.commons.jelly.tags.ant.AntTag - Could not convert tag: a into an Ant task, data type or property
2003-11-13 12:46:14,500 WARN  org.apache.commons.jelly.tags.ant.AntTag - Could not convert tag: img into an Ant task, data type or property
2003-11-13 12:46:14,500 WARN  org.apache.commons.jelly.tags.ant.AntTag - Could not convert tag: img into an Ant task, data type or property
2003-11-13 12:46:14,656 WARN  org.apache.commons.jelly.tags.ant.AntTag - Could not convert tag: a into an Ant task, data type or property
2003-11-13 12:46:14,656 WARN  org.apache.commons.jelly.tags.ant.AntTag - Could not convert tag: img into an Ant task, data type or property
2003-11-13 12:46:14,656 WARN  org.apache.commons.jelly.tags.ant.AntTag - Could not convert tag: img into an Ant task, data type or property
2003-11-13 12:46:14,656 WARN  org.apache.commons.jelly.tags.ant.AntTag - Could not convert tag: a into an Ant task, data type or property
2003-11-13 12:46:14,656 WARN  org.apache.commons.jelly.tags.ant.AntTag - Could not convert tag: img into an Ant task, data type or property
2003-11-13 12:46:14,656 WARN  org.apache.commons.jelly.tags.ant.AntTag - Could not convert tag: img into an Ant task, data type or property
2003-11-13 12:46:14,656 WARN  org.apache.commons.jelly.tags.ant.AntTag - Could not convert tag: a into an Ant task, data type or property
2003-11-13 12:46:14,656 WARN  org.apache.commons.jelly.tags.ant.AntTag - Could not convert tag: img into an Ant task, data type or property
2003-11-13 12:46:14,656 WARN  org.apache.commons.jelly.tags.ant.AntTag - Could not convert tag: img into an Ant task, data type or property
2003-11-13 12:46:14,656 WARN  org.apache.commons.jelly.tags.ant.AntTag - Could not convert tag: a into an Ant task, data type or property
2003-11-13 12:46:14,656 WARN  org.apache.commons.jelly.tags.ant.AntTag - Could not convert tag: img into an Ant task, data type or property
2003-11-13 12:46:14,656 WARN  org.apache.commons.jelly.tags.ant.AntTag - Could not convert tag: img into an Ant task, data type or property
2003-11-13 12:46:14,750 WARN  org.apache.commons.jelly.tags.ant.AntTag - Could not convert tag: a into an Ant task, data type or property
2003-11-13 12:46:14,750 WARN  org.apache.commons.jelly.tags.ant.AntTag - Could not convert tag: img into an Ant task, data type or property
2003-11-13 12:46:14,750 WARN  org.apache.commons.jelly.tags.ant.AntTag - Could not convert tag: img into an Ant task, data type or property
2003-11-13 12:46:14,750 WARN  org.apache.commons.jelly.tags.ant.AntTag - Could not convert tag: a into an Ant task, data type or property
2003-11-13 12:46:14,750 WARN  org.apache.commons.jelly.tags.ant.AntTag - Could not convert tag: img into an Ant task, data type or property
2003-11-13 12:46:14,750 WARN  org.apache.commons.jelly.tags.ant.AntTag - Could not convert tag: img into an Ant task, data type or property
2003-11-13 12:46:14,750 WARN  org.apache.commons.jelly.tags.ant.AntTag - Could not convert tag: a into an Ant task, data type or property
2003-11-13 12:46:14,750 WARN  org.apache.commons.jelly.tags.ant.AntTag - Could not convert tag: img into an Ant task, data type or property
2003-11-13 12:46:14,750 WARN  org.apache.commons.jelly.tags.ant.AntTag - Could not convert tag: img into an Ant task, data type or property
2003-11-13 12:46:14,750 WARN  org.apache.commons.jelly.tags.ant.AntTag - Could not convert tag: a into an Ant task, data type or property
2003-11-13 12:46:14,750 WARN  org.apache.commons.jelly.tags.ant.AntTag - Could not convert tag: img into an Ant task, data type or property
2003-11-13 12:46:14,765 WARN  org.apache.commons.jelly.tags.ant.AntTag - Could not convert tag: img into an Ant task, data type or property
2003-11-13 12:46:14,765 WARN  org.apache.commons.jelly.tags.ant.AntTag - Could not convert tag: a into an Ant task, data type or property
2003-11-13 12:46:14,765 WARN  org.apache.commons.jelly.tags.ant.AntTag - Could not convert tag: img into an Ant task, data type or property
2003-11-13 12:46:14,765 WARN  org.apache.commons.jelly.tags.ant.AntTag - Could not convert tag: img into an Ant task, data type or property
2003-11-13 12:46:14,765 WARN  org.apache.commons.jelly.tags.ant.AntTag - Could not convert tag: a into an Ant task, data type or property
2003-11-13 12:46:14,765 WARN  org.apache.commons.jelly.tags.ant.AntTag - Could not convert tag: img into an Ant task, data type or property
2003-11-13 12:46:14,765 WARN  org.apache.commons.jelly.tags.ant.AntTag - Could not convert tag: img into an Ant task, data type or property
2003-11-13 12:46:14,765 WARN  org.apache.commons.jelly.tags.ant.AntTag - Could not convert tag: a into an Ant task, data type or property
2003-11-13 12:46:14,765 WARN  org.apache.commons.jelly.tags.ant.AntTag - Could not convert tag: img into an Ant task, data type or property
2003-11-13 12:46:14,765 WARN  org.apache.commons.jelly.tags.ant.AntTag - Could not convert tag: img into an Ant task, data type or property
2003-11-13 12:46:14,765 WARN  org.apache.commons.jelly.tags.ant.AntTag - Could not convert tag: a into an Ant task, data type or property
2003-11-13 12:46:14,765 WARN  org.apache.commons.jelly.tags.ant.AntTag - Could not convert tag: img into an Ant task, data type or property
2003-11-13 12:46:14,765 WARN  org.apache.commons.jelly.tags.ant.AntTag - Could not convert tag: img into an Ant task, data type or property
2003-11-13 12:46:14,781 WARN  org.apache.commons.jelly.tags.ant.AntTag - Could not convert tag: a into an Ant task, data type or property
2003-11-13 12:46:14,781 WARN  org.apache.commons.jelly.tags.ant.AntTag - Could not convert tag: img into an Ant task, data type or property
2003-11-13 12:46:14,781 WARN  org.apache.commons.jelly.tags.ant.AntTag - Could not convert tag: img into an Ant task, data type or property
2003-11-13 12:46:14,781 WARN  org.apache.commons.jelly.tags.ant.AntTag - Could not convert tag: a into an Ant task, data type or property
2003-11-13 12:46:14,781 WARN  org.apache.commons.jelly.tags.ant.AntTag - Could not convert tag: img into an Ant task, data type or property
2003-11-13 12:46:14,781 WARN  org.apache.commons.jelly.tags.ant.AntTag - Could not convert tag: img into an Ant task, data type or property
2003-11-13 12:46:14,781 WARN  org.apache.commons.jelly.tags.ant.AntTag - Could not convert tag: a into an Ant task, data type or property
2003-11-13 12:46:14,781 WARN  org.apache.commons.jelly.tags.ant.AntTag - Could not convert tag: img into an Ant task, data type or property
2003-11-13 12:46:14,781 WARN  org.apache.commons.jelly.tags.ant.AntTag - Could not convert tag: img into an Ant task, data type or property
2003-11-13 12:46:14,781 WARN  org.apache.commons.jelly.tags.ant.AntTag - Could not convert tag: a into an Ant task, data type or property
2003-11-13 12:46:14,781 WARN  org.apache.commons.jelly.tags.ant.AntTag - Could not convert tag: img into an Ant task, data type or property
2003-11-13 12:46:14,781 WARN  org.apache.commons.jelly.tags.ant.AntTag - Could not convert tag: img into an Ant task, data type or property
2003-11-13 12:46:14,781 WARN  org.apache.commons.jelly.tags.ant.AntTag - Could not convert tag: a into an Ant task, data type or property
2003-11-13 12:46:14,781 WARN  org.apache.commons.jelly.tags.ant.AntTag - Could not convert tag: img into an Ant task, data type or property
2003-11-13 12:46:14,781 WARN  org.apache.commons.jelly.tags.ant.AntTag - Could not convert tag: img into an Ant task, data type or property
2003-11-13 12:46:14,781 WARN  org.apache.commons.jelly.tags.ant.AntTag - Could not convert tag: a into an Ant task, data type or property
2003-11-13 12:46:14,781 WARN  org.apache.commons.jelly.tags.ant.AntTag - Could not convert tag: img into an Ant task, data type or property
2003-11-13 12:46:14,781 WARN  org.apache.commons.jelly.tags.ant.AntTag - Could not convert tag: img into an Ant task, data type or property
2003-11-13 12:46:14,781 WARN  org.apache.commons.jelly.tags.ant.AntTag - Could not convert tag: a into an Ant task, data type or property
2003-11-13 12:46:14,781 WARN  org.apache.commons.jelly.tags.ant.AntTag - Could not convert tag: img into an Ant task, data type or property
2003-11-13 12:46:14,781 WARN  org.apache.commons.jelly.tags.ant.AntTag - Could not convert tag: img into an Ant task, data type or property
2003-11-13 12:46:14,781 WARN  org.apache.commons.jelly.tags.ant.AntTag - Could not convert tag: a into an Ant task, data type or property
2003-11-13 12:46:14,781 WARN  org.apache.commons.jelly.tags.ant.AntTag - Could not convert tag: img into an Ant task, data type or property
2003-11-13 12:46:14,781 WARN  org.apache.commons.jelly.tags.ant.AntTag - Could not convert tag: img into an Ant task, data type or property
2003-11-13 12:46:15,421 WARN  org.apache.commons.jelly.tags.ant.AntTag - Could not convert tag: a into an Ant task, data type or property
2003-11-13 12:46:15,421 WARN  org.apache.commons.jelly.tags.ant.AntTag - Could not convert tag: img into an Ant task, data type or property
2003-11-13 12:46:15,421 WARN  org.apache.commons.jelly.tags.ant.AntTag - Could not convert tag: img into an Ant task, data type or property
2003-11-13 12:46:15,421 WARN  org.apache.commons.jelly.tags.ant.AntTag - Could not convert tag: a into an Ant task, data type or property
2003-11-13 12:46:15,421 WARN  org.apache.commons.jelly.tags.ant.AntTag - Could not convert tag: img into an Ant task, data type or property
2003-11-13 12:46:15,421 WARN  org.apache.commons.jelly.tags.ant.AntTag - Could not convert tag: img into an Ant task, data type or property
2003-11-13 12:46:15,421 WARN  org.apache.commons.jelly.tags.ant.AntTag - Could not convert tag: a into an Ant task, data type or property
2003-11-13 12:46:15,421 WARN  org.apache.commons.jelly.tags.ant.AntTag - Could not convert tag: img into an Ant task, data type or property
2003-11-13 12:46:15,421 WARN  org.apache.commons.jelly.tags.ant.AntTag - Could not convert tag: img into an Ant task, data type or property
2003-11-13 12:46:15,437 WARN  org.apache.commons.jelly.tags.ant.AntTag - Could not convert tag: a into an Ant task, data type or property
2003-11-13 12:46:15,437 WARN  org.apache.commons.jelly.tags.ant.AntTag - Could not convert tag: img into an Ant task, data type or property
2003-11-13 12:46:15,437 WARN  org.apache.commons.jelly.tags.ant.AntTag - Could not convert tag: img into an Ant task, data type or property
2003-11-13 12:46:15,687 WARN  org.apache.commons.jelly.tags.ant.AntTag - Could not convert tag: a into an Ant task, data type or property
2003-11-13 12:46:15,687 WARN  org.apache.commons.jelly.tags.ant.AntTag - Could not convert tag: img into an Ant task, data type or property
2003-11-13 12:46:15,703 WARN  org.apache.commons.jelly.tags.ant.AntTag - Could not convert tag: img into an Ant task, data type or property
2003-11-13 12:46:15,703 WARN  org.apache.commons.jelly.tags.ant.AntTag - Could not convert tag: a into an Ant task, data type or property
2003-11-13 12:46:15,703 WARN  org.apache.commons.jelly.tags.ant.AntTag - Could not convert tag: img into an Ant task, data type or property
2003-11-13 12:46:15,703 WARN  org.apache.commons.jelly.tags.ant.AntTag - Could not convert tag: img into an Ant task, data type or property
2003-11-13 12:46:15,703 WARN  org.apache.commons.jelly.tags.ant.AntTag - Could not convert tag: a into an Ant task, data type or property
2003-11-13 12:46:15,703 WARN  org.apache.commons.jelly.tags.ant.AntTag - Could not convert tag: img into an Ant task, data type or property
2003-11-13 12:46:15,703 WARN  org.apache.commons.jelly.tags.ant.AntTag - Could not convert tag: img into an Ant task, data type or property
2003-11-13 12:46:15,703 WARN  org.apache.commons.jelly.tags.ant.AntTag - Could not convert tag: a into an Ant task, data type or property
2003-11-13 12:46:15,703 WARN  org.apache.commons.jelly.tags.ant.AntTag - Could not convert tag: img into an Ant task, data type or property
2003-11-13 12:46:15,703 WARN  org.apache.commons.jelly.tags.ant.AntTag - Could not convert tag: img into an Ant task, data type or property
2003-11-13 12:46:15,750 WARN  org.apache.commons.jelly.tags.ant.AntTag - Could not convert tag: a into an Ant task, data type or property
2003-11-13 12:46:15,750 WARN  org.apache.commons.jelly.tags.ant.AntTag - Could not convert tag: img into an Ant task, data type or property
2003-11-13 12:46:15,750 WARN  org.apache.commons.jelly.tags.ant.AntTag - Could not convert tag: img into an Ant task, data type or property
2003-11-13 12:46:15,750 WARN  org.apache.commons.jelly.tags.ant.AntTag - Could not convert tag: a into an Ant task, data type or property
2003-11-13 12:46:15,750 WARN  org.apache.commons.jelly.tags.ant.AntTag - Could not convert tag: img into an Ant task, data type or property
2003-11-13 12:46:15,750 WARN  org.apache.commons.jelly.tags.ant.AntTag - Could not convert tag: img into an Ant task, data type or property
2003-11-13 12:46:15,750 WARN  org.apache.commons.jelly.tags.ant.AntTag - Could not convert tag: a into an Ant task, data type or property
2003-11-13 12:46:15,750 WARN  org.apache.commons.jelly.tags.ant.AntTag - Could not convert tag: img into an Ant task, data type or property
2003-11-13 12:46:15,750 WARN  org.apache.commons.jelly.tags.ant.AntTag - Could not convert tag: img into an Ant task, data type or property
2003-11-13 12:46:15,750 WARN  org.apache.commons.jelly.tags.ant.AntTag - Could not convert tag: a into an Ant task, data type or property
2003-11-13 12:46:15,750 WARN  org.apache.commons.jelly.tags.ant.AntTag - Could not convert tag: img into an Ant task, data type or property
2003-11-13 12:46:15,750 WARN  org.apache.commons.jelly.tags.ant.AntTag - Could not convert tag: img into an Ant task, data type or property
2003-11-13 12:46:15,796 WARN  org.apache.commons.jelly.tags.ant.AntTag - Could not convert tag: a into an Ant task, data type or property
2003-11-13 12:46:15,812 WARN  org.apache.commons.jelly.tags.ant.AntTag - Could not convert tag: img into an Ant task, data type or property
2003-11-13 12:46:15,812 WARN  org.apache.commons.jelly.tags.ant.AntTag - Could not convert tag: img into an Ant task, data type or property
2003-11-13 12:46:15,812 WARN  org.apache.commons.jelly.tags.ant.AntTag - Could not convert tag: a into an Ant task, data type or property
2003-11-13 12:46:15,812 WARN  org.apache.commons.jelly.tags.ant.AntTag - Could not convert tag: img into an Ant task, data type or property
2003-11-13 12:46:15,812 WARN  org.apache.commons.jelly.tags.ant.AntTag - Could not convert tag: img into an Ant task, data type or property
2003-11-13 12:46:15,812 WARN  org.apache.commons.jelly.tags.ant.AntTag - Could not convert tag: a into an Ant task, data type or property
2003-11-13 12:46:15,812 WARN  org.apache.commons.jelly.tags.ant.AntTag - Could not convert tag: img into an Ant task, data type or property
2003-11-13 12:46:15,812 WARN  org.apache.commons.jelly.tags.ant.AntTag - Could not convert tag: img into an Ant task, data type or property
2003-11-13 12:46:15,812 WARN  org.apache.commons.jelly.tags.ant.AntTag - Could not convert tag: a into an Ant task, data type or property
2003-11-13 12:46:15,812 WARN  org.apache.commons.jelly.tags.ant.AntTag - Could not convert tag: img into an Ant task, data type or property
2003-11-13 12:46:15,812 WARN  org.apache.commons.jelly.tags.ant.AntTag - Could not convert tag: img into an Ant task, data type or property
2003-11-13 12:46:15,875 WARN  org.apache.commons.jelly.tags.ant.AntTag - Could not convert tag: a into an Ant task, data type or property
2003-11-13 12:46:15,875 WARN  org.apache.commons.jelly.tags.ant.AntTag - Could not convert tag: img into an Ant task, data type or property
2003-11-13 12:46:15,875 WARN  org.apache.commons.jelly.tags.ant.AntTag - Could not convert tag: img into an Ant task, data type or property
2003-11-13 12:46:15,875 WARN  org.apache.commons.jelly.tags.ant.AntTag - Could not convert tag: a into an Ant task, data type or property
2003-11-13 12:46:15,875 WARN  org.apache.commons.jelly.tags.ant.AntTag - Could not convert tag: img into an Ant task, data type or property
2003-11-13 12:46:15,875 WARN  org.apache.commons.jelly.tags.ant.AntTag - Could not convert tag: img into an Ant task, data type or property
2003-11-13 12:46:15,875 WARN  org.apache.commons.jelly.tags.ant.AntTag - Could not convert tag: a into an Ant task, data type or property
2003-11-13 12:46:15,875 WARN  org.apache.commons.jelly.tags.ant.AntTag - Could not convert tag: img into an Ant task, data type or property
2003-11-13 12:46:15,875 WARN  org.apache.commons.jelly.tags.ant.AntTag - Could not convert tag: img into an Ant task, data type or property
2003-11-13 12:46:15,875 WARN  org.apache.commons.jelly.tags.ant.AntTag - Could not convert tag: a into an Ant task, data type or property
2003-11-13 12:46:15,875 WARN  org.apache.commons.jelly.tags.ant.AntTag - Could not convert tag: img into an Ant task, data type or property
2003-11-13 12:46:15,875 WARN  org.apache.commons.jelly.tags.ant.AntTag - Could not convert tag: img into an Ant task, data type or property
2003-11-13 12:46:15,921 WARN  org.apache.commons.jelly.tags.ant.AntTag - Could not convert tag: a into an Ant task, data type or property
2003-11-13 12:46:15,921 WARN  org.apache.commons.jelly.tags.ant.AntTag - Could not convert tag: img into an Ant task, data type or property
2003-11-13 12:46:15,921 WARN  org.apache.commons.jelly.tags.ant.AntTag - Could not convert tag: img into an Ant task, data type or property
2003-11-13 12:46:15,921 WARN  org.apache.commons.jelly.tags.ant.AntTag - Could not convert tag: a into an Ant task, data type or property
2003-11-13 12:46:15,921 WARN  org.apache.commons.jelly.tags.ant.AntTag - Could not convert tag: img into an Ant task, data type or property
2003-11-13 12:46:15,921 WARN  org.apache.commons.jelly.tags.ant.AntTag - Could not convert tag: img into an Ant task, data type or property
2003-11-13 12:46:15,921 WARN  org.apache.commons.jelly.tags.ant.AntTag - Could not convert tag: a into an Ant task, data type or property
2003-11-13 12:46:15,921 WARN  org.apache.commons.jelly.tags.ant.AntTag - Could not convert tag: img into an Ant task, data type or property
2003-11-13 12:46:15,921 WARN  org.apache.commons.jelly.tags.ant.AntTag - Could not convert tag: img into an Ant task, data type or property
2003-11-13 12:46:15,921 WARN  org.apache.commons.jelly.tags.ant.AntTag - Could not convert tag: a into an Ant task, data type or property
2003-11-13 12:46:15,921 WARN  org.apache.commons.jelly.tags.ant.AntTag - Could not convert tag: img into an Ant task, data type or property
2003-11-13 12:46:15,921 WARN  org.apache.commons.jelly.tags.ant.AntTag - Could not convert tag: img into an Ant task, data type or property
2003-11-13 12:46:15,984 WARN  org.apache.commons.jelly.tags.ant.AntTag - Could not convert tag: a into an Ant task, data type or property
2003-11-13 12:46:15,984 WARN  org.apache.commons.jelly.tags.ant.AntTag - Could not convert tag: img into an Ant task, data type or property
2003-11-13 12:46:15,984 WARN  org.apache.commons.jelly.tags.ant.AntTag - Could not convert tag: img into an Ant task, data type or property
2003-11-13 12:46:15,984 WARN  org.apache.commons.jelly.tags.ant.AntTag - Could not convert tag: a into an Ant task, data type or property
2003-11-13 12:46:15,984 WARN  org.apache.commons.jelly.tags.ant.AntTag - Could not convert tag: img into an Ant task, data type or property
2003-11-13 12:46:15,984 WARN  org.apache.commons.jelly.tags.ant.AntTag - Could not convert tag: img into an Ant task, data type or property
2003-11-13 12:46:15,984 WARN  org.apache.commons.jelly.tags.ant.AntTag - Could not convert tag: a into an Ant task, data type or property
2003-11-13 12:46:15,984 WARN  org.apache.commons.jelly.tags.ant.AntTag - Could not convert tag: img into an Ant task, data type or property
2003-11-13 12:46:15,984 WARN  org.apache.commons.jelly.tags.ant.AntTag - Could not convert tag: img into an Ant task, data type or property
2003-11-13 12:46:15,984 WARN  org.apache.commons.jelly.tags.ant.AntTag - Could not convert tag: a into an Ant task, data type or property
2003-11-13 12:46:15,984 WARN  org.apache.commons.jelly.tags.ant.AntTag - Could not convert tag: img into an Ant task, data type or property
2003-11-13 12:46:15,984 WARN  org.apache.commons.jelly.tags.ant.AntTag - Could not convert tag: img into an Ant task, data type or property
2003-11-13 12:46:16,062 WARN  org.apache.commons.jelly.tags.ant.AntTag - Could not convert tag: a into an Ant task, data type or property
2003-11-13 12:46:16,062 WARN  org.apache.commons.jelly.tags.ant.AntTag - Could not convert tag: img into an Ant task, data type or property
2003-11-13 12:46:16,062 WARN  org.apache.commons.jelly.tags.ant.AntTag - Could not convert tag: img into an Ant task, data type or property
2003-11-13 12:46:16,062 WARN  org.apache.commons.jelly.tags.ant.AntTag - Could not convert tag: a into an Ant task, data type or property
2003-11-13 12:46:16,062 WARN  org.apache.commons.jelly.tags.ant.AntTag - Could not convert tag: img into an Ant task, data type or property
2003-11-13 12:46:16,062 WARN  org.apache.commons.jelly.tags.ant.AntTag - Could not convert tag: img into an Ant task, data type or property
2003-11-13 12:46:16,062 WARN  org.apache.commons.jelly.tags.ant.AntTag - Could not convert tag: a into an Ant task, data type or property
2003-11-13 12:46:16,062 WARN  org.apache.commons.jelly.tags.ant.AntTag - Could not convert tag: img into an Ant task, data type or property
2003-11-13 12:46:16,062 WARN  org.apache.commons.jelly.tags.ant.AntTag - Could not convert tag: img into an Ant task, data type or property
2003-11-13 12:46:16,062 WARN  org.apache.commons.jelly.tags.ant.AntTag - Could not convert tag: a into an Ant task, data type or property
2003-11-13 12:46:16,062 WARN  org.apache.commons.jelly.tags.ant.AntTag - Could not convert tag: img into an Ant task, data type or property
2003-11-13 12:46:16,062 WARN  org.apache.commons.jelly.tags.ant.AntTag - Could not convert tag: img into an Ant task, data type or property
2003-11-13 12:46:16,125 WARN  org.apache.commons.jelly.tags.ant.AntTag - Could not convert tag: a into an Ant task, data type or property
2003-11-13 12:46:16,125 WARN  org.apache.commons.jelly.tags.ant.AntTag - Could not convert tag: img into an Ant task, data type or property
2003-11-13 12:46:16,125 WARN  org.apache.commons.jelly.tags.ant.AntTag - Could not convert tag: img into an Ant task, data type or property
2003-11-13 12:46:16,125 WARN  org.apache.commons.jelly.tags.ant.AntTag - Could not convert tag: a into an Ant task, data type or property
2003-11-13 12:46:16,125 WARN  org.apache.commons.jelly.tags.ant.AntTag - Could not convert tag: img into an Ant task, data type or property
2003-11-13 12:46:16,125 WARN  org.apache.commons.jelly.tags.ant.AntTag - Could not convert tag: img into an Ant task, data type or property
2003-11-13 12:46:16,125 WARN  org.apache.commons.jelly.tags.ant.AntTag - Could not convert tag: a into an Ant task, data type or property
2003-11-13 12:46:16,125 WARN  org.apache.commons.jelly.tags.ant.AntTag - Could not convert tag: img into an Ant task, data type or property
2003-11-13 12:46:16,125 WARN  org.apache.commons.jelly.tags.ant.AntTag - Could not convert tag: img into an Ant task, data type or property
2003-11-13 12:46:16,140 WARN  org.apache.commons.jelly.tags.ant.AntTag - Could not convert tag: a into an Ant task, data type or property
2003-11-13 12:46:16,140 WARN  org.apache.commons.jelly.tags.ant.AntTag - Could not convert tag: img into an Ant task, data type or property
2003-11-13 12:46:16,140 WARN  org.apache.commons.jelly.tags.ant.AntTag - Could not convert tag: img into an Ant task, data type or property
2003-11-13 12:46:16,187 WARN  org.apache.commons.jelly.tags.ant.AntTag - Could not convert tag: a into an Ant task, data type or property
2003-11-13 12:46:16,187 WARN  org.apache.commons.jelly.tags.ant.AntTag - Could not convert tag: img into an Ant task, data type or property
2003-11-13 12:46:16,187 WARN  org.apache.commons.jelly.tags.ant.AntTag - Could not convert tag: img into an Ant task, data type or property
2003-11-13 12:46:16,187 WARN  org.apache.commons.jelly.tags.ant.AntTag - Could not convert tag: a into an Ant task, data type or property
2003-11-13 12:46:16,187 WARN  org.apache.commons.jelly.tags.ant.AntTag - Could not convert tag: img into an Ant task, data type or property
2003-11-13 12:46:16,187 WARN  org.apache.commons.jelly.tags.ant.AntTag - Could not convert tag: img into an Ant task, data type or property
2003-11-13 12:46:16,187 WARN  org.apache.commons.jelly.tags.ant.AntTag - Could not convert tag: a into an Ant task, data type or property
2003-11-13 12:46:16,187 WARN  org.apache.commons.jelly.tags.ant.AntTag - Could not convert tag: img into an Ant task, data type or property
2003-11-13 12:46:16,187 WARN  org.apache.commons.jelly.tags.ant.AntTag - Could not convert tag: img into an Ant task, data type or property
2003-11-13 12:46:16,187 WARN  org.apache.commons.jelly.tags.ant.AntTag - Could not convert tag: a into an Ant task, data type or property
2003-11-13 12:46:16,187 WARN  org.apache.commons.jelly.tags.ant.AntTag - Could not convert tag: img into an Ant task, data type or property
2003-11-13 12:46:16,187 WARN  org.apache.commons.jelly.tags.ant.AntTag - Could not convert tag: img into an Ant task, data type or property
2003-11-13 12:46:16,250 WARN  org.apache.commons.jelly.tags.ant.AntTag - Could not convert tag: a into an Ant task, data type or property
2003-11-13 12:46:16,250 WARN  org.apache.commons.jelly.tags.ant.AntTag - Could not convert tag: img into an Ant task, data type or property
2003-11-13 12:46:16,250 WARN  org.apache.commons.jelly.tags.ant.AntTag - Could not convert tag: img into an Ant task, data type or property
2003-11-13 12:46:16,250 WARN  org.apache.commons.jelly.tags.ant.AntTag - Could not convert tag: a into an Ant task, data type or property
2003-11-13 12:46:16,250 WARN  org.apache.commons.jelly.tags.ant.AntTag - Could not convert tag: img into an Ant task, data type or property
2003-11-13 12:46:16,250 WARN  org.apache.commons.jelly.tags.ant.AntTag - Could not convert tag: img into an Ant task, data type or property
2003-11-13 12:46:16,250 WARN  org.apache.commons.jelly.tags.ant.AntTag - Could not convert tag: a into an Ant task, data type or property
2003-11-13 12:46:16,250 WARN  org.apache.commons.jelly.tags.ant.AntTag - Could not convert tag: img into an Ant task, data type or property
2003-11-13 12:46:16,250 WARN  org.apache.commons.jelly.tags.ant.AntTag - Could not convert tag: img into an Ant task, data type or property
2003-11-13 12:46:16,250 WARN  org.apache.commons.jelly.tags.ant.AntTag - Could not convert tag: a into an Ant task, data type or property
2003-11-13 12:46:16,250 WARN  org.apache.commons.jelly.tags.ant.AntTag - Could not convert tag: img into an Ant task, data type or property
2003-11-13 12:46:16,250 WARN  org.apache.commons.jelly.tags.ant.AntTag - Could not convert tag: img into an Ant task, data type or property
2003-11-13 12:46:16,312 WARN  org.apache.commons.jelly.tags.ant.AntTag - Could not convert tag: a into an Ant task, data type or property
2003-11-13 12:46:16,312 WARN  org.apache.commons.jelly.tags.ant.AntTag - Could not convert tag: img into an Ant task, data type or property
2003-11-13 12:46:16,312 WARN  org.apache.commons.jelly.tags.ant.AntTag - Could not convert tag: img into an Ant task, data type or property
2003-11-13 12:46:16,312 WARN  org.apache.commons.jelly.tags.ant.AntTag - Could not convert tag: a into an Ant task, data type or property
2003-11-13 12:46:16,312 WARN  org.apache.commons.jelly.tags.ant.AntTag - Could not convert tag: img into an Ant task, data type or property
2003-11-13 12:46:16,312 WARN  org.apache.commons.jelly.tags.ant.AntTag - Could not convert tag: img into an Ant task, data type or property
2003-11-13 12:46:16,312 WARN  org.apache.commons.jelly.tags.ant.AntTag - Could not convert tag: a into an Ant task, data type or property
2003-11-13 12:46:16,312 WARN  org.apache.commons.jelly.tags.ant.AntTag - Could not convert tag: img into an Ant task, data type or property
2003-11-13 12:46:16,312 WARN  org.apache.commons.jelly.tags.ant.AntTag - Could not convert tag: img into an Ant task, data type or property
2003-11-13 12:46:16,312 WARN  org.apache.commons.jelly.tags.ant.AntTag - Could not convert tag: a into an Ant task, data type or property
2003-11-13 12:46:16,312 WARN  org.apache.commons.jelly.tags.ant.AntTag - Could not convert tag: img into an Ant task, data type or property
2003-11-13 12:46:16,312 WARN  org.apache.commons.jelly.tags.ant.AntTag - Could not convert tag: img into an Ant task, data type or property
2003-11-13 12:46:16,375 WARN  org.apache.commons.jelly.tags.ant.AntTag - Could not convert tag: a into an Ant task, data type or property
2003-11-13 12:46:16,375 WARN  org.apache.commons.jelly.tags.ant.AntTag - Could not convert tag: img into an Ant task, data type or property
2003-11-13 12:46:16,375 WARN  org.apache.commons.jelly.tags.ant.AntTag - Could not convert tag: img into an Ant task, data type or property
2003-11-13 12:46:16,375 WARN  org.apache.commons.jelly.tags.ant.AntTag - Could not convert tag: a into an Ant task, data type or property
2003-11-13 12:46:16,375 WARN  org.apache.commons.jelly.tags.ant.AntTag - Could not convert tag: img into an Ant task, data type or property
2003-11-13 12:46:16,375 WARN  org.apache.commons.jelly.tags.ant.AntTag - Could not convert tag: img into an Ant task, data type or property
2003-11-13 12:46:16,375 WARN  org.apache.commons.jelly.tags.ant.AntTag - Could not convert tag: a into an Ant task, data type or property
2003-11-13 12:46:16,375 WARN  org.apache.commons.jelly.tags.ant.AntTag - Could not convert tag: img into an Ant task, data type or property
2003-11-13 12:46:16,375 WARN  org.apache.commons.jelly.tags.ant.AntTag - Could not convert tag: img into an Ant task, data type or property
2003-11-13 12:46:16,375 WARN  org.apache.commons.jelly.tags.ant.AntTag - Could not convert tag: a into an Ant task, data type or property
2003-11-13 12:46:16,375 WARN  org.apache.commons.jelly.tags.ant.AntTag - Could not convert tag: img into an Ant task, data type or property
2003-11-13 12:46:16,375 WARN  org.apache.commons.jelly.tags.ant.AntTag - Could not convert tag: img into an Ant task, data type or property
2003-11-13 12:46:16,500 WARN  org.apache.commons.jelly.tags.ant.AntTag - Could not convert tag: a into an Ant task, data type or property
2003-11-13 12:46:16,500 WARN  org.apache.commons.jelly.tags.ant.AntTag - Could not convert tag: img into an Ant task, data type or property
2003-11-13 12:46:16,500 WARN  org.apache.commons.jelly.tags.ant.AntTag - Could not convert tag: img into an Ant task, data type or property
2003-11-13 12:46:16,500 WARN  org.apache.commons.jelly.tags.ant.AntTag - Could not convert tag: a into an Ant task, data type or property
2003-11-13 12:46:16,500 WARN  org.apache.commons.jelly.tags.ant.AntTag - Could not convert tag: img into an Ant task, data type or property
2003-11-13 12:46:16,500 WARN  org.apache.commons.jelly.tags.ant.AntTag - Could not convert tag: img into an Ant task, data type or property
2003-11-13 12:46:16,500 WARN  org.apache.commons.jelly.tags.ant.AntTag - Could not convert tag: a into an Ant task, data type or property
2003-11-13 12:46:16,500 WARN  org.apache.commons.jelly.tags.ant.AntTag - Could not convert tag: img into an Ant task, data type or property
2003-11-13 12:46:16,500 WARN  org.apache.commons.jelly.tags.ant.AntTag - Could not convert tag: img into an Ant task, data type or property
2003-11-13 12:46:16,515 WARN  org.apache.commons.jelly.tags.ant.AntTag - Could not convert tag: a into an Ant task, data type or property
2003-11-13 12:46:16,515 WARN  org.apache.commons.jelly.tags.ant.AntTag - Could not convert tag: img into an Ant task, data type or property
2003-11-13 12:46:16,515 WARN  org.apache.commons.jelly.tags.ant.AntTag - Could not convert tag: img into an Ant task, data type or property
2003-11-13 12:46:16,562 WARN  org.apache.commons.jelly.tags.ant.AntTag - Could not convert tag: a into an Ant task, data type or property
2003-11-13 12:46:16,562 WARN  org.apache.commons.jelly.tags.ant.AntTag - Could not convert tag: img into an Ant task, data type or property
2003-11-13 12:46:16,562 WARN  org.apache.commons.jelly.tags.ant.AntTag - Could not convert tag: img into an Ant task, data type or property
2003-11-13 12:46:16,562 WARN  org.apache.commons.jelly.tags.ant.AntTag - Could not convert tag: a into an Ant task, data type or property
2003-11-13 12:46:16,562 WARN  org.apache.commons.jelly.tags.ant.AntTag - Could not convert tag: img into an Ant task, data type or property
2003-11-13 12:46:16,562 WARN  org.apache.commons.jelly.tags.ant.AntTag - Could not convert tag: img into an Ant task, data type or property
2003-11-13 12:46:16,562 WARN  org.apache.commons.jelly.tags.ant.AntTag - Could not convert tag: a into an Ant task, data type or property
2003-11-13 12:46:16,562 WARN  org.apache.commons.jelly.tags.ant.AntTag - Could not convert tag: img into an Ant task, data type or property
2003-11-13 12:46:16,562 WARN  org.apache.commons.jelly.tags.ant.AntTag - Could not convert tag: img into an Ant task, data type or property
2003-11-13 12:46:16,578 WARN  org.apache.commons.jelly.tags.ant.AntTag - Could not convert tag: a into an Ant task, data type or property
2003-11-13 12:46:16,578 WARN  org.apache.commons.jelly.tags.ant.AntTag - Could not convert tag: img into an Ant task, data type or property
2003-11-13 12:46:16,578 WARN  org.apache.commons.jelly.tags.ant.AntTag - Could not convert tag: img into an Ant task, data type or property
2003-11-13 12:46:16,609 WARN  org.apache.commons.jelly.tags.ant.AntTag - Could not convert tag: a into an Ant task, data type or property
2003-11-13 12:46:16,609 WARN  org.apache.commons.jelly.tags.ant.AntTag - Could not convert tag: img into an Ant task, data type or property
2003-11-13 12:46:16,609 WARN  org.apache.commons.jelly.tags.ant.AntTag - Could not convert tag: img into an Ant task, data type or property
2003-11-13 12:46:16,609 WARN  org.apache.commons.jelly.tags.ant.AntTag - Could not convert tag: a into an Ant task, data type or property
2003-11-13 12:46:16,609 WARN  org.apache.commons.jelly.tags.ant.AntTag - Could not convert tag: img into an Ant task, data type or property
2003-11-13 12:46:16,609 WARN  org.apache.commons.jelly.tags.ant.AntTag - Could not convert tag: img into an Ant task, data type or property
2003-11-13 12:46:16,625 WARN  org.apache.commons.jelly.tags.ant.AntTag - Could not convert tag: a into an Ant task, data type or property
2003-11-13 12:46:16,625 WARN  org.apache.commons.jelly.tags.ant.AntTag - Could not convert tag: img into an Ant task, data type or property
2003-11-13 12:46:16,625 WARN  org.apache.commons.jelly.tags.ant.AntTag - Could not convert tag: img into an Ant task, data type or property
2003-11-13 12:46:16,625 WARN  org.apache.commons.jelly.tags.ant.AntTag - Could not convert tag: a into an Ant task, data type or property
2003-11-13 12:46:16,625 WARN  org.apache.commons.jelly.tags.ant.AntTag - Could not convert tag: img into an Ant task, data type or property
2003-11-13 12:46:16,625 WARN  org.apache.commons.jelly.tags.ant.AntTag - Could not convert tag: img into an Ant task, data type or property
2003-11-13 12:46:16,687 WARN  org.apache.commons.jelly.tags.ant.AntTag - Could not convert tag: a into an Ant task, data type or property
2003-11-13 12:46:16,687 WARN  org.apache.commons.jelly.tags.ant.AntTag - Could not convert tag: img into an Ant task, data type or property
2003-11-13 12:46:16,687 WARN  org.apache.commons.jelly.tags.ant.AntTag - Could not convert tag: img into an Ant task, data type or property
2003-11-13 12:46:16,687 WARN  org.apache.commons.jelly.tags.ant.AntTag - Could not convert tag: a into an Ant task, data type or property
2003-11-13 12:46:16,687 WARN  org.apache.commons.jelly.tags.ant.AntTag - Could not convert tag: img into an Ant task, data type or property
2003-11-13 12:46:16,687 WARN  org.apache.commons.jelly.tags.ant.AntTag - Could not convert tag: img into an Ant task, data type or property
2003-11-13 12:46:16,687 WARN  org.apache.commons.jelly.tags.ant.AntTag - Could not convert tag: a into an Ant task, data type or property
2003-11-13 12:46:16,687 WARN  org.apache.commons.jelly.tags.ant.AntTag - Could not convert tag: img into an Ant task, data type or property
2003-11-13 12:46:16,687 WARN  org.apache.commons.jelly.tags.ant.AntTag - Could not convert tag: img into an Ant task, data type or property
2003-11-13 12:46:16,687 WARN  org.apache.commons.jelly.tags.ant.AntTag - Could not convert tag: a into an Ant task, data type or property
2003-11-13 12:46:16,687 WARN  org.apache.commons.jelly.tags.ant.AntTag - Could not convert tag: img into an Ant task, data type or property
2003-11-13 12:46:16,687 WARN  org.apache.commons.jelly.tags.ant.AntTag - Could not convert tag: img into an Ant task, data type or property
2003-11-13 12:46:16,734 WARN  org.apache.commons.jelly.tags.ant.AntTag - Could not convert tag: a into an Ant task, data type or property
2003-11-13 12:46:16,734 WARN  org.apache.commons.jelly.tags.ant.AntTag - Could not convert tag: img into an Ant task, data type or property
2003-11-13 12:46:16,734 WARN  org.apache.commons.jelly.tags.ant.AntTag - Could not convert tag: img into an Ant task, data type or property
2003-11-13 12:46:16,734 WARN  org.apache.commons.jelly.tags.ant.AntTag - Could not convert tag: a into an Ant task, data type or property
2003-11-13 12:46:16,734 WARN  org.apache.commons.jelly.tags.ant.AntTag - Could not convert tag: img into an Ant task, data type or property
2003-11-13 12:46:16,734 WARN  org.apache.commons.jelly.tags.ant.AntTag - Could not convert tag: img into an Ant task, data type or property
2003-11-13 12:46:16,750 WARN  org.apache.commons.jelly.tags.ant.AntTag - Could not convert tag: a into an Ant task, data type or property
2003-11-13 12:46:16,750 WARN  org.apache.commons.jelly.tags.ant.AntTag - Could not convert tag: img into an Ant task, data type or property
2003-11-13 12:46:16,750 WARN  org.apache.commons.jelly.tags.ant.AntTag - Could not convert tag: img into an Ant task, data type or property
2003-11-13 12:46:16,750 WARN  org.apache.commons.jelly.tags.ant.AntTag - Could not convert tag: a into an Ant task, data type or property
2003-11-13 12:46:16,750 WARN  org.apache.commons.jelly.tags.ant.AntTag - Could not convert tag: img into an Ant task, data type or property
2003-11-13 12:46:16,750 WARN  org.apache.commons.jelly.tags.ant.AntTag - Could not convert tag: img into an Ant task, data type or property
2003-11-13 12:46:16,796 WARN  org.apache.commons.jelly.tags.ant.AntTag - Could not convert tag: a into an Ant task, data type or property
2003-11-13 12:46:16,796 WARN  org.apache.commons.jelly.tags.ant.AntTag - Could not convert tag: img into an Ant task, data type or property
2003-11-13 12:46:16,796 WARN  org.apache.commons.jelly.tags.ant.AntTag - Could not convert tag: img into an Ant task, data type or property
2003-11-13 12:46:16,796 WARN  org.apache.commons.jelly.tags.ant.AntTag - Could not convert tag: a into an Ant task, data type or property
2003-11-13 12:46:16,796 WARN  org.apache.commons.jelly.tags.ant.AntTag - Could not convert tag: img into an Ant task, data type or property
2003-11-13 12:46:16,796 WARN  org.apache.commons.jelly.tags.ant.AntTag - Could not convert tag: img into an Ant task, data type or property
2003-11-13 12:46:16,812 WARN  org.apache.commons.jelly.tags.ant.AntTag - Could not convert tag: a into an Ant task, data type or property
2003-11-13 12:46:16,812 WARN  org.apache.commons.jelly.tags.ant.AntTag - Could not convert tag: img into an Ant task, data type or property
2003-11-13 12:46:16,812 WARN  org.apache.commons.jelly.tags.ant.AntTag - Could not convert tag: img into an Ant task, data type or property
2003-11-13 12:46:16,812 WARN  org.apache.commons.jelly.tags.ant.AntTag - Could not convert tag: a into an Ant task, data type or property
2003-11-13 12:46:16,812 WARN  org.apache.commons.jelly.tags.ant.AntTag - Could not convert tag: img into an Ant task, data type or property
2003-11-13 12:46:16,812 WARN  org.apache.commons.jelly.tags.ant.AntTag - Could not convert tag: img into an Ant task, data type or property
2003-11-13 12:46:16,843 WARN  org.apache.commons.jelly.tags.ant.AntTag - Could not convert tag: a into an Ant task, data type or property
2003-11-13 12:46:16,843 WARN  org.apache.commons.jelly.tags.ant.AntTag - Could not convert tag: img into an Ant task, data type or property
2003-11-13 12:46:16,843 WARN  org.apache.commons.jelly.tags.ant.AntTag - Could not convert tag: img into an Ant task, data type or property
2003-11-13 12:46:16,843 WARN  org.apache.commons.jelly.tags.ant.AntTag - Could not convert tag: a into an Ant task, data type or property
2003-11-13 12:46:16,843 WARN  org.apache.commons.jelly.tags.ant.AntTag - Could not convert tag: img into an Ant task, data type or property
2003-11-13 12:46:16,843 WARN  org.apache.commons.jelly.tags.ant.AntTag - Could not convert tag: img into an Ant task, data type or property
2003-11-13 12:46:16,843 WARN  org.apache.commons.jelly.tags.ant.AntTag - Could not convert tag: a into an Ant task, data type or property
2003-11-13 12:46:16,843 WARN  org.apache.commons.jelly.tags.ant.AntTag - Could not convert tag: img into an Ant task, data type or property
2003-11-13 12:46:16,843 WARN  org.apache.commons.jelly.tags.ant.AntTag - Could not convert tag: img into an Ant task, data type or property
2003-11-13 12:46:16,843 WARN  org.apache.commons.jelly.tags.ant.AntTag - Could not convert tag: a into an Ant task, data type or property
2003-11-13 12:46:16,843 WARN  org.apache.commons.jelly.tags.ant.AntTag - Could not convert tag: img into an Ant task, data type or property
2003-11-13 12:46:16,859 WARN  org.apache.commons.jelly.tags.ant.AntTag - Could not convert tag: img into an Ant task, data type or property
2003-11-13 12:46:16,906 WARN  org.apache.commons.jelly.tags.ant.AntTag - Could not convert tag: a into an Ant task, data type or property
2003-11-13 12:46:16,906 WARN  org.apache.commons.jelly.tags.ant.AntTag - Could not convert tag: img into an Ant task, data type or property
2003-11-13 12:46:16,906 WARN  org.apache.commons.jelly.tags.ant.AntTag - Could not convert tag: img into an Ant task, data type or property
2003-11-13 12:46:16,906 WARN  org.apache.commons.jelly.tags.ant.AntTag - Could not convert tag: a into an Ant task, data type or property
2003-11-13 12:46:16,906 WARN  org.apache.commons.jelly.tags.ant.AntTag - Could not convert tag: img into an Ant task, data type or property
2003-11-13 12:46:16,906 WARN  org.apache.commons.jelly.tags.ant.AntTag - Could not convert tag: img into an Ant task, data type or property
2003-11-13 12:46:16,906 WARN  org.apache.commons.jelly.tags.ant.AntTag - Could not convert tag: a into an Ant task, data type or property
2003-11-13 12:46:16,906 WARN  org.apache.commons.jelly.tags.ant.AntTag - Could not convert tag: img into an Ant task, data type or property
2003-11-13 12:46:16,906 WARN  org.apache.commons.jelly.tags.ant.AntTag - Could not convert tag: img into an Ant task, data type or property
2003-11-13 12:46:16,906 WARN  org.apache.commons.jelly.tags.ant.AntTag - Could not convert tag: a into an Ant task, data type or property
2003-11-13 12:46:16,906 WARN  org.apache.commons.jelly.tags.ant.AntTag - Could not convert tag: img into an Ant task, data type or property
2003-11-13 12:46:16,906 WARN  org.apache.commons.jelly.tags.ant.AntTag - Could not convert tag: img into an Ant task, data type or property
2003-11-13 12:46:16,953 WARN  org.apache.commons.jelly.tags.ant.AntTag - Could not convert tag: a into an Ant task, data type or property
2003-11-13 12:46:16,953 WARN  org.apache.commons.jelly.tags.ant.AntTag - Could not convert tag: img into an Ant task, data type or property
2003-11-13 12:46:16,953 WARN  org.apache.commons.jelly.tags.ant.AntTag - Could not convert tag: img into an Ant task, data type or property
2003-11-13 12:46:16,953 WARN  org.apache.commons.jelly.tags.ant.AntTag - Could not convert tag: a into an Ant task, data type or property
2003-11-13 12:46:16,953 WARN  org.apache.commons.jelly.tags.ant.AntTag - Could not convert tag: img into an Ant task, data type or property
2003-11-13 12:46:16,953 WARN  org.apache.commons.jelly.tags.ant.AntTag - Could not convert tag: img into an Ant task, data type or property
2003-11-13 12:46:16,953 WARN  org.apache.commons.jelly.tags.ant.AntTag - Could not convert tag: a into an Ant task, data type or property
2003-11-13 12:46:16,953 WARN  org.apache.commons.jelly.tags.ant.AntTag - Could not convert tag: img into an Ant task, data type or property
2003-11-13 12:46:16,953 WARN  org.apache.commons.jelly.tags.ant.AntTag - Could not convert tag: img into an Ant task, data type or property
2003-11-13 12:46:16,953 WARN  org.apache.commons.jelly.tags.ant.AntTag - Could not convert tag: a into an Ant task, data type or property
2003-11-13 12:46:16,968 WARN  org.apache.commons.jelly.tags.ant.AntTag - Could not convert tag: img into an Ant task, data type or property
2003-11-13 12:46:16,968 WARN  org.apache.commons.jelly.tags.ant.AntTag - Could not convert tag: img into an Ant task, data type or property
2003-11-13 12:46:17,000 WARN  org.apache.commons.jelly.tags.ant.AntTag - Could not convert tag: a into an Ant task, data type or property
2003-11-13 12:46:17,000 WARN  org.apache.commons.jelly.tags.ant.AntTag - Could not convert tag: img into an Ant task, data type or property
2003-11-13 12:46:17,000 WARN  org.apache.commons.jelly.tags.ant.AntTag - Could not convert tag: img into an Ant task, data type or property
2003-11-13 12:46:17,000 WARN  org.apache.commons.jelly.tags.ant.AntTag - Could not convert tag: a into an Ant task, data type or property
2003-11-13 12:46:17,000 WARN  org.apache.commons.jelly.tags.ant.AntTag - Could not convert tag: img into an Ant task, data type or property
2003-11-13 12:46:17,000 WARN  org.apache.commons.jelly.tags.ant.AntTag - Could not convert tag: img into an Ant task, data type or property
2003-11-13 12:46:17,000 WARN  org.apache.commons.jelly.tags.ant.AntTag - Could not convert tag: a into an Ant task, data type or property
2003-11-13 12:46:17,000 WARN  org.apache.commons.jelly.tags.ant.AntTag - Could not convert tag: img into an Ant task, data type or property
2003-11-13 12:46:17,000 WARN  org.apache.commons.jelly.tags.ant.AntTag - Could not convert tag: img into an Ant task, data type or property
2003-11-13 12:46:17,000 WARN  org.apache.commons.jelly.tags.ant.AntTag - Could not convert tag: a into an Ant task, data type or property
2003-11-13 12:46:17,000 WARN  org.apache.commons.jelly.tags.ant.AntTag - Could not convert tag: img into an Ant task, data type or property
2003-11-13 12:46:17,000 WARN  org.apache.commons.jelly.tags.ant.AntTag - Could not convert tag: img into an Ant task, data type or property
2003-11-13 12:46:17,062 WARN  org.apache.commons.jelly.tags.ant.AntTag - Could not convert tag: a into an Ant task, data type or property
2003-11-13 12:46:17,062 WARN  org.apache.commons.jelly.tags.ant.AntTag - Could not convert tag: img into an Ant task, data type or property
2003-11-13 12:46:17,062 WARN  org.apache.commons.jelly.tags.ant.AntTag - Could not convert tag: img into an Ant task, data type or property
2003-11-13 12:46:17,062 WARN  org.apache.commons.jelly.tags.ant.AntTag - Could not convert tag: a into an Ant task, data type or property
2003-11-13 12:46:17,062 WARN  org.apache.commons.jelly.tags.ant.AntTag - Could not convert tag: img into an Ant task, data type or property
2003-11-13 12:46:17,062 WARN  org.apache.commons.jelly.tags.ant.AntTag - Could not convert tag: img into an Ant task, data type or property
2003-11-13 12:46:17,062 WARN  org.apache.commons.jelly.tags.ant.AntTag - Could not convert tag: a into an Ant task, data type or property
2003-11-13 12:46:17,062 WARN  org.apache.commons.jelly.tags.ant.AntTag - Could not convert tag: img into an Ant task, data type or property
2003-11-13 12:46:17,062 WARN  org.apache.commons.jelly.tags.ant.AntTag - Could not convert tag: img into an Ant task, data type or property
2003-11-13 12:46:17,062 WARN  org.apache.commons.jelly.tags.ant.AntTag - Could not convert tag: a into an Ant task, data type or property
2003-11-13 12:46:17,062 WARN  org.apache.commons.jelly.tags.ant.AntTag - Could not convert tag: img into an Ant task, data type or property
2003-11-13 12:46:17,062 WARN  org.apache.commons.jelly.tags.ant.AntTag - Could not convert tag: img into an Ant task, data type or property
2003-11-13 12:46:17,109 WARN  org.apache.commons.jelly.tags.ant.AntTag - Could not convert tag: a into an Ant task, data type or property
2003-11-13 12:46:17,109 WARN  org.apache.commons.jelly.tags.ant.AntTag - Could not convert tag: img into an Ant task, data type or property
2003-11-13 12:46:17,109 WARN  org.apache.commons.jelly.tags.ant.AntTag - Could not convert tag: img into an Ant task, data type or property
2003-11-13 12:46:17,109 WARN  org.apache.commons.jelly.tags.ant.AntTag - Could not convert tag: a into an Ant task, data type or property
2003-11-13 12:46:17,109 WARN  org.apache.commons.jelly.tags.ant.AntTag - Could not convert tag: img into an Ant task, data type or property
2003-11-13 12:46:17,109 WARN  org.apache.commons.jelly.tags.ant.AntTag - Could not convert tag: img into an Ant task, data type or property
2003-11-13 12:46:17,109 WARN  org.apache.commons.jelly.tags.ant.AntTag - Could not convert tag: a into an Ant task, data type or property
2003-11-13 12:46:17,109 WARN  org.apache.commons.jelly.tags.ant.AntTag - Could not convert tag: img into an Ant task, data type or property
2003-11-13 12:46:17,109 WARN  org.apache.commons.jelly.tags.ant.AntTag - Could not convert tag: img into an Ant task, data type or property
2003-11-13 12:46:17,109 WARN  org.apache.commons.jelly.tags.ant.AntTag - Could not convert tag: a into an Ant task, data type or property
2003-11-13 12:46:17,109 WARN  org.apache.commons.jelly.tags.ant.AntTag - Could not convert tag: img into an Ant task, data type or property
2003-11-13 12:46:17,109 WARN  org.apache.commons.jelly.tags.ant.AntTag - Could not convert tag: img into an Ant task, data type or property
2003-11-13 12:46:17,140 WARN  org.apache.commons.jelly.tags.ant.AntTag - Could not convert tag: a into an Ant task, data type or property
2003-11-13 12:46:17,140 WARN  org.apache.commons.jelly.tags.ant.AntTag - Could not convert tag: img into an Ant task, data type or property
2003-11-13 12:46:17,140 WARN  org.apache.commons.jelly.tags.ant.AntTag - Could not convert tag: img into an Ant task, data type or property
2003-11-13 12:46:17,156 WARN  org.apache.commons.jelly.tags.ant.AntTag - Could not convert tag: a into an Ant task, data type or property
2003-11-13 12:46:17,156 WARN  org.apache.commons.jelly.tags.ant.AntTag - Could not convert tag: img into an Ant task, data type or property
2003-11-13 12:46:17,156 WARN  org.apache.commons.jelly.tags.ant.AntTag - Could not convert tag: img into an Ant task, data type or property
2003-11-13 12:46:17,156 WARN  org.apache.commons.jelly.tags.ant.AntTag - Could not convert tag: a into an Ant task, data type or property
2003-11-13 12:46:17,156 WARN  org.apache.commons.jelly.tags.ant.AntTag - Could not convert tag: img into an Ant task, data type or property
2003-11-13 12:46:17,156 WARN  org.apache.commons.jelly.tags.ant.AntTag - Could not convert tag: img into an Ant task, data type or property
2003-11-13 12:46:17,156 WARN  org.apache.commons.jelly.tags.ant.AntTag - Could not convert tag: a into an Ant task, data type or property
2003-11-13 12:46:17,156 WARN  org.apache.commons.jelly.tags.ant.AntTag - Could not convert tag: img into an Ant task, data type or property
2003-11-13 12:46:17,156 WARN  org.apache.commons.jelly.tags.ant.AntTag - Could not convert tag: img into an Ant task, data type or property
2003-11-13 12:46:17,203 WARN  org.apache.commons.jelly.tags.ant.AntTag - Could not convert tag: a into an Ant task, data type or property
2003-11-13 12:46:17,203 WARN  org.apache.commons.jelly.tags.ant.AntTag - Could not convert tag: img into an Ant task, data type or property
2003-11-13 12:46:17,203 WARN  org.apache.commons.jelly.tags.ant.AntTag - Could not convert tag: img into an Ant task, data type or property
2003-11-13 12:46:17,203 WARN  org.apache.commons.jelly.tags.ant.AntTag - Could not convert tag: a into an Ant task, data type or property
2003-11-13 12:46:17,203 WARN  org.apache.commons.jelly.tags.ant.AntTag - Could not convert tag: img into an Ant task, data type or property
2003-11-13 12:46:17,203 WARN  org.apache.commons.jelly.tags.ant.AntTag - Could not convert tag: img into an Ant task, data type or property
2003-11-13 12:46:17,203 WARN  org.apache.commons.jelly.tags.ant.AntTag - Could not convert tag: a into an Ant task, data type or property
2003-11-13 12:46:17,203 WARN  org.apache.commons.jelly.tags.ant.AntTag - Could not convert tag: img into an Ant task, data type or property
2003-11-13 12:46:17,203 WARN  org.apache.commons.jelly.tags.ant.AntTag - Could not convert tag: img into an Ant task, data type or property
2003-11-13 12:46:17,218 WARN  org.apache.commons.jelly.tags.ant.AntTag - Could not convert tag: a into an Ant task, data type or property
2003-11-13 12:46:17,218 WARN  org.apache.commons.jelly.tags.ant.AntTag - Could not convert tag: img into an Ant task, data type or property
2003-11-13 12:46:17,218 WARN  org.apache.commons.jelly.tags.ant.AntTag - Could not convert tag: img into an Ant task, data type or property
2003-11-13 12:46:17,250 WARN  org.apache.commons.jelly.tags.ant.AntTag - Could not convert tag: a into an Ant task, data type or property
2003-11-13 12:46:17,250 WARN  org.apache.commons.jelly.tags.ant.AntTag - Could not convert tag: img into an Ant task, data type or property
2003-11-13 12:46:17,250 WARN  org.apache.commons.jelly.tags.ant.AntTag - Could not convert tag: img into an Ant task, data type or property
2003-11-13 12:46:17,250 WARN  org.apache.commons.jelly.tags.ant.AntTag - Could not convert tag: a into an Ant task, data type or property
2003-11-13 12:46:17,250 WARN  org.apache.commons.jelly.tags.ant.AntTag - Could not convert tag: img into an Ant task, data type or property
2003-11-13 12:46:17,250 WARN  org.apache.commons.jelly.tags.ant.AntTag - Could not convert tag: img into an Ant task, data type or property
2003-11-13 12:46:17,250 WARN  org.apache.commons.jelly.tags.ant.AntTag - Could not convert tag: a into an Ant task, data type or property
2003-11-13 12:46:17,250 WARN  org.apache.commons.jelly.tags.ant.AntTag - Could not convert tag: img into an Ant task, data type or property
2003-11-13 12:46:17,250 WARN  org.apache.commons.jelly.tags.ant.AntTag - Could not convert tag: img into an Ant task, data type or property
2003-11-13 12:46:17,250 WARN  org.apache.commons.jelly.tags.ant.AntTag - Could not convert tag: a into an Ant task, data type or property
2003-11-13 12:46:17,250 WARN  org.apache.commons.jelly.tags.ant.AntTag - Could not convert tag: img into an Ant task, data type or property
2003-11-13 12:46:17,250 WARN  org.apache.commons.jelly.tags.ant.AntTag - Could not convert tag: img into an Ant task, data type or property
2003-11-13 12:46:17,312 WARN  org.apache.commons.jelly.tags.ant.AntTag - Could not convert tag: a into an Ant task, data type or property
2003-11-13 12:46:17,312 WARN  org.apache.commons.jelly.tags.ant.AntTag - Could not convert tag: img into an Ant task, data type or property
2003-11-13 12:46:17,312 WARN  org.apache.commons.jelly.tags.ant.AntTag - Could not convert tag: img into an Ant task, data type or property
2003-11-13 12:46:17,328 WARN  org.apache.commons.jelly.tags.ant.AntTag - Could not convert tag: a into an Ant task, data type or property
2003-11-13 12:46:17,328 WARN  org.apache.commons.jelly.tags.ant.AntTag - Could not convert tag: img into an Ant task, data type or property
2003-11-13 12:46:17,328 WARN  org.apache.commons.jelly.tags.ant.AntTag - Could not convert tag: img into an Ant task, data type or property
2003-11-13 12:46:17,328 WARN  org.apache.commons.jelly.tags.ant.AntTag - Could not convert tag: a into an Ant task, data type or property
2003-11-13 12:46:17,328 WARN  org.apache.commons.jelly.tags.ant.AntTag - Could not convert tag: img into an Ant task, data type or property
2003-11-13 12:46:17,328 WARN  org.apache.commons.jelly.tags.ant.AntTag - Could not convert tag: img into an Ant task, data type or property
2003-11-13 12:46:17,328 WARN  org.apache.commons.jelly.tags.ant.AntTag - Could not convert tag: a into an Ant task, data type or property
2003-11-13 12:46:17,328 WARN  org.apache.commons.jelly.tags.ant.AntTag - Could not convert tag: img into an Ant task, data type or property
2003-11-13 12:46:17,328 WARN  org.apache.commons.jelly.tags.ant.AntTag - Could not convert tag: img into an Ant task, data type or property
2003-11-13 12:46:17,421 WARN  org.apache.commons.jelly.tags.ant.AntTag - Could not convert tag: a into an Ant task, data type or property
2003-11-13 12:46:17,421 WARN  org.apache.commons.jelly.tags.ant.AntTag - Could not convert tag: img into an Ant task, data type or property
2003-11-13 12:46:17,421 WARN  org.apache.commons.jelly.tags.ant.AntTag - Could not convert tag: img into an Ant task, data type or property
2003-11-13 12:46:17,421 WARN  org.apache.commons.jelly.tags.ant.AntTag - Could not convert tag: a into an Ant task, data type or property
2003-11-13 12:46:17,421 WARN  org.apache.commons.jelly.tags.ant.AntTag - Could not convert tag: img into an Ant task, data type or property
2003-11-13 12:46:17,421 WARN  org.apache.commons.jelly.tags.ant.AntTag - Could not convert tag: img into an Ant task, data type or property
2003-11-13 12:46:17,421 WARN  org.apache.commons.jelly.tags.ant.AntTag - Could not convert tag: a into an Ant task, data type or property
2003-11-13 12:46:17,421 WARN  org.apache.commons.jelly.tags.ant.AntTag - Could not convert tag: img into an Ant task, data type or property
2003-11-13 12:46:17,421 WARN  org.apache.commons.jelly.tags.ant.AntTag - Could not convert tag: img into an Ant task, data type or property
2003-11-13 12:46:17,421 WARN  org.apache.commons.jelly.tags.ant.AntTag - Could not convert tag: a into an Ant task, data type or property
2003-11-13 12:46:17,421 WARN  org.apache.commons.jelly.tags.ant.AntTag - Could not convert tag: img into an Ant task, data type or property
2003-11-13 12:46:17,421 WARN  org.apache.commons.jelly.tags.ant.AntTag - Could not convert tag: img into an Ant task, data type or property
2003-11-13 12:46:17,500 WARN  org.apache.commons.jelly.tags.ant.AntTag - Could not convert tag: a into an Ant task, data type or property
2003-11-13 12:46:17,500 WARN  org.apache.commons.jelly.tags.ant.AntTag - Could not convert tag: img into an Ant task, data type or property
2003-11-13 12:46:17,500 WARN  org.apache.commons.jelly.tags.ant.AntTag - Could not convert tag: img into an Ant task, data type or property
2003-11-13 12:46:17,500 WARN  org.apache.commons.jelly.tags.ant.AntTag - Could not convert tag: a into an Ant task, data type or property
2003-11-13 12:46:17,500 WARN  org.apache.commons.jelly.tags.ant.AntTag - Could not convert tag: img into an Ant task, data type or property
2003-11-13 12:46:17,500 WARN  org.apache.commons.jelly.tags.ant.AntTag - Could not convert tag: img into an Ant task, data type or property
2003-11-13 12:46:17,500 WARN  org.apache.commons.jelly.tags.ant.AntTag - Could not convert tag: a into an Ant task, data type or property
2003-11-13 12:46:17,500 WARN  org.apache.commons.jelly.tags.ant.AntTag - Could not convert tag: img into an Ant task, data type or property
2003-11-13 12:46:17,500 WARN  org.apache.commons.jelly.tags.ant.AntTag - Could not convert tag: img into an Ant task, data type or property
2003-11-13 12:46:17,500 WARN  org.apache.commons.jelly.tags.ant.AntTag - Could not convert tag: a into an Ant task, data type or property
2003-11-13 12:46:17,500 WARN  org.apache.commons.jelly.tags.ant.AntTag - Could not convert tag: img into an Ant task, data type or property
2003-11-13 12:46:17,500 WARN  org.apache.commons.jelly.tags.ant.AntTag - Could not convert tag: img into an Ant task, data type or property
2003-11-13 12:46:17,562 WARN  org.apache.commons.jelly.tags.ant.AntTag - Could not convert tag: a into an Ant task, data type or property
2003-11-13 12:46:17,562 WARN  org.apache.commons.jelly.tags.ant.AntTag - Could not convert tag: img into an Ant task, data type or property
2003-11-13 12:46:17,562 WARN  org.apache.commons.jelly.tags.ant.AntTag - Could not convert tag: img into an Ant task, data type or property
2003-11-13 12:46:17,562 WARN  org.apache.commons.jelly.tags.ant.AntTag - Could not convert tag: a into an Ant task, data type or property
2003-11-13 12:46:17,562 WARN  org.apache.commons.jelly.tags.ant.AntTag - Could not convert tag: img into an Ant task, data type or property
2003-11-13 12:46:17,562 WARN  org.apache.commons.jelly.tags.ant.AntTag - Could not convert tag: img into an Ant task, data type or property
2003-11-13 12:46:17,562 WARN  org.apache.commons.jelly.tags.ant.AntTag - Could not convert tag: a into an Ant task, data type or property
2003-11-13 12:46:17,562 WARN  org.apache.commons.jelly.tags.ant.AntTag - Could not convert tag: img into an Ant task, data type or property
2003-11-13 12:46:17,562 WARN  org.apache.commons.jelly.tags.ant.AntTag - Could not convert tag: img into an Ant task, data type or property
2003-11-13 12:46:17,578 WARN  org.apache.commons.jelly.tags.ant.AntTag - Could not convert tag: a into an Ant task, data type or property
2003-11-13 12:46:17,578 WARN  org.apache.commons.jelly.tags.ant.AntTag - Could not convert tag: img into an Ant task, data type or property
2003-11-13 12:46:17,578 WARN  org.apache.commons.jelly.tags.ant.AntTag - Could not convert tag: img into an Ant task, data type or property
2003-11-13 12:46:17,609 WARN  org.apache.commons.jelly.tags.ant.AntTag - Could not convert tag: a into an Ant task, data type or property
2003-11-13 12:46:17,609 WARN  org.apache.commons.jelly.tags.ant.AntTag - Could not convert tag: img into an Ant task, data type or property
2003-11-13 12:46:17,609 WARN  org.apache.commons.jelly.tags.ant.AntTag - Could not convert tag: img into an Ant task, data type or property
2003-11-13 12:46:17,609 WARN  org.apache.commons.jelly.tags.ant.AntTag - Could not convert tag: a into an Ant task, data type or property
2003-11-13 12:46:17,609 WARN  org.apache.commons.jelly.tags.ant.AntTag - Could not convert tag: img into an Ant task, data type or property
2003-11-13 12:46:17,609 WARN  org.apache.commons.jelly.tags.ant.AntTag - Could not convert tag: img into an Ant task, data type or property
2003-11-13 12:46:17,609 WARN  org.apache.commons.jelly.tags.ant.AntTag - Could not convert tag: a into an Ant task, data type or property
2003-11-13 12:46:17,609 WARN  org.apache.commons.jelly.tags.ant.AntTag - Could not convert tag: img into an Ant task, data type or property
2003-11-13 12:46:17,609 WARN  org.apache.commons.jelly.tags.ant.AntTag - Could not convert tag: img into an Ant task, data type or property
2003-11-13 12:46:17,625 WARN  org.apache.commons.jelly.tags.ant.AntTag - Could not convert tag: a into an Ant task, data type or property
2003-11-13 12:46:17,625 WARN  org.apache.commons.jelly.tags.ant.AntTag - Could not convert tag: img into an Ant task, data type or property
2003-11-13 12:46:17,625 WARN  org.apache.commons.jelly.tags.ant.AntTag - Could not convert tag: img into an Ant task, data type or property
2003-11-13 12:46:17,687 WARN  org.apache.commons.jelly.tags.ant.AntTag - Could not convert tag: a into an Ant task, data type or property
2003-11-13 12:46:17,687 WARN  org.apache.commons.jelly.tags.ant.AntTag - Could not convert tag: img into an Ant task, data type or property
2003-11-13 12:46:17,687 WARN  org.apache.commons.jelly.tags.ant.AntTag - Could not convert tag: img into an Ant task, data type or property
2003-11-13 12:46:17,687 WARN  org.apache.commons.jelly.tags.ant.AntTag - Could not convert tag: a into an Ant task, data type or property
2003-11-13 12:46:17,687 WARN  org.apache.commons.jelly.tags.ant.AntTag - Could not convert tag: img into an Ant task, data type or property
2003-11-13 12:46:17,687 WARN  org.apache.commons.jelly.tags.ant.AntTag - Could not convert tag: img into an Ant task, data type or property
2003-11-13 12:46:17,687 WARN  org.apache.commons.jelly.tags.ant.AntTag - Could not convert tag: a into an Ant task, data type or property
2003-11-13 12:46:17,687 WARN  org.apache.commons.jelly.tags.ant.AntTag - Could not convert tag: img into an Ant task, data type or property
2003-11-13 12:46:17,687 WARN  org.apache.commons.jelly.tags.ant.AntTag - Could not convert tag: img into an Ant task, data type or property
2003-11-13 12:46:17,703 WARN  org.apache.commons.jelly.tags.ant.AntTag - Could not convert tag: a into an Ant task, data type or property
2003-11-13 12:46:17,703 WARN  org.apache.commons.jelly.tags.ant.AntTag - Could not convert tag: img into an Ant task, data type or property
2003-11-13 12:46:17,703 WARN  org.apache.commons.jelly.tags.ant.AntTag - Could not convert tag: img into an Ant task, data type or property
2003-11-13 12:46:17,750 WARN  org.apache.commons.jelly.tags.ant.AntTag - Could not convert tag: a into an Ant task, data type or property
2003-11-13 12:46:17,750 WARN  org.apache.commons.jelly.tags.ant.AntTag - Could not convert tag: img into an Ant task, data type or property
2003-11-13 12:46:17,750 WARN  org.apache.commons.jelly.tags.ant.AntTag - Could not convert tag: img into an Ant task, data type or property
2003-11-13 12:46:17,750 WARN  org.apache.commons.jelly.tags.ant.AntTag - Could not convert tag: a into an Ant task, data type or property
2003-11-13 12:46:17,750 WARN  org.apache.commons.jelly.tags.ant.AntTag - Could not convert tag: img into an Ant task, data type or property
2003-11-13 12:46:17,750 WARN  org.apache.commons.jelly.tags.ant.AntTag - Could not convert tag: img into an Ant task, data type or property
2003-11-13 12:46:17,750 WARN  org.apache.commons.jelly.tags.ant.AntTag - Could not convert tag: a into an Ant task, data type or property
2003-11-13 12:46:17,750 WARN  org.apache.commons.jelly.tags.ant.AntTag - Could not convert tag: img into an Ant task, data type or property
2003-11-13 12:46:17,750 WARN  org.apache.commons.jelly.tags.ant.AntTag - Could not convert tag: img into an Ant task, data type or property
2003-11-13 12:46:17,750 WARN  org.apache.commons.jelly.tags.ant.AntTag - Could not convert tag: a into an Ant task, data type or property
2003-11-13 12:46:17,750 WARN  org.apache.commons.jelly.tags.ant.AntTag - Could not convert tag: img into an Ant task, data type or property
2003-11-13 12:46:17,750 WARN  org.apache.commons.jelly.tags.ant.AntTag - Could not convert tag: img into an Ant task, data type or property
2003-11-13 12:46:17,796 WARN  org.apache.commons.jelly.tags.ant.AntTag - Could not convert tag: a into an Ant task, data type or property
2003-11-13 12:46:17,796 WARN  org.apache.commons.jelly.tags.ant.AntTag - Could not convert tag: img into an Ant task, data type or property
2003-11-13 12:46:17,796 WARN  org.apache.commons.jelly.tags.ant.AntTag - Could not convert tag: img into an Ant task, data type or property
2003-11-13 12:46:17,796 WARN  org.apache.commons.jelly.tags.ant.AntTag - Could not convert tag: a into an Ant task, data type or property
2003-11-13 12:46:17,796 WARN  org.apache.commons.jelly.tags.ant.AntTag - Could not convert tag: img into an Ant task, data type or property
2003-11-13 12:46:17,796 WARN  org.apache.commons.jelly.tags.ant.AntTag - Could not convert tag: img into an Ant task, data type or property
2003-11-13 12:46:17,796 WARN  org.apache.commons.jelly.tags.ant.AntTag - Could not convert tag: a into an Ant task, data type or property
2003-11-13 12:46:17,796 WARN  org.apache.commons.jelly.tags.ant.AntTag - Could not convert tag: img into an Ant task, data type or property
2003-11-13 12:46:17,796 WARN  org.apache.commons.jelly.tags.ant.AntTag - Could not convert tag: img into an Ant task, data type or property
2003-11-13 12:46:17,796 WARN  org.apache.commons.jelly.tags.ant.AntTag - Could not convert tag: a into an Ant task, data type or property
2003-11-13 12:46:17,796 WARN  org.apache.commons.jelly.tags.ant.AntTag - Could not convert tag: img into an Ant task, data type or property
2003-11-13 12:46:17,796 WARN  org.apache.commons.jelly.tags.ant.AntTag - Could not convert tag: img into an Ant task, data type or property
2003-11-13 12:46:17,875 WARN  org.apache.commons.jelly.tags.ant.AntTag - Could not convert tag: a into an Ant task, data type or property
2003-11-13 12:46:17,875 WARN  org.apache.commons.jelly.tags.ant.AntTag - Could not convert tag: img into an Ant task, data type or property
2003-11-13 12:46:17,875 WARN  org.apache.commons.jelly.tags.ant.AntTag - Could not convert tag: img into an Ant task, data type or property
2003-11-13 12:46:17,875 WARN  org.apache.commons.jelly.tags.ant.AntTag - Could not convert tag: a into an Ant task, data type or property
2003-11-13 12:46:17,875 WARN  org.apache.commons.jelly.tags.ant.AntTag - Could not convert tag: img into an Ant task, data type or property
2003-11-13 12:46:17,875 WARN  org.apache.commons.jelly.tags.ant.AntTag - Could not convert tag: img into an Ant task, data type or property
2003-11-13 12:46:17,875 WARN  org.apache.commons.jelly.tags.ant.AntTag - Could not convert tag: a into an Ant task, data type or property
2003-11-13 12:46:17,875 WARN  org.apache.commons.jelly.tags.ant.AntTag - Could not convert tag: img into an Ant task, data type or property
2003-11-13 12:46:17,875 WARN  org.apache.commons.jelly.tags.ant.AntTag - Could not convert tag: img into an Ant task, data type or property
2003-11-13 12:46:17,875 WARN  org.apache.commons.jelly.tags.ant.AntTag - Could not convert tag: a into an Ant task, data type or property
2003-11-13 12:46:17,875 WARN  org.apache.commons.jelly.tags.ant.AntTag - Could not convert tag: img into an Ant task, data type or property
2003-11-13 12:46:17,875 WARN  org.apache.commons.jelly.tags.ant.AntTag - Could not convert tag: img into an Ant task, data type or property
2003-11-13 12:46:17,906 WARN  org.apache.commons.jelly.tags.ant.AntTag - Could not convert tag: a into an Ant task, data type or property
2003-11-13 12:46:17,906 WARN  org.apache.commons.jelly.tags.ant.AntTag - Could not convert tag: img into an Ant task, data type or property
2003-11-13 12:46:17,906 WARN  org.apache.commons.jelly.tags.ant.AntTag - Could not convert tag: img into an Ant task, data type or property
2003-11-13 12:46:17,906 WARN  org.apache.commons.jelly.tags.ant.AntTag - Could not convert tag: a into an Ant task, data type or property
2003-11-13 12:46:17,921 WARN  org.apache.commons.jelly.tags.ant.AntTag - Could not convert tag: img into an Ant task, data type or property
2003-11-13 12:46:17,921 WARN  org.apache.commons.jelly.tags.ant.AntTag - Could not convert tag: img into an Ant task, data type or property
2003-11-13 12:46:17,921 WARN  org.apache.commons.jelly.tags.ant.AntTag - Could not convert tag: a into an Ant task, data type or property
2003-11-13 12:46:17,921 WARN  org.apache.commons.jelly.tags.ant.AntTag - Could not convert tag: img into an Ant task, data type or property
2003-11-13 12:46:17,921 WARN  org.apache.commons.jelly.tags.ant.AntTag - Could not convert tag: img into an Ant task, data type or property
2003-11-13 12:46:17,921 WARN  org.apache.commons.jelly.tags.ant.AntTag - Could not convert tag: a into an Ant task, data type or property
2003-11-13 12:46:17,921 WARN  org.apache.commons.jelly.tags.ant.AntTag - Could not convert tag: img into an Ant task, data type or property
2003-11-13 12:46:17,921 WARN  org.apache.commons.jelly.tags.ant.AntTag - Could not convert tag: img into an Ant task, data type or property
2003-11-13 12:46:17,984 WARN  org.apache.commons.jelly.tags.ant.AntTag - Could not convert tag: a into an Ant task, data type or property
2003-11-13 12:46:17,984 WARN  org.apache.commons.jelly.tags.ant.AntTag - Could not convert tag: img into an Ant task, data type or property
2003-11-13 12:46:17,984 WARN  org.apache.commons.jelly.tags.ant.AntTag - Could not convert tag: img into an Ant task, data type or property
2003-11-13 12:46:17,984 WARN  org.apache.commons.jelly.tags.ant.AntTag - Could not convert tag: a into an Ant task, data type or property
2003-11-13 12:46:17,984 WARN  org.apache.commons.jelly.tags.ant.AntTag - Could not convert tag: img into an Ant task, data type or property
2003-11-13 12:46:17,984 WARN  org.apache.commons.jelly.tags.ant.AntTag - Could not convert tag: img into an Ant task, data type or property
2003-11-13 12:46:17,984 WARN  org.apache.commons.jelly.tags.ant.AntTag - Could not convert tag: a into an Ant task, data type or property
2003-11-13 12:46:17,984 WARN  org.apache.commons.jelly.tags.ant.AntTag - Could not convert tag: img into an Ant task, data type or property
2003-11-13 12:46:17,984 WARN  org.apache.commons.jelly.tags.ant.AntTag - Could not convert tag: img into an Ant task, data type or property
2003-11-13 12:46:17,984 WARN  org.apache.commons.jelly.tags.ant.AntTag - Could not convert tag: a into an Ant task, data type or property
2003-11-13 12:46:17,984 WARN  org.apache.commons.jelly.tags.ant.AntTag - Could not convert tag: img into an Ant task, data type or property
2003-11-13 12:46:17,984 WARN  org.apache.commons.jelly.tags.ant.AntTag - Could not convert tag: img into an Ant task, data type or property
2003-11-13 12:46:18,031 WARN  org.apache.commons.jelly.tags.ant.AntTag - Could not convert tag: a into an Ant task, data type or property
2003-11-13 12:46:18,031 WARN  org.apache.commons.jelly.tags.ant.AntTag - Could not convert tag: img into an Ant task, data type or property
2003-11-13 12:46:18,031 WARN  org.apache.commons.jelly.tags.ant.AntTag - Could not convert tag: img into an Ant task, data type or property
2003-11-13 12:46:18,031 WARN  org.apache.commons.jelly.tags.ant.AntTag - Could not convert tag: a into an Ant task, data type or property
2003-11-13 12:46:18,031 WARN  org.apache.commons.jelly.tags.ant.AntTag - Could not convert tag: img into an Ant task, data type or property
2003-11-13 12:46:18,031 WARN  org.apache.commons.jelly.tags.ant.AntTag - Could not convert tag: img into an Ant task, data type or property
2003-11-13 12:46:18,031 WARN  org.apache.commons.jelly.tags.ant.AntTag - Could not convert tag: a into an Ant task, data type or property
2003-11-13 12:46:18,031 WARN  org.apache.commons.jelly.tags.ant.AntTag - Could not convert tag: img into an Ant task, data type or property
2003-11-13 12:46:18,031 WARN  org.apache.commons.jelly.tags.ant.AntTag - Could not convert tag: img into an Ant task, data type or property
2003-11-13 12:46:18,031 WARN  org.apache.commons.jelly.tags.ant.AntTag - Could not convert tag: a into an Ant task, data type or property
2003-11-13 12:46:18,031 WARN  org.apache.commons.jelly.tags.ant.AntTag - Could not convert tag: img into an Ant task, data type or property
2003-11-13 12:46:18,031 WARN  org.apache.commons.jelly.tags.ant.AntTag - Could not convert tag: img into an Ant task, data type or property
2003-11-13 12:46:18,093 WARN  org.apache.commons.jelly.tags.ant.AntTag - Could not convert tag: a into an Ant task, data type or property
2003-11-13 12:46:18,093 WARN  org.apache.commons.jelly.tags.ant.AntTag - Could not convert tag: img into an Ant task, data type or property
2003-11-13 12:46:18,093 WARN  org.apache.commons.jelly.tags.ant.AntTag - Could not convert tag: img into an Ant task, data type or property
2003-11-13 12:46:18,093 WARN  org.apache.commons.jelly.tags.ant.AntTag - Could not convert tag: a into an Ant task, data type or property
2003-11-13 12:46:18,093 WARN  org.apache.commons.jelly.tags.ant.AntTag - Could not convert tag: img into an Ant task, data type or property
2003-11-13 12:46:18,093 WARN  org.apache.commons.jelly.tags.ant.AntTag - Could not convert tag: img into an Ant task, data type or property
2003-11-13 12:46:18,093 WARN  org.apache.commons.jelly.tags.ant.AntTag - Could not convert tag: a into an Ant task, data type or property
2003-11-13 12:46:18,093 WARN  org.apache.commons.jelly.tags.ant.AntTag - Could not convert tag: img into an Ant task, data type or property
2003-11-13 12:46:18,093 WARN  org.apache.commons.jelly.tags.ant.AntTag - Could not convert tag: img into an Ant task, data type or property
2003-11-13 12:46:18,093 WARN  org.apache.commons.jelly.tags.ant.AntTag - Could not convert tag: a into an Ant task, data type or property
2003-11-13 12:46:18,093 WARN  org.apache.commons.jelly.tags.ant.AntTag - Could not convert tag: img into an Ant task, data type or property
2003-11-13 12:46:18,093 WARN  org.apache.commons.jelly.tags.ant.AntTag - Could not convert tag: img into an Ant task, data type or property
2003-11-13 12:46:18,156 WARN  org.apache.commons.jelly.tags.ant.AntTag - Could not convert tag: a into an Ant task, data type or property
2003-11-13 12:46:18,156 WARN  org.apache.commons.jelly.tags.ant.AntTag - Could not convert tag: img into an Ant task, data type or property
2003-11-13 12:46:18,156 WARN  org.apache.commons.jelly.tags.ant.AntTag - Could not convert tag: img into an Ant task, data type or property
2003-11-13 12:46:18,156 WARN  org.apache.commons.jelly.tags.ant.AntTag - Could not convert tag: a into an Ant task, data type or property
2003-11-13 12:46:18,156 WARN  org.apache.commons.jelly.tags.ant.AntTag - Could not convert tag: img into an Ant task, data type or property
2003-11-13 12:46:18,156 WARN  org.apache.commons.jelly.tags.ant.AntTag - Could not convert tag: img into an Ant task, data type or property
2003-11-13 12:46:18,171 WARN  org.apache.commons.jelly.tags.ant.AntTag - Could not convert tag: a into an Ant task, data type or property
2003-11-13 12:46:18,171 WARN  org.apache.commons.jelly.tags.ant.AntTag - Could not convert tag: img into an Ant task, data type or property
2003-11-13 12:46:18,171 WARN  org.apache.commons.jelly.tags.ant.AntTag - Could not convert tag: img into an Ant task, data type or property
2003-11-13 12:46:18,171 WARN  org.apache.commons.jelly.tags.ant.AntTag - Could not convert tag: a into an Ant task, data type or property
2003-11-13 12:46:18,171 WARN  org.apache.commons.jelly.tags.ant.AntTag - Could not convert tag: img into an Ant task, data type or property
2003-11-13 12:46:18,171 WARN  org.apache.commons.jelly.tags.ant.AntTag - Could not convert tag: img into an Ant task, data type or property
2003-11-13 12:46:18,203 WARN  org.apache.commons.jelly.tags.ant.AntTag - Could not convert tag: a into an Ant task, data type or property
2003-11-13 12:46:18,203 WARN  org.apache.commons.jelly.tags.ant.AntTag - Could not convert tag: img into an Ant task, data type or property
2003-11-13 12:46:18,203 WARN  org.apache.commons.jelly.tags.ant.AntTag - Could not convert tag: img into an Ant task, data type or property
2003-11-13 12:46:18,203 WARN  org.apache.commons.jelly.tags.ant.AntTag - Could not convert tag: a into an Ant task, data type or property
2003-11-13 12:46:18,203 WARN  org.apache.commons.jelly.tags.ant.AntTag - Could not convert tag: img into an Ant task, data type or property
2003-11-13 12:46:18,203 WARN  org.apache.commons.jelly.tags.ant.AntTag - Could not convert tag: img into an Ant task, data type or property
2003-11-13 12:46:18,203 WARN  org.apache.commons.jelly.tags.ant.AntTag - Could not convert tag: a into an Ant task, data type or property
2003-11-13 12:46:18,203 WARN  org.apache.commons.jelly.tags.ant.AntTag - Could not convert tag: img into an Ant task, data type or property
2003-11-13 12:46:18,203 WARN  org.apache.commons.jelly.tags.ant.AntTag - Could not convert tag: img into an Ant task, data type or property
2003-11-13 12:46:18,203 WARN  org.apache.commons.jelly.tags.ant.AntTag - Could not convert tag: a into an Ant task, data type or property
2003-11-13 12:46:18,203 WARN  org.apache.commons.jelly.tags.ant.AntTag - Could not convert tag: img into an Ant task, data type or property
2003-11-13 12:46:18,203 WARN  org.apache.commons.jelly.tags.ant.AntTag - Could not convert tag: img into an Ant task, data type or property
2003-11-13 12:46:18,265 WARN  org.apache.commons.jelly.tags.ant.AntTag - Could not convert tag: a into an Ant task, data type or property
2003-11-13 12:46:18,265 WARN  org.apache.commons.jelly.tags.ant.AntTag - Could not convert tag: img into an Ant task, data type or property
2003-11-13 12:46:18,265 WARN  org.apache.commons.jelly.tags.ant.AntTag - Could not convert tag: img into an Ant task, data type or property
2003-11-13 12:46:18,265 WARN  org.apache.commons.jelly.tags.ant.AntTag - Could not convert tag: a into an Ant task, data type or property
2003-11-13 12:46:18,265 WARN  org.apache.commons.jelly.tags.ant.AntTag - Could not convert tag: img into an Ant task, data type or property
2003-11-13 12:46:18,265 WARN  org.apache.commons.jelly.tags.ant.AntTag - Could not convert tag: img into an Ant task, data type or property
2003-11-13 12:46:18,265 WARN  org.apache.commons.jelly.tags.ant.AntTag - Could not convert tag: a into an Ant task, data type or property
2003-11-13 12:46:18,265 WARN  org.apache.commons.jelly.tags.ant.AntTag - Could not convert tag: img into an Ant task, data type or property
2003-11-13 12:46:18,265 WARN  org.apache.commons.jelly.tags.ant.AntTag - Could not convert tag: img into an Ant task, data type or property
2003-11-13 12:46:18,265 WARN  org.apache.commons.jelly.tags.ant.AntTag - Could not convert tag: a into an Ant task, data type or property
2003-11-13 12:46:18,265 WARN  org.apache.commons.jelly.tags.ant.AntTag - Could not convert tag: img into an Ant task, data type or property
2003-11-13 12:46:18,265 WARN  org.apache.commons.jelly.tags.ant.AntTag - Could not convert tag: img into an Ant task, data type or property
2003-11-13 12:46:18,296 WARN  org.apache.commons.jelly.tags.ant.AntTag - Could not convert tag: a into an Ant task, data type or property
2003-11-13 12:46:18,296 WARN  org.apache.commons.jelly.tags.ant.AntTag - Could not convert tag: img into an Ant task, data type or property
2003-11-13 12:46:18,296 WARN  org.apache.commons.jelly.tags.ant.AntTag - Could not convert tag: img into an Ant task, data type or property
2003-11-13 12:46:18,296 WARN  org.apache.commons.jelly.tags.ant.AntTag - Could not convert tag: a into an Ant task, data type or property
2003-11-13 12:46:18,296 WARN  org.apache.commons.jelly.tags.ant.AntTag - Could not convert tag: img into an Ant task, data type or property
2003-11-13 12:46:18,312 WARN  org.apache.commons.jelly.tags.ant.AntTag - Could not convert tag: img into an Ant task, data type or property
2003-11-13 12:46:18,312 WARN  org.apache.commons.jelly.tags.ant.AntTag - Could not convert tag: a into an Ant task, data type or property
2003-11-13 12:46:18,312 WARN  org.apache.commons.jelly.tags.ant.AntTag - Could not convert tag: img into an Ant task, data type or property
2003-11-13 12:46:18,312 WARN  org.apache.commons.jelly.tags.ant.AntTag - Could not convert tag: img into an Ant task, data type or property
2003-11-13 12:46:18,312 WARN  org.apache.commons.jelly.tags.ant.AntTag - Could not convert tag: a into an Ant task, data type or property
2003-11-13 12:46:18,312 WARN  org.apache.commons.jelly.tags.ant.AntTag - Could not convert tag: img into an Ant task, data type or property
2003-11-13 12:46:18,312 WARN  org.apache.commons.jelly.tags.ant.AntTag - Could not convert tag: img into an Ant task, data type or property
2003-11-13 12:46:18,343 WARN  org.apache.commons.jelly.tags.ant.AntTag - Could not convert tag: a into an Ant task, data type or property
2003-11-13 12:46:18,343 WARN  org.apache.commons.jelly.tags.ant.AntTag - Could not convert tag: img into an Ant task, data type or property
2003-11-13 12:46:18,343 WARN  org.apache.commons.jelly.tags.ant.AntTag - Could not convert tag: img into an Ant task, data type or property
2003-11-13 12:46:18,343 WARN  org.apache.commons.jelly.tags.ant.AntTag - Could not convert tag: a into an Ant task, data type or property
2003-11-13 12:46:18,343 WARN  org.apache.commons.jelly.tags.ant.AntTag - Could not convert tag: img into an Ant task, data type or property
2003-11-13 12:46:18,343 WARN  org.apache.commons.jelly.tags.ant.AntTag - Could not convert tag: img into an Ant task, data type or property
2003-11-13 12:46:18,343 WARN  org.apache.commons.jelly.tags.ant.AntTag - Could not convert tag: a into an Ant task, data type or property
2003-11-13 12:46:18,343 WARN  org.apache.commons.jelly.tags.ant.AntTag - Could not convert tag: img into an Ant task, data type or property
2003-11-13 12:46:18,343 WARN  org.apache.commons.jelly.tags.ant.AntTag - Could not convert tag: img into an Ant task, data type or property
2003-11-13 12:46:18,343 WARN  org.apache.commons.jelly.tags.ant.AntTag - Could not convert tag: a into an Ant task, data type or property
2003-11-13 12:46:18,343 WARN  org.apache.commons.jelly.tags.ant.AntTag - Could not convert tag: img into an Ant task, data type or property
2003-11-13 12:46:18,343 WARN  org.apache.commons.jelly.tags.ant.AntTag - Could not convert tag: img into an Ant task, data type or property
2003-11-13 12:46:18,406 WARN  org.apache.commons.jelly.tags.ant.AntTag - Could not convert tag: a into an Ant task, data type or property
2003-11-13 12:46:18,406 WARN  org.apache.commons.jelly.tags.ant.AntTag - Could not convert tag: img into an Ant task, data type or property
2003-11-13 12:46:18,406 WARN  org.apache.commons.jelly.tags.ant.AntTag - Could not convert tag: img into an Ant task, data type or property
2003-11-13 12:46:18,406 WARN  org.apache.commons.jelly.tags.ant.AntTag - Could not convert tag: a into an Ant task, data type or property
2003-11-13 12:46:18,406 WARN  org.apache.commons.jelly.tags.ant.AntTag - Could not convert tag: img into an Ant task, data type or property
2003-11-13 12:46:18,406 WARN  org.apache.commons.jelly.tags.ant.AntTag - Could not convert tag: img into an Ant task, data type or property
2003-11-13 12:46:18,406 WARN  org.apache.commons.jelly.tags.ant.AntTag - Could not convert tag: a into an Ant task, data type or property
2003-11-13 12:46:18,406 WARN  org.apache.commons.jelly.tags.ant.AntTag - Could not convert tag: img into an Ant task, data type or property
2003-11-13 12:46:18,406 WARN  org.apache.commons.jelly.tags.ant.AntTag - Could not convert tag: img into an Ant task, data type or property
2003-11-13 12:46:18,406 WARN  org.apache.commons.jelly.tags.ant.AntTag - Could not convert tag: a into an Ant task, data type or property
2003-11-13 12:46:18,406 WARN  org.apache.commons.jelly.tags.ant.AntTag - Could not convert tag: img into an Ant task, data type or property
2003-11-13 12:46:18,406 WARN  org.apache.commons.jelly.tags.ant.AntTag - Could not convert tag: img into an Ant task, data type or property
2003-11-13 12:46:18,453 WARN  org.apache.commons.jelly.tags.ant.AntTag - Could not convert tag: a into an Ant task, data type or property
2003-11-13 12:46:18,453 WARN  org.apache.commons.jelly.tags.ant.AntTag - Could not convert tag: img into an Ant task, data type or property
2003-11-13 12:46:18,453 WARN  org.apache.commons.jelly.tags.ant.AntTag - Could not convert tag: img into an Ant task, data type or property
2003-11-13 12:46:18,453 WARN  org.apache.commons.jelly.tags.ant.AntTag - Could not convert tag: a into an Ant task, data type or property
2003-11-13 12:46:18,453 WARN  org.apache.commons.jelly.tags.ant.AntTag - Could not convert tag: img into an Ant task, data type or property
2003-11-13 12:46:18,453 WARN  org.apache.commons.jelly.tags.ant.AntTag - Could not convert tag: img into an Ant task, data type or property
2003-11-13 12:46:18,453 WARN  org.apache.commons.jelly.tags.ant.AntTag - Could not convert tag: a into an Ant task, data type or property
2003-11-13 12:46:18,453 WARN  org.apache.commons.jelly.tags.ant.AntTag - Could not convert tag: img into an Ant task, data type or property
2003-11-13 12:46:18,453 WARN  org.apache.commons.jelly.tags.ant.AntTag - Could not convert tag: img into an Ant task, data type or property
2003-11-13 12:46:18,453 WARN  org.apache.commons.jelly.tags.ant.AntTag - Could not convert tag: a into an Ant task, data type or property
2003-11-13 12:46:18,453 WARN  org.apache.commons.jelly.tags.ant.AntTag - Could not convert tag: img into an Ant task, data type or property
2003-11-13 12:46:18,453 WARN  org.apache.commons.jelly.tags.ant.AntTag - Could not convert tag: img into an Ant task, data type or property
2003-11-13 12:46:18,500 WARN  org.apache.commons.jelly.tags.ant.AntTag - Could not convert tag: a into an Ant task, data type or property
2003-11-13 12:46:18,500 WARN  org.apache.commons.jelly.tags.ant.AntTag - Could not convert tag: img into an Ant task, data type or property
2003-11-13 12:46:18,500 WARN  org.apache.commons.jelly.tags.ant.AntTag - Could not convert tag: img into an Ant task, data type or property
2003-11-13 12:46:18,515 WARN  org.apache.commons.jelly.tags.ant.AntTag - Could not convert tag: a into an Ant task, data type or property
2003-11-13 12:46:18,515 WARN  org.apache.commons.jelly.tags.ant.AntTag - Could not convert tag: img into an Ant task, data type or property
2003-11-13 12:46:18,531 WARN  org.apache.commons.jelly.tags.ant.AntTag - Could not convert tag: img into an Ant task, data type or property
2003-11-13 12:46:18,531 WARN  org.apache.commons.jelly.tags.ant.AntTag - Could not convert tag: a into an Ant task, data type or property
2003-11-13 12:46:18,531 WARN  org.apache.commons.jelly.tags.ant.AntTag - Could not convert tag: img into an Ant task, data type or property
2003-11-13 12:46:18,531 WARN  org.apache.commons.jelly.tags.ant.AntTag - Could not convert tag: img into an Ant task, data type or property
2003-11-13 12:46:18,531 WARN  org.apache.commons.jelly.tags.ant.AntTag - Could not convert tag: a into an Ant task, data type or property
2003-11-13 12:46:18,531 WARN  org.apache.commons.jelly.tags.ant.AntTag - Could not convert tag: img into an Ant task, data type or property
2003-11-13 12:46:18,531 WARN  org.apache.commons.jelly.tags.ant.AntTag - Could not convert tag: img into an Ant task, data type or property
2003-11-13 12:46:18,609 WARN  org.apache.commons.jelly.tags.ant.AntTag - Could not convert tag: a into an Ant task, data type or property
2003-11-13 12:46:18,609 WARN  org.apache.commons.jelly.tags.ant.AntTag - Could not convert tag: img into an Ant task, data type or property
2003-11-13 12:46:18,609 WARN  org.apache.commons.jelly.tags.ant.AntTag - Could not convert tag: img into an Ant task, data type or property
2003-11-13 12:46:18,609 WARN  org.apache.commons.jelly.tags.ant.AntTag - Could not convert tag: a into an Ant task, data type or property
2003-11-13 12:46:18,609 WARN  org.apache.commons.jelly.tags.ant.AntTag - Could not convert tag: img into an Ant task, data type or property
2003-11-13 12:46:18,609 WARN  org.apache.commons.jelly.tags.ant.AntTag - Could not convert tag: img into an Ant task, data type or property
2003-11-13 12:46:18,609 WARN  org.apache.commons.jelly.tags.ant.AntTag - Could not convert tag: a into an Ant task, data type or property
2003-11-13 12:46:18,609 WARN  org.apache.commons.jelly.tags.ant.AntTag - Could not convert tag: img into an Ant task, data type or property
2003-11-13 12:46:18,609 WARN  org.apache.commons.jelly.tags.ant.AntTag - Could not convert tag: img into an Ant task, data type or property
2003-11-13 12:46:18,609 WARN  org.apache.commons.jelly.tags.ant.AntTag - Could not convert tag: a into an Ant task, data type or property
2003-11-13 12:46:18,609 WARN  org.apache.commons.jelly.tags.ant.AntTag - Could not convert tag: img into an Ant task, data type or property
2003-11-13 12:46:18,609 WARN  org.apache.commons.jelly.tags.ant.AntTag - Could not convert tag: img into an Ant task, data type or property
2003-11-13 12:46:18,671 WARN  org.apache.commons.jelly.tags.ant.AntTag - Could not convert tag: a into an Ant task, data type or property
2003-11-13 12:46:18,671 WARN  org.apache.commons.jelly.tags.ant.AntTag - Could not convert tag: img into an Ant task, data type or property
2003-11-13 12:46:18,671 WARN  org.apache.commons.jelly.tags.ant.AntTag - Could not convert tag: img into an Ant task, data type or property
2003-11-13 12:46:18,671 WARN  org.apache.commons.jelly.tags.ant.AntTag - Could not convert tag: a into an Ant task, data type or property
2003-11-13 12:46:18,671 WARN  org.apache.commons.jelly.tags.ant.AntTag - Could not convert tag: img into an Ant task, data type or property
2003-11-13 12:46:18,671 WARN  org.apache.commons.jelly.tags.ant.AntTag - Could not convert tag: img into an Ant task, data type or property
2003-11-13 12:46:18,671 WARN  org.apache.commons.jelly.tags.ant.AntTag - Could not convert tag: a into an Ant task, data type or property
2003-11-13 12:46:18,671 WARN  org.apache.commons.jelly.tags.ant.AntTag - Could not convert tag: img into an Ant task, data type or property
2003-11-13 12:46:18,671 WARN  org.apache.commons.jelly.tags.ant.AntTag - Could not convert tag: img into an Ant task, data type or property
2003-11-13 12:46:18,671 WARN  org.apache.commons.jelly.tags.ant.AntTag - Could not convert tag: a into an Ant task, data type or property
2003-11-13 12:46:18,671 WARN  org.apache.commons.jelly.tags.ant.AntTag - Could not convert tag: img into an Ant task, data type or property
2003-11-13 12:46:18,671 WARN  org.apache.commons.jelly.tags.ant.AntTag - Could not convert tag: img into an Ant task, data type or property
2003-11-13 12:46:18,718 WARN  org.apache.commons.jelly.tags.ant.AntTag - Could not convert tag: a into an Ant task, data type or property
2003-11-13 12:46:18,718 WARN  org.apache.commons.jelly.tags.ant.AntTag - Could not convert tag: img into an Ant task, data type or property
2003-11-13 12:46:18,718 WARN  org.apache.commons.jelly.tags.ant.AntTag - Could not convert tag: img into an Ant task, data type or property
2003-11-13 12:46:18,718 WARN  org.apache.commons.jelly.tags.ant.AntTag - Could not convert tag: a into an Ant task, data type or property
2003-11-13 12:46:18,718 WARN  org.apache.commons.jelly.tags.ant.AntTag - Could not convert tag: img into an Ant task, data type or property
2003-11-13 12:46:18,718 WARN  org.apache.commons.jelly.tags.ant.AntTag - Could not convert tag: img into an Ant task, data type or property
2003-11-13 12:46:18,718 WARN  org.apache.commons.jelly.tags.ant.AntTag - Could not convert tag: a into an Ant task, data type or property
2003-11-13 12:46:18,718 WARN  org.apache.commons.jelly.tags.ant.AntTag - Could not convert tag: img into an Ant task, data type or property
2003-11-13 12:46:18,718 WARN  org.apache.commons.jelly.tags.ant.AntTag - Could not convert tag: img into an Ant task, data type or property
2003-11-13 12:46:18,718 WARN  org.apache.commons.jelly.tags.ant.AntTag - Could not convert tag: a into an Ant task, data type or property
2003-11-13 12:46:18,718 WARN  org.apache.commons.jelly.tags.ant.AntTag - Could not convert tag: img into an Ant task, data type or property
2003-11-13 12:46:18,718 WARN  org.apache.commons.jelly.tags.ant.AntTag - Could not convert tag: img into an Ant task, data type or property
2003-11-13 12:46:18,765 WARN  org.apache.commons.jelly.tags.ant.AntTag - Could not convert tag: a into an Ant task, data type or property
2003-11-13 12:46:18,765 WARN  org.apache.commons.jelly.tags.ant.AntTag - Could not convert tag: img into an Ant task, data type or property
2003-11-13 12:46:18,765 WARN  org.apache.commons.jelly.tags.ant.AntTag - Could not convert tag: img into an Ant task, data type or property
2003-11-13 12:46:18,765 WARN  org.apache.commons.jelly.tags.ant.AntTag - Could not convert tag: a into an Ant task, data type or property
2003-11-13 12:46:18,765 WARN  org.apache.commons.jelly.tags.ant.AntTag - Could not convert tag: img into an Ant task, data type or property
2003-11-13 12:46:18,765 WARN  org.apache.commons.jelly.tags.ant.AntTag - Could not convert tag: img into an Ant task, data type or property
2003-11-13 12:46:18,765 WARN  org.apache.commons.jelly.tags.ant.AntTag - Could not convert tag: a into an Ant task, data type or property
2003-11-13 12:46:18,765 WARN  org.apache.commons.jelly.tags.ant.AntTag - Could not convert tag: img into an Ant task, data type or property
2003-11-13 12:46:18,765 WARN  org.apache.commons.jelly.tags.ant.AntTag - Could not convert tag: img into an Ant task, data type or property
2003-11-13 12:46:18,765 WARN  org.apache.commons.jelly.tags.ant.AntTag - Could not convert tag: a into an Ant task, data type or property
2003-11-13 12:46:18,765 WARN  org.apache.commons.jelly.tags.ant.AntTag - Could not convert tag: img into an Ant task, data type or property
2003-11-13 12:46:18,765 WARN  org.apache.commons.jelly.tags.ant.AntTag - Could not convert tag: img into an Ant task, data type or property
2003-11-13 12:46:18,812 WARN  org.apache.commons.jelly.tags.ant.AntTag - Could not convert tag: a into an Ant task, data type or property
2003-11-13 12:46:18,812 WARN  org.apache.commons.jelly.tags.ant.AntTag - Could not convert tag: img into an Ant task, data type or property
2003-11-13 12:46:18,812 WARN  org.apache.commons.jelly.tags.ant.AntTag - Could not convert tag: img into an Ant task, data type or property
2003-11-13 12:46:18,812 WARN  org.apache.commons.jelly.tags.ant.AntTag - Could not convert tag: a into an Ant task, data type or property
2003-11-13 12:46:18,812 WARN  org.apache.commons.jelly.tags.ant.AntTag - Could not convert tag: img into an Ant task, data type or property
2003-11-13 12:46:18,812 WARN  org.apache.commons.jelly.tags.ant.AntTag - Could not convert tag: img into an Ant task, data type or property
2003-11-13 12:46:18,812 WARN  org.apache.commons.jelly.tags.ant.AntTag - Could not convert tag: a into an Ant task, data type or property
2003-11-13 12:46:18,812 WARN  org.apache.commons.jelly.tags.ant.AntTag - Could not convert tag: img into an Ant task, data type or property
2003-11-13 12:46:18,812 WARN  org.apache.commons.jelly.tags.ant.AntTag - Could not convert tag: img into an Ant task, data type or property
2003-11-13 12:46:18,812 WARN  org.apache.commons.jelly.tags.ant.AntTag - Could not convert tag: a into an Ant task, data type or property
2003-11-13 12:46:18,812 WARN  org.apache.commons.jelly.tags.ant.AntTag - Could not convert tag: img into an Ant task, data type or property
2003-11-13 12:46:18,812 WARN  org.apache.commons.jelly.tags.ant.AntTag - Could not convert tag: img into an Ant task, data type or property
2003-11-13 12:46:18,859 WARN  org.apache.commons.jelly.tags.ant.AntTag - Could not convert tag: a into an Ant task, data type or property
2003-11-13 12:46:18,859 WARN  org.apache.commons.jelly.tags.ant.AntTag - Could not convert tag: img into an Ant task, data type or property
2003-11-13 12:46:18,859 WARN  org.apache.commons.jelly.tags.ant.AntTag - Could not convert tag: img into an Ant task, data type or property
2003-11-13 12:46:18,875 WARN  org.apache.commons.jelly.tags.ant.AntTag - Could not convert tag: a into an Ant task, data type or property
2003-11-13 12:46:18,875 WARN  org.apache.commons.jelly.tags.ant.AntTag - Could not convert tag: img into an Ant task, data type or property
2003-11-13 12:46:18,875 WARN  org.apache.commons.jelly.tags.ant.AntTag - Could not convert tag: img into an Ant task, data type or property
2003-11-13 12:46:18,875 WARN  org.apache.commons.jelly.tags.ant.AntTag - Could not convert tag: a into an Ant task, data type or property
2003-11-13 12:46:18,875 WARN  org.apache.commons.jelly.tags.ant.AntTag - Could not convert tag: img into an Ant task, data type or property
2003-11-13 12:46:18,875 WARN  org.apache.commons.jelly.tags.ant.AntTag - Could not convert tag: img into an Ant task, data type or property
2003-11-13 12:46:18,875 WARN  org.apache.commons.jelly.tags.ant.AntTag - Could not convert tag: a into an Ant task, data type or property
2003-11-13 12:46:18,875 WARN  org.apache.commons.jelly.tags.ant.AntTag - Could not convert tag: img into an Ant task, data type or property
2003-11-13 12:46:18,875 WARN  org.apache.commons.jelly.tags.ant.AntTag - Could not convert tag: img into an Ant task, data type or property
2003-11-13 12:46:18,921 WARN  org.apache.commons.jelly.tags.ant.AntTag - Could not convert tag: a into an Ant task, data type or property
2003-11-13 12:46:18,921 WARN  org.apache.commons.jelly.tags.ant.AntTag - Could not convert tag: img into an Ant task, data type or property
2003-11-13 12:46:18,921 WARN  org.apache.commons.jelly.tags.ant.AntTag - Could not convert tag: img into an Ant task, data type or property
2003-11-13 12:46:18,921 WARN  org.apache.commons.jelly.tags.ant.AntTag - Could not convert tag: a into an Ant task, data type or property
2003-11-13 12:46:18,921 WARN  org.apache.commons.jelly.tags.ant.AntTag - Could not convert tag: img into an Ant task, data type or property
2003-11-13 12:46:18,921 WARN  org.apache.commons.jelly.tags.ant.AntTag - Could not convert tag: img into an Ant task, data type or property
2003-11-13 12:46:18,937 WARN  org.apache.commons.jelly.tags.ant.AntTag - Could not convert tag: a into an Ant task, data type or property
2003-11-13 12:46:18,937 WARN  org.apache.commons.jelly.tags.ant.AntTag - Could not convert tag: img into an Ant task, data type or property
2003-11-13 12:46:18,937 WARN  org.apache.commons.jelly.tags.ant.AntTag - Could not convert tag: img into an Ant task, data type or property
2003-11-13 12:46:18,937 WARN  org.apache.commons.jelly.tags.ant.AntTag - Could not convert tag: a into an Ant task, data type or property
2003-11-13 12:46:18,937 WARN  org.apache.commons.jelly.tags.ant.AntTag - Could not convert tag: img into an Ant task, data type or property
2003-11-13 12:46:18,937 WARN  org.apache.commons.jelly.tags.ant.AntTag - Could not convert tag: img into an Ant task, data type or property
2003-11-13 12:46:18,984 WARN  org.apache.commons.jelly.tags.ant.AntTag - Could not convert tag: a into an Ant task, data type or property
2003-11-13 12:46:18,984 WARN  org.apache.commons.jelly.tags.ant.AntTag - Could not convert tag: img into an Ant task, data type or property
2003-11-13 12:46:18,984 WARN  org.apache.commons.jelly.tags.ant.AntTag - Could not convert tag: img into an Ant task, data type or property
2003-11-13 12:46:18,984 WARN  org.apache.commons.jelly.tags.ant.AntTag - Could not convert tag: a into an Ant task, data type or property
2003-11-13 12:46:18,984 WARN  org.apache.commons.jelly.tags.ant.AntTag - Could not convert tag: img into an Ant task, data type or property
2003-11-13 12:46:18,984 WARN  org.apache.commons.jelly.tags.ant.AntTag - Could not convert tag: img into an Ant task, data type or property
2003-11-13 12:46:18,984 WARN  org.apache.commons.jelly.tags.ant.AntTag - Could not convert tag: a into an Ant task, data type or property
2003-11-13 12:46:18,984 WARN  org.apache.commons.jelly.tags.ant.AntTag - Could not convert tag: img into an Ant task, data type or property
2003-11-13 12:46:18,984 WARN  org.apache.commons.jelly.tags.ant.AntTag - Could not convert tag: img into an Ant task, data type or property
2003-11-13 12:46:18,984 WARN  org.apache.commons.jelly.tags.ant.AntTag - Could not convert tag: a into an Ant task, data type or property
2003-11-13 12:46:18,984 WARN  org.apache.commons.jelly.tags.ant.AntTag - Could not convert tag: img into an Ant task, data type or property
2003-11-13 12:46:18,984 WARN  org.apache.commons.jelly.tags.ant.AntTag - Could not convert tag: img into an Ant task, data type or property
2003-11-13 12:46:19,046 WARN  org.apache.commons.jelly.tags.ant.AntTag - Could not convert tag: a into an Ant task, data type or property
2003-11-13 12:46:19,046 WARN  org.apache.commons.jelly.tags.ant.AntTag - Could not convert tag: img into an Ant task, data type or property
2003-11-13 12:46:19,046 WARN  org.apache.commons.jelly.tags.ant.AntTag - Could not convert tag: img into an Ant task, data type or property
2003-11-13 12:46:19,046 WARN  org.apache.commons.jelly.tags.ant.AntTag - Could not convert tag: a into an Ant task, data type or property
2003-11-13 12:46:19,046 WARN  org.apache.commons.jelly.tags.ant.AntTag - Could not convert tag: img into an Ant task, data type or property
2003-11-13 12:46:19,046 WARN  org.apache.commons.jelly.tags.ant.AntTag - Could not convert tag: img into an Ant task, data type or property
2003-11-13 12:46:19,046 WARN  org.apache.commons.jelly.tags.ant.AntTag - Could not convert tag: a into an Ant task, data type or property
2003-11-13 12:46:19,046 WARN  org.apache.commons.jelly.tags.ant.AntTag - Could not convert tag: img into an Ant task, data type or property
2003-11-13 12:46:19,046 WARN  org.apache.commons.jelly.tags.ant.AntTag - Could not convert tag: img into an Ant task, data type or property
2003-11-13 12:46:19,046 WARN  org.apache.commons.jelly.tags.ant.AntTag - Could not convert tag: a into an Ant task, data type or property
2003-11-13 12:46:19,046 WARN  org.apache.commons.jelly.tags.ant.AntTag - Could not convert tag: img into an Ant task, data type or property
2003-11-13 12:46:19,046 WARN  org.apache.commons.jelly.tags.ant.AntTag - Could not convert tag: img into an Ant task, data type or property
2003-11-13 12:46:19,093 WARN  org.apache.commons.jelly.tags.ant.AntTag - Could not convert tag: a into an Ant task, data type or property
2003-11-13 12:46:19,093 WARN  org.apache.commons.jelly.tags.ant.AntTag - Could not convert tag: img into an Ant task, data type or property
2003-11-13 12:46:19,093 WARN  org.apache.commons.jelly.tags.ant.AntTag - Could not convert tag: img into an Ant task, data type or property
2003-11-13 12:46:19,093 WARN  org.apache.commons.jelly.tags.ant.AntTag - Could not convert tag: a into an Ant task, data type or property
2003-11-13 12:46:19,093 WARN  org.apache.commons.jelly.tags.ant.AntTag - Could not convert tag: img into an Ant task, data type or property
2003-11-13 12:46:19,093 WARN  org.apache.commons.jelly.tags.ant.AntTag - Could not convert tag: img into an Ant task, data type or property
2003-11-13 12:46:19,093 WARN  org.apache.commons.jelly.tags.ant.AntTag - Could not convert tag: a into an Ant task, data type or property
2003-11-13 12:46:19,093 WARN  org.apache.commons.jelly.tags.ant.AntTag - Could not convert tag: img into an Ant task, data type or property
2003-11-13 12:46:19,093 WARN  org.apache.commons.jelly.tags.ant.AntTag - Could not convert tag: img into an Ant task, data type or property
2003-11-13 12:46:19,093 WARN  org.apache.commons.jelly.tags.ant.AntTag - Could not convert tag: a into an Ant task, data type or property
2003-11-13 12:46:19,093 WARN  org.apache.commons.jelly.tags.ant.AntTag - Could not convert tag: img into an Ant task, data type or property
2003-11-13 12:46:19,093 WARN  org.apache.commons.jelly.tags.ant.AntTag - Could not convert tag: img into an Ant task, data type or property
2003-11-13 12:46:19,140 WARN  org.apache.commons.jelly.tags.ant.AntTag - Could not convert tag: a into an Ant task, data type or property
2003-11-13 12:46:19,140 WARN  org.apache.commons.jelly.tags.ant.AntTag - Could not convert tag: img into an Ant task, data type or property
2003-11-13 12:46:19,140 WARN  org.apache.commons.jelly.tags.ant.AntTag - Could not convert tag: img into an Ant task, data type or property
2003-11-13 12:46:19,140 WARN  org.apache.commons.jelly.tags.ant.AntTag - Could not convert tag: a into an Ant task, data type or property
2003-11-13 12:46:19,140 WARN  org.apache.commons.jelly.tags.ant.AntTag - Could not convert tag: img into an Ant task, data type or property
2003-11-13 12:46:19,140 WARN  org.apache.commons.jelly.tags.ant.AntTag - Could not convert tag: img into an Ant task, data type or property
2003-11-13 12:46:19,140 WARN  org.apache.commons.jelly.tags.ant.AntTag - Could not convert tag: a into an Ant task, data type or property
2003-11-13 12:46:19,140 WARN  org.apache.commons.jelly.tags.ant.AntTag - Could not convert tag: img into an Ant task, data type or property
2003-11-13 12:46:19,140 WARN  org.apache.commons.jelly.tags.ant.AntTag - Could not convert tag: img into an Ant task, data type or property
2003-11-13 12:46:19,140 WARN  org.apache.commons.jelly.tags.ant.AntTag - Could not convert tag: a into an Ant task, data type or property
2003-11-13 12:46:19,140 WARN  org.apache.commons.jelly.tags.ant.AntTag - Could not convert tag: img into an Ant task, data type or property
2003-11-13 12:46:19,140 WARN  org.apache.commons.jelly.tags.ant.AntTag - Could not convert tag: img into an Ant task, data type or property
2003-11-13 12:46:19,203 WARN  org.apache.commons.jelly.tags.ant.AntTag - Could not convert tag: a into an Ant task, data type or property
2003-11-13 12:46:19,203 WARN  org.apache.commons.jelly.tags.ant.AntTag - Could not convert tag: img into an Ant task, data type or property
2003-11-13 12:46:19,203 WARN  org.apache.commons.jelly.tags.ant.AntTag - Could not convert tag: img into an Ant task, data type or property
2003-11-13 12:46:19,203 WARN  org.apache.commons.jelly.tags.ant.AntTag - Could not convert tag: a into an Ant task, data type or property
2003-11-13 12:46:19,203 WARN  org.apache.commons.jelly.tags.ant.AntTag - Could not convert tag: img into an Ant task, data type or property
2003-11-13 12:46:19,203 WARN  org.apache.commons.jelly.tags.ant.AntTag - Could not convert tag: img into an Ant task, data type or property
2003-11-13 12:46:19,203 WARN  org.apache.commons.jelly.tags.ant.AntTag - Could not convert tag: a into an Ant task, data type or property
2003-11-13 12:46:19,203 WARN  org.apache.commons.jelly.tags.ant.AntTag - Could not convert tag: img into an Ant task, data type or property
2003-11-13 12:46:19,203 WARN  org.apache.commons.jelly.tags.ant.AntTag - Could not convert tag: img into an Ant task, data type or property
2003-11-13 12:46:19,203 WARN  org.apache.commons.jelly.tags.ant.AntTag - Could not convert tag: a into an Ant task, data type or property
2003-11-13 12:46:19,203 WARN  org.apache.commons.jelly.tags.ant.AntTag - Could not convert tag: img into an Ant task, data type or property
2003-11-13 12:46:19,203 WARN  org.apache.commons.jelly.tags.ant.AntTag - Could not convert tag: img into an Ant task, data type or property
2003-11-13 12:46:19,250 WARN  org.apache.commons.jelly.tags.ant.AntTag - Could not convert tag: a into an Ant task, data type or property
2003-11-13 12:46:19,250 WARN  org.apache.commons.jelly.tags.ant.AntTag - Could not convert tag: img into an Ant task, data type or property
2003-11-13 12:46:19,250 WARN  org.apache.commons.jelly.tags.ant.AntTag - Could not convert tag: img into an Ant task, data type or property
2003-11-13 12:46:19,250 WARN  org.apache.commons.jelly.tags.ant.AntTag - Could not convert tag: a into an Ant task, data type or property
2003-11-13 12:46:19,250 WARN  org.apache.commons.jelly.tags.ant.AntTag - Could not convert tag: img into an Ant task, data type or property
2003-11-13 12:46:19,250 WARN  org.apache.commons.jelly.tags.ant.AntTag - Could not convert tag: img into an Ant task, data type or property
2003-11-13 12:46:19,250 WARN  org.apache.commons.jelly.tags.ant.AntTag - Could not convert tag: a into an Ant task, data type or property
2003-11-13 12:46:19,250 WARN  org.apache.commons.jelly.tags.ant.AntTag - Could not convert tag: img into an Ant task, data type or property
2003-11-13 12:46:19,250 WARN  org.apache.commons.jelly.tags.ant.AntTag - Could not convert tag: img into an Ant task, data type or property
2003-11-13 12:46:19,265 WARN  org.apache.commons.jelly.tags.ant.AntTag - Could not convert tag: a into an Ant task, data type or property
2003-11-13 12:46:19,265 WARN  org.apache.commons.jelly.tags.ant.AntTag - Could not convert tag: img into an Ant task, data type or property
2003-11-13 12:46:19,265 WARN  org.apache.commons.jelly.tags.ant.AntTag - Could not convert tag: img into an Ant task, data type or property
2003-11-13 12:46:19,312 WARN  org.apache.commons.jelly.tags.ant.AntTag - Could not convert tag: a into an Ant task, data type or property
2003-11-13 12:46:19,312 WARN  org.apache.commons.jelly.tags.ant.AntTag - Could not convert tag: img into an Ant task, data type or property
2003-11-13 12:46:19,312 WARN  org.apache.commons.jelly.tags.ant.AntTag - Could not convert tag: img into an Ant task, data type or property
2003-11-13 12:46:19,312 WARN  org.apache.commons.jelly.tags.ant.AntTag - Could not convert tag: a into an Ant task, data type or property
2003-11-13 12:46:19,312 WARN  org.apache.commons.jelly.tags.ant.AntTag - Could not convert tag: img into an Ant task, data type or property
2003-11-13 12:46:19,312 WARN  org.apache.commons.jelly.tags.ant.AntTag - Could not convert tag: img into an Ant task, data type or property
2003-11-13 12:46:19,312 WARN  org.apache.commons.jelly.tags.ant.AntTag - Could not convert tag: a into an Ant task, data type or property
2003-11-13 12:46:19,312 WARN  org.apache.commons.jelly.tags.ant.AntTag - Could not convert tag: img into an Ant task, data type or property
2003-11-13 12:46:19,312 WARN  org.apache.commons.jelly.tags.ant.AntTag - Could not convert tag: img into an Ant task, data type or property
2003-11-13 12:46:19,328 WARN  org.apache.commons.jelly.tags.ant.AntTag - Could not convert tag: a into an Ant task, data type or property
2003-11-13 12:46:19,328 WARN  org.apache.commons.jelly.tags.ant.AntTag - Could not convert tag: img into an Ant task, data type or property
2003-11-13 12:46:19,328 WARN  org.apache.commons.jelly.tags.ant.AntTag - Could not convert tag: img into an Ant task, data type or property
2003-11-13 12:46:19,359 WARN  org.apache.commons.jelly.tags.ant.AntTag - Could not convert tag: a into an Ant task, data type or property
2003-11-13 12:46:19,359 WARN  org.apache.commons.jelly.tags.ant.AntTag - Could not convert tag: img into an Ant task, data type or property
2003-11-13 12:46:19,359 WARN  org.apache.commons.jelly.tags.ant.AntTag - Could not convert tag: img into an Ant task, data type or property
2003-11-13 12:46:19,359 WARN  org.apache.commons.jelly.tags.ant.AntTag - Could not convert tag: a into an Ant task, data type or property
2003-11-13 12:46:19,359 WARN  org.apache.commons.jelly.tags.ant.AntTag - Could not convert tag: img into an Ant task, data type or property
2003-11-13 12:46:19,359 WARN  org.apache.commons.jelly.tags.ant.AntTag - Could not convert tag: img into an Ant task, data type or property
2003-11-13 12:46:19,359 WARN  org.apache.commons.jelly.tags.ant.AntTag - Could not convert tag: a into an Ant task, data type or property
2003-11-13 12:46:19,359 WARN  org.apache.commons.jelly.tags.ant.AntTag - Could not convert tag: img into an Ant task, data type or property
2003-11-13 12:46:19,359 WARN  org.apache.commons.jelly.tags.ant.AntTag - Could not convert tag: img into an Ant task, data type or property
2003-11-13 12:46:19,359 WARN  org.apache.commons.jelly.tags.ant.AntTag - Could not convert tag: a into an Ant task, data type or property
2003-11-13 12:46:19,359 WARN  org.apache.commons.jelly.tags.ant.AntTag - Could not convert tag: img into an Ant task, data type or property
2003-11-13 12:46:19,359 WARN  org.apache.commons.jelly.tags.ant.AntTag - Could not convert tag: img into an Ant task, data type or property
2003-11-13 12:46:19,406 WARN  org.apache.commons.jelly.tags.ant.AntTag - Could not convert tag: a into an Ant task, data type or property
2003-11-13 12:46:19,406 WARN  org.apache.commons.jelly.tags.ant.AntTag - Could not convert tag: img into an Ant task, data type or property
2003-11-13 12:46:19,406 WARN  org.apache.commons.jelly.tags.ant.AntTag - Could not convert tag: img into an Ant task, data type or property
2003-11-13 12:46:19,406 WARN  org.apache.commons.jelly.tags.ant.AntTag - Could not convert tag: a into an Ant task, data type or property
2003-11-13 12:46:19,406 WARN  org.apache.commons.jelly.tags.ant.AntTag - Could not convert tag: img into an Ant task, data type or property
2003-11-13 12:46:19,406 WARN  org.apache.commons.jelly.tags.ant.AntTag - Could not convert tag: img into an Ant task, data type or property
2003-11-13 12:46:19,406 WARN  org.apache.commons.jelly.tags.ant.AntTag - Could not convert tag: a into an Ant task, data type or property
2003-11-13 12:46:19,406 WARN  org.apache.commons.jelly.tags.ant.AntTag - Could not convert tag: img into an Ant task, data type or property
2003-11-13 12:46:19,406 WARN  org.apache.commons.jelly.tags.ant.AntTag - Could not convert tag: img into an Ant task, data type or property
2003-11-13 12:46:19,406 WARN  org.apache.commons.jelly.tags.ant.AntTag - Could not convert tag: a into an Ant task, data type or property
2003-11-13 12:46:19,406 WARN  org.apache.commons.jelly.tags.ant.AntTag - Could not convert tag: img into an Ant task, data type or property
2003-11-13 12:46:19,406 WARN  org.apache.commons.jelly.tags.ant.AntTag - Could not convert tag: img into an Ant task, data type or property
2003-11-13 12:46:19,468 WARN  org.apache.commons.jelly.tags.ant.AntTag - Could not convert tag: a into an Ant task, data type or property
2003-11-13 12:46:19,468 WARN  org.apache.commons.jelly.tags.ant.AntTag - Could not convert tag: img into an Ant task, data type or property
2003-11-13 12:46:19,468 WARN  org.apache.commons.jelly.tags.ant.AntTag - Could not convert tag: img into an Ant task, data type or property
2003-11-13 12:46:19,468 WARN  org.apache.commons.jelly.tags.ant.AntTag - Could not convert tag: a into an Ant task, data type or property
2003-11-13 12:46:19,468 WARN  org.apache.commons.jelly.tags.ant.AntTag - Could not convert tag: img into an Ant task, data type or property
2003-11-13 12:46:19,468 WARN  org.apache.commons.jelly.tags.ant.AntTag - Could not convert tag: img into an Ant task, data type or property
2003-11-13 12:46:19,468 WARN  org.apache.commons.jelly.tags.ant.AntTag - Could not convert tag: a into an Ant task, data type or property
2003-11-13 12:46:19,468 WARN  org.apache.commons.jelly.tags.ant.AntTag - Could not convert tag: img into an Ant task, data type or property
2003-11-13 12:46:19,468 WARN  org.apache.commons.jelly.tags.ant.AntTag - Could not convert tag: img into an Ant task, data type or property
2003-11-13 12:46:19,468 WARN  org.apache.commons.jelly.tags.ant.AntTag - Could not convert tag: a into an Ant task, data type or property
2003-11-13 12:46:19,468 WARN  org.apache.commons.jelly.tags.ant.AntTag - Could not convert tag: img into an Ant task, data type or property
2003-11-13 12:46:19,468 WARN  org.apache.commons.jelly.tags.ant.AntTag - Could not convert tag: img into an Ant task, data type or property
2003-11-13 12:46:19,515 WARN  org.apache.commons.jelly.tags.ant.AntTag - Could not convert tag: a into an Ant task, data type or property
2003-11-13 12:46:19,515 WARN  org.apache.commons.jelly.tags.ant.AntTag - Could not convert tag: img into an Ant task, data type or property
2003-11-13 12:46:19,515 WARN  org.apache.commons.jelly.tags.ant.AntTag - Could not convert tag: img into an Ant task, data type or property
2003-11-13 12:46:19,515 WARN  org.apache.commons.jelly.tags.ant.AntTag - Could not convert tag: a into an Ant task, data type or property
2003-11-13 12:46:19,515 WARN  org.apache.commons.jelly.tags.ant.AntTag - Could not convert tag: img into an Ant task, data type or property
2003-11-13 12:46:19,515 WARN  org.apache.commons.jelly.tags.ant.AntTag - Could not convert tag: img into an Ant task, data type or property
2003-11-13 12:46:19,515 WARN  org.apache.commons.jelly.tags.ant.AntTag - Could not convert tag: a into an Ant task, data type or property
2003-11-13 12:46:19,515 WARN  org.apache.commons.jelly.tags.ant.AntTag - Could not convert tag: img into an Ant task, data type or property
2003-11-13 12:46:19,515 WARN  org.apache.commons.jelly.tags.ant.AntTag - Could not convert tag: img into an Ant task, data type or property
2003-11-13 12:46:19,515 WARN  org.apache.commons.jelly.tags.ant.AntTag - Could not convert tag: a into an Ant task, data type or property
2003-11-13 12:46:19,515 WARN  org.apache.commons.jelly.tags.ant.AntTag - Could not convert tag: img into an Ant task, data type or property
2003-11-13 12:46:19,515 WARN  org.apache.commons.jelly.tags.ant.AntTag - Could not convert tag: img into an Ant task, data type or property
2003-11-13 12:46:19,578 WARN  org.apache.commons.jelly.tags.ant.AntTag - Could not convert tag: a into an Ant task, data type or property
2003-11-13 12:46:19,578 WARN  org.apache.commons.jelly.tags.ant.AntTag - Could not convert tag: img into an Ant task, data type or property
2003-11-13 12:46:19,578 WARN  org.apache.commons.jelly.tags.ant.AntTag - Could not convert tag: img into an Ant task, data type or property
2003-11-13 12:46:19,578 WARN  org.apache.commons.jelly.tags.ant.AntTag - Could not convert tag: a into an Ant task, data type or property
2003-11-13 12:46:19,578 WARN  org.apache.commons.jelly.tags.ant.AntTag - Could not convert tag: img into an Ant task, data type or property
2003-11-13 12:46:19,578 WARN  org.apache.commons.jelly.tags.ant.AntTag - Could not convert tag: img into an Ant task, data type or property
2003-11-13 12:46:19,578 WARN  org.apache.commons.jelly.tags.ant.AntTag - Could not convert tag: a into an Ant task, data type or property
2003-11-13 12:46:19,578 WARN  org.apache.commons.jelly.tags.ant.AntTag - Could not convert tag: img into an Ant task, data type or property
2003-11-13 12:46:19,578 WARN  org.apache.commons.jelly.tags.ant.AntTag - Could not convert tag: img into an Ant task, data type or property
2003-11-13 12:46:19,578 WARN  org.apache.commons.jelly.tags.ant.AntTag - Could not convert tag: a into an Ant task, data type or property
2003-11-13 12:46:19,578 WARN  org.apache.commons.jelly.tags.ant.AntTag - Could not convert tag: img into an Ant task, data type or property
2003-11-13 12:46:19,578 WARN  org.apache.commons.jelly.tags.ant.AntTag - Could not convert tag: img into an Ant task, data type or property
2003-11-13 12:46:19,625 WARN  org.apache.commons.jelly.tags.ant.AntTag - Could not convert tag: a into an Ant task, data type or property
2003-11-13 12:46:19,625 WARN  org.apache.commons.jelly.tags.ant.AntTag - Could not convert tag: img into an Ant task, data type or property
2003-11-13 12:46:19,625 WARN  org.apache.commons.jelly.tags.ant.AntTag - Could not convert tag: img into an Ant task, data type or property
2003-11-13 12:46:19,625 WARN  org.apache.commons.jelly.tags.ant.AntTag - Could not convert tag: a into an Ant task, data type or property
2003-11-13 12:46:19,625 WARN  org.apache.commons.jelly.tags.ant.AntTag - Could not convert tag: img into an Ant task, data type or property
2003-11-13 12:46:19,625 WARN  org.apache.commons.jelly.tags.ant.AntTag - Could not convert tag: img into an Ant task, data type or property
2003-11-13 12:46:19,625 WARN  org.apache.commons.jelly.tags.ant.AntTag - Could not convert tag: a into an Ant task, data type or property
2003-11-13 12:46:19,625 WARN  org.apache.commons.jelly.tags.ant.AntTag - Could not convert tag: img into an Ant task, data type or property
2003-11-13 12:46:19,625 WARN  org.apache.commons.jelly.tags.ant.AntTag - Could not convert tag: img into an Ant task, data type or property
2003-11-13 12:46:19,625 WARN  org.apache.commons.jelly.tags.ant.AntTag - Could not convert tag: a into an Ant task, data type or property
2003-11-13 12:46:19,625 WARN  org.apache.commons.jelly.tags.ant.AntTag - Could not convert tag: img into an Ant task, data type or property
2003-11-13 12:46:19,625 WARN  org.apache.commons.jelly.tags.ant.AntTag - Could not convert tag: img into an Ant task, data type or property
2003-11-13 12:46:19,656 WARN  org.apache.commons.jelly.tags.ant.AntTag - Could not convert tag: a into an Ant task, data type or property
2003-11-13 12:46:19,656 WARN  org.apache.commons.jelly.tags.ant.AntTag - Could not convert tag: img into an Ant task, data type or property
2003-11-13 12:46:19,656 WARN  org.apache.commons.jelly.tags.ant.AntTag - Could not convert tag: img into an Ant task, data type or property
2003-11-13 12:46:19,671 WARN  org.apache.commons.jelly.tags.ant.AntTag - Could not convert tag: a into an Ant task, data type or property
2003-11-13 12:46:19,671 WARN  org.apache.commons.jelly.tags.ant.AntTag - Could not convert tag: img into an Ant task, data type or property
2003-11-13 12:46:19,671 WARN  org.apache.commons.jelly.tags.ant.AntTag - Could not convert tag: img into an Ant task, data type or property
2003-11-13 12:46:19,671 WARN  org.apache.commons.jelly.tags.ant.AntTag - Could not convert tag: a into an Ant task, data type or property
2003-11-13 12:46:19,671 WARN  org.apache.commons.jelly.tags.ant.AntTag - Could not convert tag: img into an Ant task, data type or property
2003-11-13 12:46:19,671 WARN  org.apache.commons.jelly.tags.ant.AntTag - Could not convert tag: img into an Ant task, data type or property
2003-11-13 12:46:19,671 WARN  org.apache.commons.jelly.tags.ant.AntTag - Could not convert tag: a into an Ant task, data type or property
2003-11-13 12:46:19,671 WARN  org.apache.commons.jelly.tags.ant.AntTag - Could not convert tag: img into an Ant task, data type or property
2003-11-13 12:46:19,671 WARN  org.apache.commons.jelly.tags.ant.AntTag - Could not convert tag: img into an Ant task, data type or property
2003-11-13 12:46:19,718 WARN  org.apache.commons.jelly.tags.ant.AntTag - Could not convert tag: a into an Ant task, data type or property
2003-11-13 12:46:19,718 WARN  org.apache.commons.jelly.tags.ant.AntTag - Could not convert tag: img into an Ant task, data type or property
2003-11-13 12:46:19,718 WARN  org.apache.commons.jelly.tags.ant.AntTag - Could not convert tag: img into an Ant task, data type or property
2003-11-13 12:46:19,718 WARN  org.apache.commons.jelly.tags.ant.AntTag - Could not convert tag: a into an Ant task, data type or property
2003-11-13 12:46:19,718 WARN  org.apache.commons.jelly.tags.ant.AntTag - Could not convert tag: img into an Ant task, data type or property
2003-11-13 12:46:19,718 WARN  org.apache.commons.jelly.tags.ant.AntTag - Could not convert tag: img into an Ant task, data type or property
2003-11-13 12:46:19,718 WARN  org.apache.commons.jelly.tags.ant.AntTag - Could not convert tag: a into an Ant task, data type or property
2003-11-13 12:46:19,718 WARN  org.apache.commons.jelly.tags.ant.AntTag - Could not convert tag: img into an Ant task, data type or property
2003-11-13 12:46:19,718 WARN  org.apache.commons.jelly.tags.ant.AntTag - Could not convert tag: img into an Ant task, data type or property
2003-11-13 12:46:19,718 WARN  org.apache.commons.jelly.tags.ant.AntTag - Could not convert tag: a into an Ant task, data type or property
2003-11-13 12:46:19,718 WARN  org.apache.commons.jelly.tags.ant.AntTag - Could not convert tag: img into an Ant task, data type or property
2003-11-13 12:46:19,734 WARN  org.apache.commons.jelly.tags.ant.AntTag - Could not convert tag: img into an Ant task, data type or property
2003-11-13 12:46:19,765 WARN  org.apache.commons.jelly.tags.ant.AntTag - Could not convert tag: a into an Ant task, data type or property
2003-11-13 12:46:19,765 WARN  org.apache.commons.jelly.tags.ant.AntTag - Could not convert tag: img into an Ant task, data type or property
2003-11-13 12:46:19,765 WARN  org.apache.commons.jelly.tags.ant.AntTag - Could not convert tag: img into an Ant task, data type or property
2003-11-13 12:46:19,765 WARN  org.apache.commons.jelly.tags.ant.AntTag - Could not convert tag: a into an Ant task, data type or property
2003-11-13 12:46:19,765 WARN  org.apache.commons.jelly.tags.ant.AntTag - Could not convert tag: img into an Ant task, data type or property
2003-11-13 12:46:19,765 WARN  org.apache.commons.jelly.tags.ant.AntTag - Could not convert tag: img into an Ant task, data type or property
2003-11-13 12:46:19,765 WARN  org.apache.commons.jelly.tags.ant.AntTag - Could not convert tag: a into an Ant task, data type or property
2003-11-13 12:46:19,765 WARN  org.apache.commons.jelly.tags.ant.AntTag - Could not convert tag: img into an Ant task, data type or property
2003-11-13 12:46:19,765 WARN  org.apache.commons.jelly.tags.ant.AntTag - Could not convert tag: img into an Ant task, data type or property
2003-11-13 12:46:19,765 WARN  org.apache.commons.jelly.tags.ant.AntTag - Could not convert tag: a into an Ant task, data type or property
2003-11-13 12:46:19,765 WARN  org.apache.commons.jelly.tags.ant.AntTag - Could not convert tag: img into an Ant task, data type or property
2003-11-13 12:46:19,765 WARN  org.apache.commons.jelly.tags.ant.AntTag - Could not convert tag: img into an Ant task, data type or property
2003-11-13 12:46:19,812 WARN  org.apache.commons.jelly.tags.ant.AntTag - Could not convert tag: a into an Ant task, data type or property
2003-11-13 12:46:19,812 WARN  org.apache.commons.jelly.tags.ant.AntTag - Could not convert tag: img into an Ant task, data type or property
2003-11-13 12:46:19,812 WARN  org.apache.commons.jelly.tags.ant.AntTag - Could not convert tag: img into an Ant task, data type or property
2003-11-13 12:46:19,843 WARN  org.apache.commons.jelly.tags.ant.AntTag - Could not convert tag: a into an Ant task, data type or property
2003-11-13 12:46:19,843 WARN  org.apache.commons.jelly.tags.ant.AntTag - Could not convert tag: img into an Ant task, data type or property
2003-11-13 12:46:19,843 WARN  org.apache.commons.jelly.tags.ant.AntTag - Could not convert tag: img into an Ant task, data type or property
2003-11-13 12:46:19,843 WARN  org.apache.commons.jelly.tags.ant.AntTag - Could not convert tag: a into an Ant task, data type or property
2003-11-13 12:46:19,843 WARN  org.apache.commons.jelly.tags.ant.AntTag - Could not convert tag: img into an Ant task, data type or property
2003-11-13 12:46:19,843 WARN  org.apache.commons.jelly.tags.ant.AntTag - Could not convert tag: img into an Ant task, data type or property
2003-11-13 12:46:19,843 WARN  org.apache.commons.jelly.tags.ant.AntTag - Could not convert tag: a into an Ant task, data type or property
2003-11-13 12:46:19,843 WARN  org.apache.commons.jelly.tags.ant.AntTag - Could not convert tag: img into an Ant task, data type or property
2003-11-13 12:46:19,843 WARN  org.apache.commons.jelly.tags.ant.AntTag - Could not convert tag: img into an Ant task, data type or property
2003-11-13 12:46:19,890 WARN  org.apache.commons.jelly.tags.ant.AntTag - Could not convert tag: a into an Ant task, data type or property
2003-11-13 12:46:19,890 WARN  org.apache.commons.jelly.tags.ant.AntTag - Could not convert tag: img into an Ant task, data type or property
2003-11-13 12:46:19,890 WARN  org.apache.commons.jelly.tags.ant.AntTag - Could not convert tag: img into an Ant task, data type or property
2003-11-13 12:46:19,890 WARN  org.apache.commons.jelly.tags.ant.AntTag - Could not convert tag: a into an Ant task, data type or property
2003-11-13 12:46:19,890 WARN  org.apache.commons.jelly.tags.ant.AntTag - Could not convert tag: img into an Ant task, data type or property
2003-11-13 12:46:19,890 WARN  org.apache.commons.jelly.tags.ant.AntTag - Could not convert tag: img into an Ant task, data type or property
2003-11-13 12:46:19,890 WARN  org.apache.commons.jelly.tags.ant.AntTag - Could not convert tag: a into an Ant task, data type or property
2003-11-13 12:46:19,890 WARN  org.apache.commons.jelly.tags.ant.AntTag - Could not convert tag: img into an Ant task, data type or property
2003-11-13 12:46:19,890 WARN  org.apache.commons.jelly.tags.ant.AntTag - Could not convert tag: img into an Ant task, data type or property
2003-11-13 12:46:19,890 WARN  org.apache.commons.jelly.tags.ant.AntTag - Could not convert tag: a into an Ant task, data type or property
2003-11-13 12:46:19,890 WARN  org.apache.commons.jelly.tags.ant.AntTag - Could not convert tag: img into an Ant task, data type or property
2003-11-13 12:46:19,890 WARN  org.apache.commons.jelly.tags.ant.AntTag - Could not convert tag: img into an Ant task, data type or property
2003-11-13 12:46:19,937 WARN  org.apache.commons.jelly.tags.ant.AntTag - Could not convert tag: a into an Ant task, data type or property
2003-11-13 12:46:19,937 WARN  org.apache.commons.jelly.tags.ant.AntTag - Could not convert tag: img into an Ant task, data type or property
2003-11-13 12:46:19,937 WARN  org.apache.commons.jelly.tags.ant.AntTag - Could not convert tag: img into an Ant task, data type or property
2003-11-13 12:46:19,953 WARN  org.apache.commons.jelly.tags.ant.AntTag - Could not convert tag: a into an Ant task, data type or property
2003-11-13 12:46:19,953 WARN  org.apache.commons.jelly.tags.ant.AntTag - Could not convert tag: img into an Ant task, data type or property
2003-11-13 12:46:19,953 WARN  org.apache.commons.jelly.tags.ant.AntTag - Could not convert tag: img into an Ant task, data type or property
2003-11-13 12:46:19,953 WARN  org.apache.commons.jelly.tags.ant.AntTag - Could not convert tag: a into an Ant task, data type or property
2003-11-13 12:46:19,953 WARN  org.apache.commons.jelly.tags.ant.AntTag - Could not convert tag: img into an Ant task, data type or property
2003-11-13 12:46:19,953 WARN  org.apache.commons.jelly.tags.ant.AntTag - Could not convert tag: img into an Ant task, data type or property
2003-11-13 12:46:19,953 WARN  org.apache.commons.jelly.tags.ant.AntTag - Could not convert tag: a into an Ant task, data type or property
2003-11-13 12:46:19,953 WARN  org.apache.commons.jelly.tags.ant.AntTag - Could not convert tag: img into an Ant task, data type or property
2003-11-13 12:46:19,953 WARN  org.apache.commons.jelly.tags.ant.AntTag - Could not convert tag: img into an Ant task, data type or property
2003-11-13 12:46:20,015 WARN  org.apache.commons.jelly.tags.ant.AntTag - Could not convert tag: a into an Ant task, data type or property
2003-11-13 12:46:20,015 WARN  org.apache.commons.jelly.tags.ant.AntTag - Could not convert tag: img into an Ant task, data type or property
2003-11-13 12:46:20,015 WARN  org.apache.commons.jelly.tags.ant.AntTag - Could not convert tag: img into an Ant task, data type or property
2003-11-13 12:46:20,015 WARN  org.apache.commons.jelly.tags.ant.AntTag - Could not convert tag: a into an Ant task, data type or property
2003-11-13 12:46:20,015 WARN  org.apache.commons.jelly.tags.ant.AntTag - Could not convert tag: img into an Ant task, data type or property
2003-11-13 12:46:20,015 WARN  org.apache.commons.jelly.tags.ant.AntTag - Could not convert tag: img into an Ant task, data type or property
2003-11-13 12:46:20,015 WARN  org.apache.commons.jelly.tags.ant.AntTag - Could not convert tag: a into an Ant task, data type or property
2003-11-13 12:46:20,015 WARN  org.apache.commons.jelly.tags.ant.AntTag - Could not convert tag: img into an Ant task, data type or property
2003-11-13 12:46:20,015 WARN  org.apache.commons.jelly.tags.ant.AntTag - Could not convert tag: img into an Ant task, data type or property
2003-11-13 12:46:20,015 WARN  org.apache.commons.jelly.tags.ant.AntTag - Could not convert tag: a into an Ant task, data type or property
2003-11-13 12:46:20,015 WARN  org.apache.commons.jelly.tags.ant.AntTag - Could not convert tag: img into an Ant task, data type or property
2003-11-13 12:46:20,015 WARN  org.apache.commons.jelly.tags.ant.AntTag - Could not convert tag: img into an Ant task, data type or property
2003-11-13 12:46:20,062 WARN  org.apache.commons.jelly.tags.ant.AntTag - Could not convert tag: a into an Ant task, data type or property
2003-11-13 12:46:20,062 WARN  org.apache.commons.jelly.tags.ant.AntTag - Could not convert tag: img into an Ant task, data type or property
2003-11-13 12:46:20,062 WARN  org.apache.commons.jelly.tags.ant.AntTag - Could not convert tag: img into an Ant task, data type or property
2003-11-13 12:46:20,062 WARN  org.apache.commons.jelly.tags.ant.AntTag - Could not convert tag: a into an Ant task, data type or property
2003-11-13 12:46:20,062 WARN  org.apache.commons.jelly.tags.ant.AntTag - Could not convert tag: img into an Ant task, data type or property
2003-11-13 12:46:20,062 WARN  org.apache.commons.jelly.tags.ant.AntTag - Could not convert tag: img into an Ant task, data type or property
2003-11-13 12:46:20,062 WARN  org.apache.commons.jelly.tags.ant.AntTag - Could not convert tag: a into an Ant task, data type or property
2003-11-13 12:46:20,062 WARN  org.apache.commons.jelly.tags.ant.AntTag - Could not convert tag: img into an Ant task, data type or property
2003-11-13 12:46:20,062 WARN  org.apache.commons.jelly.tags.ant.AntTag - Could not convert tag: img into an Ant task, data type or property
2003-11-13 12:46:20,062 WARN  org.apache.commons.jelly.tags.ant.AntTag - Could not convert tag: a into an Ant task, data type or property
2003-11-13 12:46:20,062 WARN  org.apache.commons.jelly.tags.ant.AntTag - Could not convert tag: img into an Ant task, data type or property
2003-11-13 12:46:20,062 WARN  org.apache.commons.jelly.tags.ant.AntTag - Could not convert tag: img into an Ant task, data type or property
2003-11-13 12:46:20,109 WARN  org.apache.commons.jelly.tags.ant.AntTag - Could not convert tag: a into an Ant task, data type or property
2003-11-13 12:46:20,109 WARN  org.apache.commons.jelly.tags.ant.AntTag - Could not convert tag: img into an Ant task, data type or property
2003-11-13 12:46:20,109 WARN  org.apache.commons.jelly.tags.ant.AntTag - Could not convert tag: img into an Ant task, data type or property
2003-11-13 12:46:20,125 WARN  org.apache.commons.jelly.tags.ant.AntTag - Could not convert tag: a into an Ant task, data type or property
2003-11-13 12:46:20,125 WARN  org.apache.commons.jelly.tags.ant.AntTag - Could not convert tag: img into an Ant task, data type or property
2003-11-13 12:46:20,125 WARN  org.apache.commons.jelly.tags.ant.AntTag - Could not convert tag: img into an Ant task, data type or property
2003-11-13 12:46:20,125 WARN  org.apache.commons.jelly.tags.ant.AntTag - Could not convert tag: a into an Ant task, data type or property
2003-11-13 12:46:20,125 WARN  org.apache.commons.jelly.tags.ant.AntTag - Could not convert tag: img into an Ant task, data type or property
2003-11-13 12:46:20,125 WARN  org.apache.commons.jelly.tags.ant.AntTag - Could not convert tag: img into an Ant task, data type or property
2003-11-13 12:46:20,125 WARN  org.apache.commons.jelly.tags.ant.AntTag - Could not convert tag: a into an Ant task, data type or property
2003-11-13 12:46:20,125 WARN  org.apache.commons.jelly.tags.ant.AntTag - Could not convert tag: img into an Ant task, data type or property
2003-11-13 12:46:20,125 WARN  org.apache.commons.jelly.tags.ant.AntTag - Could not convert tag: img into an Ant task, data type or property
2003-11-13 12:46:20,156 WARN  org.apache.commons.jelly.tags.ant.AntTag - Could not convert tag: a into an Ant task, data type or property
2003-11-13 12:46:20,156 WARN  org.apache.commons.jelly.tags.ant.AntTag - Could not convert tag: img into an Ant task, data type or property
2003-11-13 12:46:20,156 WARN  org.apache.commons.jelly.tags.ant.AntTag - Could not convert tag: img into an Ant task, data type or property
2003-11-13 12:46:20,156 WARN  org.apache.commons.jelly.tags.ant.AntTag - Could not convert tag: a into an Ant task, data type or property
2003-11-13 12:46:20,156 WARN  org.apache.commons.jelly.tags.ant.AntTag - Could not convert tag: img into an Ant task, data type or property
2003-11-13 12:46:20,156 WARN  org.apache.commons.jelly.tags.ant.AntTag - Could not convert tag: img into an Ant task, data type or property
2003-11-13 12:46:20,156 WARN  org.apache.commons.jelly.tags.ant.AntTag - Could not convert tag: a into an Ant task, data type or property
2003-11-13 12:46:20,156 WARN  org.apache.commons.jelly.tags.ant.AntTag - Could not convert tag: img into an Ant task, data type or property
2003-11-13 12:46:20,156 WARN  org.apache.commons.jelly.tags.ant.AntTag - Could not convert tag: img into an Ant task, data type or property
2003-11-13 12:46:20,171 WARN  org.apache.commons.jelly.tags.ant.AntTag - Could not convert tag: a into an Ant task, data type or property
2003-11-13 12:46:20,171 WARN  org.apache.commons.jelly.tags.ant.AntTag - Could not convert tag: img into an Ant task, data type or property
2003-11-13 12:46:20,171 WARN  org.apache.commons.jelly.tags.ant.AntTag - Could not convert tag: img into an Ant task, data type or property
2003-11-13 12:46:20,203 WARN  org.apache.commons.jelly.tags.ant.AntTag - Could not convert tag: a into an Ant task, data type or property
2003-11-13 12:46:20,203 WARN  org.apache.commons.jelly.tags.ant.AntTag - Could not convert tag: img into an Ant task, data type or property
2003-11-13 12:46:20,203 WARN  org.apache.commons.jelly.tags.ant.AntTag - Could not convert tag: img into an Ant task, data type or property
2003-11-13 12:46:20,203 WARN  org.apache.commons.jelly.tags.ant.AntTag - Could not convert tag: a into an Ant task, data type or property
2003-11-13 12:46:20,203 WARN  org.apache.commons.jelly.tags.ant.AntTag - Could not convert tag: img into an Ant task, data type or property
2003-11-13 12:46:20,203 WARN  org.apache.commons.jelly.tags.ant.AntTag - Could not convert tag: img into an Ant task, data type or property
2003-11-13 12:46:20,203 WARN  org.apache.commons.jelly.tags.ant.AntTag - Could not convert tag: a into an Ant task, data type or property
2003-11-13 12:46:20,203 WARN  org.apache.commons.jelly.tags.ant.AntTag - Could not convert tag: img into an Ant task, data type or property
2003-11-13 12:46:20,203 WARN  org.apache.commons.jelly.tags.ant.AntTag - Could not convert tag: img into an Ant task, data type or property
2003-11-13 12:46:20,203 WARN  org.apache.commons.jelly.tags.ant.AntTag - Could not convert tag: a into an Ant task, data type or property
2003-11-13 12:46:20,203 WARN  org.apache.commons.jelly.tags.ant.AntTag - Could not convert tag: img into an Ant task, data type or property
2003-11-13 12:46:20,203 WARN  org.apache.commons.jelly.tags.ant.AntTag - Could not convert tag: img into an Ant task, data type or property
2003-11-13 12:46:20,265 WARN  org.apache.commons.jelly.tags.ant.AntTag - Could not convert tag: a into an Ant task, data type or property
2003-11-13 12:46:20,265 WARN  org.apache.commons.jelly.tags.ant.AntTag - Could not convert tag: img into an Ant task, data type or property
2003-11-13 12:46:20,265 WARN  org.apache.commons.jelly.tags.ant.AntTag - Could not convert tag: img into an Ant task, data type or property
2003-11-13 12:46:20,265 WARN  org.apache.commons.jelly.tags.ant.AntTag - Could not convert tag: a into an Ant task, data type or property
2003-11-13 12:46:20,265 WARN  org.apache.commons.jelly.tags.ant.AntTag - Could not convert tag: img into an Ant task, data type or property
2003-11-13 12:46:20,265 WARN  org.apache.commons.jelly.tags.ant.AntTag - Could not convert tag: img into an Ant task, data type or property
2003-11-13 12:46:20,265 WARN  org.apache.commons.jelly.tags.ant.AntTag - Could not convert tag: a into an Ant task, data type or property
2003-11-13 12:46:20,265 WARN  org.apache.commons.jelly.tags.ant.AntTag - Could not convert tag: img into an Ant task, data type or property
2003-11-13 12:46:20,265 WARN  org.apache.commons.jelly.tags.ant.AntTag - Could not convert tag: img into an Ant task, data type or property
2003-11-13 12:46:20,265 WARN  org.apache.commons.jelly.tags.ant.AntTag - Could not convert tag: a into an Ant task, data type or property
2003-11-13 12:46:20,265 WARN  org.apache.commons.jelly.tags.ant.AntTag - Could not convert tag: img into an Ant task, data type or property
2003-11-13 12:46:20,265 WARN  org.apache.commons.jelly.tags.ant.AntTag - Could not convert tag: img into an Ant task, data type or property
2003-11-13 12:46:20,312 WARN  org.apache.commons.jelly.tags.ant.AntTag - Could not convert tag: a into an Ant task, data type or property
2003-11-13 12:46:20,312 WARN  org.apache.commons.jelly.tags.ant.AntTag - Could not convert tag: img into an Ant task, data type or property
2003-11-13 12:46:20,312 WARN  org.apache.commons.jelly.tags.ant.AntTag - Could not convert tag: img into an Ant task, data type or property
2003-11-13 12:46:20,312 WARN  org.apache.commons.jelly.tags.ant.AntTag - Could not convert tag: a into an Ant task, data type or property
2003-11-13 12:46:20,312 WARN  org.apache.commons.jelly.tags.ant.AntTag - Could not convert tag: img into an Ant task, data type or property
2003-11-13 12:46:20,312 WARN  org.apache.commons.jelly.tags.ant.AntTag - Could not convert tag: img into an Ant task, data type or property
2003-11-13 12:46:20,312 WARN  org.apache.commons.jelly.tags.ant.AntTag - Could not convert tag: a into an Ant task, data type or property
2003-11-13 12:46:20,312 WARN  org.apache.commons.jelly.tags.ant.AntTag - Could not convert tag: img into an Ant task, data type or property
2003-11-13 12:46:20,312 WARN  org.apache.commons.jelly.tags.ant.AntTag - Could not convert tag: img into an Ant task, data type or property
2003-11-13 12:46:20,312 WARN  org.apache.commons.jelly.tags.ant.AntTag - Could not convert tag: a into an Ant task, data type or property
2003-11-13 12:46:20,312 WARN  org.apache.commons.jelly.tags.ant.AntTag - Could not convert tag: img into an Ant task, data type or property
2003-11-13 12:46:20,312 WARN  org.apache.commons.jelly.tags.ant.AntTag - Could not convert tag: img into an Ant task, data type or property
2003-11-13 12:46:20,359 WARN  org.apache.commons.jelly.tags.ant.AntTag - Could not convert tag: a into an Ant task, data type or property
2003-11-13 12:46:20,359 WARN  org.apache.commons.jelly.tags.ant.AntTag - Could not convert tag: img into an Ant task, data type or property
2003-11-13 12:46:20,359 WARN  org.apache.commons.jelly.tags.ant.AntTag - Could not convert tag: img into an Ant task, data type or property
2003-11-13 12:46:20,359 WARN  org.apache.commons.jelly.tags.ant.AntTag - Could not convert tag: a into an Ant task, data type or property
2003-11-13 12:46:20,359 WARN  org.apache.commons.jelly.tags.ant.AntTag - Could not convert tag: img into an Ant task, data type or property
2003-11-13 12:46:20,359 WARN  org.apache.commons.jelly.tags.ant.AntTag - Could not convert tag: img into an Ant task, data type or property
2003-11-13 12:46:20,375 WARN  org.apache.commons.jelly.tags.ant.AntTag - Could not convert tag: a into an Ant task, data type or property
2003-11-13 12:46:20,375 WARN  org.apache.commons.jelly.tags.ant.AntTag - Could not convert tag: img into an Ant task, data type or property
2003-11-13 12:46:20,375 WARN  org.apache.commons.jelly.tags.ant.AntTag - Could not convert tag: img into an Ant task, data type or property
2003-11-13 12:46:20,375 WARN  org.apache.commons.jelly.tags.ant.AntTag - Could not convert tag: a into an Ant task, data type or property
2003-11-13 12:46:20,375 WARN  org.apache.commons.jelly.tags.ant.AntTag - Could not convert tag: img into an Ant task, data type or property
2003-11-13 12:46:20,375 WARN  org.apache.commons.jelly.tags.ant.AntTag - Could not convert tag: img into an Ant task, data type or property
2003-11-13 12:46:20,500 WARN  org.apache.commons.jelly.tags.ant.AntTag - Could not convert tag: a into an Ant task, data type or property
2003-11-13 12:46:20,500 WARN  org.apache.commons.jelly.tags.ant.AntTag - Could not convert tag: img into an Ant task, data type or property
2003-11-13 12:46:20,500 WARN  org.apache.commons.jelly.tags.ant.AntTag - Could not convert tag: img into an Ant task, data type or property
2003-11-13 12:46:20,500 WARN  org.apache.commons.jelly.tags.ant.AntTag - Could not convert tag: a into an Ant task, data type or property
2003-11-13 12:46:20,500 WARN  org.apache.commons.jelly.tags.ant.AntTag - Could not convert tag: img into an Ant task, data type or property
2003-11-13 12:46:20,500 WARN  org.apache.commons.jelly.tags.ant.AntTag - Could not convert tag: img into an Ant task, data type or property
2003-11-13 12:46:20,500 WARN  org.apache.commons.jelly.tags.ant.AntTag - Could not convert tag: a into an Ant task, data type or property
2003-11-13 12:46:20,500 WARN  org.apache.commons.jelly.tags.ant.AntTag - Could not convert tag: img into an Ant task, data type or property
2003-11-13 12:46:20,500 WARN  org.apache.commons.jelly.tags.ant.AntTag - Could not convert tag: img into an Ant task, data type or property
2003-11-13 12:46:20,500 WARN  org.apache.commons.jelly.tags.ant.AntTag - Could not convert tag: a into an Ant task, data type or property
2003-11-13 12:46:20,500 WARN  org.apache.commons.jelly.tags.ant.AntTag - Could not convert tag: img into an Ant task, data type or property
2003-11-13 12:46:20,500 WARN  org.apache.commons.jelly.tags.ant.AntTag - Could not convert tag: img into an Ant task, data type or property
2003-11-13 12:46:20,546 WARN  org.apache.commons.jelly.tags.ant.AntTag - Could not convert tag: a into an Ant task, data type or property
2003-11-13 12:46:20,546 WARN  org.apache.commons.jelly.tags.ant.AntTag - Could not convert tag: img into an Ant task, data type or property
2003-11-13 12:46:20,546 WARN  org.apache.commons.jelly.tags.ant.AntTag - Could not convert tag: img into an Ant task, data type or property
2003-11-13 12:46:20,546 WARN  org.apache.commons.jelly.tags.ant.AntTag - Could not convert tag: a into an Ant task, data type or property
2003-11-13 12:46:20,546 WARN  org.apache.commons.jelly.tags.ant.AntTag - Could not convert tag: img into an Ant task, data type or property
2003-11-13 12:46:20,546 WARN  org.apache.commons.jelly.tags.ant.AntTag - Could not convert tag: img into an Ant task, data type or property
2003-11-13 12:46:20,546 WARN  org.apache.commons.jelly.tags.ant.AntTag - Could not convert tag: a into an Ant task, data type or property
2003-11-13 12:46:20,546 WARN  org.apache.commons.jelly.tags.ant.AntTag - Could not convert tag: img into an Ant task, data type or property
2003-11-13 12:46:20,546 WARN  org.apache.commons.jelly.tags.ant.AntTag - Could not convert tag: img into an Ant task, data type or property
2003-11-13 12:46:20,546 WARN  org.apache.commons.jelly.tags.ant.AntTag - Could not convert tag: a into an Ant task, data type or property
2003-11-13 12:46:20,546 WARN  org.apache.commons.jelly.tags.ant.AntTag - Could not convert tag: img into an Ant task, data type or property
2003-11-13 12:46:20,546 WARN  org.apache.commons.jelly.tags.ant.AntTag - Could not convert tag: img into an Ant task, data type or property
2003-11-13 12:46:20,593 WARN  org.apache.commons.jelly.tags.ant.AntTag - Could not convert tag: a into an Ant task, data type or property
2003-11-13 12:46:20,593 WARN  org.apache.commons.jelly.tags.ant.AntTag - Could not convert tag: img into an Ant task, data type or property
2003-11-13 12:46:20,593 WARN  org.apache.commons.jelly.tags.ant.AntTag - Could not convert tag: img into an Ant task, data type or property
2003-11-13 12:46:20,593 WARN  org.apache.commons.jelly.tags.ant.AntTag - Could not convert tag: a into an Ant task, data type or property
2003-11-13 12:46:20,593 WARN  org.apache.commons.jelly.tags.ant.AntTag - Could not convert tag: img into an Ant task, data type or property
2003-11-13 12:46:20,593 WARN  org.apache.commons.jelly.tags.ant.AntTag - Could not convert tag: img into an Ant task, data type or property
2003-11-13 12:46:20,593 WARN  org.apache.commons.jelly.tags.ant.AntTag - Could not convert tag: a into an Ant task, data type or property
2003-11-13 12:46:20,593 WARN  org.apache.commons.jelly.tags.ant.AntTag - Could not convert tag: img into an Ant task, data type or property
2003-11-13 12:46:20,593 WARN  org.apache.commons.jelly.tags.ant.AntTag - Could not convert tag: img into an Ant task, data type or property
2003-11-13 12:46:20,593 WARN  org.apache.commons.jelly.tags.ant.AntTag - Could not convert tag: a into an Ant task, data type or property
2003-11-13 12:46:20,593 WARN  org.apache.commons.jelly.tags.ant.AntTag - Could not convert tag: img into an Ant task, data type or property
2003-11-13 12:46:20,593 WARN  org.apache.commons.jelly.tags.ant.AntTag - Could not convert tag: img into an Ant task, data type or property
2003-11-13 12:46:20,656 WARN  org.apache.commons.jelly.tags.ant.AntTag - Could not convert tag: a into an Ant task, data type or property
2003-11-13 12:46:20,656 WARN  org.apache.commons.jelly.tags.ant.AntTag - Could not convert tag: img into an Ant task, data type or property
2003-11-13 12:46:20,656 WARN  org.apache.commons.jelly.tags.ant.AntTag - Could not convert tag: img into an Ant task, data type or property
2003-11-13 12:46:20,656 WARN  org.apache.commons.jelly.tags.ant.AntTag - Could not convert tag: a into an Ant task, data type or property
2003-11-13 12:46:20,656 WARN  org.apache.commons.jelly.tags.ant.AntTag - Could not convert tag: img into an Ant task, data type or property
2003-11-13 12:46:20,656 WARN  org.apache.commons.jelly.tags.ant.AntTag - Could not convert tag: img into an Ant task, data type or property
2003-11-13 12:46:20,656 WARN  org.apache.commons.jelly.tags.ant.AntTag - Could not convert tag: a into an Ant task, data type or property
2003-11-13 12:46:20,656 WARN  org.apache.commons.jelly.tags.ant.AntTag - Could not convert tag: img into an Ant task, data type or property
2003-11-13 12:46:20,656 WARN  org.apache.commons.jelly.tags.ant.AntTag - Could not convert tag: img into an Ant task, data type or property
2003-11-13 12:46:20,656 WARN  org.apache.commons.jelly.tags.ant.AntTag - Could not convert tag: a into an Ant task, data type or property
2003-11-13 12:46:20,656 WARN  org.apache.commons.jelly.tags.ant.AntTag - Could not convert tag: img into an Ant task, data type or property
2003-11-13 12:46:20,656 WARN  org.apache.commons.jelly.tags.ant.AntTag - Could not convert tag: img into an Ant task, data type or property
2003-11-13 12:46:20,718 WARN  org.apache.commons.jelly.tags.ant.AntTag - Could not convert tag: a into an Ant task, data type or property
2003-11-13 12:46:20,718 WARN  org.apache.commons.jelly.tags.ant.AntTag - Could not convert tag: img into an Ant task, data type or property
2003-11-13 12:46:20,718 WARN  org.apache.commons.jelly.tags.ant.AntTag - Could not convert tag: img into an Ant task, data type or property
2003-11-13 12:46:20,718 WARN  org.apache.commons.jelly.tags.ant.AntTag - Could not convert tag: a into an Ant task, data type or property
2003-11-13 12:46:20,718 WARN  org.apache.commons.jelly.tags.ant.AntTag - Could not convert tag: img into an Ant task, data type or property
2003-11-13 12:46:20,718 WARN  org.apache.commons.jelly.tags.ant.AntTag - Could not convert tag: img into an Ant task, data type or property
2003-11-13 12:46:20,718 WARN  org.apache.commons.jelly.tags.ant.AntTag - Could not convert tag: a into an Ant task, data type or property
2003-11-13 12:46:20,718 WARN  org.apache.commons.jelly.tags.ant.AntTag - Could not convert tag: img into an Ant task, data type or property
2003-11-13 12:46:20,718 WARN  org.apache.commons.jelly.tags.ant.AntTag - Could not convert tag: img into an Ant task, data type or property
2003-11-13 12:46:20,718 WARN  org.apache.commons.jelly.tags.ant.AntTag - Could not convert tag: a into an Ant task, data type or property
2003-11-13 12:46:20,718 WARN  org.apache.commons.jelly.tags.ant.AntTag - Could not convert tag: img into an Ant task, data type or property
2003-11-13 12:46:20,718 WARN  org.apache.commons.jelly.tags.ant.AntTag - Could not convert tag: img into an Ant task, data type or property
2003-11-13 12:46:20,781 WARN  org.apache.commons.jelly.tags.ant.AntTag - Could not convert tag: a into an Ant task, data type or property
2003-11-13 12:46:20,781 WARN  org.apache.commons.jelly.tags.ant.AntTag - Could not convert tag: img into an Ant task, data type or property
2003-11-13 12:46:20,781 WARN  org.apache.commons.jelly.tags.ant.AntTag - Could not convert tag: img into an Ant task, data type or property
2003-11-13 12:46:20,781 WARN  org.apache.commons.jelly.tags.ant.AntTag - Could not convert tag: a into an Ant task, data type or property
2003-11-13 12:46:20,781 WARN  org.apache.commons.jelly.tags.ant.AntTag - Could not convert tag: img into an Ant task, data type or property
2003-11-13 12:46:20,781 WARN  org.apache.commons.jelly.tags.ant.AntTag - Could not convert tag: img into an Ant task, data type or property
2003-11-13 12:46:20,781 WARN  org.apache.commons.jelly.tags.ant.AntTag - Could not convert tag: a into an Ant task, data type or property
2003-11-13 12:46:20,781 WARN  org.apache.commons.jelly.tags.ant.AntTag - Could not convert tag: img into an Ant task, data type or property
2003-11-13 12:46:20,781 WARN  org.apache.commons.jelly.tags.ant.AntTag - Could not convert tag: img into an Ant task, data type or property
2003-11-13 12:46:20,781 WARN  org.apache.commons.jelly.tags.ant.AntTag - Could not convert tag: a into an Ant task, data type or property
2003-11-13 12:46:20,781 WARN  org.apache.commons.jelly.tags.ant.AntTag - Could not convert tag: img into an Ant task, data type or property
2003-11-13 12:46:20,781 WARN  org.apache.commons.jelly.tags.ant.AntTag - Could not convert tag: img into an Ant task, data type or property
2003-11-13 12:46:20,828 WARN  org.apache.commons.jelly.tags.ant.AntTag - Could not convert tag: a into an Ant task, data type or property
2003-11-13 12:46:20,828 WARN  org.apache.commons.jelly.tags.ant.AntTag - Could not convert tag: img into an Ant task, data type or property
2003-11-13 12:46:20,828 WARN  org.apache.commons.jelly.tags.ant.AntTag - Could not convert tag: img into an Ant task, data type or property
2003-11-13 12:46:20,828 WARN  org.apache.commons.jelly.tags.ant.AntTag - Could not convert tag: a into an Ant task, data type or property
2003-11-13 12:46:20,828 WARN  org.apache.commons.jelly.tags.ant.AntTag - Could not convert tag: img into an Ant task, data type or property
2003-11-13 12:46:20,828 WARN  org.apache.commons.jelly.tags.ant.AntTag - Could not convert tag: img into an Ant task, data type or property
2003-11-13 12:46:20,828 WARN  org.apache.commons.jelly.tags.ant.AntTag - Could not convert tag: a into an Ant task, data type or property
2003-11-13 12:46:20,828 WARN  org.apache.commons.jelly.tags.ant.AntTag - Could not convert tag: img into an Ant task, data type or property
2003-11-13 12:46:20,828 WARN  org.apache.commons.jelly.tags.ant.AntTag - Could not convert tag: img into an Ant task, data type or property
2003-11-13 12:46:20,828 WARN  org.apache.commons.jelly.tags.ant.AntTag - Could not convert tag: a into an Ant task, data type or property
2003-11-13 12:46:20,828 WARN  org.apache.commons.jelly.tags.ant.AntTag - Could not convert tag: img into an Ant task, data type or property
2003-11-13 12:46:20,828 WARN  org.apache.commons.jelly.tags.ant.AntTag - Could not convert tag: img into an Ant task, data type or property
2003-11-13 12:46:20,906 WARN  org.apache.commons.jelly.tags.ant.AntTag - Could not convert tag: a into an Ant task, data type or property
2003-11-13 12:46:20,906 WARN  org.apache.commons.jelly.tags.ant.AntTag - Could not convert tag: img into an Ant task, data type or property
2003-11-13 12:46:20,906 WARN  org.apache.commons.jelly.tags.ant.AntTag - Could not convert tag: img into an Ant task, data type or property
2003-11-13 12:46:20,906 WARN  org.apache.commons.jelly.tags.ant.AntTag - Could not convert tag: a into an Ant task, data type or property
2003-11-13 12:46:20,906 WARN  org.apache.commons.jelly.tags.ant.AntTag - Could not convert tag: img into an Ant task, data type or property
2003-11-13 12:46:20,906 WARN  org.apache.commons.jelly.tags.ant.AntTag - Could not convert tag: img into an Ant task, data type or property
2003-11-13 12:46:20,906 WARN  org.apache.commons.jelly.tags.ant.AntTag - Could not convert tag: a into an Ant task, data type or property
2003-11-13 12:46:20,906 WARN  org.apache.commons.jelly.tags.ant.AntTag - Could not convert tag: img into an Ant task, data type or property
2003-11-13 12:46:20,906 WARN  org.apache.commons.jelly.tags.ant.AntTag - Could not convert tag: img into an Ant task, data type or property
2003-11-13 12:46:20,906 WARN  org.apache.commons.jelly.tags.ant.AntTag - Could not convert tag: a into an Ant task, data type or property
2003-11-13 12:46:20,906 WARN  org.apache.commons.jelly.tags.ant.AntTag - Could not convert tag: img into an Ant task, data type or property
2003-11-13 12:46:20,906 WARN  org.apache.commons.jelly.tags.ant.AntTag - Could not convert tag: img into an Ant task, data type or property
2003-11-13 12:46:21,015 WARN  org.apache.commons.jelly.tags.ant.AntTag - Could not convert tag: a into an Ant task, data type or property
2003-11-13 12:46:21,015 WARN  org.apache.commons.jelly.tags.ant.AntTag - Could not convert tag: img into an Ant task, data type or property
2003-11-13 12:46:21,015 WARN  org.apache.commons.jelly.tags.ant.AntTag - Could not convert tag: img into an Ant task, data type or property
2003-11-13 12:46:21,031 WARN  org.apache.commons.jelly.tags.ant.AntTag - Could not convert tag: a into an Ant task, data type or property
2003-11-13 12:46:21,031 WARN  org.apache.commons.jelly.tags.ant.AntTag - Could not convert tag: img into an Ant task, data type or property
2003-11-13 12:46:21,031 WARN  org.apache.commons.jelly.tags.ant.AntTag - Could not convert tag: img into an Ant task, data type or property
2003-11-13 12:46:21,031 WARN  org.apache.commons.jelly.tags.ant.AntTag - Could not convert tag: a into an Ant task, data type or property
2003-11-13 12:46:21,031 WARN  org.apache.commons.jelly.tags.ant.AntTag - Could not convert tag: img into an Ant task, data type or property
2003-11-13 12:46:21,031 WARN  org.apache.commons.jelly.tags.ant.AntTag - Could not convert tag: img into an Ant task, data type or property
2003-11-13 12:46:21,031 WARN  org.apache.commons.jelly.tags.ant.AntTag - Could not convert tag: a into an Ant task, data type or property
2003-11-13 12:46:21,031 WARN  org.apache.commons.jelly.tags.ant.AntTag - Could not convert tag: img into an Ant task, data type or property
2003-11-13 12:46:21,031 WARN  org.apache.commons.jelly.tags.ant.AntTag - Could not convert tag: img into an Ant task, data type or property
2003-11-13 12:46:21,109 WARN  org.apache.commons.jelly.tags.ant.AntTag - Could not convert tag: a into an Ant task, data type or property
2003-11-13 12:46:21,109 WARN  org.apache.commons.jelly.tags.ant.AntTag - Could not convert tag: img into an Ant task, data type or property
2003-11-13 12:46:21,125 WARN  org.apache.commons.jelly.tags.ant.AntTag - Could not convert tag: img into an Ant task, data type or property
2003-11-13 12:46:21,125 WARN  org.apache.commons.jelly.tags.ant.AntTag - Could not convert tag: a into an Ant task, data type or property
2003-11-13 12:46:21,125 WARN  org.apache.commons.jelly.tags.ant.AntTag - Could not convert tag: img into an Ant task, data type or property
2003-11-13 12:46:21,125 WARN  org.apache.commons.jelly.tags.ant.AntTag - Could not convert tag: img into an Ant task, data type or property
2003-11-13 12:46:21,125 WARN  org.apache.commons.jelly.tags.ant.AntTag - Could not convert tag: a into an Ant task, data type or property
2003-11-13 12:46:21,125 WARN  org.apache.commons.jelly.tags.ant.AntTag - Could not convert tag: img into an Ant task, data type or property
2003-11-13 12:46:21,125 WARN  org.apache.commons.jelly.tags.ant.AntTag - Could not convert tag: img into an Ant task, data type or property
2003-11-13 12:46:21,125 WARN  org.apache.commons.jelly.tags.ant.AntTag - Could not convert tag: a into an Ant task, data type or property
2003-11-13 12:46:21,125 WARN  org.apache.commons.jelly.tags.ant.AntTag - Could not convert tag: img into an Ant task, data type or property
2003-11-13 12:46:21,125 WARN  org.apache.commons.jelly.tags.ant.AntTag - Could not convert tag: img into an Ant task, data type or property
2003-11-13 12:46:21,156 WARN  org.apache.commons.jelly.tags.ant.AntTag - Could not convert tag: a into an Ant task, data type or property
2003-11-13 12:46:21,156 WARN  org.apache.commons.jelly.tags.ant.AntTag - Could not convert tag: img into an Ant task, data type or property
2003-11-13 12:46:21,156 WARN  org.apache.commons.jelly.tags.ant.AntTag - Could not convert tag: img into an Ant task, data type or property
2003-11-13 12:46:21,156 WARN  org.apache.commons.jelly.tags.ant.AntTag - Could not convert tag: a into an Ant task, data type or property
2003-11-13 12:46:21,171 WARN  org.apache.commons.jelly.tags.ant.AntTag - Could not convert tag: img into an Ant task, data type or property
2003-11-13 12:46:21,171 WARN  org.apache.commons.jelly.tags.ant.AntTag - Could not convert tag: img into an Ant task, data type or property
2003-11-13 12:46:21,171 WARN  org.apache.commons.jelly.tags.ant.AntTag - Could not convert tag: a into an Ant task, data type or property
2003-11-13 12:46:21,171 WARN  org.apache.commons.jelly.tags.ant.AntTag - Could not convert tag: img into an Ant task, data type or property
2003-11-13 12:46:21,171 WARN  org.apache.commons.jelly.tags.ant.AntTag - Could not convert tag: img into an Ant task, data type or property
2003-11-13 12:46:21,171 WARN  org.apache.commons.jelly.tags.ant.AntTag - Could not convert tag: a into an Ant task, data type or property
2003-11-13 12:46:21,171 WARN  org.apache.commons.jelly.tags.ant.AntTag - Could not convert tag: img into an Ant task, data type or property
2003-11-13 12:46:21,171 WARN  org.apache.commons.jelly.tags.ant.AntTag - Could not convert tag: img into an Ant task, data type or property
2003-11-13 12:46:21,203 WARN  org.apache.commons.jelly.tags.ant.AntTag - Could not convert tag: a into an Ant task, data type or property
2003-11-13 12:46:21,203 WARN  org.apache.commons.jelly.tags.ant.AntTag - Could not convert tag: img into an Ant task, data type or property
2003-11-13 12:46:21,203 WARN  org.apache.commons.jelly.tags.ant.AntTag - Could not convert tag: img into an Ant task, data type or property
2003-11-13 12:46:21,203 WARN  org.apache.commons.jelly.tags.ant.AntTag - Could not convert tag: a into an Ant task, data type or property
2003-11-13 12:46:21,203 WARN  org.apache.commons.jelly.tags.ant.AntTag - Could not convert tag: img into an Ant task, data type or property
2003-11-13 12:46:21,203 WARN  org.apache.commons.jelly.tags.ant.AntTag - Could not convert tag: img into an Ant task, data type or property
2003-11-13 12:46:21,218 WARN  org.apache.commons.jelly.tags.ant.AntTag - Could not convert tag: a into an Ant task, data type or property
2003-11-13 12:46:21,218 WARN  org.apache.commons.jelly.tags.ant.AntTag - Could not convert tag: img into an Ant task, data type or property
2003-11-13 12:46:21,218 WARN  org.apache.commons.jelly.tags.ant.AntTag - Could not convert tag: img into an Ant task, data type or property
2003-11-13 12:46:21,218 WARN  org.apache.commons.jelly.tags.ant.AntTag - Could not convert tag: a into an Ant task, data type or property
2003-11-13 12:46:21,218 WARN  org.apache.commons.jelly.tags.ant.AntTag - Could not convert tag: img into an Ant task, data type or property
2003-11-13 12:46:21,218 WARN  org.apache.commons.jelly.tags.ant.AntTag - Could not convert tag: img into an Ant task, data type or property
2003-11-13 12:46:21,265 WARN  org.apache.commons.jelly.tags.ant.AntTag - Could not convert tag: a into an Ant task, data type or property
2003-11-13 12:46:21,265 WARN  org.apache.commons.jelly.tags.ant.AntTag - Could not convert tag: img into an Ant task, data type or property
2003-11-13 12:46:21,265 WARN  org.apache.commons.jelly.tags.ant.AntTag - Could not convert tag: img into an Ant task, data type or property
2003-11-13 12:46:21,265 WARN  org.apache.commons.jelly.tags.ant.AntTag - Could not convert tag: a into an Ant task, data type or property
2003-11-13 12:46:21,265 WARN  org.apache.commons.jelly.tags.ant.AntTag - Could not convert tag: img into an Ant task, data type or property
2003-11-13 12:46:21,265 WARN  org.apache.commons.jelly.tags.ant.AntTag - Could not convert tag: img into an Ant task, data type or property
2003-11-13 12:46:21,265 WARN  org.apache.commons.jelly.tags.ant.AntTag - Could not convert tag: a into an Ant task, data type or property
2003-11-13 12:46:21,265 WARN  org.apache.commons.jelly.tags.ant.AntTag - Could not convert tag: img into an Ant task, data type or property
2003-11-13 12:46:21,265 WARN  org.apache.commons.jelly.tags.ant.AntTag - Could not convert tag: img into an Ant task, data type or property
2003-11-13 12:46:21,265 WARN  org.apache.commons.jelly.tags.ant.AntTag - Could not convert tag: a into an Ant task, data type or property
2003-11-13 12:46:21,265 WARN  org.apache.commons.jelly.tags.ant.AntTag - Could not convert tag: img into an Ant task, data type or property
2003-11-13 12:46:21,265 WARN  org.apache.commons.jelly.tags.ant.AntTag - Could not convert tag: img into an Ant task, data type or property
2003-11-13 12:46:21,312 WARN  org.apache.commons.jelly.tags.ant.AntTag - Could not convert tag: a into an Ant task, data type or property
2003-11-13 12:46:21,312 WARN  org.apache.commons.jelly.tags.ant.AntTag - Could not convert tag: img into an Ant task, data type or property
2003-11-13 12:46:21,312 WARN  org.apache.commons.jelly.tags.ant.AntTag - Could not convert tag: img into an Ant task, data type or property
2003-11-13 12:46:21,312 WARN  org.apache.commons.jelly.tags.ant.AntTag - Could not convert tag: a into an Ant task, data type or property
2003-11-13 12:46:21,312 WARN  org.apache.commons.jelly.tags.ant.AntTag - Could not convert tag: img into an Ant task, data type or property
2003-11-13 12:46:21,312 WARN  org.apache.commons.jelly.tags.ant.AntTag - Could not convert tag: img into an Ant task, data type or property
2003-11-13 12:46:21,312 WARN  org.apache.commons.jelly.tags.ant.AntTag - Could not convert tag: a into an Ant task, data type or property
2003-11-13 12:46:21,312 WARN  org.apache.commons.jelly.tags.ant.AntTag - Could not convert tag: img into an Ant task, data type or property
2003-11-13 12:46:21,312 WARN  org.apache.commons.jelly.tags.ant.AntTag - Could not convert tag: img into an Ant task, data type or property
2003-11-13 12:46:21,312 WARN  org.apache.commons.jelly.tags.ant.AntTag - Could not convert tag: a into an Ant task, data type or property
2003-11-13 12:46:21,312 WARN  org.apache.commons.jelly.tags.ant.AntTag - Could not convert tag: img into an Ant task, data type or property
2003-11-13 12:46:21,312 WARN  org.apache.commons.jelly.tags.ant.AntTag - Could not convert tag: img into an Ant task, data type or property
2003-11-13 12:46:21,343 WARN  org.apache.commons.jelly.tags.ant.AntTag - Could not convert tag: a into an Ant task, data type or property
2003-11-13 12:46:21,343 WARN  org.apache.commons.jelly.tags.ant.AntTag - Could not convert tag: img into an Ant task, data type or property
2003-11-13 12:46:21,343 WARN  org.apache.commons.jelly.tags.ant.AntTag - Could not convert tag: img into an Ant task, data type or property
2003-11-13 12:46:21,343 WARN  org.apache.commons.jelly.tags.ant.AntTag - Could not convert tag: a into an Ant task, data type or property
2003-11-13 12:46:21,343 WARN  org.apache.commons.jelly.tags.ant.AntTag - Could not convert tag: img into an Ant task, data type or property
2003-11-13 12:46:21,343 WARN  org.apache.commons.jelly.tags.ant.AntTag - Could not convert tag: img into an Ant task, data type or property
2003-11-13 12:46:21,343 WARN  org.apache.commons.jelly.tags.ant.AntTag - Could not convert tag: a into an Ant task, data type or property
2003-11-13 12:46:21,343 WARN  org.apache.commons.jelly.tags.ant.AntTag - Could not convert tag: img into an Ant task, data type or property
2003-11-13 12:46:21,343 WARN  org.apache.commons.jelly.tags.ant.AntTag - Could not convert tag: img into an Ant task, data type or property
2003-11-13 12:46:21,359 WARN  org.apache.commons.jelly.tags.ant.AntTag - Could not convert tag: a into an Ant task, data type or property
2003-11-13 12:46:21,359 WARN  org.apache.commons.jelly.tags.ant.AntTag - Could not convert tag: img into an Ant task, data type or property
2003-11-13 12:46:21,359 WARN  org.apache.commons.jelly.tags.ant.AntTag - Could not convert tag: img into an Ant task, data type or property
2003-11-13 12:46:21,406 WARN  org.apache.commons.jelly.tags.ant.AntTag - Could not convert tag: a into an Ant task, data type or property
2003-11-13 12:46:21,406 WARN  org.apache.commons.jelly.tags.ant.AntTag - Could not convert tag: img into an Ant task, data type or property
2003-11-13 12:46:21,406 WARN  org.apache.commons.jelly.tags.ant.AntTag - Could not convert tag: img into an Ant task, data type or property
2003-11-13 12:46:21,406 WARN  org.apache.commons.jelly.tags.ant.AntTag - Could not convert tag: a into an Ant task, data type or property
2003-11-13 12:46:21,406 WARN  org.apache.commons.jelly.tags.ant.AntTag - Could not convert tag: img into an Ant task, data type or property
2003-11-13 12:46:21,406 WARN  org.apache.commons.jelly.tags.ant.AntTag - Could not convert tag: img into an Ant task, data type or property
2003-11-13 12:46:21,406 WARN  org.apache.commons.jelly.tags.ant.AntTag - Could not convert tag: a into an Ant task, data type or property
2003-11-13 12:46:21,406 WARN  org.apache.commons.jelly.tags.ant.AntTag - Could not convert tag: img into an Ant task, data type or property
2003-11-13 12:46:21,406 WARN  org.apache.commons.jelly.tags.ant.AntTag - Could not convert tag: img into an Ant task, data type or property
2003-11-13 12:46:21,406 WARN  org.apache.commons.jelly.tags.ant.AntTag - Could not convert tag: a into an Ant task, data type or property
2003-11-13 12:46:21,406 WARN  org.apache.commons.jelly.tags.ant.AntTag - Could not convert tag: img into an Ant task, data type or property
2003-11-13 12:46:21,406 WARN  org.apache.commons.jelly.tags.ant.AntTag - Could not convert tag: img into an Ant task, data type or property
2003-11-13 12:46:21,453 WARN  org.apache.commons.jelly.tags.ant.AntTag - Could not convert tag: a into an Ant task, data type or property
2003-11-13 12:46:21,453 WARN  org.apache.commons.jelly.tags.ant.AntTag - Could not convert tag: img into an Ant task, data type or property
2003-11-13 12:46:21,453 WARN  org.apache.commons.jelly.tags.ant.AntTag - Could not convert tag: img into an Ant task, data type or property
2003-11-13 12:46:21,453 WARN  org.apache.commons.jelly.tags.ant.AntTag - Could not convert tag: a into an Ant task, data type or property
2003-11-13 12:46:21,453 WARN  org.apache.commons.jelly.tags.ant.AntTag - Could not convert tag: img into an Ant task, data type or property
2003-11-13 12:46:21,453 WARN  org.apache.commons.jelly.tags.ant.AntTag - Could not convert tag: img into an Ant task, data type or property
2003-11-13 12:46:21,453 WARN  org.apache.commons.jelly.tags.ant.AntTag - Could not convert tag: a into an Ant task, data type or property
2003-11-13 12:46:21,453 WARN  org.apache.commons.jelly.tags.ant.AntTag - Could not convert tag: img into an Ant task, data type or property
2003-11-13 12:46:21,453 WARN  org.apache.commons.jelly.tags.ant.AntTag - Could not convert tag: img into an Ant task, data type or property
2003-11-13 12:46:21,453 WARN  org.apache.commons.jelly.tags.ant.AntTag - Could not convert tag: a into an Ant task, data type or property
2003-11-13 12:46:21,453 WARN  org.apache.commons.jelly.tags.ant.AntTag - Could not convert tag: img into an Ant task, data type or property
2003-11-13 12:46:21,453 WARN  org.apache.commons.jelly.tags.ant.AntTag - Could not convert tag: img into an Ant task, data type or property
2003-11-13 12:46:21,484 WARN  org.apache.commons.jelly.tags.ant.AntTag - Could not convert tag: a into an Ant task, data type or property
2003-11-13 12:46:21,484 WARN  org.apache.commons.jelly.tags.ant.AntTag - Could not convert tag: img into an Ant task, data type or property
2003-11-13 12:46:21,484 WARN  org.apache.commons.jelly.tags.ant.AntTag - Could not convert tag: img into an Ant task, data type or property
2003-11-13 12:46:21,484 WARN  org.apache.commons.jelly.tags.ant.AntTag - Could not convert tag: a into an Ant task, data type or property
2003-11-13 12:46:21,484 WARN  org.apache.commons.jelly.tags.ant.AntTag - Could not convert tag: img into an Ant task, data type or property
2003-11-13 12:46:21,484 WARN  org.apache.commons.jelly.tags.ant.AntTag - Could not convert tag: img into an Ant task, data type or property
2003-11-13 12:46:21,500 WARN  org.apache.commons.jelly.tags.ant.AntTag - Could not convert tag: a into an Ant task, data type or property
2003-11-13 12:46:21,500 WARN  org.apache.commons.jelly.tags.ant.AntTag - Could not convert tag: img into an Ant task, data type or property
2003-11-13 12:46:21,500 WARN  org.apache.commons.jelly.tags.ant.AntTag - Could not convert tag: img into an Ant task, data type or property
2003-11-13 12:46:21,500 WARN  org.apache.commons.jelly.tags.ant.AntTag - Could not convert tag: a into an Ant task, data type or property
2003-11-13 12:46:21,500 WARN  org.apache.commons.jelly.tags.ant.AntTag - Could not convert tag: img into an Ant task, data type or property
2003-11-13 12:46:21,500 WARN  org.apache.commons.jelly.tags.ant.AntTag - Could not convert tag: img into an Ant task, data type or property
2003-11-13 12:46:21,562 WARN  org.apache.commons.jelly.tags.ant.AntTag - Could not convert tag: a into an Ant task, data type or property
2003-11-13 12:46:21,562 WARN  org.apache.commons.jelly.tags.ant.AntTag - Could not convert tag: img into an Ant task, data type or property
2003-11-13 12:46:21,562 WARN  org.apache.commons.jelly.tags.ant.AntTag - Could not convert tag: img into an Ant task, data type or property
2003-11-13 12:46:21,562 WARN  org.apache.commons.jelly.tags.ant.AntTag - Could not convert tag: a into an Ant task, data type or property
2003-11-13 12:46:21,562 WARN  org.apache.commons.jelly.tags.ant.AntTag - Could not convert tag: img into an Ant task, data type or property
2003-11-13 12:46:21,562 WARN  org.apache.commons.jelly.tags.ant.AntTag - Could not convert tag: img into an Ant task, data type or property
2003-11-13 12:46:21,562 WARN  org.apache.commons.jelly.tags.ant.AntTag - Could not convert tag: a into an Ant task, data type or property
2003-11-13 12:46:21,562 WARN  org.apache.commons.jelly.tags.ant.AntTag - Could not convert tag: img into an Ant task, data type or property
2003-11-13 12:46:21,562 WARN  org.apache.commons.jelly.tags.ant.AntTag - Could not convert tag: img into an Ant task, data type or property
2003-11-13 12:46:21,562 WARN  org.apache.commons.jelly.tags.ant.AntTag - Could not convert tag: a into an Ant task, data type or property
2003-11-13 12:46:21,562 WARN  org.apache.commons.jelly.tags.ant.AntTag - Could not convert tag: img into an Ant task, data type or property
2003-11-13 12:46:21,562 WARN  org.apache.commons.jelly.tags.ant.AntTag - Could not convert tag: img into an Ant task, data type or property
2003-11-13 12:46:21,609 WARN  org.apache.commons.jelly.tags.ant.AntTag - Could not convert tag: a into an Ant task, data type or property
2003-11-13 12:46:21,609 WARN  org.apache.commons.jelly.tags.ant.AntTag - Could not convert tag: img into an Ant task, data type or property
2003-11-13 12:46:21,609 WARN  org.apache.commons.jelly.tags.ant.AntTag - Could not convert tag: img into an Ant task, data type or property
2003-11-13 12:46:21,609 WARN  org.apache.commons.jelly.tags.ant.AntTag - Could not convert tag: a into an Ant task, data type or property
2003-11-13 12:46:21,609 WARN  org.apache.commons.jelly.tags.ant.AntTag - Could not convert tag: img into an Ant task, data type or property
2003-11-13 12:46:21,609 WARN  org.apache.commons.jelly.tags.ant.AntTag - Could not convert tag: img into an Ant task, data type or property
2003-11-13 12:46:21,609 WARN  org.apache.commons.jelly.tags.ant.AntTag - Could not convert tag: a into an Ant task, data type or property
2003-11-13 12:46:21,609 WARN  org.apache.commons.jelly.tags.ant.AntTag - Could not convert tag: img into an Ant task, data type or property
2003-11-13 12:46:21,609 WARN  org.apache.commons.jelly.tags.ant.AntTag - Could not convert tag: img into an Ant task, data type or property
2003-11-13 12:46:21,609 WARN  org.apache.commons.jelly.tags.ant.AntTag - Could not convert tag: a into an Ant task, data type or property
2003-11-13 12:46:21,609 WARN  org.apache.commons.jelly.tags.ant.AntTag - Could not convert tag: img into an Ant task, data type or property
2003-11-13 12:46:21,609 WARN  org.apache.commons.jelly.tags.ant.AntTag - Could not convert tag: img into an Ant task, data type or property
2003-11-13 12:46:21,656 WARN  org.apache.commons.jelly.tags.ant.AntTag - Could not convert tag: a into an Ant task, data type or property
2003-11-13 12:46:21,656 WARN  org.apache.commons.jelly.tags.ant.AntTag - Could not convert tag: img into an Ant task, data type or property
2003-11-13 12:46:21,656 WARN  org.apache.commons.jelly.tags.ant.AntTag - Could not convert tag: img into an Ant task, data type or property
2003-11-13 12:46:21,656 WARN  org.apache.commons.jelly.tags.ant.AntTag - Could not convert tag: a into an Ant task, data type or property
2003-11-13 12:46:21,656 WARN  org.apache.commons.jelly.tags.ant.AntTag - Could not convert tag: img into an Ant task, data type or property
2003-11-13 12:46:21,656 WARN  org.apache.commons.jelly.tags.ant.AntTag - Could not convert tag: img into an Ant task, data type or property
2003-11-13 12:46:21,671 WARN  org.apache.commons.jelly.tags.ant.AntTag - Could not convert tag: a into an Ant task, data type or property
2003-11-13 12:46:21,671 WARN  org.apache.commons.jelly.tags.ant.AntTag - Could not convert tag: img into an Ant task, data type or property
2003-11-13 12:46:21,671 WARN  org.apache.commons.jelly.tags.ant.AntTag - Could not convert tag: img into an Ant task, data type or property
2003-11-13 12:46:21,671 WARN  org.apache.commons.jelly.tags.ant.AntTag - Could not convert tag: a into an Ant task, data type or property
2003-11-13 12:46:21,671 WARN  org.apache.commons.jelly.tags.ant.AntTag - Could not convert tag: img into an Ant task, data type or property
2003-11-13 12:46:21,671 WARN  org.apache.commons.jelly.tags.ant.AntTag - Could not convert tag: img into an Ant task, data type or property
2003-11-13 12:46:21,703 WARN  org.apache.commons.jelly.tags.ant.AntTag - Could not convert tag: a into an Ant task, data type or property
2003-11-13 12:46:21,703 WARN  org.apache.commons.jelly.tags.ant.AntTag - Could not convert tag: img into an Ant task, data type or property
2003-11-13 12:46:21,703 WARN  org.apache.commons.jelly.tags.ant.AntTag - Could not convert tag: img into an Ant task, data type or property
2003-11-13 12:46:21,703 WARN  org.apache.commons.jelly.tags.ant.AntTag - Could not convert tag: a into an Ant task, data type or property
2003-11-13 12:46:21,703 WARN  org.apache.commons.jelly.tags.ant.AntTag - Could not convert tag: img into an Ant task, data type or property
2003-11-13 12:46:21,703 WARN  org.apache.commons.jelly.tags.ant.AntTag - Could not convert tag: img into an Ant task, data type or property
2003-11-13 12:46:21,703 WARN  org.apache.commons.jelly.tags.ant.AntTag - Could not convert tag: a into an Ant task, data type or property
2003-11-13 12:46:21,703 WARN  org.apache.commons.jelly.tags.ant.AntTag - Could not convert tag: img into an Ant task, data type or property
2003-11-13 12:46:21,703 WARN  org.apache.commons.jelly.tags.ant.AntTag - Could not convert tag: img into an Ant task, data type or property
2003-11-13 12:46:21,703 WARN  org.apache.commons.jelly.tags.ant.AntTag - Could not convert tag: a into an Ant task, data type or property
2003-11-13 12:46:21,703 WARN  org.apache.commons.jelly.tags.ant.AntTag - Could not convert tag: img into an Ant task, data type or property
2003-11-13 12:46:21,703 WARN  org.apache.commons.jelly.tags.ant.AntTag - Could not convert tag: img into an Ant task, data type or property
2003-11-13 12:46:21,750 WARN  org.apache.commons.jelly.tags.ant.AntTag - Could not convert tag: a into an Ant task, data type or property
2003-11-13 12:46:21,750 WARN  org.apache.commons.jelly.tags.ant.AntTag - Could not convert tag: img into an Ant task, data type or property
2003-11-13 12:46:21,750 WARN  org.apache.commons.jelly.tags.ant.AntTag - Could not convert tag: img into an Ant task, data type or property
2003-11-13 12:46:21,750 WARN  org.apache.commons.jelly.tags.ant.AntTag - Could not convert tag: a into an Ant task, data type or property
2003-11-13 12:46:21,750 WARN  org.apache.commons.jelly.tags.ant.AntTag - Could not convert tag: img into an Ant task, data type or property
2003-11-13 12:46:21,750 WARN  org.apache.commons.jelly.tags.ant.AntTag - Could not convert tag: img into an Ant task, data type or property
2003-11-13 12:46:21,750 WARN  org.apache.commons.jelly.tags.ant.AntTag - Could not convert tag: a into an Ant task, data type or property
2003-11-13 12:46:21,750 WARN  org.apache.commons.jelly.tags.ant.AntTag - Could not convert tag: img into an Ant task, data type or property
2003-11-13 12:46:21,750 WARN  org.apache.commons.jelly.tags.ant.AntTag - Could not convert tag: img into an Ant task, data type or property
2003-11-13 12:46:21,750 WARN  org.apache.commons.jelly.tags.ant.AntTag - Could not convert tag: a into an Ant task, data type or property
2003-11-13 12:46:21,750 WARN  org.apache.commons.jelly.tags.ant.AntTag - Could not convert tag: img into an Ant task, data type or property
2003-11-13 12:46:21,750 WARN  org.apache.commons.jelly.tags.ant.AntTag - Could not convert tag: img into an Ant task, data type or property
2003-11-13 12:46:21,796 WARN  org.apache.commons.jelly.tags.ant.AntTag - Could not convert tag: a into an Ant task, data type or property
2003-11-13 12:46:21,796 WARN  org.apache.commons.jelly.tags.ant.AntTag - Could not convert tag: img into an Ant task, data type or property
2003-11-13 12:46:21,796 WARN  org.apache.commons.jelly.tags.ant.AntTag - Could not convert tag: img into an Ant task, data type or property
2003-11-13 12:46:21,796 WARN  org.apache.commons.jelly.tags.ant.AntTag - Could not convert tag: a into an Ant task, data type or property
2003-11-13 12:46:21,796 WARN  org.apache.commons.jelly.tags.ant.AntTag - Could not convert tag: img into an Ant task, data type or property
2003-11-13 12:46:21,796 WARN  org.apache.commons.jelly.tags.ant.AntTag - Could not convert tag: img into an Ant task, data type or property
2003-11-13 12:46:21,812 WARN  org.apache.commons.jelly.tags.ant.AntTag - Could not convert tag: a into an Ant task, data type or property
2003-11-13 12:46:21,812 WARN  org.apache.commons.jelly.tags.ant.AntTag - Could not convert tag: img into an Ant task, data type or property
2003-11-13 12:46:21,812 WARN  org.apache.commons.jelly.tags.ant.AntTag - Could not convert tag: img into an Ant task, data type or property
2003-11-13 12:46:21,812 WARN  org.apache.commons.jelly.tags.ant.AntTag - Could not convert tag: a into an Ant task, data type or property
2003-11-13 12:46:21,812 WARN  org.apache.commons.jelly.tags.ant.AntTag - Could not convert tag: img into an Ant task, data type or property
2003-11-13 12:46:21,812 WARN  org.apache.commons.jelly.tags.ant.AntTag - Could not convert tag: img into an Ant task, data type or property
2003-11-13 12:46:21,843 WARN  org.apache.commons.jelly.tags.ant.AntTag - Could not convert tag: a into an Ant task, data type or property
2003-11-13 12:46:21,843 WARN  org.apache.commons.jelly.tags.ant.AntTag - Could not convert tag: img into an Ant task, data type or property
2003-11-13 12:46:21,843 WARN  org.apache.commons.jelly.tags.ant.AntTag - Could not convert tag: img into an Ant task, data type or property
2003-11-13 12:46:21,843 WARN  org.apache.commons.jelly.tags.ant.AntTag - Could not convert tag: a into an Ant task, data type or property
2003-11-13 12:46:21,843 WARN  org.apache.commons.jelly.tags.ant.AntTag - Could not convert tag: img into an Ant task, data type or property
2003-11-13 12:46:21,843 WARN  org.apache.commons.jelly.tags.ant.AntTag - Could not convert tag: img into an Ant task, data type or property
2003-11-13 12:46:21,843 WARN  org.apache.commons.jelly.tags.ant.AntTag - Could not convert tag: a into an Ant task, data type or property
2003-11-13 12:46:21,843 WARN  org.apache.commons.jelly.tags.ant.AntTag - Could not convert tag: img into an Ant task, data type or property
2003-11-13 12:46:21,843 WARN  org.apache.commons.jelly.tags.ant.AntTag - Could not convert tag: img into an Ant task, data type or property
2003-11-13 12:46:21,859 WARN  org.apache.commons.jelly.tags.ant.AntTag - Could not convert tag: a into an Ant task, data type or property
2003-11-13 12:46:21,859 WARN  org.apache.commons.jelly.tags.ant.AntTag - Could not convert tag: img into an Ant task, data type or property
2003-11-13 12:46:21,859 WARN  org.apache.commons.jelly.tags.ant.AntTag - Could not convert tag: img into an Ant task, data type or property
2003-11-13 12:46:21,890 WARN  org.apache.commons.jelly.tags.ant.AntTag - Could not convert tag: a into an Ant task, data type or property
2003-11-13 12:46:21,890 WARN  org.apache.commons.jelly.tags.ant.AntTag - Could not convert tag: img into an Ant task, data type or property
2003-11-13 12:46:21,890 WARN  org.apache.commons.jelly.tags.ant.AntTag - Could not convert tag: img into an Ant task, data type or property
2003-11-13 12:46:21,890 WARN  org.apache.commons.jelly.tags.ant.AntTag - Could not convert tag: a into an Ant task, data type or property
2003-11-13 12:46:21,890 WARN  org.apache.commons.jelly.tags.ant.AntTag - Could not convert tag: img into an Ant task, data type or property
2003-11-13 12:46:21,890 WARN  org.apache.commons.jelly.tags.ant.AntTag - Could not convert tag: img into an Ant task, data type or property
2003-11-13 12:46:21,890 WARN  org.apache.commons.jelly.tags.ant.AntTag - Could not convert tag: a into an Ant task, data type or property
2003-11-13 12:46:21,890 WARN  org.apache.commons.jelly.tags.ant.AntTag - Could not convert tag: img into an Ant task, data type or property
2003-11-13 12:46:21,890 WARN  org.apache.commons.jelly.tags.ant.AntTag - Could not convert tag: img into an Ant task, data type or property
2003-11-13 12:46:21,890 WARN  org.apache.commons.jelly.tags.ant.AntTag - Could not convert tag: a into an Ant task, data type or property
2003-11-13 12:46:21,890 WARN  org.apache.commons.jelly.tags.ant.AntTag - Could not convert tag: img into an Ant task, data type or property
2003-11-13 12:46:21,890 WARN  org.apache.commons.jelly.tags.ant.AntTag - Could not convert tag: img into an Ant task, data type or property
2003-11-13 12:46:21,953 WARN  org.apache.commons.jelly.tags.ant.AntTag - Could not convert tag: a into an Ant task, data type or property
2003-11-13 12:46:21,953 WARN  org.apache.commons.jelly.tags.ant.AntTag - Could not convert tag: img into an Ant task, data type or property
2003-11-13 12:46:21,953 WARN  org.apache.commons.jelly.tags.ant.AntTag - Could not convert tag: img into an Ant task, data type or property
2003-11-13 12:46:21,953 WARN  org.apache.commons.jelly.tags.ant.AntTag - Could not convert tag: a into an Ant task, data type or property
2003-11-13 12:46:21,953 WARN  org.apache.commons.jelly.tags.ant.AntTag - Could not convert tag: img into an Ant task, data type or property
2003-11-13 12:46:21,953 WARN  org.apache.commons.jelly.tags.ant.AntTag - Could not convert tag: img into an Ant task, data type or property
2003-11-13 12:46:21,953 WARN  org.apache.commons.jelly.tags.ant.AntTag - Could not convert tag: a into an Ant task, data type or property
2003-11-13 12:46:21,953 WARN  org.apache.commons.jelly.tags.ant.AntTag - Could not convert tag: img into an Ant task, data type or property
2003-11-13 12:46:21,953 WARN  org.apache.commons.jelly.tags.ant.AntTag - Could not convert tag: img into an Ant task, data type or property
2003-11-13 12:46:21,953 WARN  org.apache.commons.jelly.tags.ant.AntTag - Could not convert tag: a into an Ant task, data type or property
2003-11-13 12:46:21,953 WARN  org.apache.commons.jelly.tags.ant.AntTag - Could not convert tag: img into an Ant task, data type or property
2003-11-13 12:46:21,953 WARN  org.apache.commons.jelly.tags.ant.AntTag - Could not convert tag: img into an Ant task, data type or property
2003-11-13 12:46:21,984 WARN  org.apache.commons.jelly.tags.ant.AntTag - Could not convert tag: a into an Ant task, data type or property
2003-11-13 12:46:21,984 WARN  org.apache.commons.jelly.tags.ant.AntTag - Could not convert tag: img into an Ant task, data type or property
2003-11-13 12:46:21,984 WARN  org.apache.commons.jelly.tags.ant.AntTag - Could not convert tag: img into an Ant task, data type or property
2003-11-13 12:46:22,000 WARN  org.apache.commons.jelly.tags.ant.AntTag - Could not convert tag: a into an Ant task, data type or property
2003-11-13 12:46:22,000 WARN  org.apache.commons.jelly.tags.ant.AntTag - Could not convert tag: img into an Ant task, data type or property
2003-11-13 12:46:22,000 WARN  org.apache.commons.jelly.tags.ant.AntTag - Could not convert tag: img into an Ant task, data type or property
2003-11-13 12:46:22,000 WARN  org.apache.commons.jelly.tags.ant.AntTag - Could not convert tag: a into an Ant task, data type or property
2003-11-13 12:46:22,000 WARN  org.apache.commons.jelly.tags.ant.AntTag - Could not convert tag: img into an Ant task, data type or property
2003-11-13 12:46:22,000 WARN  org.apache.commons.jelly.tags.ant.AntTag - Could not convert tag: img into an Ant task, data type or property
2003-11-13 12:46:22,000 WARN  org.apache.commons.jelly.tags.ant.AntTag - Could not convert tag: a into an Ant task, data type or property
2003-11-13 12:46:22,000 WARN  org.apache.commons.jelly.tags.ant.AntTag - Could not convert tag: img into an Ant task, data type or property
2003-11-13 12:46:22,000 WARN  org.apache.commons.jelly.tags.ant.AntTag - Could not convert tag: img into an Ant task, data type or property
2003-11-13 12:46:22,031 WARN  org.apache.commons.jelly.tags.ant.AntTag - Could not convert tag: a into an Ant task, data type or property
2003-11-13 12:46:22,031 WARN  org.apache.commons.jelly.tags.ant.AntTag - Could not convert tag: img into an Ant task, data type or property
2003-11-13 12:46:22,031 WARN  org.apache.commons.jelly.tags.ant.AntTag - Could not convert tag: img into an Ant task, data type or property
2003-11-13 12:46:22,031 WARN  org.apache.commons.jelly.tags.ant.AntTag - Could not convert tag: a into an Ant task, data type or property
2003-11-13 12:46:22,031 WARN  org.apache.commons.jelly.tags.ant.AntTag - Could not convert tag: img into an Ant task, data type or property
2003-11-13 12:46:22,031 WARN  org.apache.commons.jelly.tags.ant.AntTag - Could not convert tag: img into an Ant task, data type or property
2003-11-13 12:46:22,031 WARN  org.apache.commons.jelly.tags.ant.AntTag - Could not convert tag: a into an Ant task, data type or property
2003-11-13 12:46:22,031 WARN  org.apache.commons.jelly.tags.ant.AntTag - Could not convert tag: img into an Ant task, data type or property
2003-11-13 12:46:22,031 WARN  org.apache.commons.jelly.tags.ant.AntTag - Could not convert tag: img into an Ant task, data type or property
2003-11-13 12:46:22,031 WARN  org.apache.commons.jelly.tags.ant.AntTag - Could not convert tag: a into an Ant task, data type or property
2003-11-13 12:46:22,031 WARN  org.apache.commons.jelly.tags.ant.AntTag - Could not convert tag: img into an Ant task, data type or property
2003-11-13 12:46:22,031 WARN  org.apache.commons.jelly.tags.ant.AntTag - Could not convert tag: img into an Ant task, data type or property
2003-11-13 12:46:22,093 WARN  org.apache.commons.jelly.tags.ant.AntTag - Could not convert tag: a into an Ant task, data type or property
2003-11-13 12:46:22,093 WARN  org.apache.commons.jelly.tags.ant.AntTag - Could not convert tag: img into an Ant task, data type or property
2003-11-13 12:46:22,093 WARN  org.apache.commons.jelly.tags.ant.AntTag - Could not convert tag: img into an Ant task, data type or property
2003-11-13 12:46:22,093 WARN  org.apache.commons.jelly.tags.ant.AntTag - Could not convert tag: a into an Ant task, data type or property
2003-11-13 12:46:22,093 WARN  org.apache.commons.jelly.tags.ant.AntTag - Could not convert tag: img into an Ant task, data type or property
2003-11-13 12:46:22,093 WARN  org.apache.commons.jelly.tags.ant.AntTag - Could not convert tag: img into an Ant task, data type or property
2003-11-13 12:46:22,093 WARN  org.apache.commons.jelly.tags.ant.AntTag - Could not convert tag: a into an Ant task, data type or property
2003-11-13 12:46:22,093 WARN  org.apache.commons.jelly.tags.ant.AntTag - Could not convert tag: img into an Ant task, data type or property
2003-11-13 12:46:22,093 WARN  org.apache.commons.jelly.tags.ant.AntTag - Could not convert tag: img into an Ant task, data type or property
2003-11-13 12:46:22,093 WARN  org.apache.commons.jelly.tags.ant.AntTag - Could not convert tag: a into an Ant task, data type or property
2003-11-13 12:46:22,093 WARN  org.apache.commons.jelly.tags.ant.AntTag - Could not convert tag: img into an Ant task, data type or property
2003-11-13 12:46:22,093 WARN  org.apache.commons.jelly.tags.ant.AntTag - Could not convert tag: img into an Ant task, data type or property
2003-11-13 12:46:22,140 WARN  org.apache.commons.jelly.tags.ant.AntTag - Could not convert tag: a into an Ant task, data type or property
2003-11-13 12:46:22,140 WARN  org.apache.commons.jelly.tags.ant.AntTag - Could not convert tag: img into an Ant task, data type or property
2003-11-13 12:46:22,140 WARN  org.apache.commons.jelly.tags.ant.AntTag - Could not convert tag: img into an Ant task, data type or property
2003-11-13 12:46:22,140 WARN  org.apache.commons.jelly.tags.ant.AntTag - Could not convert tag: a into an Ant task, data type or property
2003-11-13 12:46:22,140 WARN  org.apache.commons.jelly.tags.ant.AntTag - Could not convert tag: img into an Ant task, data type or property
2003-11-13 12:46:22,140 WARN  org.apache.commons.jelly.tags.ant.AntTag - Could not convert tag: img into an Ant task, data type or property
2003-11-13 12:46:22,140 WARN  org.apache.commons.jelly.tags.ant.AntTag - Could not convert tag: a into an Ant task, data type or property
2003-11-13 12:46:22,140 WARN  org.apache.commons.jelly.tags.ant.AntTag - Could not convert tag: img into an Ant task, data type or property
2003-11-13 12:46:22,140 WARN  org.apache.commons.jelly.tags.ant.AntTag - Could not convert tag: img into an Ant task, data type or property
2003-11-13 12:46:22,140 WARN  org.apache.commons.jelly.tags.ant.AntTag - Could not convert tag: a into an Ant task, data type or property
2003-11-13 12:46:22,140 WARN  org.apache.commons.jelly.tags.ant.AntTag - Could not convert tag: img into an Ant task, data type or property
2003-11-13 12:46:22,140 WARN  org.apache.commons.jelly.tags.ant.AntTag - Could not convert tag: img into an Ant task, data type or property
2003-11-13 12:46:22,171 WARN  org.apache.commons.jelly.tags.ant.AntTag - Could not convert tag: a into an Ant task, data type or property
2003-11-13 12:46:22,171 WARN  org.apache.commons.jelly.tags.ant.AntTag - Could not convert tag: img into an Ant task, data type or property
2003-11-13 12:46:22,171 WARN  org.apache.commons.jelly.tags.ant.AntTag - Could not convert tag: img into an Ant task, data type or property
2003-11-13 12:46:22,203 WARN  org.apache.commons.jelly.tags.ant.AntTag - Could not convert tag: a into an Ant task, data type or property
2003-11-13 12:46:22,203 WARN  org.apache.commons.jelly.tags.ant.AntTag - Could not convert tag: img into an Ant task, data type or property
2003-11-13 12:46:22,203 WARN  org.apache.commons.jelly.tags.ant.AntTag - Could not convert tag: img into an Ant task, data type or property
2003-11-13 12:46:22,203 WARN  org.apache.commons.jelly.tags.ant.AntTag - Could not convert tag: a into an Ant task, data type or property
2003-11-13 12:46:22,203 WARN  org.apache.commons.jelly.tags.ant.AntTag - Could not convert tag: img into an Ant task, data type or property
2003-11-13 12:46:22,203 WARN  org.apache.commons.jelly.tags.ant.AntTag - Could not convert tag: img into an Ant task, data type or property
2003-11-13 12:46:22,203 WARN  org.apache.commons.jelly.tags.ant.AntTag - Could not convert tag: a into an Ant task, data type or property
2003-11-13 12:46:22,203 WARN  org.apache.commons.jelly.tags.ant.AntTag - Could not convert tag: img into an Ant task, data type or property
2003-11-13 12:46:22,203 WARN  org.apache.commons.jelly.tags.ant.AntTag - Could not convert tag: img into an Ant task, data type or property
2003-11-13 12:46:22,234 WARN  org.apache.commons.jelly.tags.ant.AntTag - Could not convert tag: a into an Ant task, data type or property
2003-11-13 12:46:22,234 WARN  org.apache.commons.jelly.tags.ant.AntTag - Could not convert tag: img into an Ant task, data type or property
2003-11-13 12:46:22,234 WARN  org.apache.commons.jelly.tags.ant.AntTag - Could not convert tag: img into an Ant task, data type or property
2003-11-13 12:46:22,234 WARN  org.apache.commons.jelly.tags.ant.AntTag - Could not convert tag: a into an Ant task, data type or property
2003-11-13 12:46:22,234 WARN  org.apache.commons.jelly.tags.ant.AntTag - Could not convert tag: img into an Ant task, data type or property
2003-11-13 12:46:22,234 WARN  org.apache.commons.jelly.tags.ant.AntTag - Could not convert tag: img into an Ant task, data type or property
2003-11-13 12:46:22,234 WARN  org.apache.commons.jelly.tags.ant.AntTag - Could not convert tag: a into an Ant task, data type or property
2003-11-13 12:46:22,234 WARN  org.apache.commons.jelly.tags.ant.AntTag - Could not convert tag: img into an Ant task, data type or property
2003-11-13 12:46:22,234 WARN  org.apache.commons.jelly.tags.ant.AntTag - Could not convert tag: img into an Ant task, data type or property
2003-11-13 12:46:22,234 WARN  org.apache.commons.jelly.tags.ant.AntTag - Could not convert tag: a into an Ant task, data type or property
2003-11-13 12:46:22,234 WARN  org.apache.commons.jelly.tags.ant.AntTag - Could not convert tag: img into an Ant task, data type or property
2003-11-13 12:46:22,234 WARN  org.apache.commons.jelly.tags.ant.AntTag - Could not convert tag: img into an Ant task, data type or property
2003-11-13 12:46:22,281 WARN  org.apache.commons.jelly.tags.ant.AntTag - Could not convert tag: a into an Ant task, data type or property
2003-11-13 12:46:22,281 WARN  org.apache.commons.jelly.tags.ant.AntTag - Could not convert tag: img into an Ant task, data type or property
2003-11-13 12:46:22,281 WARN  org.apache.commons.jelly.tags.ant.AntTag - Could not convert tag: img into an Ant task, data type or property
2003-11-13 12:46:22,281 WARN  org.apache.commons.jelly.tags.ant.AntTag - Could not convert tag: a into an Ant task, data type or property
2003-11-13 12:46:22,281 WARN  org.apache.commons.jelly.tags.ant.AntTag - Could not convert tag: img into an Ant task, data type or property
2003-11-13 12:46:22,281 WARN  org.apache.commons.jelly.tags.ant.AntTag - Could not convert tag: img into an Ant task, data type or property
2003-11-13 12:46:22,281 WARN  org.apache.commons.jelly.tags.ant.AntTag - Could not convert tag: a into an Ant task, data type or property
2003-11-13 12:46:22,281 WARN  org.apache.commons.jelly.tags.ant.AntTag - Could not convert tag: img into an Ant task, data type or property
2003-11-13 12:46:22,281 WARN  org.apache.commons.jelly.tags.ant.AntTag - Could not convert tag: img into an Ant task, data type or property
2003-11-13 12:46:22,281 WARN  org.apache.commons.jelly.tags.ant.AntTag - Could not convert tag: a into an Ant task, data type or property
2003-11-13 12:46:22,281 WARN  org.apache.commons.jelly.tags.ant.AntTag - Could not convert tag: img into an Ant task, data type or property
2003-11-13 12:46:22,281 WARN  org.apache.commons.jelly.tags.ant.AntTag - Could not convert tag: img into an Ant task, data type or property
2003-11-13 12:46:22,328 WARN  org.apache.commons.jelly.tags.ant.AntTag - Could not convert tag: a into an Ant task, data type or property
2003-11-13 12:46:22,328 WARN  org.apache.commons.jelly.tags.ant.AntTag - Could not convert tag: img into an Ant task, data type or property
2003-11-13 12:46:22,328 WARN  org.apache.commons.jelly.tags.ant.AntTag - Could not convert tag: img into an Ant task, data type or property
2003-11-13 12:46:22,328 WARN  org.apache.commons.jelly.tags.ant.AntTag - Could not convert tag: a into an Ant task, data type or property
2003-11-13 12:46:22,328 WARN  org.apache.commons.jelly.tags.ant.AntTag - Could not convert tag: img into an Ant task, data type or property
2003-11-13 12:46:22,328 WARN  org.apache.commons.jelly.tags.ant.AntTag - Could not convert tag: img into an Ant task, data type or property
2003-11-13 12:46:22,328 WARN  org.apache.commons.jelly.tags.ant.AntTag - Could not convert tag: a into an Ant task, data type or property
2003-11-13 12:46:22,328 WARN  org.apache.commons.jelly.tags.ant.AntTag - Could not convert tag: img into an Ant task, data type or property
2003-11-13 12:46:22,328 WARN  org.apache.commons.jelly.tags.ant.AntTag - Could not convert tag: img into an Ant task, data type or property
2003-11-13 12:46:22,328 WARN  org.apache.commons.jelly.tags.ant.AntTag - Could not convert tag: a into an Ant task, data type or property
2003-11-13 12:46:22,328 WARN  org.apache.commons.jelly.tags.ant.AntTag - Could not convert tag: img into an Ant task, data type or property
2003-11-13 12:46:22,328 WARN  org.apache.commons.jelly.tags.ant.AntTag - Could not convert tag: img into an Ant task, data type or property
2003-11-13 12:46:22,375 WARN  org.apache.commons.jelly.tags.ant.AntTag - Could not convert tag: a into an Ant task, data type or property
2003-11-13 12:46:22,375 WARN  org.apache.commons.jelly.tags.ant.AntTag - Could not convert tag: img into an Ant task, data type or property
2003-11-13 12:46:22,375 WARN  org.apache.commons.jelly.tags.ant.AntTag - Could not convert tag: img into an Ant task, data type or property
2003-11-13 12:46:22,375 WARN  org.apache.commons.jelly.tags.ant.AntTag - Could not convert tag: a into an Ant task, data type or property
2003-11-13 12:46:22,375 WARN  org.apache.commons.jelly.tags.ant.AntTag - Could not convert tag: img into an Ant task, data type or property
2003-11-13 12:46:22,375 WARN  org.apache.commons.jelly.tags.ant.AntTag - Could not convert tag: img into an Ant task, data type or property
2003-11-13 12:46:22,375 WARN  org.apache.commons.jelly.tags.ant.AntTag - Could not convert tag: a into an Ant task, data type or property
2003-11-13 12:46:22,375 WARN  org.apache.commons.jelly.tags.ant.AntTag - Could not convert tag: img into an Ant task, data type or property
2003-11-13 12:46:22,375 WARN  org.apache.commons.jelly.tags.ant.AntTag - Could not convert tag: img into an Ant task, data type or property
2003-11-13 12:46:22,375 WARN  org.apache.commons.jelly.tags.ant.AntTag - Could not convert tag: a into an Ant task, data type or property
2003-11-13 12:46:22,375 WARN  org.apache.commons.jelly.tags.ant.AntTag - Could not convert tag: img into an Ant task, data type or property
2003-11-13 12:46:22,375 WARN  org.apache.commons.jelly.tags.ant.AntTag - Could not convert tag: img into an Ant task, data type or property
2003-11-13 12:46:22,421 WARN  org.apache.commons.jelly.tags.ant.AntTag - Could not convert tag: a into an Ant task, data type or property
2003-11-13 12:46:22,421 WARN  org.apache.commons.jelly.tags.ant.AntTag - Could not convert tag: img into an Ant task, data type or property
2003-11-13 12:46:22,421 WARN  org.apache.commons.jelly.tags.ant.AntTag - Could not convert tag: img into an Ant task, data type or property
2003-11-13 12:46:22,421 WARN  org.apache.commons.jelly.tags.ant.AntTag - Could not convert tag: a into an Ant task, data type or property
2003-11-13 12:46:22,421 WARN  org.apache.commons.jelly.tags.ant.AntTag - Could not convert tag: img into an Ant task, data type or property
2003-11-13 12:46:22,421 WARN  org.apache.commons.jelly.tags.ant.AntTag - Could not convert tag: img into an Ant task, data type or property
2003-11-13 12:46:22,421 WARN  org.apache.commons.jelly.tags.ant.AntTag - Could not convert tag: a into an Ant task, data type or property
2003-11-13 12:46:22,421 WARN  org.apache.commons.jelly.tags.ant.AntTag - Could not convert tag: img into an Ant task, data type or property
2003-11-13 12:46:22,421 WARN  org.apache.commons.jelly.tags.ant.AntTag - Could not convert tag: img into an Ant task, data type or property
2003-11-13 12:46:22,421 WARN  org.apache.commons.jelly.tags.ant.AntTag - Could not convert tag: a into an Ant task, data type or property
2003-11-13 12:46:22,421 WARN  org.apache.commons.jelly.tags.ant.AntTag - Could not convert tag: img into an Ant task, data type or property
2003-11-13 12:46:22,421 WARN  org.apache.commons.jelly.tags.ant.AntTag - Could not convert tag: img into an Ant task, data type or property
2003-11-13 12:46:22,468 WARN  org.apache.commons.jelly.tags.ant.AntTag - Could not convert tag: a into an Ant task, data type or property
2003-11-13 12:46:22,468 WARN  org.apache.commons.jelly.tags.ant.AntTag - Could not convert tag: img into an Ant task, data type or property
2003-11-13 12:46:22,468 WARN  org.apache.commons.jelly.tags.ant.AntTag - Could not convert tag: img into an Ant task, data type or property
2003-11-13 12:46:22,468 WARN  org.apache.commons.jelly.tags.ant.AntTag - Could not convert tag: a into an Ant task, data type or property
2003-11-13 12:46:22,468 WARN  org.apache.commons.jelly.tags.ant.AntTag - Could not convert tag: img into an Ant task, data type or property
2003-11-13 12:46:22,468 WARN  org.apache.commons.jelly.tags.ant.AntTag - Could not convert tag: img into an Ant task, data type or property
2003-11-13 12:46:22,468 WARN  org.apache.commons.jelly.tags.ant.AntTag - Could not convert tag: a into an Ant task, data type or property
2003-11-13 12:46:22,468 WARN  org.apache.commons.jelly.tags.ant.AntTag - Could not convert tag: img into an Ant task, data type or property
2003-11-13 12:46:22,468 WARN  org.apache.commons.jelly.tags.ant.AntTag - Could not convert tag: img into an Ant task, data type or property
2003-11-13 12:46:22,468 WARN  org.apache.commons.jelly.tags.ant.AntTag - Could not convert tag: a into an Ant task, data type or property
2003-11-13 12:46:22,484 WARN  org.apache.commons.jelly.tags.ant.AntTag - Could not convert tag: img into an Ant task, data type or property
2003-11-13 12:46:22,484 WARN  org.apache.commons.jelly.tags.ant.AntTag - Could not convert tag: img into an Ant task, data type or property
2003-11-13 12:46:22,515 WARN  org.apache.commons.jelly.tags.ant.AntTag - Could not convert tag: a into an Ant task, data type or property
2003-11-13 12:46:22,515 WARN  org.apache.commons.jelly.tags.ant.AntTag - Could not convert tag: img into an Ant task, data type or property
2003-11-13 12:46:22,515 WARN  org.apache.commons.jelly.tags.ant.AntTag - Could not convert tag: img into an Ant task, data type or property
2003-11-13 12:46:22,515 WARN  org.apache.commons.jelly.tags.ant.AntTag - Could not convert tag: a into an Ant task, data type or property
2003-11-13 12:46:22,515 WARN  org.apache.commons.jelly.tags.ant.AntTag - Could not convert tag: img into an Ant task, data type or property
2003-11-13 12:46:22,515 WARN  org.apache.commons.jelly.tags.ant.AntTag - Could not convert tag: img into an Ant task, data type or property
2003-11-13 12:46:22,515 WARN  org.apache.commons.jelly.tags.ant.AntTag - Could not convert tag: a into an Ant task, data type or property
2003-11-13 12:46:22,515 WARN  org.apache.commons.jelly.tags.ant.AntTag - Could not convert tag: img into an Ant task, data type or property
2003-11-13 12:46:22,515 WARN  org.apache.commons.jelly.tags.ant.AntTag - Could not convert tag: img into an Ant task, data type or property
2003-11-13 12:46:22,515 WARN  org.apache.commons.jelly.tags.ant.AntTag - Could not convert tag: a into an Ant task, data type or property
2003-11-13 12:46:22,515 WARN  org.apache.commons.jelly.tags.ant.AntTag - Could not convert tag: img into an Ant task, data type or property
2003-11-13 12:46:22,515 WARN  org.apache.commons.jelly.tags.ant.AntTag - Could not convert tag: img into an Ant task, data type or property
2003-11-13 12:46:22,562 WARN  org.apache.commons.jelly.tags.ant.AntTag - Could not convert tag: a into an Ant task, data type or property
2003-11-13 12:46:22,562 WARN  org.apache.commons.jelly.tags.ant.AntTag - Could not convert tag: img into an Ant task, data type or property
2003-11-13 12:46:22,562 WARN  org.apache.commons.jelly.tags.ant.AntTag - Could not convert tag: img into an Ant task, data type or property
2003-11-13 12:46:22,562 WARN  org.apache.commons.jelly.tags.ant.AntTag - Could not convert tag: a into an Ant task, data type or property
2003-11-13 12:46:22,562 WARN  org.apache.commons.jelly.tags.ant.AntTag - Could not convert tag: img into an Ant task, data type or property
2003-11-13 12:46:22,562 WARN  org.apache.commons.jelly.tags.ant.AntTag - Could not convert tag: img into an Ant task, data type or property
2003-11-13 12:46:22,562 WARN  org.apache.commons.jelly.tags.ant.AntTag - Could not convert tag: a into an Ant task, data type or property
2003-11-13 12:46:22,562 WARN  org.apache.commons.jelly.tags.ant.AntTag - Could not convert tag: img into an Ant task, data type or property
2003-11-13 12:46:22,562 WARN  org.apache.commons.jelly.tags.ant.AntTag - Could not convert tag: img into an Ant task, data type or property
2003-11-13 12:46:22,562 WARN  org.apache.commons.jelly.tags.ant.AntTag - Could not convert tag: a into an Ant task, data type or property
2003-11-13 12:46:22,562 WARN  org.apache.commons.jelly.tags.ant.AntTag - Could not convert tag: img into an Ant task, data type or property
2003-11-13 12:46:22,562 WARN  org.apache.commons.jelly.tags.ant.AntTag - Could not convert tag: img into an Ant task, data type or property
2003-11-13 12:46:23,296 WARN  org.apache.commons.jelly.tags.ant.AntTag - Could not convert tag: a into an Ant task, data type or property
2003-11-13 12:46:23,296 WARN  org.apache.commons.jelly.tags.ant.AntTag - Could not convert tag: img into an Ant task, data type or property
2003-11-13 12:46:23,296 WARN  org.apache.commons.jelly.tags.ant.AntTag - Could not convert tag: img into an Ant task, data type or property
2003-11-13 12:46:23,296 WARN  org.apache.commons.jelly.tags.ant.AntTag - Could not convert tag: a into an Ant task, data type or property
2003-11-13 12:46:23,296 WARN  org.apache.commons.jelly.tags.ant.AntTag - Could not convert tag: img into an Ant task, data type or property
2003-11-13 12:46:23,296 WARN  org.apache.commons.jelly.tags.ant.AntTag - Could not convert tag: img into an Ant task, data type or property
2003-11-13 12:46:23,296 WARN  org.apache.commons.jelly.tags.ant.AntTag - Could not convert tag: a into an Ant task, data type or property
2003-11-13 12:46:23,296 WARN  org.apache.commons.jelly.tags.ant.AntTag - Could not convert tag: img into an Ant task, data type or property
2003-11-13 12:46:23,296 WARN  org.apache.commons.jelly.tags.ant.AntTag - Could not convert tag: img into an Ant task, data type or property
2003-11-13 12:46:23,296 WARN  org.apache.commons.jelly.tags.ant.AntTag - Could not convert tag: a into an Ant task, data type or property
2003-11-13 12:46:23,296 WARN  org.apache.commons.jelly.tags.ant.AntTag - Could not convert tag: img into an Ant task, data type or property
2003-11-13 12:46:23,296 WARN  org.apache.commons.jelly.tags.ant.AntTag - Could not convert tag: img into an Ant task, data type or property
2003-11-13 12:46:23,343 WARN  org.apache.commons.jelly.tags.ant.AntTag - Could not convert tag: a into an Ant task, data type or property
2003-11-13 12:46:23,343 WARN  org.apache.commons.jelly.tags.ant.AntTag - Could not convert tag: img into an Ant task, data type or property
2003-11-13 12:46:23,343 WARN  org.apache.commons.jelly.tags.ant.AntTag - Could not convert tag: img into an Ant task, data type or property
2003-11-13 12:46:23,343 WARN  org.apache.commons.jelly.tags.ant.AntTag - Could not convert tag: a into an Ant task, data type or property
2003-11-13 12:46:23,343 WARN  org.apache.commons.jelly.tags.ant.AntTag - Could not convert tag: img into an Ant task, data type or property
2003-11-13 12:46:23,343 WARN  org.apache.commons.jelly.tags.ant.AntTag - Could not convert tag: img into an Ant task, data type or property
2003-11-13 12:46:23,343 WARN  org.apache.commons.jelly.tags.ant.AntTag - Could not convert tag: a into an Ant task, data type or property
2003-11-13 12:46:23,343 WARN  org.apache.commons.jelly.tags.ant.AntTag - Could not convert tag: img into an Ant task, data type or property
2003-11-13 12:46:23,343 WARN  org.apache.commons.jelly.tags.ant.AntTag - Could not convert tag: img into an Ant task, data type or property
2003-11-13 12:46:23,343 WARN  org.apache.commons.jelly.tags.ant.AntTag - Could not convert tag: a into an Ant task, data type or property
2003-11-13 12:46:23,343 WARN  org.apache.commons.jelly.tags.ant.AntTag - Could not convert tag: img into an Ant task, data type or property
2003-11-13 12:46:23,343 WARN  org.apache.commons.jelly.tags.ant.AntTag - Could not convert tag: img into an Ant task, data type or property
2003-11-13 12:46:23,375 WARN  org.apache.commons.jelly.tags.ant.AntTag - Could not convert tag: a into an Ant task, data type or property
2003-11-13 12:46:23,375 WARN  org.apache.commons.jelly.tags.ant.AntTag - Could not convert tag: img into an Ant task, data type or property
2003-11-13 12:46:23,375 WARN  org.apache.commons.jelly.tags.ant.AntTag - Could not convert tag: img into an Ant task, data type or property
2003-11-13 12:46:23,375 WARN  org.apache.commons.jelly.tags.ant.AntTag - Could not convert tag: a into an Ant task, data type or property
2003-11-13 12:46:23,375 WARN  org.apache.commons.jelly.tags.ant.AntTag - Could not convert tag: img into an Ant task, data type or property
2003-11-13 12:46:23,375 WARN  org.apache.commons.jelly.tags.ant.AntTag - Could not convert tag: img into an Ant task, data type or property
2003-11-13 12:46:23,390 WARN  org.apache.commons.jelly.tags.ant.AntTag - Could not convert tag: a into an Ant task, data type or property
2003-11-13 12:46:23,390 WARN  org.apache.commons.jelly.tags.ant.AntTag - Could not convert tag: img into an Ant task, data type or property
2003-11-13 12:46:23,390 WARN  org.apache.commons.jelly.tags.ant.AntTag - Could not convert tag: img into an Ant task, data type or property
2003-11-13 12:46:23,390 WARN  org.apache.commons.jelly.tags.ant.AntTag - Could not convert tag: a into an Ant task, data type or property
2003-11-13 12:46:23,390 WARN  org.apache.commons.jelly.tags.ant.AntTag - Could not convert tag: img into an Ant task, data type or property
2003-11-13 12:46:23,390 WARN  org.apache.commons.jelly.tags.ant.AntTag - Could not convert tag: img into an Ant task, data type or property
2003-11-13 12:46:23,421 WARN  org.apache.commons.jelly.tags.ant.AntTag - Could not convert tag: a into an Ant task, data type or property
2003-11-13 12:46:23,421 WARN  org.apache.commons.jelly.tags.ant.AntTag - Could not convert tag: img into an Ant task, data type or property
2003-11-13 12:46:23,421 WARN  org.apache.commons.jelly.tags.ant.AntTag - Could not convert tag: img into an Ant task, data type or property
2003-11-13 12:46:23,421 WARN  org.apache.commons.jelly.tags.ant.AntTag - Could not convert tag: a into an Ant task, data type or property
2003-11-13 12:46:23,421 WARN  org.apache.commons.jelly.tags.ant.AntTag - Could not convert tag: img into an Ant task, data type or property
2003-11-13 12:46:23,421 WARN  org.apache.commons.jelly.tags.ant.AntTag - Could not convert tag: img into an Ant task, data type or property
2003-11-13 12:46:23,421 WARN  org.apache.commons.jelly.tags.ant.AntTag - Could not convert tag: a into an Ant task, data type or property
2003-11-13 12:46:23,421 WARN  org.apache.commons.jelly.tags.ant.AntTag - Could not convert tag: img into an Ant task, data type or property
2003-11-13 12:46:23,421 WARN  org.apache.commons.jelly.tags.ant.AntTag - Could not convert tag: img into an Ant task, data type or property
2003-11-13 12:46:23,421 WARN  org.apache.commons.jelly.tags.ant.AntTag - Could not convert tag: a into an Ant task, data type or property
2003-11-13 12:46:23,421 WARN  org.apache.commons.jelly.tags.ant.AntTag - Could not convert tag: img into an Ant task, data type or property
2003-11-13 12:46:23,421 WARN  org.apache.commons.jelly.tags.ant.AntTag - Could not convert tag: img into an Ant task, data type or property
2003-11-13 12:46:23,687 WARN  org.apache.commons.jelly.tags.ant.AntTag - Could not convert tag: a into an Ant task, data type or property
2003-11-13 12:46:23,687 WARN  org.apache.commons.jelly.tags.ant.AntTag - Could not convert tag: img into an Ant task, data type or property
2003-11-13 12:46:23,687 WARN  org.apache.commons.jelly.tags.ant.AntTag - Could not convert tag: img into an Ant task, data type or property
2003-11-13 12:46:23,687 WARN  org.apache.commons.jelly.tags.ant.AntTag - Could not convert tag: a into an Ant task, data type or property
2003-11-13 12:46:23,687 WARN  org.apache.commons.jelly.tags.ant.AntTag - Could not convert tag: img into an Ant task, data type or property
2003-11-13 12:46:23,687 WARN  org.apache.commons.jelly.tags.ant.AntTag - Could not convert tag: img into an Ant task, data type or property
2003-11-13 12:46:23,687 WARN  org.apache.commons.jelly.tags.ant.AntTag - Could not convert tag: a into an Ant task, data type or property
2003-11-13 12:46:23,687 WARN  org.apache.commons.jelly.tags.ant.AntTag - Could not convert tag: img into an Ant task, data type or property
2003-11-13 12:46:23,687 WARN  org.apache.commons.jelly.tags.ant.AntTag - Could not convert tag: img into an Ant task, data type or property
2003-11-13 12:46:23,687 WARN  org.apache.commons.jelly.tags.ant.AntTag - Could not convert tag: a into an Ant task, data type or property
2003-11-13 12:46:23,687 WARN  org.apache.commons.jelly.tags.ant.AntTag - Could not convert tag: img into an Ant task, data type or property
2003-11-13 12:46:23,687 WARN  org.apache.commons.jelly.tags.ant.AntTag - Could not convert tag: img into an Ant task, data type or property
2003-11-13 12:46:23,734 WARN  org.apache.commons.jelly.tags.ant.AntTag - Could not convert tag: a into an Ant task, data type or property
2003-11-13 12:46:23,734 WARN  org.apache.commons.jelly.tags.ant.AntTag - Could not convert tag: img into an Ant task, data type or property
2003-11-13 12:46:23,734 WARN  org.apache.commons.jelly.tags.ant.AntTag - Could not convert tag: img into an Ant task, data type or property
2003-11-13 12:46:23,734 WARN  org.apache.commons.jelly.tags.ant.AntTag - Could not convert tag: a into an Ant task, data type or property
2003-11-13 12:46:23,734 WARN  org.apache.commons.jelly.tags.ant.AntTag - Could not convert tag: img into an Ant task, data type or property
2003-11-13 12:46:23,734 WARN  org.apache.commons.jelly.tags.ant.AntTag - Could not convert tag: img into an Ant task, data type or property
2003-11-13 12:46:23,734 WARN  org.apache.commons.jelly.tags.ant.AntTag - Could not convert tag: a into an Ant task, data type or property
2003-11-13 12:46:23,734 WARN  org.apache.commons.jelly.tags.ant.AntTag - Could not convert tag: img into an Ant task, data type or property
2003-11-13 12:46:23,734 WARN  org.apache.commons.jelly.tags.ant.AntTag - Could not convert tag: img into an Ant task, data type or property
2003-11-13 12:46:23,734 WARN  org.apache.commons.jelly.tags.ant.AntTag - Could not convert tag: a into an Ant task, data type or property
2003-11-13 12:46:23,734 WARN  org.apache.commons.jelly.tags.ant.AntTag - Could not convert tag: img into an Ant task, data type or property
2003-11-13 12:46:23,734 WARN  org.apache.commons.jelly.tags.ant.AntTag - Could not convert tag: img into an Ant task, data type or property
2003-11-13 12:46:23,765 WARN  org.apache.commons.jelly.tags.ant.AntTag - Could not convert tag: a into an Ant task, data type or property
2003-11-13 12:46:23,765 WARN  org.apache.commons.jelly.tags.ant.AntTag - Could not convert tag: img into an Ant task, data type or property
2003-11-13 12:46:23,765 WARN  org.apache.commons.jelly.tags.ant.AntTag - Could not convert tag: img into an Ant task, data type or property
2003-11-13 12:46:23,765 WARN  org.apache.commons.jelly.tags.ant.AntTag - Could not convert tag: a into an Ant task, data type or property
2003-11-13 12:46:23,765 WARN  org.apache.commons.jelly.tags.ant.AntTag - Could not convert tag: img into an Ant task, data type or property
2003-11-13 12:46:23,765 WARN  org.apache.commons.jelly.tags.ant.AntTag - Could not convert tag: img into an Ant task, data type or property
2003-11-13 12:46:23,781 WARN  org.apache.commons.jelly.tags.ant.AntTag - Could not convert tag: a into an Ant task, data type or property
2003-11-13 12:46:23,781 WARN  org.apache.commons.jelly.tags.ant.AntTag - Could not convert tag: img into an Ant task, data type or property
2003-11-13 12:46:23,781 WARN  org.apache.commons.jelly.tags.ant.AntTag - Could not convert tag: img into an Ant task, data type or property
2003-11-13 12:46:23,781 WARN  org.apache.commons.jelly.tags.ant.AntTag - Could not convert tag: a into an Ant task, data type or property
2003-11-13 12:46:23,781 WARN  org.apache.commons.jelly.tags.ant.AntTag - Could not convert tag: img into an Ant task, data type or property
2003-11-13 12:46:23,781 WARN  org.apache.commons.jelly.tags.ant.AntTag - Could not convert tag: img into an Ant task, data type or property
2003-11-13 12:46:23,812 WARN  org.apache.commons.jelly.tags.ant.AntTag - Could not convert tag: a into an Ant task, data type or property
2003-11-13 12:46:23,812 WARN  org.apache.commons.jelly.tags.ant.AntTag - Could not convert tag: img into an Ant task, data type or property
2003-11-13 12:46:23,812 WARN  org.apache.commons.jelly.tags.ant.AntTag - Could not convert tag: img into an Ant task, data type or property
2003-11-13 12:46:23,812 WARN  org.apache.commons.jelly.tags.ant.AntTag - Could not convert tag: a into an Ant task, data type or property
2003-11-13 12:46:23,812 WARN  org.apache.commons.jelly.tags.ant.AntTag - Could not convert tag: img into an Ant task, data type or property
2003-11-13 12:46:23,812 WARN  org.apache.commons.jelly.tags.ant.AntTag - Could not convert tag: img into an Ant task, data type or property
2003-11-13 12:46:23,812 WARN  org.apache.commons.jelly.tags.ant.AntTag - Could not convert tag: a into an Ant task, data type or property
2003-11-13 12:46:23,812 WARN  org.apache.commons.jelly.tags.ant.AntTag - Could not convert tag: img into an Ant task, data type or property
2003-11-13 12:46:23,812 WARN  org.apache.commons.jelly.tags.ant.AntTag - Could not convert tag: img into an Ant task, data type or property
2003-11-13 12:46:23,812 WARN  org.apache.commons.jelly.tags.ant.AntTag - Could not convert tag: a into an Ant task, data type or property
2003-11-13 12:46:23,812 WARN  org.apache.commons.jelly.tags.ant.AntTag - Could not convert tag: img into an Ant task, data type or property
2003-11-13 12:46:23,812 WARN  org.apache.commons.jelly.tags.ant.AntTag - Could not convert tag: img into an Ant task, data type or property
2003-11-13 12:46:23,859 WARN  org.apache.commons.jelly.tags.ant.AntTag - Could not convert tag: a into an Ant task, data type or property
2003-11-13 12:46:23,859 WARN  org.apache.commons.jelly.tags.ant.AntTag - Could not convert tag: img into an Ant task, data type or property
2003-11-13 12:46:23,859 WARN  org.apache.commons.jelly.tags.ant.AntTag - Could not convert tag: img into an Ant task, data type or property
2003-11-13 12:46:23,890 WARN  org.apache.commons.jelly.tags.ant.AntTag - Could not convert tag: a into an Ant task, data type or property
2003-11-13 12:46:23,890 WARN  org.apache.commons.jelly.tags.ant.AntTag - Could not convert tag: img into an Ant task, data type or property
2003-11-13 12:46:23,890 WARN  org.apache.commons.jelly.tags.ant.AntTag - Could not convert tag: img into an Ant task, data type or property
2003-11-13 12:46:23,890 WARN  org.apache.commons.jelly.tags.ant.AntTag - Could not convert tag: a into an Ant task, data type or property
2003-11-13 12:46:23,890 WARN  org.apache.commons.jelly.tags.ant.AntTag - Could not convert tag: img into an Ant task, data type or property
2003-11-13 12:46:23,890 WARN  org.apache.commons.jelly.tags.ant.AntTag - Could not convert tag: img into an Ant task, data type or property
2003-11-13 12:46:23,890 WARN  org.apache.commons.jelly.tags.ant.AntTag - Could not convert tag: a into an Ant task, data type or property
2003-11-13 12:46:23,890 WARN  org.apache.commons.jelly.tags.ant.AntTag - Could not convert tag: img into an Ant task, data type or property
2003-11-13 12:46:23,890 WARN  org.apache.commons.jelly.tags.ant.AntTag - Could not convert tag: img into an Ant task, data type or property
2003-11-13 12:46:23,921 WARN  org.apache.commons.jelly.tags.ant.AntTag - Could not convert tag: a into an Ant task, data type or property
2003-11-13 12:46:23,921 WARN  org.apache.commons.jelly.tags.ant.AntTag - Could not convert tag: img into an Ant task, data type or property
2003-11-13 12:46:23,921 WARN  org.apache.commons.jelly.tags.ant.AntTag - Could not convert tag: img into an Ant task, data type or property
2003-11-13 12:46:23,921 WARN  org.apache.commons.jelly.tags.ant.AntTag - Could not convert tag: a into an Ant task, data type or property
2003-11-13 12:46:23,921 WARN  org.apache.commons.jelly.tags.ant.AntTag - Could not convert tag: img into an Ant task, data type or property
2003-11-13 12:46:23,921 WARN  org.apache.commons.jelly.tags.ant.AntTag - Could not convert tag: img into an Ant task, data type or property
2003-11-13 12:46:23,937 WARN  org.apache.commons.jelly.tags.ant.AntTag - Could not convert tag: a into an Ant task, data type or property
2003-11-13 12:46:23,937 WARN  org.apache.commons.jelly.tags.ant.AntTag - Could not convert tag: img into an Ant task, data type or property
2003-11-13 12:46:23,937 WARN  org.apache.commons.jelly.tags.ant.AntTag - Could not convert tag: img into an Ant task, data type or property
2003-11-13 12:46:23,937 WARN  org.apache.commons.jelly.tags.ant.AntTag - Could not convert tag: a into an Ant task, data type or property
2003-11-13 12:46:23,937 WARN  org.apache.commons.jelly.tags.ant.AntTag - Could not convert tag: img into an Ant task, data type or property
2003-11-13 12:46:23,937 WARN  org.apache.commons.jelly.tags.ant.AntTag - Could not convert tag: img into an Ant task, data type or property
2003-11-13 12:46:23,968 WARN  org.apache.commons.jelly.tags.ant.AntTag - Could not convert tag: a into an Ant task, data type or property
2003-11-13 12:46:23,968 WARN  org.apache.commons.jelly.tags.ant.AntTag - Could not convert tag: img into an Ant task, data type or property
2003-11-13 12:46:23,968 WARN  org.apache.commons.jelly.tags.ant.AntTag - Could not convert tag: img into an Ant task, data type or property
2003-11-13 12:46:23,968 WARN  org.apache.commons.jelly.tags.ant.AntTag - Could not convert tag: a into an Ant task, data type or property
2003-11-13 12:46:23,968 WARN  org.apache.commons.jelly.tags.ant.AntTag - Could not convert tag: img into an Ant task, data type or property
2003-11-13 12:46:23,984 WARN  org.apache.commons.jelly.tags.ant.AntTag - Could not convert tag: img into an Ant task, data type or property
2003-11-13 12:46:23,984 WARN  org.apache.commons.jelly.tags.ant.AntTag - Could not convert tag: a into an Ant task, data type or property
2003-11-13 12:46:23,984 WARN  org.apache.commons.jelly.tags.ant.AntTag - Could not convert tag: img into an Ant task, data type or property
2003-11-13 12:46:23,984 WARN  org.apache.commons.jelly.tags.ant.AntTag - Could not convert tag: img into an Ant task, data type or property
2003-11-13 12:46:23,984 WARN  org.apache.commons.jelly.tags.ant.AntTag - Could not convert tag: a into an Ant task, data type or property
2003-11-13 12:46:23,984 WARN  org.apache.commons.jelly.tags.ant.AntTag - Could not convert tag: img into an Ant task, data type or property
2003-11-13 12:46:23,984 WARN  org.apache.commons.jelly.tags.ant.AntTag - Could not convert tag: img into an Ant task, data type or property
2003-11-13 12:46:24,015 WARN  org.apache.commons.jelly.tags.ant.AntTag - Could not convert tag: a into an Ant task, data type or property
2003-11-13 12:46:24,015 WARN  org.apache.commons.jelly.tags.ant.AntTag - Could not convert tag: img into an Ant task, data type or property
2003-11-13 12:46:24,015 WARN  org.apache.commons.jelly.tags.ant.AntTag - Could not convert tag: img into an Ant task, data type or property
2003-11-13 12:46:24,015 WARN  org.apache.commons.jelly.tags.ant.AntTag - Could not convert tag: a into an Ant task, data type or property
2003-11-13 12:46:24,015 WARN  org.apache.commons.jelly.tags.ant.AntTag - Could not convert tag: img into an Ant task, data type or property
2003-11-13 12:46:24,015 WARN  org.apache.commons.jelly.tags.ant.AntTag - Could not convert tag: img into an Ant task, data type or property
2003-11-13 12:46:24,015 WARN  org.apache.commons.jelly.tags.ant.AntTag - Could not convert tag: a into an Ant task, data type or property
2003-11-13 12:46:24,015 WARN  org.apache.commons.jelly.tags.ant.AntTag - Could not convert tag: img into an Ant task, data type or property
2003-11-13 12:46:24,015 WARN  org.apache.commons.jelly.tags.ant.AntTag - Could not convert tag: img into an Ant task, data type or property
2003-11-13 12:46:24,015 WARN  org.apache.commons.jelly.tags.ant.AntTag - Could not convert tag: a into an Ant task, data type or property
2003-11-13 12:46:24,015 WARN  org.apache.commons.jelly.tags.ant.AntTag - Could not convert tag: img into an Ant task, data type or property
2003-11-13 12:46:24,015 WARN  org.apache.commons.jelly.tags.ant.AntTag - Could not convert tag: img into an Ant task, data type or property
2003-11-13 12:46:24,062 WARN  org.apache.commons.jelly.tags.ant.AntTag - Could not convert tag: a into an Ant task, data type or property
2003-11-13 12:46:24,062 WARN  org.apache.commons.jelly.tags.ant.AntTag - Could not convert tag: img into an Ant task, data type or property
2003-11-13 12:46:24,062 WARN  org.apache.commons.jelly.tags.ant.AntTag - Could not convert tag: img into an Ant task, data type or property
2003-11-13 12:46:24,062 WARN  org.apache.commons.jelly.tags.ant.AntTag - Could not convert tag: a into an Ant task, data type or property
2003-11-13 12:46:24,062 WARN  org.apache.commons.jelly.tags.ant.AntTag - Could not convert tag: img into an Ant task, data type or property
2003-11-13 12:46:24,062 WARN  org.apache.commons.jelly.tags.ant.AntTag - Could not convert tag: img into an Ant task, data type or property
2003-11-13 12:46:24,062 WARN  org.apache.commons.jelly.tags.ant.AntTag - Could not convert tag: a into an Ant task, data type or property
2003-11-13 12:46:24,062 WARN  org.apache.commons.jelly.tags.ant.AntTag - Could not convert tag: img into an Ant task, data type or property
2003-11-13 12:46:24,062 WARN  org.apache.commons.jelly.tags.ant.AntTag - Could not convert tag: img into an Ant task, data type or property
2003-11-13 12:46:24,062 WARN  org.apache.commons.jelly.tags.ant.AntTag - Could not convert tag: a into an Ant task, data type or property
2003-11-13 12:46:24,062 WARN  org.apache.commons.jelly.tags.ant.AntTag - Could not convert tag: img into an Ant task, data type or property
2003-11-13 12:46:24,062 WARN  org.apache.commons.jelly.tags.ant.AntTag - Could not convert tag: img into an Ant task, data type or property
2003-11-13 12:46:24,125 WARN  org.apache.commons.jelly.tags.ant.AntTag - Could not convert tag: a into an Ant task, data type or property
2003-11-13 12:46:24,125 WARN  org.apache.commons.jelly.tags.ant.AntTag - Could not convert tag: img into an Ant task, data type or property
2003-11-13 12:46:24,125 WARN  org.apache.commons.jelly.tags.ant.AntTag - Could not convert tag: img into an Ant task, data type or property
2003-11-13 12:46:24,125 WARN  org.apache.commons.jelly.tags.ant.AntTag - Could not convert tag: a into an Ant task, data type or property
2003-11-13 12:46:24,125 WARN  org.apache.commons.jelly.tags.ant.AntTag - Could not convert tag: img into an Ant task, data type or property
2003-11-13 12:46:24,125 WARN  org.apache.commons.jelly.tags.ant.AntTag - Could not convert tag: img into an Ant task, data type or property
2003-11-13 12:46:24,125 WARN  org.apache.commons.jelly.tags.ant.AntTag - Could not convert tag: a into an Ant task, data type or property
2003-11-13 12:46:24,125 WARN  org.apache.commons.jelly.tags.ant.AntTag - Could not convert tag: img into an Ant task, data type or property
2003-11-13 12:46:24,125 WARN  org.apache.commons.jelly.tags.ant.AntTag - Could not convert tag: img into an Ant task, data type or property
2003-11-13 12:46:24,125 WARN  org.apache.commons.jelly.tags.ant.AntTag - Could not convert tag: a into an Ant task, data type or property
2003-11-13 12:46:24,125 WARN  org.apache.commons.jelly.tags.ant.AntTag - Could not convert tag: img into an Ant task, data type or property
2003-11-13 12:46:24,125 WARN  org.apache.commons.jelly.tags.ant.AntTag - Could not convert tag: img into an Ant task, data type or property
2003-11-13 12:46:24,171 WARN  org.apache.commons.jelly.tags.ant.AntTag - Could not convert tag: a into an Ant task, data type or property
2003-11-13 12:46:24,171 WARN  org.apache.commons.jelly.tags.ant.AntTag - Could not convert tag: img into an Ant task, data type or property
2003-11-13 12:46:24,171 WARN  org.apache.commons.jelly.tags.ant.AntTag - Could not convert tag: img into an Ant task, data type or property
2003-11-13 12:46:24,171 WARN  org.apache.commons.jelly.tags.ant.AntTag - Could not convert tag: a into an Ant task, data type or property
2003-11-13 12:46:24,171 WARN  org.apache.commons.jelly.tags.ant.AntTag - Could not convert tag: img into an Ant task, data type or property
2003-11-13 12:46:24,171 WARN  org.apache.commons.jelly.tags.ant.AntTag - Could not convert tag: img into an Ant task, data type or property
2003-11-13 12:46:24,171 WARN  org.apache.commons.jelly.tags.ant.AntTag - Could not convert tag: a into an Ant task, data type or property
2003-11-13 12:46:24,171 WARN  org.apache.commons.jelly.tags.ant.AntTag - Could not convert tag: img into an Ant task, data type or property
2003-11-13 12:46:24,171 WARN  org.apache.commons.jelly.tags.ant.AntTag - Could not convert tag: img into an Ant task, data type or property
2003-11-13 12:46:24,171 WARN  org.apache.commons.jelly.tags.ant.AntTag - Could not convert tag: a into an Ant task, data type or property
2003-11-13 12:46:24,171 WARN  org.apache.commons.jelly.tags.ant.AntTag - Could not convert tag: img into an Ant task, data type or property
2003-11-13 12:46:24,171 WARN  org.apache.commons.jelly.tags.ant.AntTag - Could not convert tag: img into an Ant task, data type or property
2003-11-13 12:46:24,203 WARN  org.apache.commons.jelly.tags.ant.AntTag - Could not convert tag: a into an Ant task, data type or property
2003-11-13 12:46:24,203 WARN  org.apache.commons.jelly.tags.ant.AntTag - Could not convert tag: img into an Ant task, data type or property
2003-11-13 12:46:24,203 WARN  org.apache.commons.jelly.tags.ant.AntTag - Could not convert tag: img into an Ant task, data type or property
2003-11-13 12:46:24,203 WARN  org.apache.commons.jelly.tags.ant.AntTag - Could not convert tag: a into an Ant task, data type or property
2003-11-13 12:46:24,203 WARN  org.apache.commons.jelly.tags.ant.AntTag - Could not convert tag: img into an Ant task, data type or property
2003-11-13 12:46:24,203 WARN  org.apache.commons.jelly.tags.ant.AntTag - Could not convert tag: img into an Ant task, data type or property
2003-11-13 12:46:24,203 WARN  org.apache.commons.jelly.tags.ant.AntTag - Could not convert tag: a into an Ant task, data type or property
2003-11-13 12:46:24,203 WARN  org.apache.commons.jelly.tags.ant.AntTag - Could not convert tag: img into an Ant task, data type or property
2003-11-13 12:46:24,218 WARN  org.apache.commons.jelly.tags.ant.AntTag - Could not convert tag: img into an Ant task, data type or property
2003-11-13 12:46:24,218 WARN  org.apache.commons.jelly.tags.ant.AntTag - Could not convert tag: a into an Ant task, data type or property
2003-11-13 12:46:24,218 WARN  org.apache.commons.jelly.tags.ant.AntTag - Could not convert tag: img into an Ant task, data type or property
2003-11-13 12:46:24,218 WARN  org.apache.commons.jelly.tags.ant.AntTag - Could not convert tag: img into an Ant task, data type or property
2003-11-13 12:46:24,250 WARN  org.apache.commons.jelly.tags.ant.AntTag - Could not convert tag: a into an Ant task, data type or property
2003-11-13 12:46:24,250 WARN  org.apache.commons.jelly.tags.ant.AntTag - Could not convert tag: img into an Ant task, data type or property
2003-11-13 12:46:24,250 WARN  org.apache.commons.jelly.tags.ant.AntTag - Could not convert tag: img into an Ant task, data type or property
2003-11-13 12:46:24,250 WARN  org.apache.commons.jelly.tags.ant.AntTag - Could not convert tag: a into an Ant task, data type or property
2003-11-13 12:46:24,250 WARN  org.apache.commons.jelly.tags.ant.AntTag - Could not convert tag: img into an Ant task, data type or property
2003-11-13 12:46:24,250 WARN  org.apache.commons.jelly.tags.ant.AntTag - Could not convert tag: img into an Ant task, data type or property
2003-11-13 12:46:24,250 WARN  org.apache.commons.jelly.tags.ant.AntTag - Could not convert tag: a into an Ant task, data type or property
2003-11-13 12:46:24,250 WARN  org.apache.commons.jelly.tags.ant.AntTag - Could not convert tag: img into an Ant task, data type or property
2003-11-13 12:46:24,250 WARN  org.apache.commons.jelly.tags.ant.AntTag - Could not convert tag: img into an Ant task, data type or property
2003-11-13 12:46:24,250 WARN  org.apache.commons.jelly.tags.ant.AntTag - Could not convert tag: a into an Ant task, data type or property
2003-11-13 12:46:24,250 WARN  org.apache.commons.jelly.tags.ant.AntTag - Could not convert tag: img into an Ant task, data type or property
2003-11-13 12:46:24,250 WARN  org.apache.commons.jelly.tags.ant.AntTag - Could not convert tag: img into an Ant task, data type or property
2003-11-13 12:46:24,312 WARN  org.apache.commons.jelly.tags.ant.AntTag - Could not convert tag: a into an Ant task, data type or property
2003-11-13 12:46:24,312 WARN  org.apache.commons.jelly.tags.ant.AntTag - Could not convert tag: img into an Ant task, data type or property
2003-11-13 12:46:24,312 WARN  org.apache.commons.jelly.tags.ant.AntTag - Could not convert tag: img into an Ant task, data type or property
2003-11-13 12:46:24,312 WARN  org.apache.commons.jelly.tags.ant.AntTag - Could not convert tag: a into an Ant task, data type or property
2003-11-13 12:46:24,312 WARN  org.apache.commons.jelly.tags.ant.AntTag - Could not convert tag: img into an Ant task, data type or property
2003-11-13 12:46:24,312 WARN  org.apache.commons.jelly.tags.ant.AntTag - Could not convert tag: img into an Ant task, data type or property
2003-11-13 12:46:24,312 WARN  org.apache.commons.jelly.tags.ant.AntTag - Could not convert tag: a into an Ant task, data type or property
2003-11-13 12:46:24,312 WARN  org.apache.commons.jelly.tags.ant.AntTag - Could not convert tag: img into an Ant task, data type or property
2003-11-13 12:46:24,312 WARN  org.apache.commons.jelly.tags.ant.AntTag - Could not convert tag: img into an Ant task, data type or property
2003-11-13 12:46:24,312 WARN  org.apache.commons.jelly.tags.ant.AntTag - Could not convert tag: a into an Ant task, data type or property
2003-11-13 12:46:24,312 WARN  org.apache.commons.jelly.tags.ant.AntTag - Could not convert tag: img into an Ant task, data type or property
2003-11-13 12:46:24,312 WARN  org.apache.commons.jelly.tags.ant.AntTag - Could not convert tag: img into an Ant task, data type or property
2003-11-13 12:46:24,359 WARN  org.apache.commons.jelly.tags.ant.AntTag - Could not convert tag: a into an Ant task, data type or property
2003-11-13 12:46:24,359 WARN  org.apache.commons.jelly.tags.ant.AntTag - Could not convert tag: img into an Ant task, data type or property
2003-11-13 12:46:24,359 WARN  org.apache.commons.jelly.tags.ant.AntTag - Could not convert tag: img into an Ant task, data type or property
2003-11-13 12:46:24,359 WARN  org.apache.commons.jelly.tags.ant.AntTag - Could not convert tag: a into an Ant task, data type or property
2003-11-13 12:46:24,359 WARN  org.apache.commons.jelly.tags.ant.AntTag - Could not convert tag: img into an Ant task, data type or property
2003-11-13 12:46:24,359 WARN  org.apache.commons.jelly.tags.ant.AntTag - Could not convert tag: img into an Ant task, data type or property
2003-11-13 12:46:24,359 WARN  org.apache.commons.jelly.tags.ant.AntTag - Could not convert tag: a into an Ant task, data type or property
2003-11-13 12:46:24,359 WARN  org.apache.commons.jelly.tags.ant.AntTag - Could not convert tag: img into an Ant task, data type or property
2003-11-13 12:46:24,359 WARN  org.apache.commons.jelly.tags.ant.AntTag - Could not convert tag: img into an Ant task, data type or property
2003-11-13 12:46:24,359 WARN  org.apache.commons.jelly.tags.ant.AntTag - Could not convert tag: a into an Ant task, data type or property
2003-11-13 12:46:24,359 WARN  org.apache.commons.jelly.tags.ant.AntTag - Could not convert tag: img into an Ant task, data type or property
2003-11-13 12:46:24,359 WARN  org.apache.commons.jelly.tags.ant.AntTag - Could not convert tag: img into an Ant task, data type or property
2003-11-13 12:46:24,390 WARN  org.apache.commons.jelly.tags.ant.AntTag - Could not convert tag: a into an Ant task, data type or property
2003-11-13 12:46:24,390 WARN  org.apache.commons.jelly.tags.ant.AntTag - Could not convert tag: img into an Ant task, data type or property
2003-11-13 12:46:24,390 WARN  org.apache.commons.jelly.tags.ant.AntTag - Could not convert tag: img into an Ant task, data type or property
2003-11-13 12:46:24,390 WARN  org.apache.commons.jelly.tags.ant.AntTag - Could not convert tag: a into an Ant task, data type or property
2003-11-13 12:46:24,390 WARN  org.apache.commons.jelly.tags.ant.AntTag - Could not convert tag: img into an Ant task, data type or property
2003-11-13 12:46:24,390 WARN  org.apache.commons.jelly.tags.ant.AntTag - Could not convert tag: img into an Ant task, data type or property
2003-11-13 12:46:24,406 WARN  org.apache.commons.jelly.tags.ant.AntTag - Could not convert tag: a into an Ant task, data type or property
2003-11-13 12:46:24,406 WARN  org.apache.commons.jelly.tags.ant.AntTag - Could not convert tag: img into an Ant task, data type or property
2003-11-13 12:46:24,406 WARN  org.apache.commons.jelly.tags.ant.AntTag - Could not convert tag: img into an Ant task, data type or property
2003-11-13 12:46:24,406 WARN  org.apache.commons.jelly.tags.ant.AntTag - Could not convert tag: a into an Ant task, data type or property
2003-11-13 12:46:24,406 WARN  org.apache.commons.jelly.tags.ant.AntTag - Could not convert tag: img into an Ant task, data type or property
2003-11-13 12:46:24,406 WARN  org.apache.commons.jelly.tags.ant.AntTag - Could not convert tag: img into an Ant task, data type or property
2003-11-13 12:46:24,437 WARN  org.apache.commons.jelly.tags.ant.AntTag - Could not convert tag: a into an Ant task, data type or property
2003-11-13 12:46:24,437 WARN  org.apache.commons.jelly.tags.ant.AntTag - Could not convert tag: img into an Ant task, data type or property
2003-11-13 12:46:24,437 WARN  org.apache.commons.jelly.tags.ant.AntTag - Could not convert tag: img into an Ant task, data type or property
2003-11-13 12:46:24,453 WARN  org.apache.commons.jelly.tags.ant.AntTag - Could not convert tag: a into an Ant task, data type or property
2003-11-13 12:46:24,453 WARN  org.apache.commons.jelly.tags.ant.AntTag - Could not convert tag: img into an Ant task, data type or property
2003-11-13 12:46:24,453 WARN  org.apache.commons.jelly.tags.ant.AntTag - Could not convert tag: img into an Ant task, data type or property
2003-11-13 12:46:24,453 WARN  org.apache.commons.jelly.tags.ant.AntTag - Could not convert tag: a into an Ant task, data type or property
2003-11-13 12:46:24,453 WARN  org.apache.commons.jelly.tags.ant.AntTag - Could not convert tag: img into an Ant task, data type or property
2003-11-13 12:46:24,453 WARN  org.apache.commons.jelly.tags.ant.AntTag - Could not convert tag: img into an Ant task, data type or property
2003-11-13 12:46:24,453 WARN  org.apache.commons.jelly.tags.ant.AntTag - Could not convert tag: a into an Ant task, data type or property
2003-11-13 12:46:24,453 WARN  org.apache.commons.jelly.tags.ant.AntTag - Could not convert tag: img into an Ant task, data type or property
2003-11-13 12:46:24,453 WARN  org.apache.commons.jelly.tags.ant.AntTag - Could not convert tag: img into an Ant task, data type or property
2003-11-13 12:46:24,484 WARN  org.apache.commons.jelly.tags.ant.AntTag - Could not convert tag: a into an Ant task, data type or property
2003-11-13 12:46:24,484 WARN  org.apache.commons.jelly.tags.ant.AntTag - Could not convert tag: img into an Ant task, data type or property
2003-11-13 12:46:24,484 WARN  org.apache.commons.jelly.tags.ant.AntTag - Could not convert tag: img into an Ant task, data type or property
2003-11-13 12:46:24,484 WARN  org.apache.commons.jelly.tags.ant.AntTag - Could not convert tag: a into an Ant task, data type or property
2003-11-13 12:46:24,484 WARN  org.apache.commons.jelly.tags.ant.AntTag - Could not convert tag: img into an Ant task, data type or property
2003-11-13 12:46:24,484 WARN  org.apache.commons.jelly.tags.ant.AntTag - Could not convert tag: img into an Ant task, data type or property
2003-11-13 12:46:24,484 WARN  org.apache.commons.jelly.tags.ant.AntTag - Could not convert tag: a into an Ant task, data type or property
2003-11-13 12:46:24,484 WARN  org.apache.commons.jelly.tags.ant.AntTag - Could not convert tag: img into an Ant task, data type or property
2003-11-13 12:46:24,484 WARN  org.apache.commons.jelly.tags.ant.AntTag - Could not convert tag: img into an Ant task, data type or property
2003-11-13 12:46:24,484 WARN  org.apache.commons.jelly.tags.ant.AntTag - Could not convert tag: a into an Ant task, data type or property
2003-11-13 12:46:24,484 WARN  org.apache.commons.jelly.tags.ant.AntTag - Could not convert tag: img into an Ant task, data type or property
2003-11-13 12:46:24,484 WARN  org.apache.commons.jelly.tags.ant.AntTag - Could not convert tag: img into an Ant task, data type or property
2003-11-13 12:46:24,546 WARN  org.apache.commons.jelly.tags.ant.AntTag - Could not convert tag: a into an Ant task, data type or property
2003-11-13 12:46:24,546 WARN  org.apache.commons.jelly.tags.ant.AntTag - Could not convert tag: img into an Ant task, data type or property
2003-11-13 12:46:24,546 WARN  org.apache.commons.jelly.tags.ant.AntTag - Could not convert tag: img into an Ant task, data type or property
2003-11-13 12:46:24,562 WARN  org.apache.commons.jelly.tags.ant.AntTag - Could not convert tag: a into an Ant task, data type or property
2003-11-13 12:46:24,562 WARN  org.apache.commons.jelly.tags.ant.AntTag - Could not convert tag: img into an Ant task, data type or property
2003-11-13 12:46:24,562 WARN  org.apache.commons.jelly.tags.ant.AntTag - Could not convert tag: img into an Ant task, data type or property
2003-11-13 12:46:24,562 WARN  org.apache.commons.jelly.tags.ant.AntTag - Could not convert tag: a into an Ant task, data type or property
2003-11-13 12:46:24,562 WARN  org.apache.commons.jelly.tags.ant.AntTag - Could not convert tag: img into an Ant task, data type or property
2003-11-13 12:46:24,562 WARN  org.apache.commons.jelly.tags.ant.AntTag - Could not convert tag: img into an Ant task, data type or property
2003-11-13 12:46:24,562 WARN  org.apache.commons.jelly.tags.ant.AntTag - Could not convert tag: a into an Ant task, data type or property
2003-11-13 12:46:24,562 WARN  org.apache.commons.jelly.tags.ant.AntTag - Could not convert tag: img into an Ant task, data type or property
2003-11-13 12:46:24,562 WARN  org.apache.commons.jelly.tags.ant.AntTag - Could not convert tag: img into an Ant task, data type or property
2003-11-13 12:46:24,593 WARN  org.apache.commons.jelly.tags.ant.AntTag - Could not convert tag: a into an Ant task, data type or property
2003-11-13 12:46:24,593 WARN  org.apache.commons.jelly.tags.ant.AntTag - Could not convert tag: img into an Ant task, data type or property
2003-11-13 12:46:24,593 WARN  org.apache.commons.jelly.tags.ant.AntTag - Could not convert tag: img into an Ant task, data type or property
2003-11-13 12:46:24,593 WARN  org.apache.commons.jelly.tags.ant.AntTag - Could not convert tag: a into an Ant task, data type or property
2003-11-13 12:46:24,593 WARN  org.apache.commons.jelly.tags.ant.AntTag - Could not convert tag: img into an Ant task, data type or property
2003-11-13 12:46:24,593 WARN  org.apache.commons.jelly.tags.ant.AntTag - Could not convert tag: img into an Ant task, data type or property
2003-11-13 12:46:24,593 WARN  org.apache.commons.jelly.tags.ant.AntTag - Could not convert tag: a into an Ant task, data type or property
2003-11-13 12:46:24,593 WARN  org.apache.commons.jelly.tags.ant.AntTag - Could not convert tag: img into an Ant task, data type or property
2003-11-13 12:46:24,593 WARN  org.apache.commons.jelly.tags.ant.AntTag - Could not convert tag: img into an Ant task, data type or property
2003-11-13 12:46:24,593 WARN  org.apache.commons.jelly.tags.ant.AntTag - Could not convert tag: a into an Ant task, data type or property
2003-11-13 12:46:24,593 WARN  org.apache.commons.jelly.tags.ant.AntTag - Could not convert tag: img into an Ant task, data type or property
2003-11-13 12:46:24,593 WARN  org.apache.commons.jelly.tags.ant.AntTag - Could not convert tag: img into an Ant task, data type or property
2003-11-13 12:46:24,640 WARN  org.apache.commons.jelly.tags.ant.AntTag - Could not convert tag: a into an Ant task, data type or property
2003-11-13 12:46:24,640 WARN  org.apache.commons.jelly.tags.ant.AntTag - Could not convert tag: img into an Ant task, data type or property
2003-11-13 12:46:24,640 WARN  org.apache.commons.jelly.tags.ant.AntTag - Could not convert tag: img into an Ant task, data type or property
2003-11-13 12:46:24,640 WARN  org.apache.commons.jelly.tags.ant.AntTag - Could not convert tag: a into an Ant task, data type or property
2003-11-13 12:46:24,640 WARN  org.apache.commons.jelly.tags.ant.AntTag - Could not convert tag: img into an Ant task, data type or property
2003-11-13 12:46:24,640 WARN  org.apache.commons.jelly.tags.ant.AntTag - Could not convert tag: img into an Ant task, data type or property
2003-11-13 12:46:24,640 WARN  org.apache.commons.jelly.tags.ant.AntTag - Could not convert tag: a into an Ant task, data type or property
2003-11-13 12:46:24,640 WARN  org.apache.commons.jelly.tags.ant.AntTag - Could not convert tag: img into an Ant task, data type or property
2003-11-13 12:46:24,640 WARN  org.apache.commons.jelly.tags.ant.AntTag - Could not convert tag: img into an Ant task, data type or property
2003-11-13 12:46:24,656 WARN  org.apache.commons.jelly.tags.ant.AntTag - Could not convert tag: a into an Ant task, data type or property
2003-11-13 12:46:24,656 WARN  org.apache.commons.jelly.tags.ant.AntTag - Could not convert tag: img into an Ant task, data type or property
2003-11-13 12:46:24,656 WARN  org.apache.commons.jelly.tags.ant.AntTag - Could not convert tag: img into an Ant task, data type or property
2003-11-13 12:46:24,687 WARN  org.apache.commons.jelly.tags.ant.AntTag - Could not convert tag: a into an Ant task, data type or property
2003-11-13 12:46:24,687 WARN  org.apache.commons.jelly.tags.ant.AntTag - Could not convert tag: img into an Ant task, data type or property
2003-11-13 12:46:24,687 WARN  org.apache.commons.jelly.tags.ant.AntTag - Could not convert tag: img into an Ant task, data type or property
2003-11-13 12:46:24,687 WARN  org.apache.commons.jelly.tags.ant.AntTag - Could not convert tag: a into an Ant task, data type or property
2003-11-13 12:46:24,687 WARN  org.apache.commons.jelly.tags.ant.AntTag - Could not convert tag: img into an Ant task, data type or property
2003-11-13 12:46:24,687 WARN  org.apache.commons.jelly.tags.ant.AntTag - Could not convert tag: img into an Ant task, data type or property
2003-11-13 12:46:24,687 WARN  org.apache.commons.jelly.tags.ant.AntTag - Could not convert tag: a into an Ant task, data type or property
2003-11-13 12:46:24,687 WARN  org.apache.commons.jelly.tags.ant.AntTag - Could not convert tag: img into an Ant task, data type or property
2003-11-13 12:46:24,687 WARN  org.apache.commons.jelly.tags.ant.AntTag - Could not convert tag: img into an Ant task, data type or property
2003-11-13 12:46:24,687 WARN  org.apache.commons.jelly.tags.ant.AntTag - Could not convert tag: a into an Ant task, data type or property
2003-11-13 12:46:24,687 WARN  org.apache.commons.jelly.tags.ant.AntTag - Could not convert tag: img into an Ant task, data type or property
2003-11-13 12:46:24,687 WARN  org.apache.commons.jelly.tags.ant.AntTag - Could not convert tag: img into an Ant task, data type or property
2003-11-13 12:46:24,750 WARN  org.apache.commons.jelly.tags.ant.AntTag - Could not convert tag: a into an Ant task, data type or property
2003-11-13 12:46:24,750 WARN  org.apache.commons.jelly.tags.ant.AntTag - Could not convert tag: img into an Ant task, data type or property
2003-11-13 12:46:24,750 WARN  org.apache.commons.jelly.tags.ant.AntTag - Could not convert tag: img into an Ant task, data type or property
2003-11-13 12:46:24,750 WARN  org.apache.commons.jelly.tags.ant.AntTag - Could not convert tag: a into an Ant task, data type or property
2003-11-13 12:46:24,750 WARN  org.apache.commons.jelly.tags.ant.AntTag - Could not convert tag: img into an Ant task, data type or property
2003-11-13 12:46:24,750 WARN  org.apache.commons.jelly.tags.ant.AntTag - Could not convert tag: img into an Ant task, data type or property
2003-11-13 12:46:24,750 WARN  org.apache.commons.jelly.tags.ant.AntTag - Could not convert tag: a into an Ant task, data type or property
2003-11-13 12:46:24,750 WARN  org.apache.commons.jelly.tags.ant.AntTag - Could not convert tag: img into an Ant task, data type or property
2003-11-13 12:46:24,750 WARN  org.apache.commons.jelly.tags.ant.AntTag - Could not convert tag: img into an Ant task, data type or property
2003-11-13 12:46:24,750 WARN  org.apache.commons.jelly.tags.ant.AntTag - Could not convert tag: a into an Ant task, data type or property
2003-11-13 12:46:24,750 WARN  org.apache.commons.jelly.tags.ant.AntTag - Could not convert tag: img into an Ant task, data type or property
2003-11-13 12:46:24,750 WARN  org.apache.commons.jelly.tags.ant.AntTag - Could not convert tag: img into an Ant task, data type or property
2003-11-13 12:46:24,796 WARN  org.apache.commons.jelly.tags.ant.AntTag - Could not convert tag: a into an Ant task, data type or property
2003-11-13 12:46:24,796 WARN  org.apache.commons.jelly.tags.ant.AntTag - Could not convert tag: img into an Ant task, data type or property
2003-11-13 12:46:24,796 WARN  org.apache.commons.jelly.tags.ant.AntTag - Could not convert tag: img into an Ant task, data type or property
2003-11-13 12:46:24,796 WARN  org.apache.commons.jelly.tags.ant.AntTag - Could not convert tag: a into an Ant task, data type or property
2003-11-13 12:46:24,796 WARN  org.apache.commons.jelly.tags.ant.AntTag - Could not convert tag: img into an Ant task, data type or property
2003-11-13 12:46:24,796 WARN  org.apache.commons.jelly.tags.ant.AntTag - Could not convert tag: img into an Ant task, data type or property
2003-11-13 12:46:24,796 WARN  org.apache.commons.jelly.tags.ant.AntTag - Could not convert tag: a into an Ant task, data type or property
2003-11-13 12:46:24,796 WARN  org.apache.commons.jelly.tags.ant.AntTag - Could not convert tag: img into an Ant task, data type or property
2003-11-13 12:46:24,796 WARN  org.apache.commons.jelly.tags.ant.AntTag - Could not convert tag: img into an Ant task, data type or property
2003-11-13 12:46:24,796 WARN  org.apache.commons.jelly.tags.ant.AntTag - Could not convert tag: a into an Ant task, data type or property
2003-11-13 12:46:24,796 WARN  org.apache.commons.jelly.tags.ant.AntTag - Could not convert tag: img into an Ant task, data type or property
2003-11-13 12:46:24,796 WARN  org.apache.commons.jelly.tags.ant.AntTag - Could not convert tag: img into an Ant task, data type or property
2003-11-13 12:46:24,843 WARN  org.apache.commons.jelly.tags.ant.AntTag - Could not convert tag: a into an Ant task, data type or property
2003-11-13 12:46:24,843 WARN  org.apache.commons.jelly.tags.ant.AntTag - Could not convert tag: img into an Ant task, data type or property
2003-11-13 12:46:24,843 WARN  org.apache.commons.jelly.tags.ant.AntTag - Could not convert tag: img into an Ant task, data type or property
2003-11-13 12:46:24,843 WARN  org.apache.commons.jelly.tags.ant.AntTag - Could not convert tag: a into an Ant task, data type or property
2003-11-13 12:46:24,843 WARN  org.apache.commons.jelly.tags.ant.AntTag - Could not convert tag: img into an Ant task, data type or property
2003-11-13 12:46:24,843 WARN  org.apache.commons.jelly.tags.ant.AntTag - Could not convert tag: img into an Ant task, data type or property
2003-11-13 12:46:24,843 WARN  org.apache.commons.jelly.tags.ant.AntTag - Could not convert tag: a into an Ant task, data type or property
2003-11-13 12:46:24,843 WARN  org.apache.commons.jelly.tags.ant.AntTag - Could not convert tag: img into an Ant task, data type or property
2003-11-13 12:46:24,843 WARN  org.apache.commons.jelly.tags.ant.AntTag - Could not convert tag: img into an Ant task, data type or property
2003-11-13 12:46:24,843 WARN  org.apache.commons.jelly.tags.ant.AntTag - Could not convert tag: a into an Ant task, data type or property
2003-11-13 12:46:24,843 WARN  org.apache.commons.jelly.tags.ant.AntTag - Could not convert tag: img into an Ant task, data type or property
2003-11-13 12:46:24,843 WARN  org.apache.commons.jelly.tags.ant.AntTag - Could not convert tag: img into an Ant task, data type or property
2003-11-13 12:46:24,875 WARN  org.apache.commons.jelly.tags.ant.AntTag - Could not convert tag: a into an Ant task, data type or property
2003-11-13 12:46:24,875 WARN  org.apache.commons.jelly.tags.ant.AntTag - Could not convert tag: img into an Ant task, data type or property
2003-11-13 12:46:24,875 WARN  org.apache.commons.jelly.tags.ant.AntTag - Could not convert tag: img into an Ant task, data type or property
2003-11-13 12:46:24,875 WARN  org.apache.commons.jelly.tags.ant.AntTag - Could not convert tag: a into an Ant task, data type or property
2003-11-13 12:46:24,875 WARN  org.apache.commons.jelly.tags.ant.AntTag - Could not convert tag: img into an Ant task, data type or property
2003-11-13 12:46:24,875 WARN  org.apache.commons.jelly.tags.ant.AntTag - Could not convert tag: img into an Ant task, data type or property
2003-11-13 12:46:24,875 WARN  org.apache.commons.jelly.tags.ant.AntTag - Could not convert tag: a into an Ant task, data type or property
2003-11-13 12:46:24,875 WARN  org.apache.commons.jelly.tags.ant.AntTag - Could not convert tag: img into an Ant task, data type or property
2003-11-13 12:46:24,875 WARN  org.apache.commons.jelly.tags.ant.AntTag - Could not convert tag: img into an Ant task, data type or property
2003-11-13 12:46:24,875 WARN  org.apache.commons.jelly.tags.ant.AntTag - Could not convert tag: a into an Ant task, data type or property
2003-11-13 12:46:24,875 WARN  org.apache.commons.jelly.tags.ant.AntTag - Could not convert tag: img into an Ant task, data type or property
2003-11-13 12:46:24,875 WARN  org.apache.commons.jelly.tags.ant.AntTag - Could not convert tag: img into an Ant task, data type or property
2003-11-13 12:46:24,968 WARN  org.apache.commons.jelly.tags.ant.AntTag - Could not convert tag: a into an Ant task, data type or property
2003-11-13 12:46:24,968 WARN  org.apache.commons.jelly.tags.ant.AntTag - Could not convert tag: img into an Ant task, data type or property
2003-11-13 12:46:24,968 WARN  org.apache.commons.jelly.tags.ant.AntTag - Could not convert tag: img into an Ant task, data type or property
2003-11-13 12:46:24,968 WARN  org.apache.commons.jelly.tags.ant.AntTag - Could not convert tag: a into an Ant task, data type or property
2003-11-13 12:46:24,968 WARN  org.apache.commons.jelly.tags.ant.AntTag - Could not convert tag: img into an Ant task, data type or property
2003-11-13 12:46:24,968 WARN  org.apache.commons.jelly.tags.ant.AntTag - Could not convert tag: img into an Ant task, data type or property
2003-11-13 12:46:24,968 WARN  org.apache.commons.jelly.tags.ant.AntTag - Could not convert tag: a into an Ant task, data type or property
2003-11-13 12:46:24,968 WARN  org.apache.commons.jelly.tags.ant.AntTag - Could not convert tag: img into an Ant task, data type or property
2003-11-13 12:46:24,968 WARN  org.apache.commons.jelly.tags.ant.AntTag - Could not convert tag: img into an Ant task, data type or property
2003-11-13 12:46:24,984 WARN  org.apache.commons.jelly.tags.ant.AntTag - Could not convert tag: a into an Ant task, data type or property
2003-11-13 12:46:24,984 WARN  org.apache.commons.jelly.tags.ant.AntTag - Could not convert tag: img into an Ant task, data type or property
2003-11-13 12:46:24,984 WARN  org.apache.commons.jelly.tags.ant.AntTag - Could not convert tag: img into an Ant task, data type or property
2003-11-13 12:46:25,468 WARN  org.apache.commons.jelly.tags.ant.AntTag - Could not convert tag: a into an Ant task, data type or property
2003-11-13 12:46:25,468 WARN  org.apache.commons.jelly.tags.ant.AntTag - Could not convert tag: img into an Ant task, data type or property
2003-11-13 12:46:25,468 WARN  org.apache.commons.jelly.tags.ant.AntTag - Could not convert tag: img into an Ant task, data type or property
2003-11-13 12:46:25,468 WARN  org.apache.commons.jelly.tags.ant.AntTag - Could not convert tag: a into an Ant task, data type or property
2003-11-13 12:46:25,468 WARN  org.apache.commons.jelly.tags.ant.AntTag - Could not convert tag: img into an Ant task, data type or property
2003-11-13 12:46:25,468 WARN  org.apache.commons.jelly.tags.ant.AntTag - Could not convert tag: img into an Ant task, data type or property
2003-11-13 12:46:25,468 WARN  org.apache.commons.jelly.tags.ant.AntTag - Could not convert tag: a into an Ant task, data type or property
2003-11-13 12:46:25,468 WARN  org.apache.commons.jelly.tags.ant.AntTag - Could not convert tag: img into an Ant task, data type or property
2003-11-13 12:46:25,468 WARN  org.apache.commons.jelly.tags.ant.AntTag - Could not convert tag: img into an Ant task, data type or property
2003-11-13 12:46:25,468 WARN  org.apache.commons.jelly.tags.ant.AntTag - Could not convert tag: a into an Ant task, data type or property
2003-11-13 12:46:25,468 WARN  org.apache.commons.jelly.tags.ant.AntTag - Could not convert tag: img into an Ant task, data type or property
2003-11-13 12:46:25,468 WARN  org.apache.commons.jelly.tags.ant.AntTag - Could not convert tag: img into an Ant task, data type or property
2003-11-13 12:46:25,546 WARN  org.apache.commons.jelly.tags.ant.AntTag - Could not convert tag: a into an Ant task, data type or property
2003-11-13 12:46:25,546 WARN  org.apache.commons.jelly.tags.ant.AntTag - Could not convert tag: img into an Ant task, data type or property
2003-11-13 12:46:25,546 WARN  org.apache.commons.jelly.tags.ant.AntTag - Could not convert tag: img into an Ant task, data type or property
2003-11-13 12:46:25,546 WARN  org.apache.commons.jelly.tags.ant.AntTag - Could not convert tag: a into an Ant task, data type or property
2003-11-13 12:46:25,546 WARN  org.apache.commons.jelly.tags.ant.AntTag - Could not convert tag: img into an Ant task, data type or property
2003-11-13 12:46:25,546 WARN  org.apache.commons.jelly.tags.ant.AntTag - Could not convert tag: img into an Ant task, data type or property
2003-11-13 12:46:25,546 WARN  org.apache.commons.jelly.tags.ant.AntTag - Could not convert tag: a into an Ant task, data type or property
2003-11-13 12:46:25,546 WARN  org.apache.commons.jelly.tags.ant.AntTag - Could not convert tag: img into an Ant task, data type or property
2003-11-13 12:46:25,546 WARN  org.apache.commons.jelly.tags.ant.AntTag - Could not convert tag: img into an Ant task, data type or property
2003-11-13 12:46:25,546 WARN  org.apache.commons.jelly.tags.ant.AntTag - Could not convert tag: a into an Ant task, data type or property
2003-11-13 12:46:25,546 WARN  org.apache.commons.jelly.tags.ant.AntTag - Could not convert tag: img into an Ant task, data type or property
2003-11-13 12:46:25,546 WARN  org.apache.commons.jelly.tags.ant.AntTag - Could not convert tag: img into an Ant task, data type or property
2003-11-13 12:46:25,546 WARN  org.apache.commons.jelly.tags.ant.AntTag - Could not convert tag: a into an Ant task, data type or property
2003-11-13 12:46:25,546 WARN  org.apache.commons.jelly.tags.ant.AntTag - Could not convert tag: img into an Ant task, data type or property
2003-11-13 12:46:25,546 WARN  org.apache.commons.jelly.tags.ant.AntTag - Could not convert tag: img into an Ant task, data type or property
2003-11-13 12:46:25,546 WARN  org.apache.commons.jelly.tags.ant.AntTag - Could not convert tag: a into an Ant task, data type or property
2003-11-13 12:46:25,546 WARN  org.apache.commons.jelly.tags.ant.AntTag - Could not convert tag: img into an Ant task, data type or property
2003-11-13 12:46:25,546 WARN  org.apache.commons.jelly.tags.ant.AntTag - Could not convert tag: img into an Ant task, data type or property
2003-11-13 12:46:25,546 WARN  org.apache.commons.jelly.tags.ant.AntTag - Could not convert tag: a into an Ant task, data type or property
2003-11-13 12:46:25,546 WARN  org.apache.commons.jelly.tags.ant.AntTag - Could not convert tag: img into an Ant task, data type or property
2003-11-13 12:46:25,546 WARN  org.apache.commons.jelly.tags.ant.AntTag - Could not convert tag: img into an Ant task, data type or property
2003-11-13 12:46:25,546 WARN  org.apache.commons.jelly.tags.ant.AntTag - Could not convert tag: a into an Ant task, data type or property
2003-11-13 12:46:25,546 WARN  org.apache.commons.jelly.tags.ant.AntTag - Could not convert tag: img into an Ant task, data type or property
2003-11-13 12:46:25,546 WARN  org.apache.commons.jelly.tags.ant.AntTag - Could not convert tag: img into an Ant task, data type or property
2003-11-13 12:46:25,546 WARN  org.apache.commons.jelly.tags.ant.AntTag - Could not convert tag: a into an Ant task, data type or property
2003-11-13 12:46:25,546 WARN  org.apache.commons.jelly.tags.ant.AntTag - Could not convert tag: img into an Ant task, data type or property
2003-11-13 12:46:25,546 WARN  org.apache.commons.jelly.tags.ant.AntTag - Could not convert tag: img into an Ant task, data type or property
2003-11-13 12:46:25,546 WARN  org.apache.commons.jelly.tags.ant.AntTag - Could not convert tag: a into an Ant task, data type or property
2003-11-13 12:46:25,546 WARN  org.apache.commons.jelly.tags.ant.AntTag - Could not convert tag: img into an Ant task, data type or property
2003-11-13 12:46:25,546 WARN  org.apache.commons.jelly.tags.ant.AntTag - Could not convert tag: img into an Ant task, data type or property
2003-11-13 12:46:25,546 WARN  org.apache.commons.jelly.tags.ant.AntTag - Could not convert tag: a into an Ant task, data type or property
2003-11-13 12:46:25,546 WARN  org.apache.commons.jelly.tags.ant.AntTag - Could not convert tag: img into an Ant task, data type or property
2003-11-13 12:46:25,546 WARN  org.apache.commons.jelly.tags.ant.AntTag - Could not convert tag: img into an Ant task, data type or property
2003-11-13 12:46:25,546 WARN  org.apache.commons.jelly.tags.ant.AntTag - Could not convert tag: a into an Ant task, data type or property
2003-11-13 12:46:25,546 WARN  org.apache.commons.jelly.tags.ant.AntTag - Could not convert tag: img into an Ant task, data type or property
2003-11-13 12:46:25,546 WARN  org.apache.commons.jelly.tags.ant.AntTag - Could not convert tag: img into an Ant task, data type or property
2003-11-13 12:46:25,546 WARN  org.apache.commons.jelly.tags.ant.AntTag - Could not convert tag: a into an Ant task, data type or property
2003-11-13 12:46:25,546 WARN  org.apache.commons.jelly.tags.ant.AntTag - Could not convert tag: img into an Ant task, data type or property
2003-11-13 12:46:25,546 WARN  org.apache.commons.jelly.tags.ant.AntTag - Could not convert tag: img into an Ant task, data type or property
2003-11-13 12:46:25,562 WARN  org.apache.commons.jelly.tags.ant.AntTag - Could not convert tag: a into an Ant task, data type or property
2003-11-13 12:46:25,562 WARN  org.apache.commons.jelly.tags.ant.AntTag - Could not convert tag: img into an Ant task, data type or property
2003-11-13 12:46:25,562 WARN  org.apache.commons.jelly.tags.ant.AntTag - Could not convert tag: img into an Ant task, data type or property
2003-11-13 12:46:25,562 WARN  org.apache.commons.jelly.tags.ant.AntTag - Could not convert tag: a into an Ant task, data type or property
2003-11-13 12:46:25,562 WARN  org.apache.commons.jelly.tags.ant.AntTag - Could not convert tag: img into an Ant task, data type or property
2003-11-13 12:46:25,562 WARN  org.apache.commons.jelly.tags.ant.AntTag - Could not convert tag: img into an Ant task, data type or property
2003-11-13 12:46:25,562 WARN  org.apache.commons.jelly.tags.ant.AntTag - Could not convert tag: a into an Ant task, data type or property
2003-11-13 12:46:25,562 WARN  org.apache.commons.jelly.tags.ant.AntTag - Could not convert tag: img into an Ant task, data type or property
2003-11-13 12:46:25,562 WARN  org.apache.commons.jelly.tags.ant.AntTag - Could not convert tag: img into an Ant task, data type or property
2003-11-13 12:46:25,609 WARN  org.apache.commons.jelly.tags.ant.AntTag - Could not convert tag: a into an Ant task, data type or property
2003-11-13 12:46:25,609 WARN  org.apache.commons.jelly.tags.ant.AntTag - Could not convert tag: img into an Ant task, data type or property
2003-11-13 12:46:25,609 WARN  org.apache.commons.jelly.tags.ant.AntTag - Could not convert tag: img into an Ant task, data type or property
2003-11-13 12:46:25,609 WARN  org.apache.commons.jelly.tags.ant.AntTag - Could not convert tag: a into an Ant task, data type or property
2003-11-13 12:46:25,609 WARN  org.apache.commons.jelly.tags.ant.AntTag - Could not convert tag: img into an Ant task, data type or property
2003-11-13 12:46:25,609 WARN  org.apache.commons.jelly.tags.ant.AntTag - Could not convert tag: img into an Ant task, data type or property
2003-11-13 12:46:25,609 WARN  org.apache.commons.jelly.tags.ant.AntTag - Could not convert tag: a into an Ant task, data type or property
2003-11-13 12:46:25,609 WARN  org.apache.commons.jelly.tags.ant.AntTag - Could not convert tag: img into an Ant task, data type or property
2003-11-13 12:46:25,609 WARN  org.apache.commons.jelly.tags.ant.AntTag - Could not convert tag: img into an Ant task, data type or property
2003-11-13 12:46:25,609 WARN  org.apache.commons.jelly.tags.ant.AntTag - Could not convert tag: a into an Ant task, data type or property
2003-11-13 12:46:25,609 WARN  org.apache.commons.jelly.tags.ant.AntTag - Could not convert tag: img into an Ant task, data type or property
2003-11-13 12:46:25,609 WARN  org.apache.commons.jelly.tags.ant.AntTag - Could not convert tag: img into an Ant task, data type or property
2003-11-13 12:46:25,609 WARN  org.apache.commons.jelly.tags.ant.AntTag - Could not convert tag: a into an Ant task, data type or property
2003-11-13 12:46:25,609 WARN  org.apache.commons.jelly.tags.ant.AntTag - Could not convert tag: img into an Ant task, data type or property
2003-11-13 12:46:25,609 WARN  org.apache.commons.jelly.tags.ant.AntTag - Could not convert tag: img into an Ant task, data type or property
2003-11-13 12:46:25,609 WARN  org.apache.commons.jelly.tags.ant.AntTag - Could not convert tag: a into an Ant task, data type or property
2003-11-13 12:46:25,609 WARN  org.apache.commons.jelly.tags.ant.AntTag - Could not convert tag: img into an Ant task, data type or property
2003-11-13 12:46:25,609 WARN  org.apache.commons.jelly.tags.ant.AntTag - Could not convert tag: img into an Ant task, data type or property
2003-11-13 12:46:25,609 WARN  org.apache.commons.jelly.tags.ant.AntTag - Could not convert tag: a into an Ant task, data type or property
2003-11-13 12:46:25,609 WARN  org.apache.commons.jelly.tags.ant.AntTag - Could not convert tag: img into an Ant task, data type or property
2003-11-13 12:46:25,609 WARN  org.apache.commons.jelly.tags.ant.AntTag - Could not convert tag: img into an Ant task, data type or property
2003-11-13 12:46:25,609 WARN  org.apache.commons.jelly.tags.ant.AntTag - Could not convert tag: a into an Ant task, data type or property
2003-11-13 12:46:25,609 WARN  org.apache.commons.jelly.tags.ant.AntTag - Could not convert tag: img into an Ant task, data type or property
2003-11-13 12:46:25,609 WARN  org.apache.commons.jelly.tags.ant.AntTag - Could not convert tag: img into an Ant task, data type or property
2003-11-13 12:46:25,640 INFO  com.werken.werkz.jelly.PostGoalTag - Running post goal: xdoc:jelly-transform
2003-11-13 12:46:25,703 INFO  org.apache.maven.linkcheck.validation.HTTPLinkValidator - maven-linkcheck-plugin: Proxy Host:xap1.intra.bt.com
2003-11-13 12:46:25,703 INFO  org.apache.maven.linkcheck.validation.HTTPLinkValidator - maven-linkcheck-plugin: Proxy Port:8080
2003-11-13 12:46:25,703 INFO  org.apache.maven.linkcheck.validation.HTTPLinkValidator - maven-linkcheck-plugin: Proxy User:null
2003-11-13 12:46:25,890 INFO  org.apache.maven.linkcheck.LinkCheck - Validating apidocs/allclasses-frame.html
2003-11-13 12:46:27,359 INFO  org.apache.maven.linkcheck.LinkCheck - Validating apidocs/allclasses-noframe.html
2003-11-13 12:46:27,515 INFO  org.apache.maven.linkcheck.FileToCheck - Caught java.lang.StackOverflowError processing apidocs/allclasses-noframe.html
2003-11-13 12:46:27,515 INFO  org.apache.maven.linkcheck.FileToCheck - Exception Message: null
2003-11-13 12:46:27,515 INFO  org.apache.maven.linkcheck.LinkCheck - Validating apidocs/class-use/pingExternal.html
2003-11-13 12:46:27,531 INFO  org.apache.maven.linkcheck.LinkCheck - Validating apidocs/constant-values.html
2003-11-13 12:46:28,906 INFO  org.apache.maven.linkcheck.LinkCheck - Validating apidocs/deprecated-list.html
2003-11-13 12:46:28,937 INFO  org.apache.maven.linkcheck.LinkCheck - Validating apidocs/FIPA/AgentID.html
2003-11-13 12:46:28,968 INFO  org.apache.maven.linkcheck.LinkCheck - Validating apidocs/FIPA/AgentIDHelper.html
2003-11-13 12:46:29,015 INFO  org.apache.maven.linkcheck.LinkCheck - Validating apidocs/FIPA/AgentIDHolder.html
2003-11-13 12:46:29,062 INFO  org.apache.maven.linkcheck.LinkCheck - Validating apidocs/FIPA/AgentIDsHelper.html
2003-11-13 12:46:29,093 INFO  org.apache.maven.linkcheck.LinkCheck - Validating apidocs/FIPA/AgentIDsHolder.html
2003-11-13 12:46:29,140 INFO  org.apache.maven.linkcheck.LinkCheck - Validating apidocs/FIPA/class-use/AgentID.html
2003-11-13 12:46:29,203 INFO  org.apache.maven.linkcheck.LinkCheck - Validating apidocs/FIPA/class-use/AgentIDHelper.html
2003-11-13 12:46:29,218 INFO  org.apache.maven.linkcheck.LinkCheck - Validating apidocs/FIPA/class-use/AgentIDHolder.html
2003-11-13 12:46:29,234 INFO  org.apache.maven.linkcheck.LinkCheck - Validating apidocs/FIPA/class-use/AgentIDsHelper.html
2003-11-13 12:46:29,234 INFO  org.apache.maven.linkcheck.LinkCheck - Validating apidocs/FIPA/class-use/AgentIDsHolder.html
2003-11-13 12:46:29,250 INFO  org.apache.maven.linkcheck.LinkCheck - Validating apidocs/FIPA/class-use/DateTime.html
2003-11-13 12:46:29,296 INFO  org.apache.maven.linkcheck.LinkCheck - Validating apidocs/FIPA/class-use/DateTimeHelper.html
2003-11-13 12:46:29,312 INFO  org.apache.maven.linkcheck.LinkCheck - Validating apidocs/FIPA/class-use/DateTimeHolder.html
2003-11-13 12:46:29,328 INFO  org.apache.maven.linkcheck.LinkCheck - Validating apidocs/FIPA/class-use/Envelope.html
2003-11-13 12:46:29,359 INFO  org.apache.maven.linkcheck.LinkCheck - Validating apidocs/FIPA/class-use/EnvelopeHelper.html
2003-11-13 12:46:29,375 INFO  org.apache.maven.linkcheck.LinkCheck - Validating apidocs/FIPA/class-use/EnvelopeHolder.html
2003-11-13 12:46:29,390 INFO  org.apache.maven.linkcheck.LinkCheck - Validating apidocs/FIPA/class-use/EnvelopesHelper.html
2003-11-13 12:46:29,406 INFO  org.apache.maven.linkcheck.LinkCheck - Validating apidocs/FIPA/class-use/EnvelopesHolder.html
2003-11-13 12:46:29,421 INFO  org.apache.maven.linkcheck.LinkCheck - Validating apidocs/FIPA/class-use/FipaMessage.html
2003-11-13 12:46:29,453 INFO  org.apache.maven.linkcheck.LinkCheck - Validating apidocs/FIPA/class-use/FipaMessageHelper.html
2003-11-13 12:46:29,468 INFO  org.apache.maven.linkcheck.LinkCheck - Validating apidocs/FIPA/class-use/FipaMessageHolder.html
2003-11-13 12:46:29,484 INFO  org.apache.maven.linkcheck.LinkCheck - Validating apidocs/FIPA/class-use/MTS.html
2003-11-13 12:46:29,515 INFO  org.apache.maven.linkcheck.LinkCheck - Validating apidocs/FIPA/class-use/MTSHelper.html
2003-11-13 12:46:29,546 INFO  org.apache.maven.linkcheck.LinkCheck - Validating apidocs/FIPA/class-use/MTSHolder.html
2003-11-13 12:46:29,546 INFO  org.apache.maven.linkcheck.LinkCheck - Validating apidocs/FIPA/class-use/MTSOperations.html
2003-11-13 12:46:29,578 INFO  org.apache.maven.linkcheck.LinkCheck - Validating apidocs/FIPA/class-use/OptAgentIDHelper.html
2003-11-13 12:46:29,593 INFO  org.apache.maven.linkcheck.LinkCheck - Validating apidocs/FIPA/class-use/OptAgentIDHolder.html
2003-11-13 12:46:29,609 INFO  org.apache.maven.linkcheck.LinkCheck - Validating apidocs/FIPA/class-use/OptDateTimeHelper.html
2003-11-13 12:46:29,625 INFO  org.apache.maven.linkcheck.LinkCheck - Validating apidocs/FIPA/class-use/OptDateTimeHolder.html
2003-11-13 12:46:29,640 INFO  org.apache.maven.linkcheck.LinkCheck - Validating apidocs/FIPA/class-use/OptReceivedObjectHelper.html
2003-11-13 12:46:29,656 INFO  org.apache.maven.linkcheck.LinkCheck - Validating apidocs/FIPA/class-use/OptReceivedObjectHolder.html
2003-11-13 12:46:29,671 INFO  org.apache.maven.linkcheck.LinkCheck - Validating apidocs/FIPA/class-use/OptTransportBehaviourTypeHelper.html
2003-11-13 12:46:29,687 INFO  org.apache.maven.linkcheck.LinkCheck - Validating apidocs/FIPA/class-use/OptTransportBehaviourTypeHolder.html
2003-11-13 12:46:29,703 INFO  org.apache.maven.linkcheck.LinkCheck - Validating apidocs/FIPA/class-use/PayloadHelper.html
2003-11-13 12:46:29,718 INFO  org.apache.maven.linkcheck.LinkCheck - Validating apidocs/FIPA/class-use/PayloadHolder.html
2003-11-13 12:46:29,734 INFO  org.apache.maven.linkcheck.LinkCheck - Validating apidocs/FIPA/class-use/Property.html
2003-11-13 12:46:29,781 INFO  org.apache.maven.linkcheck.LinkCheck - Validating apidocs/FIPA/class-use/PropertyHelper.html
2003-11-13 12:46:29,796 INFO  org.apache.maven.linkcheck.LinkCheck - Validating apidocs/FIPA/class-use/PropertyHolder.html
2003-11-13 12:46:29,812 INFO  org.apache.maven.linkcheck.LinkCheck - Validating apidocs/FIPA/class-use/ReceivedObject.html
2003-11-13 12:46:29,843 INFO  org.apache.maven.linkcheck.LinkCheck - Validating apidocs/FIPA/class-use/ReceivedObjectHelper.html
2003-11-13 12:46:29,859 INFO  org.apache.maven.linkcheck.LinkCheck - Validating apidocs/FIPA/class-use/ReceivedObjectHolder.html
2003-11-13 12:46:29,875 INFO  org.apache.maven.linkcheck.LinkCheck - Validating apidocs/FIPA/class-use/stringsHelper.html
2003-11-13 12:46:29,890 INFO  org.apache.maven.linkcheck.LinkCheck - Validating apidocs/FIPA/class-use/stringsHolder.html
2003-11-13 12:46:29,906 INFO  org.apache.maven.linkcheck.LinkCheck - Validating apidocs/FIPA/class-use/TransportBehaviourTypeHelper.html
2003-11-13 12:46:29,921 INFO  org.apache.maven.linkcheck.LinkCheck - Validating apidocs/FIPA/class-use/TransportBehaviourTypeHolder.html
2003-11-13 12:46:29,937 INFO  org.apache.maven.linkcheck.LinkCheck - Validating apidocs/FIPA/class-use/URLHelper.html
2003-11-13 12:46:29,953 INFO  org.apache.maven.linkcheck.LinkCheck - Validating apidocs/FIPA/class-use/_MTSImplBase.html
2003-11-13 12:46:29,968 INFO  org.apache.maven.linkcheck.LinkCheck - Validating apidocs/FIPA/class-use/_MTSStub.html
2003-11-13 12:46:29,984 INFO  org.apache.maven.linkcheck.LinkCheck - Validating apidocs/FIPA/DateTime.html
2003-11-13 12:46:30,031 INFO  org.apache.maven.linkcheck.LinkCheck - Validating apidocs/FIPA/DateTimeHelper.html
2003-11-13 12:46:30,062 INFO  org.apache.maven.linkcheck.LinkCheck - Validating apidocs/FIPA/DateTimeHolder.html
2003-11-13 12:46:30,093 INFO  org.apache.maven.linkcheck.LinkCheck - Validating apidocs/FIPA/Envelope.html
2003-11-13 12:46:30,140 INFO  org.apache.maven.linkcheck.LinkCheck - Validating apidocs/FIPA/EnvelopeHelper.html
2003-11-13 12:46:30,187 INFO  org.apache.maven.linkcheck.LinkCheck - Validating apidocs/FIPA/EnvelopeHolder.html
2003-11-13 12:46:30,234 INFO  org.apache.maven.linkcheck.LinkCheck - Validating apidocs/FIPA/EnvelopesHelper.html
2003-11-13 12:46:30,265 INFO  org.apache.maven.linkcheck.LinkCheck - Validating apidocs/FIPA/EnvelopesHolder.html
2003-11-13 12:46:30,296 INFO  org.apache.maven.linkcheck.LinkCheck - Validating apidocs/FIPA/FipaMessage.html
2003-11-13 12:46:30,328 INFO  org.apache.maven.linkcheck.LinkCheck - Validating apidocs/FIPA/FipaMessageHelper.html
2003-11-13 12:46:30,375 INFO  org.apache.maven.linkcheck.LinkCheck - Validating apidocs/FIPA/FipaMessageHolder.html
2003-11-13 12:46:30,406 INFO  org.apache.maven.linkcheck.LinkCheck - Validating apidocs/FIPA/MTS.html
2003-11-13 12:46:30,437 INFO  org.apache.maven.linkcheck.LinkCheck - Validating apidocs/FIPA/MTSHelper.html
2003-11-13 12:46:30,468 INFO  org.apache.maven.linkcheck.LinkCheck - Validating apidocs/FIPA/MTSHolder.html
2003-11-13 12:46:30,500 INFO  org.apache.maven.linkcheck.LinkCheck - Validating apidocs/FIPA/MTSOperations.html
2003-11-13 12:46:30,531 INFO  org.apache.maven.linkcheck.LinkCheck - Validating apidocs/FIPA/OptAgentIDHelper.html
2003-11-13 12:46:30,562 INFO  org.apache.maven.linkcheck.LinkCheck - Validating apidocs/FIPA/OptAgentIDHolder.html
2003-11-13 12:46:30,609 INFO  org.apache.maven.linkcheck.LinkCheck - Validating apidocs/FIPA/OptDateTimeHelper.html
2003-11-13 12:46:30,640 INFO  org.apache.maven.linkcheck.LinkCheck - Validating apidocs/FIPA/OptDateTimeHolder.html
2003-11-13 12:46:30,671 INFO  org.apache.maven.linkcheck.LinkCheck - Validating apidocs/FIPA/OptReceivedObjectHelper.html
2003-11-13 12:46:30,718 INFO  org.apache.maven.linkcheck.LinkCheck - Validating apidocs/FIPA/OptReceivedObjectHolder.html
2003-11-13 12:46:30,750 INFO  org.apache.maven.linkcheck.LinkCheck - Validating apidocs/FIPA/OptTransportBehaviourTypeHelper.html
2003-11-13 12:46:30,796 INFO  org.apache.maven.linkcheck.LinkCheck - Validating apidocs/FIPA/OptTransportBehaviourTypeHolder.html
2003-11-13 12:46:30,828 INFO  org.apache.maven.linkcheck.LinkCheck - Validating apidocs/FIPA/package-frame.html
2003-11-13 12:46:30,843 INFO  org.apache.maven.linkcheck.LinkCheck - Validating apidocs/FIPA/package-summary.html
2003-11-13 12:46:30,890 INFO  org.apache.maven.linkcheck.LinkCheck - Validating apidocs/FIPA/package-tree.html
2003-11-13 12:46:30,921 INFO  org.apache.maven.linkcheck.LinkCheck - Validating apidocs/FIPA/package-use.html
2003-11-13 12:46:30,937 INFO  org.apache.maven.linkcheck.LinkCheck - Validating apidocs/FIPA/PayloadHelper.html
2003-11-13 12:46:30,984 INFO  org.apache.maven.linkcheck.LinkCheck - Validating apidocs/FIPA/PayloadHolder.html
2003-11-13 12:46:31,015 INFO  org.apache.maven.linkcheck.LinkCheck - Validating apidocs/FIPA/Property.html
2003-11-13 12:46:31,046 INFO  org.apache.maven.linkcheck.LinkCheck - Validating apidocs/FIPA/PropertyHelper.html
2003-11-13 12:46:31,078 INFO  org.apache.maven.linkcheck.LinkCheck - Validating apidocs/FIPA/PropertyHolder.html
2003-11-13 12:46:31,125 INFO  org.apache.maven.linkcheck.LinkCheck - Validating apidocs/FIPA/ReceivedObject.html
2003-11-13 12:46:31,156 INFO  org.apache.maven.linkcheck.LinkCheck - Validating apidocs/FIPA/ReceivedObjectHelper.html
2003-11-13 12:46:31,203 INFO  org.apache.maven.linkcheck.LinkCheck - Validating apidocs/FIPA/ReceivedObjectHolder.html
2003-11-13 12:46:31,234 INFO  org.apache.maven.linkcheck.LinkCheck - Validating apidocs/FIPA/stringsHelper.html
2003-11-13 12:46:31,265 INFO  org.apache.maven.linkcheck.LinkCheck - Validating apidocs/FIPA/stringsHolder.html
2003-11-13 12:46:31,312 INFO  org.apache.maven.linkcheck.LinkCheck - Validating apidocs/FIPA/TransportBehaviourTypeHelper.html
2003-11-13 12:46:31,343 INFO  org.apache.maven.linkcheck.LinkCheck - Validating apidocs/FIPA/TransportBehaviourTypeHolder.html
2003-11-13 12:46:31,390 INFO  org.apache.maven.linkcheck.LinkCheck - Validating apidocs/FIPA/URLHelper.html
2003-11-13 12:46:31,421 INFO  org.apache.maven.linkcheck.LinkCheck - Validating apidocs/FIPA/_MTSImplBase.html
2003-11-13 12:46:31,453 INFO  org.apache.maven.linkcheck.LinkCheck - Validating apidocs/FIPA/_MTSStub.html
2003-11-13 12:46:31,500 INFO  org.apache.maven.linkcheck.LinkCheck - Validating apidocs/fipa97/class-use/FIPA_Agent_97.html
2003-11-13 12:46:31,546 INFO  org.apache.maven.linkcheck.LinkCheck - Validating apidocs/fipa97/class-use/FIPA_Agent_97Helper.html
2003-11-13 12:46:31,562 INFO  org.apache.maven.linkcheck.LinkCheck - Validating apidocs/fipa97/class-use/FIPA_Agent_97Holder.html
2003-11-13 12:46:31,578 INFO  org.apache.maven.linkcheck.LinkCheck - Validating apidocs/fipa97/class-use/FIPA_Agent_97Operations.html
2003-11-13 12:46:31,593 INFO  org.apache.maven.linkcheck.LinkCheck - Validating apidocs/fipa97/class-use/_FIPA_Agent_97ImplBase.html
2003-11-13 12:46:31,625 INFO  org.apache.maven.linkcheck.LinkCheck - Validating apidocs/fipa97/class-use/_FIPA_Agent_97Stub.html
2003-11-13 12:46:31,640 INFO  org.apache.maven.linkcheck.LinkCheck - Validating apidocs/fipa97/FIPA_Agent_97.html
2003-11-13 12:46:31,656 INFO  org.apache.maven.linkcheck.LinkCheck - Validating apidocs/fipa97/FIPA_Agent_97Helper.html
2003-11-13 12:46:31,703 INFO  org.apache.maven.linkcheck.LinkCheck - Validating apidocs/fipa97/FIPA_Agent_97Holder.html
2003-11-13 12:46:31,734 INFO  org.apache.maven.linkcheck.LinkCheck - Validating apidocs/fipa97/FIPA_Agent_97Operations.html
2003-11-13 12:46:31,750 INFO  org.apache.maven.linkcheck.LinkCheck - Validating apidocs/fipa97/package-frame.html
2003-11-13 12:46:31,765 INFO  org.apache.maven.linkcheck.LinkCheck - Validating apidocs/fipa97/package-summary.html
2003-11-13 12:46:31,781 INFO  org.apache.maven.linkcheck.LinkCheck - Validating apidocs/fipa97/package-tree.html
2003-11-13 12:46:31,796 INFO  org.apache.maven.linkcheck.LinkCheck - Validating apidocs/fipa97/package-use.html
2003-11-13 12:46:31,812 INFO  org.apache.maven.linkcheck.LinkCheck - Validating apidocs/fipa97/_FIPA_Agent_97ImplBase.html
2003-11-13 12:46:31,859 INFO  org.apache.maven.linkcheck.LinkCheck - Validating apidocs/fipa97/_FIPA_Agent_97Stub.html
2003-11-13 12:46:31,890 INFO  org.apache.maven.linkcheck.LinkCheck - Validating apidocs/help-doc.html
2003-11-13 12:46:31,921 INFO  org.apache.maven.linkcheck.LinkCheck - Validating apidocs/index-all.html
2003-11-13 12:46:33,046 INFO  org.apache.maven.linkcheck.FileToCheck - Caught java.lang.StackOverflowError processing apidocs/index-all.html
2003-11-13 12:46:33,046 INFO  org.apache.maven.linkcheck.FileToCheck - Exception Message: null
2003-11-13 12:46:33,046 INFO  org.apache.maven.linkcheck.LinkCheck - Validating apidocs/index.html
2003-11-13 12:46:33,062 INFO  org.apache.maven.linkcheck.LinkCheck - Validating apidocs/JADE_SL/abs/AbsAgentAction.html
2003-11-13 12:46:33,093 INFO  org.apache.maven.linkcheck.LinkCheck - Validating apidocs/JADE_SL/abs/AbsAggregate.html
2003-11-13 12:46:33,187 INFO  org.apache.maven.linkcheck.LinkCheck - Validating apidocs/JADE_SL/abs/AbsConcept.html
2003-11-13 12:46:33,265 INFO  org.apache.maven.linkcheck.LinkCheck - Validating apidocs/JADE_SL/abs/AbsContentElement.html
2003-11-13 12:46:33,296 INFO  org.apache.maven.linkcheck.LinkCheck - Validating apidocs/JADE_SL/abs/AbsContentElementList.html
2003-11-13 12:46:33,359 INFO  org.apache.maven.linkcheck.LinkCheck - Validating apidocs/JADE_SL/abs/AbsHelper.html
2003-11-13 12:46:33,421 INFO  org.apache.maven.linkcheck.LinkCheck - Validating apidocs/JADE_SL/abs/AbsIRE.html
2003-11-13 12:46:33,468 INFO  org.apache.maven.linkcheck.LinkCheck - Validating apidocs/JADE_SL/abs/AbsObject.html
2003-11-13 12:46:33,500 INFO  org.apache.maven.linkcheck.LinkCheck - Validating apidocs/JADE_SL/abs/AbsObjectImpl.html
2003-11-13 12:46:33,562 INFO  org.apache.maven.linkcheck.LinkCheck - Validating apidocs/JADE_SL/abs/AbsPredicate.html
2003-11-13 12:46:33,640 INFO  org.apache.maven.linkcheck.LinkCheck - Validating apidocs/JADE_SL/abs/AbsPrimitive.html
2003-11-13 12:46:33,750 INFO  org.apache.maven.linkcheck.LinkCheck - Validating apidocs/JADE_SL/abs/AbsPrimitiveSlotsHolder.html
2003-11-13 12:46:33,828 INFO  org.apache.maven.linkcheck.LinkCheck - Validating apidocs/JADE_SL/abs/AbsTerm.html
2003-11-13 12:46:33,843 INFO  org.apache.maven.linkcheck.LinkCheck - Validating apidocs/JADE_SL/abs/AbsVariable.html
2003-11-13 12:46:33,890 INFO  org.apache.maven.linkcheck.LinkCheck - Validating apidocs/JADE_SL/abs/class-use/AbsAgentAction.html
2003-11-13 12:46:33,921 INFO  org.apache.maven.linkcheck.LinkCheck - Validating apidocs/JADE_SL/abs/class-use/AbsAggregate.html
2003-11-13 12:46:33,953 INFO  org.apache.maven.linkcheck.LinkCheck - Validating apidocs/JADE_SL/abs/class-use/AbsConcept.html
2003-11-13 12:46:33,984 INFO  org.apache.maven.linkcheck.LinkCheck - Validating apidocs/JADE_SL/abs/class-use/AbsContentElement.html
2003-11-13 12:46:34,046 INFO  org.apache.maven.linkcheck.LinkCheck - Validating apidocs/JADE_SL/abs/class-use/AbsContentElementList.html
2003-11-13 12:46:34,078 INFO  org.apache.maven.linkcheck.LinkCheck - Validating apidocs/JADE_SL/abs/class-use/AbsHelper.html
2003-11-13 12:46:34,093 INFO  org.apache.maven.linkcheck.LinkCheck - Validating apidocs/JADE_SL/abs/class-use/AbsIRE.html
2003-11-13 12:46:34,109 INFO  org.apache.maven.linkcheck.LinkCheck - Validating apidocs/JADE_SL/abs/class-use/AbsObject.html
2003-11-13 12:46:34,234 INFO  org.apache.maven.linkcheck.LinkCheck - Validating apidocs/JADE_SL/abs/class-use/AbsObjectImpl.html
2003-11-13 12:46:34,250 INFO  org.apache.maven.linkcheck.LinkCheck - Validating apidocs/JADE_SL/abs/class-use/AbsPredicate.html
2003-11-13 12:46:34,281 INFO  org.apache.maven.linkcheck.LinkCheck - Validating apidocs/JADE_SL/abs/class-use/AbsPrimitive.html
2003-11-13 12:46:34,328 INFO  org.apache.maven.linkcheck.LinkCheck - Validating apidocs/JADE_SL/abs/class-use/AbsPrimitiveSlotsHolder.html
2003-11-13 12:46:34,343 INFO  org.apache.maven.linkcheck.LinkCheck - Validating apidocs/JADE_SL/abs/class-use/AbsTerm.html
2003-11-13 12:46:34,390 INFO  org.apache.maven.linkcheck.LinkCheck - Validating apidocs/JADE_SL/abs/class-use/AbsVariable.html
2003-11-13 12:46:34,421 INFO  org.apache.maven.linkcheck.LinkCheck - Validating apidocs/JADE_SL/abs/package-frame.html
2003-11-13 12:46:34,421 INFO  org.apache.maven.linkcheck.LinkCheck - Validating apidocs/JADE_SL/abs/package-summary.html
2003-11-13 12:46:34,453 INFO  org.apache.maven.linkcheck.LinkCheck - Validating apidocs/JADE_SL/abs/package-tree.html
2003-11-13 12:46:34,468 INFO  org.apache.maven.linkcheck.LinkCheck - Validating apidocs/JADE_SL/abs/package-use.html
2003-11-13 12:46:34,515 INFO  org.apache.maven.linkcheck.LinkCheck - Validating apidocs/JADE_SL/acl/class-use/CommunicativeActBase.html
2003-11-13 12:46:34,546 INFO  org.apache.maven.linkcheck.LinkCheck - Validating apidocs/JADE_SL/acl/class-use/Inform.html
2003-11-13 12:46:34,546 INFO  org.apache.maven.linkcheck.LinkCheck - Validating apidocs/JADE_SL/acl/class-use/Request.html
2003-11-13 12:46:34,562 INFO  org.apache.maven.linkcheck.LinkCheck - Validating apidocs/JADE_SL/acl/CommunicativeActBase.html
2003-11-13 12:46:34,609 INFO  org.apache.maven.linkcheck.LinkCheck - Validating apidocs/JADE_SL/acl/Inform.html
2003-11-13 12:46:34,640 INFO  org.apache.maven.linkcheck.LinkCheck - Validating apidocs/JADE_SL/acl/package-frame.html
2003-11-13 12:46:34,640 INFO  org.apache.maven.linkcheck.LinkCheck - Validating apidocs/JADE_SL/acl/package-summary.html
2003-11-13 12:46:34,656 INFO  org.apache.maven.linkcheck.LinkCheck - Validating apidocs/JADE_SL/acl/package-tree.html
2003-11-13 12:46:34,671 INFO  org.apache.maven.linkcheck.LinkCheck - Validating apidocs/JADE_SL/acl/package-use.html
2003-11-13 12:46:34,687 INFO  org.apache.maven.linkcheck.LinkCheck - Validating apidocs/JADE_SL/acl/Request.html
2003-11-13 12:46:34,718 INFO  org.apache.maven.linkcheck.LinkCheck - Validating apidocs/JADE_SL/ACLMessage.html
2003-11-13 12:46:34,890 INFO  org.apache.maven.linkcheck.FileToCheck - Caught java.lang.StackOverflowError processing apidocs/JADE_SL/ACLMessage.html
2003-11-13 12:46:34,890 INFO  org.apache.maven.linkcheck.FileToCheck - Exception Message: null
2003-11-13 12:46:34,890 INFO  org.apache.maven.linkcheck.LinkCheck - Validating apidocs/JADE_SL/AgentAction.html
2003-11-13 12:46:34,906 INFO  org.apache.maven.linkcheck.LinkCheck - Validating apidocs/JADE_SL/AID.html
2003-11-13 12:46:34,984 INFO  org.apache.maven.linkcheck.LinkCheck - Validating apidocs/JADE_SL/Base64.html
2003-11-13 12:46:35,015 INFO  org.apache.maven.linkcheck.LinkCheck - Validating apidocs/JADE_SL/CaseInsensitiveString.html
2003-11-13 12:46:35,046 INFO  org.apache.maven.linkcheck.LinkCheck - Validating apidocs/JADE_SL/class-use/ACLMessage.html
2003-11-13 12:46:35,078 INFO  org.apache.maven.linkcheck.LinkCheck - Validating apidocs/JADE_SL/class-use/AgentAction.html
2003-11-13 12:46:35,109 INFO  org.apache.maven.linkcheck.LinkCheck - Validating apidocs/JADE_SL/class-use/AID.html
2003-11-13 12:46:35,156 INFO  org.apache.maven.linkcheck.LinkCheck - Validating apidocs/JADE_SL/class-use/Base64.html
2003-11-13 12:46:35,171 INFO  org.apache.maven.linkcheck.LinkCheck - Validating apidocs/JADE_SL/class-use/CaseInsensitiveString.html
2003-11-13 12:46:35,187 INFO  org.apache.maven.linkcheck.LinkCheck - Validating apidocs/JADE_SL/class-use/Concept.html
2003-11-13 12:46:35,234 INFO  org.apache.maven.linkcheck.LinkCheck - Validating apidocs/JADE_SL/class-use/ContentElement.html
2003-11-13 12:46:35,281 INFO  org.apache.maven.linkcheck.LinkCheck - Validating apidocs/JADE_SL/class-use/ContentElementList.html
2003-11-13 12:46:35,296 INFO  org.apache.maven.linkcheck.LinkCheck - Validating apidocs/JADE_SL/class-use/FIPANames.ACLCodec.html
2003-11-13 12:46:35,312 INFO  org.apache.maven.linkcheck.LinkCheck - Validating apidocs/JADE_SL/class-use/FIPANames.ContentLanguage.html
2003-11-13 12:46:35,328 INFO  org.apache.maven.linkcheck.LinkCheck - Validating apidocs/JADE_SL/class-use/FIPANames.html
2003-11-13 12:46:35,343 INFO  org.apache.maven.linkcheck.LinkCheck - Validating apidocs/JADE_SL/class-use/FIPANames.InteractionProtocol.html
2003-11-13 12:46:35,359 INFO  org.apache.maven.linkcheck.LinkCheck - Validating apidocs/JADE_SL/class-use/FIPANames.MTP.html
2003-11-13 12:46:35,375 INFO  org.apache.maven.linkcheck.LinkCheck - Validating apidocs/JADE_SL/class-use/ISO8601.html
2003-11-13 12:46:35,390 INFO  org.apache.maven.linkcheck.LinkCheck - Validating apidocs/JADE_SL/class-use/OntoACLMessage.html
2003-11-13 12:46:35,406 INFO  org.apache.maven.linkcheck.LinkCheck - Validating apidocs/JADE_SL/class-use/OntoAID.html
2003-11-13 12:46:35,437 INFO  org.apache.maven.linkcheck.LinkCheck - Validating apidocs/JADE_SL/class-use/Predicate.html
2003-11-13 12:46:35,453 INFO  org.apache.maven.linkcheck.LinkCheck - Validating apidocs/JADE_SL/class-use/StringACLCodec.html
2003-11-13 12:46:35,468 INFO  org.apache.maven.linkcheck.LinkCheck - Validating apidocs/JADE_SL/class-use/Term.html
2003-11-13 12:46:35,500 INFO  org.apache.maven.linkcheck.LinkCheck - Validating apidocs/JADE_SL/class-use/UnreadableException.html
2003-11-13 12:46:35,515 INFO  org.apache.maven.linkcheck.LinkCheck - Validating apidocs/JADE_SL/class-use/WrapperException.html
2003-11-13 12:46:35,531 INFO  org.apache.maven.linkcheck.LinkCheck - Validating apidocs/JADE_SL/Concept.html
2003-11-13 12:46:35,546 INFO  org.apache.maven.linkcheck.LinkCheck - Validating apidocs/JADE_SL/ContentElement.html
2003-11-13 12:46:35,578 INFO  org.apache.maven.linkcheck.LinkCheck - Validating apidocs/JADE_SL/ContentElementList.html
2003-11-13 12:46:35,625 INFO  org.apache.maven.linkcheck.LinkCheck - Validating apidocs/JADE_SL/FIPANames.ACLCodec.html
2003-11-13 12:46:35,718 INFO  org.apache.maven.linkcheck.validation.HTTPLinkValidator - Checking link http://www.fipa.org/specs/fipa00071/XC00071b.html
2003-11-13 12:46:36,281 INFO  org.apache.maven.linkcheck.validation.HTTPLinkValidator - Received: [404] for http://www.fipa.org/specs/fipa00071/XC00071b.html
2003-11-13 12:46:36,281 INFO  org.apache.maven.linkcheck.validation.HTTPLinkValidator - Checking link http://www.fipa.org/specs/fipa00070/XC00070f.html
2003-11-13 12:46:36,609 INFO  org.apache.maven.linkcheck.validation.HTTPLinkValidator - Received: [404] for http://www.fipa.org/specs/fipa00070/XC00070f.html
2003-11-13 12:46:36,609 INFO  org.apache.maven.linkcheck.validation.HTTPLinkValidator - Checking link http://www.fipa.org/specs/fipa00069/XC00069e.html
2003-11-13 12:46:36,937 INFO  org.apache.maven.linkcheck.validation.HTTPLinkValidator - Received: [404] for http://www.fipa.org/specs/fipa00069/XC00069e.html
2003-11-13 12:46:36,937 INFO  org.apache.maven.linkcheck.LinkCheck - Validating apidocs/JADE_SL/FIPANames.ContentLanguage.html
2003-11-13 12:46:36,968 INFO  org.apache.maven.linkcheck.LinkCheck - Validating apidocs/JADE_SL/FIPANames.html
2003-11-13 12:46:37,000 INFO  org.apache.maven.linkcheck.LinkCheck - Validating apidocs/JADE_SL/FIPANames.InteractionProtocol.html
2003-11-13 12:46:37,015 INFO  org.apache.maven.linkcheck.LinkCheck - Validating apidocs/JADE_SL/FIPANames.MTP.html
2003-11-13 12:46:37,046 INFO  org.apache.maven.linkcheck.validation.HTTPLinkValidator - Checking link http://www.fipa.org/specs/fipa00084/XC00084d.html
2003-11-13 12:46:37,437 INFO  org.apache.maven.linkcheck.validation.HTTPLinkValidator - Received: [404] for http://www.fipa.org/specs/fipa00084/XC00084d.html
2003-11-13 12:46:37,437 INFO  org.apache.maven.linkcheck.validation.HTTPLinkValidator - Checking link http://www.fipa.org/specs/fipa00075/XC00075e.html
2003-11-13 12:46:37,765 INFO  org.apache.maven.linkcheck.validation.HTTPLinkValidator - Received: [404] for http://www.fipa.org/specs/fipa00075/XC00075e.html
2003-11-13 12:46:37,765 INFO  org.apache.maven.linkcheck.validation.HTTPLinkValidator - Checking link http://www.fipa.org/specs/fipa00076/XC00076c.html
2003-11-13 12:46:38,093 INFO  org.apache.maven.linkcheck.validation.HTTPLinkValidator - Received: [404] for http://www.fipa.org/specs/fipa00076/XC00076c.html
2003-11-13 12:46:38,093 INFO  org.apache.maven.linkcheck.LinkCheck - Validating apidocs/JADE_SL/ISO8601.html
2003-11-13 12:46:38,125 INFO  org.apache.maven.linkcheck.LinkCheck - Validating apidocs/JADE_SL/lang/ByteArrayCodec.html
2003-11-13 12:46:38,171 INFO  org.apache.maven.linkcheck.LinkCheck - Validating apidocs/JADE_SL/lang/class-use/ByteArrayCodec.html
2003-11-13 12:46:38,187 INFO  org.apache.maven.linkcheck.LinkCheck - Validating apidocs/JADE_SL/lang/class-use/Codec.CodecException.html
2003-11-13 12:46:38,234 INFO  org.apache.maven.linkcheck.LinkCheck - Validating apidocs/JADE_SL/lang/class-use/Codec.html
2003-11-13 12:46:38,265 INFO  org.apache.maven.linkcheck.LinkCheck - Validating apidocs/JADE_SL/lang/class-use/StringCodec.html
2003-11-13 12:46:38,281 INFO  org.apache.maven.linkcheck.LinkCheck - Validating apidocs/JADE_SL/lang/Codec.CodecException.html
2003-11-13 12:46:38,312 INFO  org.apache.maven.linkcheck.LinkCheck - Validating apidocs/JADE_SL/lang/Codec.html
2003-11-13 12:46:38,343 INFO  org.apache.maven.linkcheck.LinkCheck - Validating apidocs/JADE_SL/lang/package-frame.html
2003-11-13 12:46:38,343 INFO  org.apache.maven.linkcheck.LinkCheck - Validating apidocs/JADE_SL/lang/package-summary.html
2003-11-13 12:46:38,375 INFO  org.apache.maven.linkcheck.LinkCheck - Validating apidocs/JADE_SL/lang/package-tree.html
2003-11-13 12:46:38,390 INFO  org.apache.maven.linkcheck.LinkCheck - Validating apidocs/JADE_SL/lang/package-use.html
2003-11-13 12:46:38,406 INFO  org.apache.maven.linkcheck.LinkCheck - Validating apidocs/JADE_SL/lang/sl/ASCII_CharStream.html
2003-11-13 12:46:38,500 INFO  org.apache.maven.linkcheck.LinkCheck - Validating apidocs/JADE_SL/lang/sl/class-use/ASCII_CharStream.html
2003-11-13 12:46:38,515 INFO  org.apache.maven.linkcheck.LinkCheck - Validating apidocs/JADE_SL/lang/sl/class-use/ParseException.html
2003-11-13 12:46:38,562 INFO  org.apache.maven.linkcheck.LinkCheck - Validating apidocs/JADE_SL/lang/sl/class-use/SLCodec.html
2003-11-13 12:46:38,578 INFO  org.apache.maven.linkcheck.LinkCheck - Validating apidocs/JADE_SL/lang/sl/class-use/SLOntology.html
2003-11-13 12:46:38,593 INFO  org.apache.maven.linkcheck.LinkCheck - Validating apidocs/JADE_SL/lang/sl/class-use/SLParser.html
2003-11-13 12:46:38,609 INFO  org.apache.maven.linkcheck.LinkCheck - Validating apidocs/JADE_SL/lang/sl/class-use/SLParserConstants.html
2003-11-13 12:46:38,640 INFO  org.apache.maven.linkcheck.LinkCheck - Validating apidocs/JADE_SL/lang/sl/class-use/SLParserTokenManager.html
2003-11-13 12:46:38,656 INFO  org.apache.maven.linkcheck.LinkCheck - Validating apidocs/JADE_SL/lang/sl/class-use/Token.html
2003-11-13 12:46:38,687 INFO  org.apache.maven.linkcheck.LinkCheck - Validating apidocs/JADE_SL/lang/sl/class-use/TokenMgrError.html
2003-11-13 12:46:38,703 INFO  org.apache.maven.linkcheck.LinkCheck - Validating apidocs/JADE_SL/lang/sl/package-frame.html
2003-11-13 12:46:38,718 INFO  org.apache.maven.linkcheck.LinkCheck - Validating apidocs/JADE_SL/lang/sl/package-summary.html
2003-11-13 12:46:38,734 INFO  org.apache.maven.linkcheck.LinkCheck - Validating apidocs/JADE_SL/lang/sl/package-tree.html
2003-11-13 12:46:38,765 INFO  org.apache.maven.linkcheck.LinkCheck - Validating apidocs/JADE_SL/lang/sl/package-use.html
2003-11-13 12:46:38,781 INFO  org.apache.maven.linkcheck.LinkCheck - Validating apidocs/JADE_SL/lang/sl/ParseException.html
2003-11-13 12:46:38,828 INFO  org.apache.maven.linkcheck.LinkCheck - Validating apidocs/JADE_SL/lang/sl/SLCodec.html
2003-11-13 12:46:38,921 INFO  org.apache.maven.linkcheck.LinkCheck - Validating apidocs/JADE_SL/lang/sl/SLOntology.html
2003-11-13 12:46:38,953 INFO  org.apache.maven.linkcheck.LinkCheck - Validating apidocs/JADE_SL/lang/sl/SLParser.html
2003-11-13 12:46:39,109 INFO  org.apache.maven.linkcheck.LinkCheck - Validating apidocs/JADE_SL/lang/sl/SLParserConstants.html
2003-11-13 12:46:39,156 INFO  org.apache.maven.linkcheck.LinkCheck - Validating apidocs/JADE_SL/lang/sl/SLParserTokenManager.html
2003-11-13 12:46:39,265 INFO  org.apache.maven.linkcheck.LinkCheck - Validating apidocs/JADE_SL/lang/sl/Token.html
2003-11-13 12:46:39,312 INFO  org.apache.maven.linkcheck.LinkCheck - Validating apidocs/JADE_SL/lang/sl/TokenMgrError.html
2003-11-13 12:46:39,359 INFO  org.apache.maven.linkcheck.LinkCheck - Validating apidocs/JADE_SL/lang/StringCodec.html
2003-11-13 12:46:39,406 INFO  org.apache.maven.linkcheck.LinkCheck - Validating apidocs/JADE_SL/onto/ACLOntology.html
2003-11-13 12:46:39,468 INFO  org.apache.maven.linkcheck.LinkCheck - Validating apidocs/JADE_SL/onto/basic/Action.html
2003-11-13 12:46:39,515 INFO  org.apache.maven.linkcheck.LinkCheck - Validating apidocs/JADE_SL/onto/basic/class-use/Action.html
2003-11-13 12:46:39,531 INFO  org.apache.maven.linkcheck.LinkCheck - Validating apidocs/JADE_SL/onto/basic/class-use/Done.html
2003-11-13 12:46:39,546 INFO  org.apache.maven.linkcheck.LinkCheck - Validating apidocs/JADE_SL/onto/basic/class-use/Equals.html
2003-11-13 12:46:39,562 INFO  org.apache.maven.linkcheck.LinkCheck - Validating apidocs/JADE_SL/onto/basic/class-use/Result.html
2003-11-13 12:46:39,578 INFO  org.apache.maven.linkcheck.LinkCheck - Validating apidocs/JADE_SL/onto/basic/class-use/TrueProposition.html
2003-11-13 12:46:39,593 INFO  org.apache.maven.linkcheck.LinkCheck - Validating apidocs/JADE_SL/onto/basic/Done.html
2003-11-13 12:46:39,625 INFO  org.apache.maven.linkcheck.LinkCheck - Validating apidocs/JADE_SL/onto/basic/Equals.html
2003-11-13 12:46:39,671 INFO  org.apache.maven.linkcheck.LinkCheck - Validating apidocs/JADE_SL/onto/basic/package-frame.html
2003-11-13 12:46:39,671 INFO  org.apache.maven.linkcheck.LinkCheck - Validating apidocs/JADE_SL/onto/basic/package-summary.html
2003-11-13 12:46:39,687 INFO  org.apache.maven.linkcheck.LinkCheck - Validating apidocs/JADE_SL/onto/basic/package-tree.html
2003-11-13 12:46:39,703 INFO  org.apache.maven.linkcheck.LinkCheck - Validating apidocs/JADE_SL/onto/basic/package-use.html
2003-11-13 12:46:39,718 INFO  org.apache.maven.linkcheck.LinkCheck - Validating apidocs/JADE_SL/onto/basic/Result.html
2003-11-13 12:46:39,750 INFO  org.apache.maven.linkcheck.LinkCheck - Validating apidocs/JADE_SL/onto/basic/TrueProposition.html
2003-11-13 12:46:39,781 INFO  org.apache.maven.linkcheck.LinkCheck - Validating apidocs/JADE_SL/onto/BasicIntrospector.html
2003-11-13 12:46:39,828 INFO  org.apache.maven.linkcheck.LinkCheck - Validating apidocs/JADE_SL/onto/BasicOntology.html
2003-11-13 12:46:39,921 INFO  org.apache.maven.linkcheck.LinkCheck - Validating apidocs/JADE_SL/onto/BCReflectiveIntrospector.html
2003-11-13 12:46:39,984 INFO  org.apache.maven.linkcheck.LinkCheck - Validating apidocs/JADE_SL/onto/class-use/ACLOntology.html
2003-11-13 12:46:40,000 INFO  org.apache.maven.linkcheck.LinkCheck - Validating apidocs/JADE_SL/onto/class-use/BasicIntrospector.html
2003-11-13 12:46:40,015 INFO  org.apache.maven.linkcheck.LinkCheck - Validating apidocs/JADE_SL/onto/class-use/BasicOntology.html
2003-11-13 12:46:40,046 INFO  org.apache.maven.linkcheck.LinkCheck - Validating apidocs/JADE_SL/onto/class-use/BCReflectiveIntrospector.html
2003-11-13 12:46:40,062 INFO  org.apache.maven.linkcheck.LinkCheck - Validating apidocs/JADE_SL/onto/class-use/Introspectable.html
2003-11-13 12:46:40,078 INFO  org.apache.maven.linkcheck.LinkCheck - Validating apidocs/JADE_SL/onto/class-use/Introspector.html
2003-11-13 12:46:40,093 INFO  org.apache.maven.linkcheck.LinkCheck - Validating apidocs/JADE_SL/onto/class-use/MicroIntrospector.html
2003-11-13 12:46:40,109 INFO  org.apache.maven.linkcheck.LinkCheck - Validating apidocs/JADE_SL/onto/class-use/Ontology.html
2003-11-13 12:46:40,250 INFO  org.apache.maven.linkcheck.LinkCheck - Validating apidocs/JADE_SL/onto/class-use/OntologyException.html
2003-11-13 12:46:40,406 INFO  org.apache.maven.linkcheck.LinkCheck - Validating apidocs/JADE_SL/onto/class-use/ReflectiveIntrospector.html
2003-11-13 12:46:40,406 INFO  org.apache.maven.linkcheck.LinkCheck - Validating apidocs/JADE_SL/onto/class-use/UngroundedException.html
2003-11-13 12:46:40,453 INFO  org.apache.maven.linkcheck.LinkCheck - Validating apidocs/JADE_SL/onto/class-use/UnknownSchemaException.html
2003-11-13 12:46:40,484 INFO  org.apache.maven.linkcheck.LinkCheck - Validating apidocs/JADE_SL/onto/class-use/WrapperException.html
2003-11-13 12:46:40,515 INFO  org.apache.maven.linkcheck.LinkCheck - Validating apidocs/JADE_SL/onto/Introspectable.html
2003-11-13 12:46:40,531 INFO  org.apache.maven.linkcheck.LinkCheck - Validating apidocs/JADE_SL/onto/Introspector.html
2003-11-13 12:46:40,578 INFO  org.apache.maven.linkcheck.LinkCheck - Validating apidocs/JADE_SL/onto/MicroIntrospector.html
2003-11-13 12:46:40,609 INFO  org.apache.maven.linkcheck.LinkCheck - Validating apidocs/JADE_SL/onto/Ontology.html
2003-11-13 12:46:40,718 INFO  org.apache.maven.linkcheck.LinkCheck - Validating apidocs/JADE_SL/onto/OntologyException.html
2003-11-13 12:46:40,750 INFO  org.apache.maven.linkcheck.LinkCheck - Validating apidocs/JADE_SL/onto/package-frame.html
2003-11-13 12:46:40,765 INFO  org.apache.maven.linkcheck.LinkCheck - Validating apidocs/JADE_SL/onto/package-summary.html
2003-11-13 12:46:40,781 INFO  org.apache.maven.linkcheck.LinkCheck - Validating apidocs/JADE_SL/onto/package-tree.html
2003-11-13 12:46:40,812 INFO  org.apache.maven.linkcheck.LinkCheck - Validating apidocs/JADE_SL/onto/package-use.html
2003-11-13 12:46:40,843 INFO  org.apache.maven.linkcheck.LinkCheck - Validating apidocs/JADE_SL/onto/ReflectiveIntrospector.html
2003-11-13 12:46:40,906 INFO  org.apache.maven.linkcheck.LinkCheck - Validating apidocs/JADE_SL/onto/UngroundedException.html
2003-11-13 12:46:40,937 INFO  org.apache.maven.linkcheck.LinkCheck - Validating apidocs/JADE_SL/onto/UnknownSchemaException.html
2003-11-13 12:46:40,968 INFO  org.apache.maven.linkcheck.LinkCheck - Validating apidocs/JADE_SL/onto/WrapperException.html
2003-11-13 12:46:41,000 INFO  org.apache.maven.linkcheck.LinkCheck - Validating apidocs/JADE_SL/OntoACLMessage.html
2003-11-13 12:46:41,062 INFO  org.apache.maven.linkcheck.LinkCheck - Validating apidocs/JADE_SL/OntoAID.html
2003-11-13 12:46:41,093 INFO  org.apache.maven.linkcheck.LinkCheck - Validating apidocs/JADE_SL/package-frame.html
2003-11-13 12:46:41,109 INFO  org.apache.maven.linkcheck.LinkCheck - Validating apidocs/JADE_SL/package-summary.html
2003-11-13 12:46:41,140 INFO  org.apache.maven.linkcheck.LinkCheck - Validating apidocs/JADE_SL/package-tree.html
2003-11-13 12:46:41,156 INFO  org.apache.maven.linkcheck.LinkCheck - Validating apidocs/JADE_SL/package-use.html
2003-11-13 12:46:41,187 INFO  org.apache.maven.linkcheck.LinkCheck - Validating apidocs/JADE_SL/Predicate.html
2003-11-13 12:46:41,218 INFO  org.apache.maven.linkcheck.LinkCheck - Validating apidocs/JADE_SL/schema/AgentActionSchema.html
2003-11-13 12:46:41,281 INFO  org.apache.maven.linkcheck.LinkCheck - Validating apidocs/JADE_SL/schema/AggregateSchema.html
2003-11-13 12:46:41,328 INFO  org.apache.maven.linkcheck.LinkCheck - Validating apidocs/JADE_SL/schema/class-use/AgentActionSchema.html
2003-11-13 12:46:41,343 INFO  org.apache.maven.linkcheck.LinkCheck - Validating apidocs/JADE_SL/schema/class-use/AggregateSchema.html
2003-11-13 12:46:41,359 INFO  org.apache.maven.linkcheck.LinkCheck - Validating apidocs/JADE_SL/schema/class-use/ConceptSchema.html
2003-11-13 12:46:41,390 INFO  org.apache.maven.linkcheck.LinkCheck - Validating apidocs/JADE_SL/schema/class-use/ContentElementListSchema.html
2003-11-13 12:46:41,406 INFO  org.apache.maven.linkcheck.LinkCheck - Validating apidocs/JADE_SL/schema/class-use/ContentElementSchema.html
2003-11-13 12:46:41,437 INFO  org.apache.maven.linkcheck.LinkCheck - Validating apidocs/JADE_SL/schema/class-use/Facet.html
2003-11-13 12:46:41,453 INFO  org.apache.maven.linkcheck.LinkCheck - Validating apidocs/JADE_SL/schema/class-use/IRESchema.html
2003-11-13 12:46:41,468 INFO  org.apache.maven.linkcheck.LinkCheck - Validating apidocs/JADE_SL/schema/class-use/ObjectSchema.html
2003-11-13 12:46:41,578 INFO  org.apache.maven.linkcheck.LinkCheck - Validating apidocs/JADE_SL/schema/class-use/ObjectSchema.SlotDescriptor.html
2003-11-13 12:46:41,593 INFO  org.apache.maven.linkcheck.LinkCheck - Validating apidocs/JADE_SL/schema/class-use/PredicateSchema.html
2003-11-13 12:46:41,625 INFO  org.apache.maven.linkcheck.LinkCheck - Validating apidocs/JADE_SL/schema/class-use/PrimitiveSchema.html
2003-11-13 12:46:41,640 INFO  org.apache.maven.linkcheck.LinkCheck - Validating apidocs/JADE_SL/schema/class-use/TermSchema.html
2003-11-13 12:46:41,671 INFO  org.apache.maven.linkcheck.LinkCheck - Validating apidocs/JADE_SL/schema/class-use/VariableSchema.html
2003-11-13 12:46:41,687 INFO  org.apache.maven.linkcheck.LinkCheck - Validating apidocs/JADE_SL/schema/ConceptSchema.html
2003-11-13 12:46:41,765 INFO  org.apache.maven.linkcheck.LinkCheck - Validating apidocs/JADE_SL/schema/ContentElementListSchema.html
2003-11-13 12:46:41,812 INFO  org.apache.maven.linkcheck.LinkCheck - Validating apidocs/JADE_SL/schema/ContentElementSchema.html
2003-11-13 12:46:41,859 INFO  org.apache.maven.linkcheck.LinkCheck - Validating apidocs/JADE_SL/schema/Facet.html
2003-11-13 12:46:41,890 INFO  org.apache.maven.linkcheck.LinkCheck - Validating apidocs/JADE_SL/schema/facets/CardinalityFacet.html
2003-11-13 12:46:41,921 INFO  org.apache.maven.linkcheck.LinkCheck - Validating apidocs/JADE_SL/schema/facets/class-use/CardinalityFacet.html
2003-11-13 12:46:41,937 INFO  org.apache.maven.linkcheck.LinkCheck - Validating apidocs/JADE_SL/schema/facets/class-use/TypedAggregateFacet.html
2003-11-13 12:46:41,953 INFO  org.apache.maven.linkcheck.LinkCheck - Validating apidocs/JADE_SL/schema/facets/package-frame.html
2003-11-13 12:46:41,953 INFO  org.apache.maven.linkcheck.LinkCheck - Validating apidocs/JADE_SL/schema/facets/package-summary.html
2003-11-13 12:46:41,968 INFO  org.apache.maven.linkcheck.LinkCheck - Validating apidocs/JADE_SL/schema/facets/package-tree.html
2003-11-13 12:46:41,984 INFO  org.apache.maven.linkcheck.LinkCheck - Validating apidocs/JADE_SL/schema/facets/package-use.html
2003-11-13 12:46:42,000 INFO  org.apache.maven.linkcheck.LinkCheck - Validating apidocs/JADE_SL/schema/facets/TypedAggregateFacet.html
2003-11-13 12:46:42,031 INFO  org.apache.maven.linkcheck.LinkCheck - Validating apidocs/JADE_SL/schema/IRESchema.html
2003-11-13 12:46:42,093 INFO  org.apache.maven.linkcheck.LinkCheck - Validating apidocs/JADE_SL/schema/ObjectSchema.html
2003-11-13 12:46:42,203 INFO  org.apache.maven.linkcheck.LinkCheck - Validating apidocs/JADE_SL/schema/ObjectSchema.SlotDescriptor.html
2003-11-13 12:46:42,234 INFO  org.apache.maven.linkcheck.LinkCheck - Validating apidocs/JADE_SL/schema/package-frame.html
2003-11-13 12:46:42,234 INFO  org.apache.maven.linkcheck.LinkCheck - Validating apidocs/JADE_SL/schema/package-summary.html
2003-11-13 12:46:42,265 INFO  org.apache.maven.linkcheck.LinkCheck - Validating apidocs/JADE_SL/schema/package-tree.html
2003-11-13 12:46:42,281 INFO  org.apache.maven.linkcheck.LinkCheck - Validating apidocs/JADE_SL/schema/package-use.html
2003-11-13 12:46:42,312 INFO  org.apache.maven.linkcheck.LinkCheck - Validating apidocs/JADE_SL/schema/PredicateSchema.html
2003-11-13 12:46:42,375 INFO  org.apache.maven.linkcheck.LinkCheck - Validating apidocs/JADE_SL/schema/PrimitiveSchema.html
2003-11-13 12:46:42,437 INFO  org.apache.maven.linkcheck.LinkCheck - Validating apidocs/JADE_SL/schema/TermSchema.html
2003-11-13 12:46:42,484 INFO  org.apache.maven.linkcheck.LinkCheck - Validating apidocs/JADE_SL/schema/VariableSchema.html
2003-11-13 12:46:42,531 INFO  org.apache.maven.linkcheck.LinkCheck - Validating apidocs/JADE_SL/StringACLCodec.html
2003-11-13 12:46:42,593 INFO  org.apache.maven.linkcheck.LinkCheck - Validating apidocs/JADE_SL/Term.html
2003-11-13 12:46:42,609 INFO  org.apache.maven.linkcheck.LinkCheck - Validating apidocs/JADE_SL/UnreadableException.html
2003-11-13 12:46:42,640 INFO  org.apache.maven.linkcheck.LinkCheck - Validating apidocs/JADE_SL/WrapperException.html
2003-11-13 12:46:42,687 INFO  org.apache.maven.linkcheck.LinkCheck - Validating apidocs/javax/agent/class-use/Envelope.html
2003-11-13 12:46:42,718 INFO  org.apache.maven.linkcheck.LinkCheck - Validating apidocs/javax/agent/class-use/Identifier.html
2003-11-13 12:46:42,750 INFO  org.apache.maven.linkcheck.LinkCheck - Validating apidocs/javax/agent/class-use/JasException.html
2003-11-13 12:46:42,765 INFO  org.apache.maven.linkcheck.LinkCheck - Validating apidocs/javax/agent/class-use/Name.html
2003-11-13 12:46:42,781 INFO  org.apache.maven.linkcheck.LinkCheck - Validating apidocs/javax/agent/Envelope.html
2003-11-13 12:46:42,828 INFO  org.apache.maven.linkcheck.LinkCheck - Validating apidocs/javax/agent/Identifier.html
2003-11-13 12:46:42,859 INFO  org.apache.maven.linkcheck.LinkCheck - Validating apidocs/javax/agent/JasException.html
2003-11-13 12:46:42,890 INFO  org.apache.maven.linkcheck.LinkCheck - Validating apidocs/javax/agent/Name.html
2003-11-13 12:46:42,921 INFO  org.apache.maven.linkcheck.LinkCheck - Validating apidocs/javax/agent/package-frame.html
2003-11-13 12:46:42,921 INFO  org.apache.maven.linkcheck.LinkCheck - Validating apidocs/javax/agent/package-summary.html
2003-11-13 12:46:42,937 INFO  org.apache.maven.linkcheck.LinkCheck - Validating apidocs/javax/agent/package-tree.html
2003-11-13 12:46:42,968 INFO  org.apache.maven.linkcheck.LinkCheck - Validating apidocs/javax/agent/package-use.html
2003-11-13 12:46:42,984 INFO  org.apache.maven.linkcheck.LinkCheck - Validating apidocs/javax/agent/service/class-use/TimeoutException.html
2003-11-13 12:46:43,000 INFO  org.apache.maven.linkcheck.LinkCheck - Validating apidocs/javax/agent/service/class-use/Transport.html
2003-11-13 12:46:43,015 INFO  org.apache.maven.linkcheck.LinkCheck - Validating apidocs/javax/agent/service/package-frame.html
2003-11-13 12:46:43,015 INFO  org.apache.maven.linkcheck.LinkCheck - Validating apidocs/javax/agent/service/package-summary.html
2003-11-13 12:46:43,031 INFO  org.apache.maven.linkcheck.LinkCheck - Validating apidocs/javax/agent/service/package-tree.html
2003-11-13 12:46:43,046 INFO  org.apache.maven.linkcheck.LinkCheck - Validating apidocs/javax/agent/service/package-use.html
2003-11-13 12:46:43,062 INFO  org.apache.maven.linkcheck.LinkCheck - Validating apidocs/javax/agent/service/TimeoutException.html
2003-11-13 12:46:43,093 INFO  org.apache.maven.linkcheck.LinkCheck - Validating apidocs/javax/agent/service/Transport.html
2003-11-13 12:46:43,125 INFO  org.apache.maven.linkcheck.LinkCheck - Validating apidocs/overview-frame.html
2003-11-13 12:46:43,156 INFO  org.apache.maven.linkcheck.LinkCheck - Validating apidocs/overview-summary.html
2003-11-13 12:46:43,187 INFO  org.apache.maven.linkcheck.LinkCheck - Validating apidocs/overview-tree.html
2003-11-13 12:46:43,546 INFO  org.apache.maven.linkcheck.FileToCheck - Caught java.lang.StackOverflowError processing apidocs/overview-tree.html
2003-11-13 12:46:43,546 INFO  org.apache.maven.linkcheck.FileToCheck - Exception Message: null
2003-11-13 12:46:43,546 INFO  org.apache.maven.linkcheck.LinkCheck - Validating apidocs/package-frame.html
2003-11-13 12:46:43,546 INFO  org.apache.maven.linkcheck.LinkCheck - Validating apidocs/package-use.html
2003-11-13 12:46:43,562 INFO  org.apache.maven.linkcheck.LinkCheck - Validating apidocs/packages.html
2003-11-13 12:46:43,562 INFO  org.apache.maven.linkcheck.LinkCheck - Validating apidocs/pingExternal.html
2003-11-13 12:46:43,656 INFO  org.apache.maven.linkcheck.LinkCheck - Validating apidocs/serialized-form.html
2003-11-13 12:46:44,515 INFO  org.apache.maven.linkcheck.FileToCheck - Caught java.lang.StackOverflowError processing apidocs/serialized-form.html
2003-11-13 12:46:44,515 INFO  org.apache.maven.linkcheck.FileToCheck - Exception Message: null
2003-11-13 12:46:44,515 INFO  org.apache.maven.linkcheck.LinkCheck - Validating apidocs/sl/Action.html
2003-11-13 12:46:44,562 INFO  org.apache.maven.linkcheck.LinkCheck - Validating apidocs/sl/AID.html
2003-11-13 12:46:44,640 INFO  org.apache.maven.linkcheck.LinkCheck - Validating apidocs/sl/AnOntology.html
2003-11-13 12:46:44,687 INFO  org.apache.maven.linkcheck.LinkCheck - Validating apidocs/sl/ASCII_UCodeESC_CharStream.html
2003-11-13 12:46:44,781 INFO  org.apache.maven.linkcheck.LinkCheck - Validating apidocs/sl/BasicOntology.html
2003-11-13 12:46:44,812 INFO  org.apache.maven.linkcheck.LinkCheck - Validating apidocs/sl/CaseInsensitiveString.html
2003-11-13 12:46:44,859 INFO  org.apache.maven.linkcheck.LinkCheck - Validating apidocs/sl/class-use/Action.html
2003-11-13 12:46:44,875 INFO  org.apache.maven.linkcheck.LinkCheck - Validating apidocs/sl/class-use/AID.html
2003-11-13 12:46:44,906 INFO  org.apache.maven.linkcheck.LinkCheck - Validating apidocs/sl/class-use/AnOntology.html
2003-11-13 12:46:44,921 INFO  org.apache.maven.linkcheck.LinkCheck - Validating apidocs/sl/class-use/ASCII_UCodeESC_CharStream.html
2003-11-13 12:46:44,953 INFO  org.apache.maven.linkcheck.LinkCheck - Validating apidocs/sl/class-use/BasicOntology.html
2003-11-13 12:46:44,968 INFO  org.apache.maven.linkcheck.LinkCheck - Validating apidocs/sl/class-use/CaseInsensitiveString.html
2003-11-13 12:46:44,984 INFO  org.apache.maven.linkcheck.LinkCheck - Validating apidocs/sl/class-use/Codec.html
2003-11-13 12:46:45,000 INFO  org.apache.maven.linkcheck.LinkCheck - Validating apidocs/sl/class-use/CodecException.html
2003-11-13 12:46:45,031 INFO  org.apache.maven.linkcheck.LinkCheck - Validating apidocs/sl/class-use/DefaultOntology.html
2003-11-13 12:46:45,046 INFO  org.apache.maven.linkcheck.LinkCheck - Validating apidocs/sl/class-use/DonePredicate.html
2003-11-13 12:46:45,062 INFO  org.apache.maven.linkcheck.LinkCheck - Validating apidocs/sl/class-use/FalseProposition.html
2003-11-13 12:46:45,062 INFO  org.apache.maven.linkcheck.LinkCheck - Validating apidocs/sl/class-use/Frame.html
2003-11-13 12:46:45,109 INFO  org.apache.maven.linkcheck.LinkCheck - Validating apidocs/sl/class-use/Frame.NoSuchSlotException.html
2003-11-13 12:46:45,125 INFO  org.apache.maven.linkcheck.LinkCheck - Validating apidocs/sl/class-use/FrameSchema.html
2003-11-13 12:46:45,140 INFO  org.apache.maven.linkcheck.LinkCheck - Validating apidocs/sl/class-use/FrameSchema.WrongSlotTypeException.html
2003-11-13 12:46:45,156 INFO  org.apache.maven.linkcheck.LinkCheck - Validating apidocs/sl/class-use/ISO8601.html
2003-11-13 12:46:45,171 INFO  org.apache.maven.linkcheck.LinkCheck - Validating apidocs/sl/class-use/JADEMetaOntology.html
2003-11-13 12:46:45,187 INFO  org.apache.maven.linkcheck.LinkCheck - Validating apidocs/sl/class-use/Not.html
2003-11-13 12:46:45,187 INFO  org.apache.maven.linkcheck.LinkCheck - Validating apidocs/sl/class-use/Ontology.html
2003-11-13 12:46:45,234 INFO  org.apache.maven.linkcheck.LinkCheck - Validating apidocs/sl/class-use/OntologyException.html
2003-11-13 12:46:45,296 INFO  org.apache.maven.linkcheck.LinkCheck - Validating apidocs/sl/class-use/ParseException.html
2003-11-13 12:46:45,312 INFO  org.apache.maven.linkcheck.LinkCheck - Validating apidocs/sl/class-use/ResultPredicate.html
2003-11-13 12:46:45,328 INFO  org.apache.maven.linkcheck.LinkCheck - Validating apidocs/sl/class-use/Role.html
2003-11-13 12:46:45,343 INFO  org.apache.maven.linkcheck.LinkCheck - Validating apidocs/sl/class-use/SL0Codec.html
2003-11-13 12:46:45,359 INFO  org.apache.maven.linkcheck.LinkCheck - Validating apidocs/sl/class-use/SL0Encoder.html
2003-11-13 12:46:45,390 INFO  org.apache.maven.linkcheck.LinkCheck - Validating apidocs/sl/class-use/SL0Parser.html
2003-11-13 12:46:45,406 INFO  org.apache.maven.linkcheck.LinkCheck - Validating apidocs/sl/class-use/SL0ParserConstants.html
2003-11-13 12:46:45,421 INFO  org.apache.maven.linkcheck.LinkCheck - Validating apidocs/sl/class-use/SL0ParserTokenManager.html
2003-11-13 12:46:45,453 INFO  org.apache.maven.linkcheck.LinkCheck - Validating apidocs/sl/class-use/Slot.html
2003-11-13 12:46:45,484 INFO  org.apache.maven.linkcheck.LinkCheck - Validating apidocs/sl/class-use/SlotDescriptor.html
2003-11-13 12:46:45,500 INFO  org.apache.maven.linkcheck.LinkCheck - Validating apidocs/sl/class-use/Token.html
2003-11-13 12:46:45,531 INFO  org.apache.maven.linkcheck.LinkCheck - Validating apidocs/sl/class-use/TokenMgrError.html
2003-11-13 12:46:45,546 INFO  org.apache.maven.linkcheck.LinkCheck - Validating apidocs/sl/class-use/TrueProposition.html
2003-11-13 12:46:45,562 INFO  org.apache.maven.linkcheck.LinkCheck - Validating apidocs/sl/Codec.html
2003-11-13 12:46:45,593 INFO  org.apache.maven.linkcheck.LinkCheck - Validating apidocs/sl/CodecException.html
2003-11-13 12:46:45,625 INFO  org.apache.maven.linkcheck.LinkCheck - Validating apidocs/sl/DefaultOntology.html
2003-11-13 12:46:45,765 INFO  org.apache.maven.linkcheck.LinkCheck - Validating apidocs/sl/DonePredicate.html
2003-11-13 12:46:45,796 INFO  org.apache.maven.linkcheck.LinkCheck - Validating apidocs/sl/FalseProposition.html
2003-11-13 12:46:45,812 INFO  org.apache.maven.linkcheck.LinkCheck - Validating apidocs/sl/Frame.html
2003-11-13 12:46:45,859 INFO  org.apache.maven.linkcheck.LinkCheck - Validating apidocs/sl/Frame.NoSuchSlotException.html
2003-11-13 12:46:45,890 INFO  org.apache.maven.linkcheck.LinkCheck - Validating apidocs/sl/FrameSchema.html
2003-11-13 12:46:45,937 INFO  org.apache.maven.linkcheck.LinkCheck - Validating apidocs/sl/FrameSchema.WrongSlotTypeException.html
2003-11-13 12:46:45,968 INFO  org.apache.maven.linkcheck.LinkCheck - Validating apidocs/sl/ISO8601.html
2003-11-13 12:46:46,000 INFO  org.apache.maven.linkcheck.LinkCheck - Validating apidocs/sl/JADEMetaOntology.html
2003-11-13 12:46:46,031 INFO  org.apache.maven.linkcheck.LinkCheck - Validating apidocs/sl/Not.html
2003-11-13 12:46:46,062 INFO  org.apache.maven.linkcheck.LinkCheck - Validating apidocs/sl/Ontology.html
2003-11-13 12:46:46,203 INFO  org.apache.maven.linkcheck.LinkCheck - Validating apidocs/sl/OntologyException.html
2003-11-13 12:46:46,234 INFO  org.apache.maven.linkcheck.LinkCheck - Validating apidocs/sl/package-frame.html
2003-11-13 12:46:46,250 INFO  org.apache.maven.linkcheck.LinkCheck - Validating apidocs/sl/package-summary.html
2003-11-13 12:46:46,281 INFO  org.apache.maven.linkcheck.LinkCheck - Validating apidocs/sl/package-tree.html
2003-11-13 12:46:46,296 INFO  org.apache.maven.linkcheck.LinkCheck - Validating apidocs/sl/package-use.html
2003-11-13 12:46:46,328 INFO  org.apache.maven.linkcheck.LinkCheck - Validating apidocs/sl/ParseException.html
2003-11-13 12:46:46,375 INFO  org.apache.maven.linkcheck.LinkCheck - Validating apidocs/sl/ResultPredicate.html
2003-11-13 12:46:46,406 INFO  org.apache.maven.linkcheck.LinkCheck - Validating apidocs/sl/Role.html
2003-11-13 12:46:46,437 INFO  org.apache.maven.linkcheck.LinkCheck - Validating apidocs/sl/SL0Codec.html
2003-11-13 12:46:46,484 INFO  org.apache.maven.linkcheck.LinkCheck - Validating apidocs/sl/SL0Encoder.html
2003-11-13 12:46:46,531 INFO  org.apache.maven.linkcheck.LinkCheck - Validating apidocs/sl/SL0Parser.html
2003-11-13 12:46:46,609 INFO  org.apache.maven.linkcheck.LinkCheck - Validating apidocs/sl/SL0ParserConstants.html
2003-11-13 12:46:46,656 INFO  org.apache.maven.linkcheck.LinkCheck - Validating apidocs/sl/SL0ParserTokenManager.html
2003-11-13 12:46:46,750 INFO  org.apache.maven.linkcheck.LinkCheck - Validating apidocs/sl/Slot.html
2003-11-13 12:46:46,781 INFO  org.apache.maven.linkcheck.LinkCheck - Validating apidocs/sl/SlotDescriptor.html
2003-11-13 12:46:46,828 INFO  org.apache.maven.linkcheck.LinkCheck - Validating apidocs/sl/Token.html
2003-11-13 12:46:46,875 INFO  org.apache.maven.linkcheck.LinkCheck - Validating apidocs/sl/TokenMgrError.html
2003-11-13 12:46:46,921 INFO  org.apache.maven.linkcheck.LinkCheck - Validating apidocs/sl/TrueProposition.html
2003-11-13 12:46:46,953 INFO  org.apache.maven.linkcheck.LinkCheck - Validating apidocs/zeus/actors/AbilityDb.html
2003-11-13 12:46:47,031 INFO  org.apache.maven.linkcheck.LinkCheck - Validating apidocs/zeus/actors/ActionNode.html
2003-11-13 12:46:47,078 INFO  org.apache.maven.linkcheck.LinkCheck - Validating apidocs/zeus/actors/AgentContext.html
2003-11-13 12:46:47,234 INFO  org.apache.maven.linkcheck.LinkCheck - Validating apidocs/zeus/actors/AttributeNode.html
2003-11-13 12:46:47,265 INFO  org.apache.maven.linkcheck.LinkCheck - Validating apidocs/zeus/actors/class-use/AbilityDb.html
2003-11-13 12:46:47,296 INFO  org.apache.maven.linkcheck.LinkCheck - Validating apidocs/zeus/actors/class-use/ActionNode.html
2003-11-13 12:46:47,312 INFO  org.apache.maven.linkcheck.LinkCheck - Validating apidocs/zeus/actors/class-use/AgentContext.html
2003-11-13 12:46:47,546 INFO  org.apache.maven.linkcheck.LinkCheck - Validating apidocs/zeus/actors/class-use/AttributeNode.html
2003-11-13 12:46:47,546 INFO  org.apache.maven.linkcheck.LinkCheck - Validating apidocs/zeus/actors/class-use/Connection.html
2003-11-13 12:46:47,562 INFO  org.apache.maven.linkcheck.LinkCheck - Validating apidocs/zeus/actors/class-use/ConnectionPool.html
2003-11-13 12:46:47,578 INFO  org.apache.maven.linkcheck.LinkCheck - Validating apidocs/zeus/actors/class-use/ConsumedDb.html
2003-11-13 12:46:47,609 INFO  org.apache.maven.linkcheck.LinkCheck - Validating apidocs/zeus/actors/class-use/DataRec.html
2003-11-13 12:46:47,625 INFO  org.apache.maven.linkcheck.LinkCheck - Validating apidocs/zeus/actors/class-use/Decomposition.html
2003-11-13 12:46:47,656 INFO  org.apache.maven.linkcheck.LinkCheck - Validating apidocs/zeus/actors/class-use/DecompositionStruct.html
2003-11-13 12:46:47,671 INFO  org.apache.maven.linkcheck.LinkCheck - Validating apidocs/zeus/actors/class-use/EffectChain.html
2003-11-13 12:46:47,703 INFO  org.apache.maven.linkcheck.LinkCheck - Validating apidocs/zeus/actors/class-use/ExecutionMonitor.html
2003-11-13 12:46:47,718 INFO  org.apache.maven.linkcheck.LinkCheck - Validating apidocs/zeus/actors/class-use/ExternalDb.html
2003-11-13 12:46:47,750 INFO  org.apache.maven.linkcheck.LinkCheck - Validating apidocs/zeus/actors/class-use/Handler.html
2003-11-13 12:46:47,765 INFO  org.apache.maven.linkcheck.LinkCheck - Validating apidocs/zeus/actors/class-use/InTray.html
2003-11-13 12:46:47,812 INFO  org.apache.maven.linkcheck.LinkCheck - Validating apidocs/zeus/actors/class-use/LinkInfo.html
2003-11-13 12:46:47,828 INFO  org.apache.maven.linkcheck.LinkCheck - Validating apidocs/zeus/actors/class-use/MailBox.html
2003-11-13 12:46:47,875 INFO  org.apache.maven.linkcheck.LinkCheck - Validating apidocs/zeus/actors/class-use/MsgHandler.AbilityLogger.html
2003-11-13 12:46:47,890 INFO  org.apache.maven.linkcheck.LinkCheck - Validating apidocs/zeus/actors/class-use/MsgHandler.html
2003-11-13 12:46:47,921 INFO  org.apache.maven.linkcheck.LinkCheck - Validating apidocs/zeus/actors/class-use/MsgHandler.ReportLogger.html
2003-11-13 12:46:47,953 INFO  org.apache.maven.linkcheck.LinkCheck - Validating apidocs/zeus/actors/class-use/MsgNode.html
2003-11-13 12:46:47,968 INFO  org.apache.maven.linkcheck.LinkCheck - Validating apidocs/zeus/actors/class-use/OrganisationDb.html
2003-11-13 12:46:48,000 INFO  org.apache.maven.linkcheck.LinkCheck - Validating apidocs/zeus/actors/class-use/OutTray.html
2003-11-13 12:46:48,031 INFO  org.apache.maven.linkcheck.LinkCheck - Validating apidocs/zeus/actors/class-use/PlanDb.html
2003-11-13 12:46:48,046 INFO  org.apache.maven.linkcheck.LinkCheck - Validating apidocs/zeus/actors/class-use/Planner.html
2003-11-13 12:46:48,093 INFO  org.apache.maven.linkcheck.LinkCheck - Validating apidocs/zeus/actors/class-use/PlanRecord.html
2003-11-13 12:46:48,250 INFO  org.apache.maven.linkcheck.LinkCheck - Validating apidocs/zeus/actors/class-use/PostMan.html
2003-11-13 12:46:48,265 INFO  org.apache.maven.linkcheck.LinkCheck - Validating apidocs/zeus/actors/class-use/PostManConnectionPool.html
2003-11-13 12:46:48,281 INFO  org.apache.maven.linkcheck.LinkCheck - Validating apidocs/zeus/actors/class-use/PreconditionChain.html
2003-11-13 12:46:48,296 INFO  org.apache.maven.linkcheck.LinkCheck - Validating apidocs/zeus/actors/class-use/ProducedDb.html
2003-11-13 12:46:48,328 INFO  org.apache.maven.linkcheck.LinkCheck - Validating apidocs/zeus/actors/class-use/ProtocolDb.html
2003-11-13 12:46:48,359 INFO  org.apache.maven.linkcheck.LinkCheck - Validating apidocs/zeus/actors/class-use/ProtocolDbResult.html
2003-11-13 12:46:48,390 INFO  org.apache.maven.linkcheck.LinkCheck - Validating apidocs/zeus/actors/class-use/ResourceDb.html
2003-11-13 12:46:48,421 INFO  org.apache.maven.linkcheck.LinkCheck - Validating apidocs/zeus/actors/class-use/RootNode.html
2003-11-13 12:46:48,437 INFO  org.apache.maven.linkcheck.LinkCheck - Validating apidocs/zeus/actors/class-use/Server.html
2003-11-13 12:46:48,468 INFO  org.apache.maven.linkcheck.LinkCheck - Validating apidocs/zeus/actors/class-use/TaskContext.html
2003-11-13 12:46:48,484 INFO  org.apache.maven.linkcheck.LinkCheck - Validating apidocs/zeus/actors/class-use/TaskDb.html
2003-11-13 12:46:48,515 INFO  org.apache.maven.linkcheck.LinkCheck - Validating apidocs/zeus/actors/class-use/TaskExternal.html
2003-11-13 12:46:48,562 INFO  org.apache.maven.linkcheck.LinkCheck - Validating apidocs/zeus/actors/class-use/ZeusAgentContext.html
2003-11-13 12:46:48,593 INFO  org.apache.maven.linkcheck.LinkCheck - Validating apidocs/zeus/actors/class-use/ZeusTask.html
2003-11-13 12:46:48,609 INFO  org.apache.maven.linkcheck.LinkCheck - Validating apidocs/zeus/actors/Connection.html
2003-11-13 12:46:48,640 INFO  org.apache.maven.linkcheck.LinkCheck - Validating apidocs/zeus/actors/ConnectionPool.html
2003-11-13 12:46:48,687 INFO  org.apache.maven.linkcheck.LinkCheck - Validating apidocs/zeus/actors/ConsumedDb.html
2003-11-13 12:46:48,765 INFO  org.apache.maven.linkcheck.LinkCheck - Validating apidocs/zeus/actors/DataRec.html
2003-11-13 12:46:48,828 INFO  org.apache.maven.linkcheck.LinkCheck - Validating apidocs/zeus/actors/Decomposition.html
2003-11-13 12:46:48,921 INFO  org.apache.maven.linkcheck.LinkCheck - Validating apidocs/zeus/actors/DecompositionStruct.html
2003-11-13 12:46:48,968 INFO  org.apache.maven.linkcheck.LinkCheck - Validating apidocs/zeus/actors/EffectChain.html
2003-11-13 12:46:49,015 INFO  org.apache.maven.linkcheck.LinkCheck - Validating apidocs/zeus/actors/event/AbilityAdapter.html
2003-11-13 12:46:49,046 INFO  org.apache.maven.linkcheck.LinkCheck - Validating apidocs/zeus/actors/event/AbilityEvent.html
2003-11-13 12:46:49,093 INFO  org.apache.maven.linkcheck.LinkCheck - Validating apidocs/zeus/actors/event/AbilityMonitor.html
2003-11-13 12:46:49,125 INFO  org.apache.maven.linkcheck.LinkCheck - Validating apidocs/zeus/actors/event/AgentAdapter.html
2003-11-13 12:46:49,156 INFO  org.apache.maven.linkcheck.LinkCheck - Validating apidocs/zeus/actors/event/AgentEvent.html
2003-11-13 12:46:49,203 INFO  org.apache.maven.linkcheck.LinkCheck - Validating apidocs/zeus/actors/event/AgentMonitor.html
2003-11-13 12:46:49,234 INFO  org.apache.maven.linkcheck.LinkCheck - Validating apidocs/zeus/actors/event/ArcAdapter.html
2003-11-13 12:46:49,265 INFO  org.apache.maven.linkcheck.LinkCheck - Validating apidocs/zeus/actors/event/ArcEvent.html
2003-11-13 12:46:49,312 INFO  org.apache.maven.linkcheck.LinkCheck - Validating apidocs/zeus/actors/event/ArcMonitor.html
2003-11-13 12:46:49,343 INFO  org.apache.maven.linkcheck.LinkCheck - Validating apidocs/zeus/actors/event/class-use/AbilityAdapter.html
2003-11-13 12:46:49,359 INFO  org.apache.maven.linkcheck.LinkCheck - Validating apidocs/zeus/actors/event/class-use/AbilityEvent.html
2003-11-13 12:46:49,406 INFO  org.apache.maven.linkcheck.LinkCheck - Validating apidocs/zeus/actors/event/class-use/AbilityMonitor.html
2003-11-13 12:46:49,437 INFO  org.apache.maven.linkcheck.LinkCheck - Validating apidocs/zeus/actors/event/class-use/AgentAdapter.html
2003-11-13 12:46:49,453 INFO  org.apache.maven.linkcheck.LinkCheck - Validating apidocs/zeus/actors/event/class-use/AgentEvent.html
2003-11-13 12:46:49,484 INFO  org.apache.maven.linkcheck.LinkCheck - Validating apidocs/zeus/actors/event/class-use/AgentMonitor.html
2003-11-13 12:46:49,500 INFO  org.apache.maven.linkcheck.LinkCheck - Validating apidocs/zeus/actors/event/class-use/ArcAdapter.html
2003-11-13 12:46:49,515 INFO  org.apache.maven.linkcheck.LinkCheck - Validating apidocs/zeus/actors/event/class-use/ArcEvent.html
2003-11-13 12:46:49,546 INFO  org.apache.maven.linkcheck.LinkCheck - Validating apidocs/zeus/actors/event/class-use/ArcMonitor.html
2003-11-13 12:46:49,562 INFO  org.apache.maven.linkcheck.LinkCheck - Validating apidocs/zeus/actors/event/class-use/ClockAdapter.html
2003-11-13 12:46:49,578 INFO  org.apache.maven.linkcheck.LinkCheck - Validating apidocs/zeus/actors/event/class-use/ClockEvent.html
2003-11-13 12:46:49,609 INFO  org.apache.maven.linkcheck.LinkCheck - Validating apidocs/zeus/actors/event/class-use/ClockMonitor.html
2003-11-13 12:46:49,640 INFO  org.apache.maven.linkcheck.LinkCheck - Validating apidocs/zeus/actors/event/class-use/ConversationAdapter.html
2003-11-13 12:46:49,656 INFO  org.apache.maven.linkcheck.LinkCheck - Validating apidocs/zeus/actors/event/class-use/ConversationEvent.html
2003-11-13 12:46:49,671 INFO  org.apache.maven.linkcheck.LinkCheck - Validating apidocs/zeus/actors/event/class-use/ConversationMonitor.html
2003-11-13 12:46:49,703 INFO  org.apache.maven.linkcheck.LinkCheck - Validating apidocs/zeus/actors/event/class-use/Event.html
2003-11-13 12:46:49,734 INFO  org.apache.maven.linkcheck.LinkCheck - Validating apidocs/zeus/actors/event/class-use/FactAdapter.html
2003-11-13 12:46:49,750 INFO  org.apache.maven.linkcheck.LinkCheck - Validating apidocs/zeus/actors/event/class-use/FactEvent.html
2003-11-13 12:46:49,781 INFO  org.apache.maven.linkcheck.LinkCheck - Validating apidocs/zeus/actors/event/class-use/FactMonitor.html
2003-11-13 12:46:49,812 INFO  org.apache.maven.linkcheck.LinkCheck - Validating apidocs/zeus/actors/event/class-use/GraphAdapter.html
2003-11-13 12:46:49,828 INFO  org.apache.maven.linkcheck.LinkCheck - Validating apidocs/zeus/actors/event/class-use/GraphEvent.html
2003-11-13 12:46:49,859 INFO  org.apache.maven.linkcheck.LinkCheck - Validating apidocs/zeus/actors/event/class-use/GraphMonitor.html
2003-11-13 12:46:49,890 INFO  org.apache.maven.linkcheck.LinkCheck - Validating apidocs/zeus/actors/event/class-use/MessageAdapter.html
2003-11-13 12:46:49,890 INFO  org.apache.maven.linkcheck.LinkCheck - Validating apidocs/zeus/actors/event/class-use/MessageEvent.html
2003-11-13 12:46:49,937 INFO  org.apache.maven.linkcheck.LinkCheck - Validating apidocs/zeus/actors/event/class-use/MessageHandlerAdapter.html
2003-11-13 12:46:49,953 INFO  org.apache.maven.linkcheck.LinkCheck - Validating apidocs/zeus/actors/event/class-use/MessageHandlerEvent.html
2003-11-13 12:46:49,984 INFO  org.apache.maven.linkcheck.LinkCheck - Validating apidocs/zeus/actors/event/class-use/MessageHandlerMonitor.html
2003-11-13 12:46:50,015 INFO  org.apache.maven.linkcheck.LinkCheck - Validating apidocs/zeus/actors/event/class-use/MessageMonitor.html
2003-11-13 12:46:50,046 INFO  org.apache.maven.linkcheck.LinkCheck - Validating apidocs/zeus/actors/event/class-use/NodeAdapter.html
2003-11-13 12:46:50,062 INFO  org.apache.maven.linkcheck.LinkCheck - Validating apidocs/zeus/actors/event/class-use/NodeEvent.html
2003-11-13 12:46:50,109 INFO  org.apache.maven.linkcheck.LinkCheck - Validating apidocs/zeus/actors/event/class-use/NodeMonitor.html
2003-11-13 12:46:50,125 INFO  org.apache.maven.linkcheck.LinkCheck - Validating apidocs/zeus/actors/event/class-use/PlanningAdapter.html
2003-11-13 12:46:50,140 INFO  org.apache.maven.linkcheck.LinkCheck - Validating apidocs/zeus/actors/event/class-use/PlanningEvent.html
2003-11-13 12:46:50,171 INFO  org.apache.maven.linkcheck.LinkCheck - Validating apidocs/zeus/actors/event/class-use/PlanningMonitor.html
2003-11-13 12:46:50,203 INFO  org.apache.maven.linkcheck.LinkCheck - Validating apidocs/zeus/actors/event/class-use/PlanStepAdapter.html
2003-11-13 12:46:50,218 INFO  org.apache.maven.linkcheck.LinkCheck - Validating apidocs/zeus/actors/event/class-use/PlanStepEvent.html
2003-11-13 12:46:50,250 INFO  org.apache.maven.linkcheck.LinkCheck - Validating apidocs/zeus/actors/event/class-use/PlanStepMonitor.html
2003-11-13 12:46:50,281 INFO  org.apache.maven.linkcheck.LinkCheck - Validating apidocs/zeus/actors/event/class-use/ProtocolAdapter.html
2003-11-13 12:46:50,296 INFO  org.apache.maven.linkcheck.LinkCheck - Validating apidocs/zeus/actors/event/class-use/ProtocolDbNode.html
2003-11-13 12:46:50,312 INFO  org.apache.maven.linkcheck.LinkCheck - Validating apidocs/zeus/actors/event/class-use/ProtocolEvent.html
2003-11-13 12:46:50,343 INFO  org.apache.maven.linkcheck.LinkCheck - Validating apidocs/zeus/actors/event/class-use/ProtocolMonitor.html
2003-11-13 12:46:50,375 INFO  org.apache.maven.linkcheck.LinkCheck - Validating apidocs/zeus/actors/event/class-use/RelationAdapter.html
2003-11-13 12:46:50,390 INFO  org.apache.maven.linkcheck.LinkCheck - Validating apidocs/zeus/actors/event/class-use/RelationEvent.html
2003-11-13 12:46:50,437 INFO  org.apache.maven.linkcheck.LinkCheck - Validating apidocs/zeus/actors/event/class-use/RelationMonitor.html
2003-11-13 12:46:50,468 INFO  org.apache.maven.linkcheck.LinkCheck - Validating apidocs/zeus/actors/event/class-use/ReteEngineAdapter.html
2003-11-13 12:46:50,484 INFO  org.apache.maven.linkcheck.LinkCheck - Validating apidocs/zeus/actors/event/class-use/ReteEngineEvent.html
2003-11-13 12:46:50,515 INFO  org.apache.maven.linkcheck.LinkCheck - Validating apidocs/zeus/actors/event/class-use/ReteEngineMonitor.html
2003-11-13 12:46:50,546 INFO  org.apache.maven.linkcheck.LinkCheck - Validating apidocs/zeus/actors/event/class-use/TaskAdapter.html
2003-11-13 12:46:50,562 INFO  org.apache.maven.linkcheck.LinkCheck - Validating apidocs/zeus/actors/event/class-use/TaskEvent.html
2003-11-13 12:46:50,593 INFO  org.apache.maven.linkcheck.LinkCheck - Validating apidocs/zeus/actors/event/class-use/TaskMonitor.html
2003-11-13 12:46:50,625 INFO  org.apache.maven.linkcheck.LinkCheck - Validating apidocs/zeus/actors/event/ClockAdapter.html
2003-11-13 12:46:50,656 INFO  org.apache.maven.linkcheck.LinkCheck - Validating apidocs/zeus/actors/event/ClockEvent.html
2003-11-13 12:46:50,687 INFO  org.apache.maven.linkcheck.LinkCheck - Validating apidocs/zeus/actors/event/ClockMonitor.html
2003-11-13 12:46:50,703 INFO  org.apache.maven.linkcheck.LinkCheck - Validating apidocs/zeus/actors/event/ConversationAdapter.html
2003-11-13 12:46:50,734 INFO  org.apache.maven.linkcheck.LinkCheck - Validating apidocs/zeus/actors/event/ConversationEvent.html
2003-11-13 12:46:50,812 INFO  org.apache.maven.linkcheck.LinkCheck - Validating apidocs/zeus/actors/event/ConversationMonitor.html
2003-11-13 12:46:50,828 INFO  org.apache.maven.linkcheck.LinkCheck - Validating apidocs/zeus/actors/event/Event.html
2003-11-13 12:46:50,937 INFO  org.apache.maven.linkcheck.LinkCheck - Validating apidocs/zeus/actors/event/FactAdapter.html
2003-11-13 12:46:50,968 INFO  org.apache.maven.linkcheck.LinkCheck - Validating apidocs/zeus/actors/event/FactEvent.html
2003-11-13 12:46:51,015 INFO  org.apache.maven.linkcheck.LinkCheck - Validating apidocs/zeus/actors/event/FactMonitor.html
2003-11-13 12:46:51,046 INFO  org.apache.maven.linkcheck.LinkCheck - Validating apidocs/zeus/actors/event/GraphAdapter.html
2003-11-13 12:46:51,078 INFO  org.apache.maven.linkcheck.LinkCheck - Validating apidocs/zeus/actors/event/GraphEvent.html
2003-11-13 12:46:51,125 INFO  org.apache.maven.linkcheck.LinkCheck - Validating apidocs/zeus/actors/event/GraphMonitor.html
2003-11-13 12:46:51,140 INFO  org.apache.maven.linkcheck.LinkCheck - Validating apidocs/zeus/actors/event/MessageAdapter.html
2003-11-13 12:46:51,187 INFO  org.apache.maven.linkcheck.LinkCheck - Validating apidocs/zeus/actors/event/MessageEvent.html
2003-11-13 12:46:51,234 INFO  org.apache.maven.linkcheck.LinkCheck - Validating apidocs/zeus/actors/event/MessageHandlerAdapter.html
2003-11-13 12:46:51,265 INFO  org.apache.maven.linkcheck.LinkCheck - Validating apidocs/zeus/actors/event/MessageHandlerEvent.html
2003-11-13 12:46:51,328 INFO  org.apache.maven.linkcheck.LinkCheck - Validating apidocs/zeus/actors/event/MessageHandlerMonitor.html
2003-11-13 12:46:51,359 INFO  org.apache.maven.linkcheck.LinkCheck - Validating apidocs/zeus/actors/event/MessageMonitor.html
2003-11-13 12:46:51,390 INFO  org.apache.maven.linkcheck.LinkCheck - Validating apidocs/zeus/actors/event/NodeAdapter.html
2003-11-13 12:46:51,421 INFO  org.apache.maven.linkcheck.LinkCheck - Validating apidocs/zeus/actors/event/NodeEvent.html
2003-11-13 12:46:51,468 INFO  org.apache.maven.linkcheck.LinkCheck - Validating apidocs/zeus/actors/event/NodeMonitor.html
2003-11-13 12:46:51,500 INFO  org.apache.maven.linkcheck.LinkCheck - Validating apidocs/zeus/actors/event/package-frame.html
2003-11-13 12:46:51,515 INFO  org.apache.maven.linkcheck.LinkCheck - Validating apidocs/zeus/actors/event/package-summary.html
2003-11-13 12:46:51,546 INFO  org.apache.maven.linkcheck.LinkCheck - Validating apidocs/zeus/actors/event/package-tree.html
2003-11-13 12:46:51,578 INFO  org.apache.maven.linkcheck.LinkCheck - Validating apidocs/zeus/actors/event/package-use.html
2003-11-13 12:46:51,671 INFO  org.apache.maven.linkcheck.LinkCheck - Validating apidocs/zeus/actors/event/PlanningAdapter.html
2003-11-13 12:46:51,703 INFO  org.apache.maven.linkcheck.LinkCheck - Validating apidocs/zeus/actors/event/PlanningEvent.html
2003-11-13 12:46:51,750 INFO  org.apache.maven.linkcheck.LinkCheck - Validating apidocs/zeus/actors/event/PlanningMonitor.html
2003-11-13 12:46:51,765 INFO  org.apache.maven.linkcheck.LinkCheck - Validating apidocs/zeus/actors/event/PlanStepAdapter.html
2003-11-13 12:46:51,796 INFO  org.apache.maven.linkcheck.LinkCheck - Validating apidocs/zeus/actors/event/PlanStepEvent.html
2003-11-13 12:46:51,843 INFO  org.apache.maven.linkcheck.LinkCheck - Validating apidocs/zeus/actors/event/PlanStepMonitor.html
2003-11-13 12:46:51,875 INFO  org.apache.maven.linkcheck.LinkCheck - Validating apidocs/zeus/actors/event/ProtocolAdapter.html
2003-11-13 12:46:51,906 INFO  org.apache.maven.linkcheck.LinkCheck - Validating apidocs/zeus/actors/event/ProtocolDbNode.html
2003-11-13 12:46:51,953 INFO  org.apache.maven.linkcheck.LinkCheck - Validating apidocs/zeus/actors/event/ProtocolEvent.html
2003-11-13 12:46:51,984 INFO  org.apache.maven.linkcheck.LinkCheck - Validating apidocs/zeus/actors/event/ProtocolMonitor.html
2003-11-13 12:46:52,015 INFO  org.apache.maven.linkcheck.LinkCheck - Validating apidocs/zeus/actors/event/RelationAdapter.html
2003-11-13 12:46:52,062 INFO  org.apache.maven.linkcheck.LinkCheck - Validating apidocs/zeus/actors/event/RelationEvent.html
2003-11-13 12:46:52,093 INFO  org.apache.maven.linkcheck.LinkCheck - Validating apidocs/zeus/actors/event/RelationMonitor.html
2003-11-13 12:46:52,125 INFO  org.apache.maven.linkcheck.LinkCheck - Validating apidocs/zeus/actors/event/ReteEngineAdapter.html
2003-11-13 12:46:52,171 INFO  org.apache.maven.linkcheck.LinkCheck - Validating apidocs/zeus/actors/event/ReteEngineEvent.html
2003-11-13 12:46:52,218 INFO  org.apache.maven.linkcheck.LinkCheck - Validating apidocs/zeus/actors/event/ReteEngineMonitor.html
2003-11-13 12:46:52,250 INFO  org.apache.maven.linkcheck.LinkCheck - Validating apidocs/zeus/actors/event/TaskAdapter.html
2003-11-13 12:46:52,281 INFO  org.apache.maven.linkcheck.LinkCheck - Validating apidocs/zeus/actors/event/TaskEvent.html
2003-11-13 12:46:52,328 INFO  org.apache.maven.linkcheck.LinkCheck - Validating apidocs/zeus/actors/event/TaskMonitor.html
2003-11-13 12:46:52,359 INFO  org.apache.maven.linkcheck.LinkCheck - Validating apidocs/zeus/actors/ExecutionMonitor.html
2003-11-13 12:46:52,406 INFO  org.apache.maven.linkcheck.LinkCheck - Validating apidocs/zeus/actors/ExternalDb.html
2003-11-13 12:46:52,437 INFO  org.apache.maven.linkcheck.LinkCheck - Validating apidocs/zeus/actors/factories/class-use/ConnectionPool.html
2003-11-13 12:46:52,453 INFO  org.apache.maven.linkcheck.LinkCheck - Validating apidocs/zeus/actors/factories/class-use/IIOP_Z_HTTP_TransportFactory.html
2003-11-13 12:46:52,468 INFO  org.apache.maven.linkcheck.LinkCheck - Validating apidocs/zeus/actors/factories/class-use/NotFoundException.html
2003-11-13 12:46:52,484 INFO  org.apache.maven.linkcheck.LinkCheck - Validating apidocs/zeus/actors/factories/class-use/TransportFactory.html
2003-11-13 12:46:52,515 INFO  org.apache.maven.linkcheck.LinkCheck - Validating apidocs/zeus/actors/factories/class-use/TransportFactoryMethod.html
2003-11-13 12:46:52,531 INFO  org.apache.maven.linkcheck.LinkCheck - Validating apidocs/zeus/actors/factories/class-use/TransportUnsupportedException.html
2003-11-13 12:46:52,546 INFO  org.apache.maven.linkcheck.LinkCheck - Validating apidocs/zeus/actors/factories/ConnectionPool.html
2003-11-13 12:46:52,578 INFO  org.apache.maven.linkcheck.LinkCheck - Validating apidocs/zeus/actors/factories/IIOP_Z_HTTP_TransportFactory.html
2003-11-13 12:46:52,625 INFO  org.apache.maven.linkcheck.LinkCheck - Validating apidocs/zeus/actors/factories/NotFoundException.html
2003-11-13 12:46:52,656 INFO  org.apache.maven.linkcheck.LinkCheck - Validating apidocs/zeus/actors/factories/package-frame.html
2003-11-13 12:46:52,656 INFO  org.apache.maven.linkcheck.LinkCheck - Validating apidocs/zeus/actors/factories/package-summary.html
2003-11-13 12:46:52,687 INFO  org.apache.maven.linkcheck.LinkCheck - Validating apidocs/zeus/actors/factories/package-tree.html
2003-11-13 12:46:52,703 INFO  org.apache.maven.linkcheck.LinkCheck - Validating apidocs/zeus/actors/factories/package-use.html
2003-11-13 12:46:52,718 INFO  org.apache.maven.linkcheck.LinkCheck - Validating apidocs/zeus/actors/factories/TransportFactory.html
2003-11-13 12:46:52,750 INFO  org.apache.maven.linkcheck.LinkCheck - Validating apidocs/zeus/actors/factories/TransportFactoryMethod.html
2003-11-13 12:46:52,765 INFO  org.apache.maven.linkcheck.LinkCheck - Validating apidocs/zeus/actors/factories/TransportUnsupportedException.html
2003-11-13 12:46:52,796 INFO  org.apache.maven.linkcheck.LinkCheck - Validating apidocs/zeus/actors/graphs/a0.html
2003-11-13 12:46:52,828 INFO  org.apache.maven.linkcheck.LinkCheck - Validating apidocs/zeus/actors/graphs/a1.html
2003-11-13 12:46:52,859 INFO  org.apache.maven.linkcheck.LinkCheck - Validating apidocs/zeus/actors/graphs/a14.html
2003-11-13 12:46:52,890 INFO  org.apache.maven.linkcheck.LinkCheck - Validating apidocs/zeus/actors/graphs/a2.html
2003-11-13 12:46:52,906 INFO  org.apache.maven.linkcheck.LinkCheck - Validating apidocs/zeus/actors/graphs/a3.html
2003-11-13 12:46:52,937 INFO  org.apache.maven.linkcheck.LinkCheck - Validating apidocs/zeus/actors/graphs/a4.html
2003-11-13 12:46:52,968 INFO  org.apache.maven.linkcheck.LinkCheck - Validating apidocs/zeus/actors/graphs/a5.html
2003-11-13 12:46:53,000 INFO  org.apache.maven.linkcheck.LinkCheck - Validating apidocs/zeus/actors/graphs/a6.html
2003-11-13 12:46:53,031 INFO  org.apache.maven.linkcheck.LinkCheck - Validating apidocs/zeus/actors/graphs/a7.html
2003-11-13 12:46:53,062 INFO  org.apache.maven.linkcheck.LinkCheck - Validating apidocs/zeus/actors/graphs/a8.html
2003-11-13 12:46:53,093 INFO  org.apache.maven.linkcheck.LinkCheck - Validating apidocs/zeus/actors/graphs/a9.html
2003-11-13 12:46:53,125 INFO  org.apache.maven.linkcheck.LinkCheck - Validating apidocs/zeus/actors/graphs/b0.html
2003-11-13 12:46:53,156 INFO  org.apache.maven.linkcheck.LinkCheck - Validating apidocs/zeus/actors/graphs/b1.html
2003-11-13 12:46:53,203 INFO  org.apache.maven.linkcheck.LinkCheck - Validating apidocs/zeus/actors/graphs/b2.html
2003-11-13 12:46:53,265 INFO  org.apache.maven.linkcheck.LinkCheck - Validating apidocs/zeus/actors/graphs/b4.html
2003-11-13 12:46:53,296 INFO  org.apache.maven.linkcheck.LinkCheck - Validating apidocs/zeus/actors/graphs/buy.html
2003-11-13 12:46:53,328 INFO  org.apache.maven.linkcheck.LinkCheck - Validating apidocs/zeus/actors/graphs/b_xb.html
2003-11-13 12:46:53,375 INFO  org.apache.maven.linkcheck.LinkCheck - Validating apidocs/zeus/actors/graphs/class-use/a0.html
2003-11-13 12:46:53,390 INFO  org.apache.maven.linkcheck.LinkCheck - Validating apidocs/zeus/actors/graphs/class-use/a1.html
2003-11-13 12:46:53,390 INFO  org.apache.maven.linkcheck.LinkCheck - Validating apidocs/zeus/actors/graphs/class-use/a14.html
2003-11-13 12:46:53,406 INFO  org.apache.maven.linkcheck.LinkCheck - Validating apidocs/zeus/actors/graphs/class-use/a2.html
2003-11-13 12:46:53,421 INFO  org.apache.maven.linkcheck.LinkCheck - Validating apidocs/zeus/actors/graphs/class-use/a3.html
2003-11-13 12:46:53,437 INFO  org.apache.maven.linkcheck.LinkCheck - Validating apidocs/zeus/actors/graphs/class-use/a4.html
2003-11-13 12:46:53,453 INFO  org.apache.maven.linkcheck.LinkCheck - Validating apidocs/zeus/actors/graphs/class-use/a5.html
2003-11-13 12:46:53,468 INFO  org.apache.maven.linkcheck.LinkCheck - Validating apidocs/zeus/actors/graphs/class-use/a6.html
2003-11-13 12:46:53,484 INFO  org.apache.maven.linkcheck.LinkCheck - Validating apidocs/zeus/actors/graphs/class-use/a7.html
2003-11-13 12:46:53,500 INFO  org.apache.maven.linkcheck.LinkCheck - Validating apidocs/zeus/actors/graphs/class-use/a8.html
2003-11-13 12:46:53,515 INFO  org.apache.maven.linkcheck.LinkCheck - Validating apidocs/zeus/actors/graphs/class-use/a9.html
2003-11-13 12:46:53,531 INFO  org.apache.maven.linkcheck.LinkCheck - Validating apidocs/zeus/actors/graphs/class-use/b0.html
2003-11-13 12:46:53,546 INFO  org.apache.maven.linkcheck.LinkCheck - Validating apidocs/zeus/actors/graphs/class-use/b1.html
2003-11-13 12:46:53,546 INFO  org.apache.maven.linkcheck.LinkCheck - Validating apidocs/zeus/actors/graphs/class-use/b2.html
2003-11-13 12:46:53,562 INFO  org.apache.maven.linkcheck.LinkCheck - Validating apidocs/zeus/actors/graphs/class-use/b4.html
2003-11-13 12:46:53,578 INFO  org.apache.maven.linkcheck.LinkCheck - Validating apidocs/zeus/actors/graphs/class-use/buy.html
2003-11-13 12:46:53,593 INFO  org.apache.maven.linkcheck.LinkCheck - Validating apidocs/zeus/actors/graphs/class-use/b_xb.html
2003-11-13 12:46:53,609 INFO  org.apache.maven.linkcheck.LinkCheck - Validating apidocs/zeus/actors/graphs/class-use/ContractNetInitiator.html
2003-11-13 12:46:53,625 INFO  org.apache.maven.linkcheck.LinkCheck - Validating apidocs/zeus/actors/graphs/class-use/ContractNetRespondent.html
2003-11-13 12:46:53,640 INFO  org.apache.maven.linkcheck.LinkCheck - Validating apidocs/zeus/actors/graphs/class-use/d0.html
2003-11-13 12:46:53,656 INFO  org.apache.maven.linkcheck.LinkCheck - Validating apidocs/zeus/actors/graphs/class-use/d1.html
2003-11-13 12:46:53,671 INFO  org.apache.maven.linkcheck.LinkCheck - Validating apidocs/zeus/actors/graphs/class-use/d2.html
2003-11-13 12:46:53,687 INFO  org.apache.maven.linkcheck.LinkCheck - Validating apidocs/zeus/actors/graphs/class-use/d3I.html
2003-11-13 12:46:53,687 INFO  org.apache.maven.linkcheck.LinkCheck - Validating apidocs/zeus/actors/graphs/class-use/d3R.html
2003-11-13 12:46:53,703 INFO  org.apache.maven.linkcheck.LinkCheck - Validating apidocs/zeus/actors/graphs/class-use/DefaultInitiatorEvaluator.html
2003-11-13 12:46:53,718 INFO  org.apache.maven.linkcheck.LinkCheck - Validating apidocs/zeus/actors/graphs/class-use/DefaultRespondentEvaluator.html
2003-11-13 12:46:53,734 INFO  org.apache.maven.linkcheck.LinkCheck - Validating apidocs/zeus/actors/graphs/class-use/g0.html
2003-11-13 12:46:53,750 INFO  org.apache.maven.linkcheck.LinkCheck - Validating apidocs/zeus/actors/graphs/class-use/g0_b.html
2003-11-13 12:46:53,765 INFO  org.apache.maven.linkcheck.LinkCheck - Validating apidocs/zeus/actors/graphs/class-use/g1.html
2003-11-13 12:46:53,781 INFO  org.apache.maven.linkcheck.LinkCheck - Validating apidocs/zeus/actors/graphs/class-use/g2.html
2003-11-13 12:46:53,796 INFO  org.apache.maven.linkcheck.LinkCheck - Validating apidocs/zeus/actors/graphs/class-use/LinearInitiatorEvaluator.html
2003-11-13 12:46:53,812 INFO  org.apache.maven.linkcheck.LinkCheck - Validating apidocs/zeus/actors/graphs/class-use/LinearRespondentEvaluator.html
2003-11-13 12:46:53,812 INFO  org.apache.maven.linkcheck.LinkCheck - Validating apidocs/zeus/actors/graphs/class-use/n0.html
2003-11-13 12:46:53,828 INFO  org.apache.maven.linkcheck.LinkCheck - Validating apidocs/zeus/actors/graphs/class-use/n1.html
2003-11-13 12:46:53,859 INFO  org.apache.maven.linkcheck.LinkCheck - Validating apidocs/zeus/actors/graphs/class-use/s0.html
2003-11-13 12:46:53,859 INFO  org.apache.maven.linkcheck.LinkCheck - Validating apidocs/zeus/actors/graphs/class-use/s1.html
2003-11-13 12:46:53,875 INFO  org.apache.maven.linkcheck.LinkCheck - Validating apidocs/zeus/actors/graphs/class-use/s2.html
2003-11-13 12:46:53,890 INFO  org.apache.maven.linkcheck.LinkCheck - Validating apidocs/zeus/actors/graphs/class-use/s3.html
2003-11-13 12:46:53,906 INFO  org.apache.maven.linkcheck.LinkCheck - Validating apidocs/zeus/actors/graphs/class-use/s4.html
2003-11-13 12:46:53,921 INFO  org.apache.maven.linkcheck.LinkCheck - Validating apidocs/zeus/actors/graphs/class-use/s5.html
2003-11-13 12:46:53,937 INFO  org.apache.maven.linkcheck.LinkCheck - Validating apidocs/zeus/actors/graphs/class-use/s6.html
2003-11-13 12:46:53,953 INFO  org.apache.maven.linkcheck.LinkCheck - Validating apidocs/zeus/actors/graphs/class-use/s7.html
2003-11-13 12:46:53,968 INFO  org.apache.maven.linkcheck.LinkCheck - Validating apidocs/zeus/actors/graphs/class-use/s8.html
2003-11-13 12:46:53,984 INFO  org.apache.maven.linkcheck.LinkCheck - Validating apidocs/zeus/actors/graphs/class-use/s9.html
2003-11-13 12:46:53,984 INFO  org.apache.maven.linkcheck.LinkCheck - Validating apidocs/zeus/actors/graphs/class-use/Sb.html
2003-11-13 12:46:54,000 INFO  org.apache.maven.linkcheck.LinkCheck - Validating apidocs/zeus/actors/graphs/class-use/Sc.html
2003-11-13 12:46:54,015 INFO  org.apache.maven.linkcheck.LinkCheck - Validating apidocs/zeus/actors/graphs/class-use/Sd.html
2003-11-13 12:46:54,031 INFO  org.apache.maven.linkcheck.LinkCheck - Validating apidocs/zeus/actors/graphs/class-use/se0.html
2003-11-13 12:46:54,046 INFO  org.apache.maven.linkcheck.LinkCheck - Validating apidocs/zeus/actors/graphs/class-use/se1.html
2003-11-13 12:46:54,062 INFO  org.apache.maven.linkcheck.LinkCheck - Validating apidocs/zeus/actors/graphs/class-use/se2.html
2003-11-13 12:46:54,078 INFO  org.apache.maven.linkcheck.LinkCheck - Validating apidocs/zeus/actors/graphs/class-use/se3.html
2003-11-13 12:46:54,093 INFO  org.apache.maven.linkcheck.LinkCheck - Validating apidocs/zeus/actors/graphs/class-use/sell.html
2003-11-13 12:46:54,109 INFO  org.apache.maven.linkcheck.LinkCheck - Validating apidocs/zeus/actors/graphs/class-use/SimpleInitiatorEvaluator.html
2003-11-13 12:46:54,125 INFO  org.apache.maven.linkcheck.LinkCheck - Validating apidocs/zeus/actors/graphs/class-use/SimpleRespondentEvaluator.html
2003-11-13 12:46:54,125 INFO  org.apache.maven.linkcheck.LinkCheck - Validating apidocs/zeus/actors/graphs/class-use/Sv.html
2003-11-13 12:46:54,140 INFO  org.apache.maven.linkcheck.LinkCheck - Validating apidocs/zeus/actors/graphs/class-use/Sw.html
2003-11-13 12:46:54,156 INFO  org.apache.maven.linkcheck.LinkCheck - Validating apidocs/zeus/actors/graphs/class-use/Sx.html
2003-11-13 12:46:54,171 INFO  org.apache.maven.linkcheck.LinkCheck - Validating apidocs/zeus/actors/graphs/class-use/xa.html
2003-11-13 12:46:54,187 INFO  org.apache.maven.linkcheck.LinkCheck - Validating apidocs/zeus/actors/graphs/class-use/xb.html
2003-11-13 12:46:54,203 INFO  org.apache.maven.linkcheck.LinkCheck - Validating apidocs/zeus/actors/graphs/class-use/xc.html
2003-11-13 12:46:54,218 INFO  org.apache.maven.linkcheck.LinkCheck - Validating apidocs/zeus/actors/graphs/class-use/xd.html
2003-11-13 12:46:54,234 INFO  org.apache.maven.linkcheck.LinkCheck - Validating apidocs/zeus/actors/graphs/ContractNetInitiator.html
2003-11-13 12:46:54,265 INFO  org.apache.maven.linkcheck.LinkCheck - Validating apidocs/zeus/actors/graphs/ContractNetRespondent.html
2003-11-13 12:46:54,296 INFO  org.apache.maven.linkcheck.LinkCheck - Validating apidocs/zeus/actors/graphs/d0.html
2003-11-13 12:46:54,343 INFO  org.apache.maven.linkcheck.LinkCheck - Validating apidocs/zeus/actors/graphs/d1.html
2003-11-13 12:46:54,390 INFO  org.apache.maven.linkcheck.LinkCheck - Validating apidocs/zeus/actors/graphs/d2.html
2003-11-13 12:46:54,437 INFO  org.apache.maven.linkcheck.LinkCheck - Validating apidocs/zeus/actors/graphs/d3I.html
2003-11-13 12:46:54,484 INFO  org.apache.maven.linkcheck.LinkCheck - Validating apidocs/zeus/actors/graphs/d3R.html
2003-11-13 12:46:54,515 INFO  org.apache.maven.linkcheck.LinkCheck - Validating apidocs/zeus/actors/graphs/DefaultInitiatorEvaluator.html
2003-11-13 12:46:54,562 INFO  org.apache.maven.linkcheck.LinkCheck - Validating apidocs/zeus/actors/graphs/DefaultRespondentEvaluator.html
2003-11-13 12:46:54,609 INFO  org.apache.maven.linkcheck.LinkCheck - Validating apidocs/zeus/actors/graphs/g0.html
2003-11-13 12:46:54,640 INFO  org.apache.maven.linkcheck.LinkCheck - Validating apidocs/zeus/actors/graphs/g0_b.html
2003-11-13 12:46:54,687 INFO  org.apache.maven.linkcheck.LinkCheck - Validating apidocs/zeus/actors/graphs/g1.html
2003-11-13 12:46:54,718 INFO  org.apache.maven.linkcheck.LinkCheck - Validating apidocs/zeus/actors/graphs/g2.html
2003-11-13 12:46:54,750 INFO  org.apache.maven.linkcheck.LinkCheck - Validating apidocs/zeus/actors/graphs/LinearInitiatorEvaluator.html
2003-11-13 12:46:54,812 INFO  org.apache.maven.linkcheck.LinkCheck - Validating apidocs/zeus/actors/graphs/LinearRespondentEvaluator.html
2003-11-13 12:46:54,859 INFO  org.apache.maven.linkcheck.LinkCheck - Validating apidocs/zeus/actors/graphs/n0.html
2003-11-13 12:46:54,906 INFO  org.apache.maven.linkcheck.LinkCheck - Validating apidocs/zeus/actors/graphs/n1.html
2003-11-13 12:46:54,937 INFO  org.apache.maven.linkcheck.LinkCheck - Validating apidocs/zeus/actors/graphs/package-frame.html
2003-11-13 12:46:54,953 INFO  org.apache.maven.linkcheck.LinkCheck - Validating apidocs/zeus/actors/graphs/package-summary.html
2003-11-13 12:46:55,000 INFO  org.apache.maven.linkcheck.LinkCheck - Validating apidocs/zeus/actors/graphs/package-tree.html
2003-11-13 12:46:55,031 INFO  org.apache.maven.linkcheck.LinkCheck - Validating apidocs/zeus/actors/graphs/package-use.html
2003-11-13 12:46:55,046 INFO  org.apache.maven.linkcheck.LinkCheck - Validating apidocs/zeus/actors/graphs/s0.html
2003-11-13 12:46:55,093 INFO  org.apache.maven.linkcheck.LinkCheck - Validating apidocs/zeus/actors/graphs/s1.html
2003-11-13 12:46:55,125 INFO  org.apache.maven.linkcheck.LinkCheck - Validating apidocs/zeus/actors/graphs/s2.html
2003-11-13 12:46:55,171 INFO  org.apache.maven.linkcheck.LinkCheck - Validating apidocs/zeus/actors/graphs/s3.html
2003-11-13 12:46:55,218 INFO  org.apache.maven.linkcheck.LinkCheck - Validating apidocs/zeus/actors/graphs/s4.html
2003-11-13 12:46:55,250 INFO  org.apache.maven.linkcheck.LinkCheck - Validating apidocs/zeus/actors/graphs/s5.html
2003-11-13 12:46:55,296 INFO  org.apache.maven.linkcheck.LinkCheck - Validating apidocs/zeus/actors/graphs/s6.html
2003-11-13 12:46:55,343 INFO  org.apache.maven.linkcheck.LinkCheck - Validating apidocs/zeus/actors/graphs/s7.html
2003-11-13 12:46:55,390 INFO  org.apache.maven.linkcheck.LinkCheck - Validating apidocs/zeus/actors/graphs/s8.html
2003-11-13 12:46:55,437 INFO  org.apache.maven.linkcheck.LinkCheck - Validating apidocs/zeus/actors/graphs/s9.html
2003-11-13 12:46:55,468 INFO  org.apache.maven.linkcheck.LinkCheck - Validating apidocs/zeus/actors/graphs/Sb.html
2003-11-13 12:46:55,515 INFO  org.apache.maven.linkcheck.LinkCheck - Validating apidocs/zeus/actors/graphs/Sc.html
2003-11-13 12:46:55,546 INFO  org.apache.maven.linkcheck.LinkCheck - Validating apidocs/zeus/actors/graphs/Sd.html
2003-11-13 12:46:55,578 INFO  org.apache.maven.linkcheck.LinkCheck - Validating apidocs/zeus/actors/graphs/se0.html
2003-11-13 12:46:55,625 INFO  org.apache.maven.linkcheck.LinkCheck - Validating apidocs/zeus/actors/graphs/se1.html
2003-11-13 12:46:55,671 INFO  org.apache.maven.linkcheck.LinkCheck - Validating apidocs/zeus/actors/graphs/se2.html
2003-11-13 12:46:55,718 INFO  org.apache.maven.linkcheck.LinkCheck - Validating apidocs/zeus/actors/graphs/se3.html
2003-11-13 12:46:55,750 INFO  org.apache.maven.linkcheck.LinkCheck - Validating apidocs/zeus/actors/graphs/sell.html
2003-11-13 12:46:55,796 INFO  org.apache.maven.linkcheck.LinkCheck - Validating apidocs/zeus/actors/graphs/SimpleInitiatorEvaluator.html
2003-11-13 12:46:55,843 INFO  org.apache.maven.linkcheck.LinkCheck - Validating apidocs/zeus/actors/graphs/SimpleRespondentEvaluator.html
2003-11-13 12:46:55,890 INFO  org.apache.maven.linkcheck.LinkCheck - Validating apidocs/zeus/actors/graphs/Sv.html
2003-11-13 12:46:55,937 INFO  org.apache.maven.linkcheck.LinkCheck - Validating apidocs/zeus/actors/graphs/Sw.html
2003-11-13 12:46:55,968 INFO  org.apache.maven.linkcheck.LinkCheck - Validating apidocs/zeus/actors/graphs/Sx.html
2003-11-13 12:46:56,000 INFO  org.apache.maven.linkcheck.LinkCheck - Validating apidocs/zeus/actors/graphs/xa.html
2003-11-13 12:46:56,031 INFO  org.apache.maven.linkcheck.LinkCheck - Validating apidocs/zeus/actors/graphs/xb.html
2003-11-13 12:46:56,078 INFO  org.apache.maven.linkcheck.LinkCheck - Validating apidocs/zeus/actors/graphs/xc.html
2003-11-13 12:46:56,109 INFO  org.apache.maven.linkcheck.LinkCheck - Validating apidocs/zeus/actors/graphs/xd.html
2003-11-13 12:46:56,125 INFO  org.apache.maven.linkcheck.LinkCheck - Validating apidocs/zeus/actors/Handler.html
2003-11-13 12:46:56,156 INFO  org.apache.maven.linkcheck.LinkCheck - Validating apidocs/zeus/actors/InTray.html
2003-11-13 12:46:56,187 INFO  org.apache.maven.linkcheck.LinkCheck - Validating apidocs/zeus/actors/intrays/class-use/Container_Connection.html
2003-11-13 12:46:56,203 INFO  org.apache.maven.linkcheck.LinkCheck - Validating apidocs/zeus/actors/intrays/class-use/Container_Server.html
2003-11-13 12:46:56,218 INFO  org.apache.maven.linkcheck.LinkCheck - Validating apidocs/zeus/actors/intrays/class-use/FIPA_2000_Handler.html
2003-11-13 12:46:56,250 INFO  org.apache.maven.linkcheck.LinkCheck - Validating apidocs/zeus/actors/intrays/class-use/FIPA_2000_HTTP_Connection.html
2003-11-13 12:46:56,250 INFO  org.apache.maven.linkcheck.LinkCheck - Validating apidocs/zeus/actors/intrays/class-use/FIPA_2000_HTTP_Server.html
2003-11-13 12:46:56,281 INFO  org.apache.maven.linkcheck.LinkCheck - Validating apidocs/zeus/actors/intrays/class-use/FIPA_2000_IIOP_Connection.html
2003-11-13 12:46:56,281 INFO  org.apache.maven.linkcheck.LinkCheck - Validating apidocs/zeus/actors/intrays/class-use/FIPA_2000_IIOP_Server.html
2003-11-13 12:46:56,312 INFO  org.apache.maven.linkcheck.LinkCheck - Validating apidocs/zeus/actors/intrays/class-use/FIPA_97_Connection.html
2003-11-13 12:46:56,328 INFO  org.apache.maven.linkcheck.LinkCheck - Validating apidocs/zeus/actors/intrays/class-use/FIPA_97_Handler.html
2003-11-13 12:46:56,343 INFO  org.apache.maven.linkcheck.LinkCheck - Validating apidocs/zeus/actors/intrays/class-use/FIPA_97_Server.html
2003-11-13 12:46:56,359 INFO  org.apache.maven.linkcheck.LinkCheck - Validating apidocs/zeus/actors/intrays/class-use/FIPA_message.html
2003-11-13 12:46:56,375 INFO  org.apache.maven.linkcheck.LinkCheck - Validating apidocs/zeus/actors/intrays/class-use/FIPA_Server.html
2003-11-13 12:46:56,390 INFO  org.apache.maven.linkcheck.LinkCheck - Validating apidocs/zeus/actors/intrays/class-use/NIOServer.html
2003-11-13 12:46:56,406 INFO  org.apache.maven.linkcheck.LinkCheck - Validating apidocs/zeus/actors/intrays/class-use/NotUnderstoodException.html
2003-11-13 12:46:56,421 INFO  org.apache.maven.linkcheck.LinkCheck - Validating apidocs/zeus/actors/intrays/class-use/Zeus_ACC_MailBox.html
2003-11-13 12:46:56,437 INFO  org.apache.maven.linkcheck.LinkCheck - Validating apidocs/zeus/actors/intrays/class-use/Zeus_ACC_Server.html
2003-11-13 12:46:56,468 INFO  org.apache.maven.linkcheck.LinkCheck - Validating apidocs/zeus/actors/intrays/Container_Connection.html
2003-11-13 12:46:56,500 INFO  org.apache.maven.linkcheck.LinkCheck - Validating apidocs/zeus/actors/intrays/Container_Server.html
2003-11-13 12:46:56,546 INFO  org.apache.maven.linkcheck.LinkCheck - Validating apidocs/zeus/actors/intrays/FIPA_2000_Handler.html
2003-11-13 12:46:56,578 INFO  org.apache.maven.linkcheck.LinkCheck - Validating apidocs/zeus/actors/intrays/FIPA_2000_HTTP_Connection.html
2003-11-13 12:46:56,640 INFO  org.apache.maven.linkcheck.LinkCheck - Validating apidocs/zeus/actors/intrays/FIPA_2000_HTTP_Server.html
2003-11-13 12:46:56,703 INFO  org.apache.maven.linkcheck.LinkCheck - Validating apidocs/zeus/actors/intrays/FIPA_2000_IIOP_Connection.html
2003-11-13 12:46:56,750 INFO  org.apache.maven.linkcheck.LinkCheck - Validating apidocs/zeus/actors/intrays/FIPA_2000_IIOP_Server.html
2003-11-13 12:46:56,812 INFO  org.apache.maven.linkcheck.LinkCheck - Validating apidocs/zeus/actors/intrays/FIPA_97_Connection.html
2003-11-13 12:46:56,859 INFO  org.apache.maven.linkcheck.LinkCheck - Validating apidocs/zeus/actors/intrays/FIPA_97_Handler.html
2003-11-13 12:46:56,875 INFO  org.apache.maven.linkcheck.LinkCheck - Validating apidocs/zeus/actors/intrays/FIPA_97_Server.html
2003-11-13 12:46:56,937 INFO  org.apache.maven.linkcheck.LinkCheck - Validating apidocs/zeus/actors/intrays/FIPA_message.html
2003-11-13 12:46:56,984 INFO  org.apache.maven.linkcheck.LinkCheck - Validating apidocs/zeus/actors/intrays/FIPA_Server.html
2003-11-13 12:46:57,031 INFO  org.apache.maven.linkcheck.LinkCheck - Validating apidocs/zeus/actors/intrays/NIOServer.html
2003-11-13 12:46:57,109 INFO  org.apache.maven.linkcheck.LinkCheck - Validating apidocs/zeus/actors/intrays/NotUnderstoodException.html
2003-11-13 12:46:57,140 INFO  org.apache.maven.linkcheck.LinkCheck - Validating apidocs/zeus/actors/intrays/package-frame.html
2003-11-13 12:46:57,156 INFO  org.apache.maven.linkcheck.LinkCheck - Validating apidocs/zeus/actors/intrays/package-summary.html
2003-11-13 12:46:57,187 INFO  org.apache.maven.linkcheck.LinkCheck - Validating apidocs/zeus/actors/intrays/package-tree.html
2003-11-13 12:46:57,203 INFO  org.apache.maven.linkcheck.LinkCheck - Validating apidocs/zeus/actors/intrays/package-use.html
2003-11-13 12:46:57,234 INFO  org.apache.maven.linkcheck.LinkCheck - Validating apidocs/zeus/actors/intrays/Zeus_ACC_MailBox.html
2003-11-13 12:46:57,281 INFO  org.apache.maven.linkcheck.LinkCheck - Validating apidocs/zeus/actors/intrays/Zeus_ACC_Server.html
2003-11-13 12:46:57,406 INFO  org.apache.maven.linkcheck.LinkCheck - Validating apidocs/zeus/actors/LinkInfo.html
2003-11-13 12:46:57,437 INFO  org.apache.maven.linkcheck.LinkCheck - Validating apidocs/zeus/actors/MailBox.html
2003-11-13 12:46:57,531 INFO  org.apache.maven.linkcheck.LinkCheck - Validating apidocs/zeus/actors/MsgHandler.AbilityLogger.html
2003-11-13 12:46:57,562 INFO  org.apache.maven.linkcheck.LinkCheck - Validating apidocs/zeus/actors/MsgHandler.html
2003-11-13 12:46:57,718 INFO  org.apache.maven.linkcheck.LinkCheck - Validating apidocs/zeus/actors/MsgHandler.ReportLogger.html
2003-11-13 12:46:57,750 INFO  org.apache.maven.linkcheck.LinkCheck - Validating apidocs/zeus/actors/MsgNode.html
2003-11-13 12:46:57,781 INFO  org.apache.maven.linkcheck.LinkCheck - Validating apidocs/zeus/actors/OrganisationDb.html
2003-11-13 12:46:57,859 INFO  org.apache.maven.linkcheck.LinkCheck - Validating apidocs/zeus/actors/OutTray.html
2003-11-13 12:46:57,890 INFO  org.apache.maven.linkcheck.LinkCheck - Validating apidocs/zeus/actors/outtrays/class-use/FIPA_2000_HTTP_Accessor.html
2003-11-13 12:46:57,906 INFO  org.apache.maven.linkcheck.LinkCheck - Validating apidocs/zeus/actors/outtrays/class-use/FIPA_2000_HTTP_Transport.html
2003-11-13 12:46:57,921 INFO  org.apache.maven.linkcheck.LinkCheck - Validating apidocs/zeus/actors/outtrays/class-use/FIPA_2000_IIOP_Transport.html
2003-11-13 12:46:57,937 INFO  org.apache.maven.linkcheck.LinkCheck - Validating apidocs/zeus/actors/outtrays/class-use/FIPA_97_IIOP_Transport.html
2003-11-13 12:46:57,953 INFO  org.apache.maven.linkcheck.LinkCheck - Validating apidocs/zeus/actors/outtrays/class-use/FIPA_PostMan.html
2003-11-13 12:46:57,968 INFO  org.apache.maven.linkcheck.LinkCheck - Validating apidocs/zeus/actors/outtrays/class-use/ReplyListener.html
2003-11-13 12:46:57,984 INFO  org.apache.maven.linkcheck.LinkCheck - Validating apidocs/zeus/actors/outtrays/class-use/UnsuitableMessageException.html
2003-11-13 12:46:58,015 INFO  org.apache.maven.linkcheck.LinkCheck - Validating apidocs/zeus/actors/outtrays/class-use/Zeus_Container_Transport.html
2003-11-13 12:46:58,031 INFO  org.apache.maven.linkcheck.LinkCheck - Validating apidocs/zeus/actors/outtrays/class-use/Zeus_Native_Transport.html
2003-11-13 12:46:58,046 INFO  org.apache.maven.linkcheck.LinkCheck - Validating apidocs/zeus/actors/outtrays/FIPA_2000_HTTP_Accessor.html
2003-11-13 12:46:58,078 INFO  org.apache.maven.linkcheck.LinkCheck - Validating apidocs/zeus/actors/outtrays/FIPA_2000_HTTP_Transport.html
2003-11-13 12:46:58,125 INFO  org.apache.maven.linkcheck.LinkCheck - Validating apidocs/zeus/actors/outtrays/FIPA_2000_IIOP_Transport.html
2003-11-13 12:46:58,156 INFO  org.apache.maven.linkcheck.LinkCheck - Validating apidocs/zeus/actors/outtrays/FIPA_97_IIOP_Transport.html
2003-11-13 12:46:58,203 INFO  org.apache.maven.linkcheck.LinkCheck - Validating apidocs/zeus/actors/outtrays/FIPA_PostMan.html
2003-11-13 12:46:58,250 INFO  org.apache.maven.linkcheck.LinkCheck - Validating apidocs/zeus/actors/outtrays/package-frame.html
2003-11-13 12:46:58,250 INFO  org.apache.maven.linkcheck.LinkCheck - Validating apidocs/zeus/actors/outtrays/package-summary.html
2003-11-13 12:46:58,281 INFO  org.apache.maven.linkcheck.LinkCheck - Validating apidocs/zeus/actors/outtrays/package-tree.html
2003-11-13 12:46:58,296 INFO  org.apache.maven.linkcheck.LinkCheck - Validating apidocs/zeus/actors/outtrays/package-use.html
2003-11-13 12:46:58,312 INFO  org.apache.maven.linkcheck.LinkCheck - Validating apidocs/zeus/actors/outtrays/ReplyListener.html
2003-11-13 12:46:58,343 INFO  org.apache.maven.linkcheck.LinkCheck - Validating apidocs/zeus/actors/outtrays/UnsuitableMessageException.html
2003-11-13 12:46:58,390 INFO  org.apache.maven.linkcheck.LinkCheck - Validating apidocs/zeus/actors/outtrays/Zeus_Container_Transport.html
2003-11-13 12:46:58,421 INFO  org.apache.maven.linkcheck.LinkCheck - Validating apidocs/zeus/actors/outtrays/Zeus_Native_Transport.html
2003-11-13 12:46:58,453 INFO  org.apache.maven.linkcheck.LinkCheck - Validating apidocs/zeus/actors/package-frame.html
2003-11-13 12:46:58,468 INFO  org.apache.maven.linkcheck.LinkCheck - Validating apidocs/zeus/actors/package-summary.html
2003-11-13 12:46:58,500 INFO  org.apache.maven.linkcheck.LinkCheck - Validating apidocs/zeus/actors/package-tree.html
2003-11-13 12:46:58,531 INFO  org.apache.maven.linkcheck.LinkCheck - Validating apidocs/zeus/actors/package-use.html
2003-11-13 12:46:58,656 INFO  org.apache.maven.linkcheck.LinkCheck - Validating apidocs/zeus/actors/PlanDb.html
2003-11-13 12:46:58,687 INFO  org.apache.maven.linkcheck.LinkCheck - Validating apidocs/zeus/actors/Planner.html
2003-11-13 12:46:58,875 INFO  org.apache.maven.linkcheck.LinkCheck - Validating apidocs/zeus/actors/PlanRecord.html
2003-11-13 12:46:59,140 INFO  org.apache.maven.linkcheck.LinkCheck - Validating apidocs/zeus/actors/PostMan.html
2003-11-13 12:46:59,203 INFO  org.apache.maven.linkcheck.LinkCheck - Validating apidocs/zeus/actors/PostManConnectionPool.html
2003-11-13 12:46:59,234 INFO  org.apache.maven.linkcheck.LinkCheck - Validating apidocs/zeus/actors/PreconditionChain.html
2003-11-13 12:46:59,281 INFO  org.apache.maven.linkcheck.LinkCheck - Validating apidocs/zeus/actors/ProducedDb.html
2003-11-13 12:46:59,359 INFO  org.apache.maven.linkcheck.LinkCheck - Validating apidocs/zeus/actors/ProtocolDb.html
2003-11-13 12:46:59,468 INFO  org.apache.maven.linkcheck.LinkCheck - Validating apidocs/zeus/actors/ProtocolDbResult.html
2003-11-13 12:46:59,500 INFO  org.apache.maven.linkcheck.LinkCheck - Validating apidocs/zeus/actors/ResourceDb.html
2003-11-13 12:46:59,625 INFO  org.apache.maven.linkcheck.LinkCheck - Validating apidocs/zeus/actors/RootNode.html
2003-11-13 12:46:59,671 INFO  org.apache.maven.linkcheck.LinkCheck - Validating apidocs/zeus/actors/rtn/Arc.html
2003-11-13 12:46:59,718 INFO  org.apache.maven.linkcheck.LinkCheck - Validating apidocs/zeus/actors/rtn/AuditTable.html
2003-11-13 12:46:59,781 INFO  org.apache.maven.linkcheck.LinkCheck - Validating apidocs/zeus/actors/rtn/class-use/Arc.html
2003-11-13 12:46:59,828 INFO  org.apache.maven.linkcheck.LinkCheck - Validating apidocs/zeus/actors/rtn/class-use/AuditTable.html
2003-11-13 12:46:59,859 INFO  org.apache.maven.linkcheck.LinkCheck - Validating apidocs/zeus/actors/rtn/class-use/Contract.html
2003-11-13 12:46:59,875 INFO  org.apache.maven.linkcheck.LinkCheck - Validating apidocs/zeus/actors/rtn/class-use/Engine.html
2003-11-13 12:46:59,953 INFO  org.apache.maven.linkcheck.LinkCheck - Validating apidocs/zeus/actors/rtn/class-use/Graph.html
2003-11-13 12:47:00,000 INFO  org.apache.maven.linkcheck.LinkCheck - Validating apidocs/zeus/actors/rtn/class-use/Node.html
2003-11-13 12:47:00,109 INFO  org.apache.maven.linkcheck.LinkCheck - Validating apidocs/zeus/actors/rtn/class-use/NodeWaitTable.html
2003-11-13 12:47:00,125 INFO  org.apache.maven.linkcheck.LinkCheck - Validating apidocs/zeus/actors/rtn/class-use/PGraph.html
2003-11-13 12:47:00,156 INFO  org.apache.maven.linkcheck.LinkCheck - Validating apidocs/zeus/actors/rtn/class-use/TimeOutActions.html
2003-11-13 12:47:00,171 INFO  org.apache.maven.linkcheck.LinkCheck - Validating apidocs/zeus/actors/rtn/Contract.html
2003-11-13 12:47:00,203 INFO  org.apache.maven.linkcheck.LinkCheck - Validating apidocs/zeus/actors/rtn/Engine.html
2003-11-13 12:47:00,375 INFO  org.apache.maven.linkcheck.LinkCheck - Validating apidocs/zeus/actors/rtn/Graph.html
2003-11-13 12:47:00,453 INFO  org.apache.maven.linkcheck.LinkCheck - Validating apidocs/zeus/actors/rtn/Node.html
2003-11-13 12:47:00,578 INFO  org.apache.maven.linkcheck.LinkCheck - Validating apidocs/zeus/actors/rtn/NodeWaitTable.html
2003-11-13 12:47:00,625 INFO  org.apache.maven.linkcheck.LinkCheck - Validating apidocs/zeus/actors/rtn/package-frame.html
2003-11-13 12:47:00,625 INFO  org.apache.maven.linkcheck.LinkCheck - Validating apidocs/zeus/actors/rtn/package-summary.html
2003-11-13 12:47:00,640 INFO  org.apache.maven.linkcheck.LinkCheck - Validating apidocs/zeus/actors/rtn/package-tree.html
2003-11-13 12:47:00,671 INFO  org.apache.maven.linkcheck.LinkCheck - Validating apidocs/zeus/actors/rtn/package-use.html
2003-11-13 12:47:00,703 INFO  org.apache.maven.linkcheck.LinkCheck - Validating apidocs/zeus/actors/rtn/PGraph.html
2003-11-13 12:47:00,765 INFO  org.apache.maven.linkcheck.LinkCheck - Validating apidocs/zeus/actors/rtn/TimeOutActions.html
2003-11-13 12:47:00,796 INFO  org.apache.maven.linkcheck.LinkCheck - Validating apidocs/zeus/actors/rtn/util/class-use/DelegationStruct.html
2003-11-13 12:47:00,843 INFO  org.apache.maven.linkcheck.LinkCheck - Validating apidocs/zeus/actors/rtn/util/class-use/DStruct.html
2003-11-13 12:47:00,859 INFO  org.apache.maven.linkcheck.LinkCheck - Validating apidocs/zeus/actors/rtn/util/class-use/GraphStruct.html
2003-11-13 12:47:00,890 INFO  org.apache.maven.linkcheck.LinkCheck - Validating apidocs/zeus/actors/rtn/util/class-use/LocalDStruct.html
2003-11-13 12:47:00,906 INFO  org.apache.maven.linkcheck.LinkCheck - Validating apidocs/zeus/actors/rtn/util/class-use/StrategyEvaluator.html
2003-11-13 12:47:00,937 INFO  org.apache.maven.linkcheck.LinkCheck - Validating apidocs/zeus/actors/rtn/util/class-use/StrategyEvaluatorList.html
2003-11-13 12:47:00,968 INFO  org.apache.maven.linkcheck.LinkCheck - Validating apidocs/zeus/actors/rtn/util/DelegationStruct.html
2003-11-13 12:47:01,000 INFO  org.apache.maven.linkcheck.LinkCheck - Validating apidocs/zeus/actors/rtn/util/DStruct.html
2003-11-13 12:47:01,046 INFO  org.apache.maven.linkcheck.LinkCheck - Validating apidocs/zeus/actors/rtn/util/GraphStruct.html
2003-11-13 12:47:01,109 INFO  org.apache.maven.linkcheck.LinkCheck - Validating apidocs/zeus/actors/rtn/util/LocalDStruct.html
2003-11-13 12:47:01,140 INFO  org.apache.maven.linkcheck.LinkCheck - Validating apidocs/zeus/actors/rtn/util/package-frame.html
2003-11-13 12:47:01,156 INFO  org.apache.maven.linkcheck.LinkCheck - Validating apidocs/zeus/actors/rtn/util/package-summary.html
2003-11-13 12:47:01,171 INFO  org.apache.maven.linkcheck.LinkCheck - Validating apidocs/zeus/actors/rtn/util/package-tree.html
2003-11-13 12:47:01,187 INFO  org.apache.maven.linkcheck.LinkCheck - Validating apidocs/zeus/actors/rtn/util/package-use.html
2003-11-13 12:47:01,218 INFO  org.apache.maven.linkcheck.LinkCheck - Validating apidocs/zeus/actors/rtn/util/StrategyEvaluator.html
2003-11-13 12:47:01,281 INFO  org.apache.maven.linkcheck.LinkCheck - Validating apidocs/zeus/actors/rtn/util/StrategyEvaluatorList.html
2003-11-13 12:47:01,296 INFO  org.apache.maven.linkcheck.LinkCheck - Validating apidocs/zeus/actors/Server.html
2003-11-13 12:47:01,375 INFO  org.apache.maven.linkcheck.LinkCheck - Validating apidocs/zeus/actors/TaskContext.html
2003-11-13 12:47:01,437 INFO  org.apache.maven.linkcheck.LinkCheck - Validating apidocs/zeus/actors/TaskDb.html
2003-11-13 12:47:01,562 INFO  org.apache.maven.linkcheck.LinkCheck - Validating apidocs/zeus/actors/TaskExternal.html
2003-11-13 12:47:01,578 INFO  org.apache.maven.linkcheck.LinkCheck - Validating apidocs/zeus/actors/ZeusAgentContext.html
2003-11-13 12:47:01,812 INFO  org.apache.maven.linkcheck.FileToCheck - Caught java.lang.StackOverflowError processing apidocs/zeus/actors/ZeusAgentContext.html
2003-11-13 12:47:01,812 INFO  org.apache.maven.linkcheck.FileToCheck - Exception Message: null
2003-11-13 12:47:01,812 INFO  org.apache.maven.linkcheck.LinkCheck - Validating apidocs/zeus/actors/ZeusTask.html
2003-11-13 12:47:01,890 INFO  org.apache.maven.linkcheck.LinkCheck - Validating apidocs/zeus/agents/ACC.html
2003-11-13 12:47:01,937 INFO  org.apache.maven.linkcheck.LinkCheck - Validating apidocs/zeus/agents/ACCAgent.html
2003-11-13 12:47:02,000 INFO  org.apache.maven.linkcheck.LinkCheck - Validating apidocs/zeus/agents/ANServer.html
2003-11-13 12:47:02,031 INFO  org.apache.maven.linkcheck.LinkCheck - Validating apidocs/zeus/agents/BasicAgent.html
2003-11-13 12:47:02,078 INFO  org.apache.maven.linkcheck.LinkCheck - Validating apidocs/zeus/agents/BasicAgentUI.html
2003-11-13 12:47:02,109 INFO  org.apache.maven.linkcheck.LinkCheck - Validating apidocs/zeus/agents/class-use/ACC.html
2003-11-13 12:47:02,125 INFO  org.apache.maven.linkcheck.LinkCheck - Validating apidocs/zeus/agents/class-use/ACCAgent.html
2003-11-13 12:47:02,125 INFO  org.apache.maven.linkcheck.LinkCheck - Validating apidocs/zeus/agents/class-use/ANServer.html
2003-11-13 12:47:02,140 INFO  org.apache.maven.linkcheck.LinkCheck - Validating apidocs/zeus/agents/class-use/BasicAgent.html
2003-11-13 12:47:02,187 INFO  org.apache.maven.linkcheck.LinkCheck - Validating apidocs/zeus/agents/class-use/BasicAgentUI.html
2003-11-13 12:47:02,218 INFO  org.apache.maven.linkcheck.LinkCheck - Validating apidocs/zeus/agents/class-use/DbProxy.html
2003-11-13 12:47:02,234 INFO  org.apache.maven.linkcheck.LinkCheck - Validating apidocs/zeus/agents/class-use/Facilitator.html
2003-11-13 12:47:02,250 INFO  org.apache.maven.linkcheck.LinkCheck - Validating apidocs/zeus/agents/class-use/FIPA_AMS_Services.html
2003-11-13 12:47:02,265 INFO  org.apache.maven.linkcheck.LinkCheck - Validating apidocs/zeus/agents/class-use/FIPA_DF_Services.html
2003-11-13 12:47:02,281 INFO  org.apache.maven.linkcheck.LinkCheck - Validating apidocs/zeus/agents/class-use/FIPA_Services.html
2003-11-13 12:47:02,296 INFO  org.apache.maven.linkcheck.LinkCheck - Validating apidocs/zeus/agents/class-use/PersistentStore.html
2003-11-13 12:47:02,328 INFO  org.apache.maven.linkcheck.LinkCheck - Validating apidocs/zeus/agents/class-use/SimpleAPI.html
2003-11-13 12:47:02,343 INFO  org.apache.maven.linkcheck.LinkCheck - Validating apidocs/zeus/agents/class-use/ZeusAgent.html
2003-11-13 12:47:02,359 INFO  org.apache.maven.linkcheck.LinkCheck - Validating apidocs/zeus/agents/class-use/ZeusAgentUI.html
2003-11-13 12:47:02,375 INFO  org.apache.maven.linkcheck.LinkCheck - Validating apidocs/zeus/agents/class-use/ZeusExternal.html
2003-11-13 12:47:02,406 INFO  org.apache.maven.linkcheck.LinkCheck - Validating apidocs/zeus/agents/DbProxy.html
2003-11-13 12:47:02,468 INFO  org.apache.maven.linkcheck.LinkCheck - Validating apidocs/zeus/agents/Facilitator.html
2003-11-13 12:47:02,531 INFO  org.apache.maven.linkcheck.LinkCheck - Validating apidocs/zeus/agents/FIPA_AMS_Services.html
2003-11-13 12:47:02,593 INFO  org.apache.maven.linkcheck.LinkCheck - Validating apidocs/zeus/agents/FIPA_DF_Services.html
2003-11-13 12:47:02,671 INFO  org.apache.maven.linkcheck.LinkCheck - Validating apidocs/zeus/agents/FIPA_Services.html
2003-11-13 12:47:02,718 INFO  org.apache.maven.linkcheck.LinkCheck - Validating apidocs/zeus/agents/package-frame.html
2003-11-13 12:47:02,718 INFO  org.apache.maven.linkcheck.LinkCheck - Validating apidocs/zeus/agents/package-summary.html
2003-11-13 12:47:02,750 INFO  org.apache.maven.linkcheck.LinkCheck - Validating apidocs/zeus/agents/package-tree.html
2003-11-13 12:47:02,765 INFO  org.apache.maven.linkcheck.LinkCheck - Validating apidocs/zeus/agents/package-use.html
2003-11-13 12:47:02,796 INFO  org.apache.maven.linkcheck.LinkCheck - Validating apidocs/zeus/agents/PersistentStore.html
2003-11-13 12:47:02,875 INFO  org.apache.maven.linkcheck.LinkCheck - Validating apidocs/zeus/agents/SimpleAPI.html
2003-11-13 12:47:02,937 INFO  org.apache.maven.linkcheck.LinkCheck - Validating apidocs/zeus/agents/ZeusAgent.html
2003-11-13 12:47:03,031 INFO  org.apache.maven.linkcheck.LinkCheck - Validating apidocs/zeus/agents/ZeusAgentUI.html
2003-11-13 12:47:03,046 INFO  org.apache.maven.linkcheck.LinkCheck - Validating apidocs/zeus/agents/ZeusExternal.html
2003-11-13 12:47:03,078 INFO  org.apache.maven.linkcheck.LinkCheck - Validating apidocs/zeus/agentviewer/acquaintances/AbilitiesTableModel.html
2003-11-13 12:47:03,171 INFO  org.apache.maven.linkcheck.LinkCheck - Validating apidocs/zeus/agentviewer/acquaintances/AcquaintanceUI.html
2003-11-13 12:47:03,265 INFO  org.apache.maven.linkcheck.LinkCheck - Validating apidocs/zeus/agentviewer/acquaintances/AttributesTableModel.html
2003-11-13 12:47:03,312 INFO  org.apache.maven.linkcheck.LinkCheck - Validating apidocs/zeus/agentviewer/acquaintances/class-use/AbilitiesTableModel.html
2003-11-13 12:47:03,343 INFO  org.apache.maven.linkcheck.LinkCheck - Validating apidocs/zeus/agentviewer/acquaintances/class-use/AcquaintanceUI.html
2003-11-13 12:47:03,359 INFO  org.apache.maven.linkcheck.LinkCheck - Validating apidocs/zeus/agentviewer/acquaintances/class-use/AttributesTableModel.html
2003-11-13 12:47:03,375 INFO  org.apache.maven.linkcheck.LinkCheck - Validating apidocs/zeus/agentviewer/acquaintances/class-use/RelationsTableModel.html
2003-11-13 12:47:03,406 INFO  org.apache.maven.linkcheck.LinkCheck - Validating apidocs/zeus/agentviewer/acquaintances/package-frame.html
2003-11-13 12:47:03,406 INFO  org.apache.maven.linkcheck.LinkCheck - Validating apidocs/zeus/agentviewer/acquaintances/package-summary.html
2003-11-13 12:47:03,437 INFO  org.apache.maven.linkcheck.LinkCheck - Validating apidocs/zeus/agentviewer/acquaintances/package-tree.html
2003-11-13 12:47:03,453 INFO  org.apache.maven.linkcheck.LinkCheck - Validating apidocs/zeus/agentviewer/acquaintances/package-use.html
2003-11-13 12:47:03,468 INFO  org.apache.maven.linkcheck.LinkCheck - Validating apidocs/zeus/agentviewer/acquaintances/RelationsTableModel.html
2003-11-13 12:47:03,531 INFO  org.apache.maven.linkcheck.LinkCheck - Validating apidocs/zeus/agentviewer/AddFactDialog.html
2003-11-13 12:47:03,593 INFO  org.apache.maven.linkcheck.LinkCheck - Validating apidocs/zeus/agentviewer/AgentButton.html
2003-11-13 12:47:03,656 INFO  org.apache.maven.linkcheck.LinkCheck - Validating apidocs/zeus/agentviewer/AgentViewer.html
2003-11-13 12:47:03,843 INFO  org.apache.maven.linkcheck.LinkCheck - Validating apidocs/zeus/agentviewer/BasicAgentViewer.html
2003-11-13 12:47:03,984 INFO  org.apache.maven.linkcheck.LinkCheck - Validating apidocs/zeus/agentviewer/class-use/AddFactDialog.html
2003-11-13 12:47:04,000 INFO  org.apache.maven.linkcheck.LinkCheck - Validating apidocs/zeus/agentviewer/class-use/AgentButton.html
2003-11-13 12:47:04,031 INFO  org.apache.maven.linkcheck.LinkCheck - Validating apidocs/zeus/agentviewer/class-use/AgentViewer.html
2003-11-13 12:47:04,046 INFO  org.apache.maven.linkcheck.LinkCheck - Validating apidocs/zeus/agentviewer/class-use/BasicAgentViewer.html
2003-11-13 12:47:04,062 INFO  org.apache.maven.linkcheck.LinkCheck - Validating apidocs/zeus/agentviewer/class-use/ControlOptionsDialog.html
2003-11-13 12:47:04,078 INFO  org.apache.maven.linkcheck.LinkCheck - Validating apidocs/zeus/agentviewer/class-use/FactSelector.html
2003-11-13 12:47:04,109 INFO  org.apache.maven.linkcheck.LinkCheck - Validating apidocs/zeus/agentviewer/class-use/FactTableModel.html
2003-11-13 12:47:04,125 INFO  org.apache.maven.linkcheck.LinkCheck - Validating apidocs/zeus/agentviewer/class-use/GoalDialog.html
2003-11-13 12:47:04,140 INFO  org.apache.maven.linkcheck.LinkCheck - Validating apidocs/zeus/agentviewer/class-use/GoalDialog.LocalCheckBox.html
2003-11-13 12:47:04,156 INFO  org.apache.maven.linkcheck.LinkCheck - Validating apidocs/zeus/agentviewer/class-use/InternalFramesPanel.html
2003-11-13 12:47:04,234 INFO  org.apache.maven.linkcheck.LinkCheck - Validating apidocs/zeus/agentviewer/class-use/ViewerNames.html
2003-11-13 12:47:04,250 INFO  org.apache.maven.linkcheck.LinkCheck - Validating apidocs/zeus/agentviewer/class-use/ZeusInternalFrame.html
2003-11-13 12:47:04,281 INFO  org.apache.maven.linkcheck.LinkCheck - Validating apidocs/zeus/agentviewer/ControlOptionsDialog.html
2003-11-13 12:47:04,375 INFO  org.apache.maven.linkcheck.LinkCheck - Validating apidocs/zeus/agentviewer/engine/class-use/EngineGraphModel.html
2003-11-13 12:47:04,390 INFO  org.apache.maven.linkcheck.LinkCheck - Validating apidocs/zeus/agentviewer/engine/class-use/EngineNodeRenderer.html
2003-11-13 12:47:04,406 INFO  org.apache.maven.linkcheck.LinkCheck - Validating apidocs/zeus/agentviewer/engine/class-use/EngineTableModel.html
2003-11-13 12:47:04,437 INFO  org.apache.maven.linkcheck.LinkCheck - Validating apidocs/zeus/agentviewer/engine/class-use/EngineUI.html
2003-11-13 12:47:04,453 INFO  org.apache.maven.linkcheck.LinkCheck - Validating apidocs/zeus/agentviewer/engine/class-use/EngineUI.KeyLabel.html
2003-11-13 12:47:04,468 INFO  org.apache.maven.linkcheck.LinkCheck - Validating apidocs/zeus/agentviewer/engine/class-use/EngineUI.NodesToolBar.html
2003-11-13 12:47:04,484 INFO  org.apache.maven.linkcheck.LinkCheck - Validating apidocs/zeus/agentviewer/engine/class-use/GraphsModel.html
2003-11-13 12:47:04,500 INFO  org.apache.maven.linkcheck.LinkCheck - Validating apidocs/zeus/agentviewer/engine/class-use/GraphTreeModel.html
2003-11-13 12:47:04,515 INFO  org.apache.maven.linkcheck.LinkCheck - Validating apidocs/zeus/agentviewer/engine/class-use/TreeNodeRenderer.html
2003-11-13 12:47:04,531 INFO  org.apache.maven.linkcheck.LinkCheck - Validating apidocs/zeus/agentviewer/engine/EngineGraphModel.html
2003-11-13 12:47:04,593 INFO  org.apache.maven.linkcheck.LinkCheck - Validating apidocs/zeus/agentviewer/engine/EngineNodeRenderer.html
2003-11-13 12:47:04,656 INFO  org.apache.maven.linkcheck.LinkCheck - Validating apidocs/zeus/agentviewer/engine/EngineTableModel.html
2003-11-13 12:47:04,718 INFO  org.apache.maven.linkcheck.LinkCheck - Validating apidocs/zeus/agentviewer/engine/EngineUI.html
2003-11-13 12:47:04,796 INFO  org.apache.maven.linkcheck.LinkCheck - Validating apidocs/zeus/agentviewer/engine/EngineUI.KeyLabel.html
2003-11-13 12:47:04,859 INFO  org.apache.maven.linkcheck.LinkCheck - Validating apidocs/zeus/agentviewer/engine/EngineUI.NodesToolBar.html
2003-11-13 12:47:04,921 INFO  org.apache.maven.linkcheck.LinkCheck - Validating apidocs/zeus/agentviewer/engine/GraphsModel.html
2003-11-13 12:47:04,968 INFO  org.apache.maven.linkcheck.LinkCheck - Validating apidocs/zeus/agentviewer/engine/GraphTreeModel.html
2003-11-13 12:47:05,000 INFO  org.apache.maven.linkcheck.LinkCheck - Validating apidocs/zeus/agentviewer/engine/package-frame.html
2003-11-13 12:47:05,000 INFO  org.apache.maven.linkcheck.LinkCheck - Validating apidocs/zeus/agentviewer/engine/package-summary.html
2003-11-13 12:47:05,015 INFO  org.apache.maven.linkcheck.LinkCheck - Validating apidocs/zeus/agentviewer/engine/package-tree.html
2003-11-13 12:47:05,046 INFO  org.apache.maven.linkcheck.LinkCheck - Validating apidocs/zeus/agentviewer/engine/package-use.html
2003-11-13 12:47:05,062 INFO  org.apache.maven.linkcheck.LinkCheck - Validating apidocs/zeus/agentviewer/engine/TreeNodeRenderer.html
2003-11-13 12:47:05,093 INFO  org.apache.maven.linkcheck.LinkCheck - Validating apidocs/zeus/agentviewer/FactSelector.html
2003-11-13 12:47:05,109 INFO  org.apache.maven.linkcheck.LinkCheck - Validating apidocs/zeus/agentviewer/FactTableModel.html
2003-11-13 12:47:05,156 INFO  org.apache.maven.linkcheck.LinkCheck - Validating apidocs/zeus/agentviewer/GoalDialog.html
2003-11-13 12:47:05,312 INFO  org.apache.maven.linkcheck.LinkCheck - Validating apidocs/zeus/agentviewer/GoalDialog.LocalCheckBox.html
2003-11-13 12:47:05,375 INFO  org.apache.maven.linkcheck.LinkCheck - Validating apidocs/zeus/agentviewer/InternalFramesPanel.html
2003-11-13 12:47:05,453 INFO  org.apache.maven.linkcheck.LinkCheck - Validating apidocs/zeus/agentviewer/mail/class-use/MailInTableModel.html
2003-11-13 12:47:05,468 INFO  org.apache.maven.linkcheck.LinkCheck - Validating apidocs/zeus/agentviewer/mail/class-use/MailInTableUI.html
2003-11-13 12:47:05,484 INFO  org.apache.maven.linkcheck.LinkCheck - Validating apidocs/zeus/agentviewer/mail/class-use/MailOutTableModel.html
2003-11-13 12:47:05,515 INFO  org.apache.maven.linkcheck.LinkCheck - Validating apidocs/zeus/agentviewer/mail/class-use/MailOutTableUI.html
2003-11-13 12:47:05,531 INFO  org.apache.maven.linkcheck.LinkCheck - Validating apidocs/zeus/agentviewer/mail/MailInTableModel.html
2003-11-13 12:47:05,593 INFO  org.apache.maven.linkcheck.LinkCheck - Validating apidocs/zeus/agentviewer/mail/MailInTableUI.html
2003-11-13 12:47:05,687 INFO  org.apache.maven.linkcheck.LinkCheck - Validating apidocs/zeus/agentviewer/mail/MailOutTableModel.html
2003-11-13 12:47:05,750 INFO  org.apache.maven.linkcheck.LinkCheck - Validating apidocs/zeus/agentviewer/mail/MailOutTableUI.html
2003-11-13 12:47:05,843 INFO  org.apache.maven.linkcheck.LinkCheck - Validating apidocs/zeus/agentviewer/mail/package-frame.html
2003-11-13 12:47:05,859 INFO  org.apache.maven.linkcheck.LinkCheck - Validating apidocs/zeus/agentviewer/mail/package-summary.html
2003-11-13 12:47:05,875 INFO  org.apache.maven.linkcheck.LinkCheck - Validating apidocs/zeus/agentviewer/mail/package-tree.html
2003-11-13 12:47:05,890 INFO  org.apache.maven.linkcheck.LinkCheck - Validating apidocs/zeus/agentviewer/mail/package-use.html
2003-11-13 12:47:05,906 INFO  org.apache.maven.linkcheck.LinkCheck - Validating apidocs/zeus/agentviewer/msghandler/class-use/MsgHandlerTableModel.html
2003-11-13 12:47:05,937 INFO  org.apache.maven.linkcheck.LinkCheck - Validating apidocs/zeus/agentviewer/msghandler/class-use/MsgHandlerTableUI.html
2003-11-13 12:47:05,953 INFO  org.apache.maven.linkcheck.LinkCheck - Validating apidocs/zeus/agentviewer/msghandler/MsgHandlerTableModel.html
2003-11-13 12:47:06,015 INFO  org.apache.maven.linkcheck.LinkCheck - Validating apidocs/zeus/agentviewer/msghandler/MsgHandlerTableUI.html
2003-11-13 12:47:06,109 INFO  org.apache.maven.linkcheck.LinkCheck - Validating apidocs/zeus/agentviewer/msghandler/package-frame.html
2003-11-13 12:47:06,109 INFO  org.apache.maven.linkcheck.LinkCheck - Validating apidocs/zeus/agentviewer/msghandler/package-summary.html
2003-11-13 12:47:06,125 INFO  org.apache.maven.linkcheck.LinkCheck - Validating apidocs/zeus/agentviewer/msghandler/package-tree.html
2003-11-13 12:47:06,140 INFO  org.apache.maven.linkcheck.LinkCheck - Validating apidocs/zeus/agentviewer/msghandler/package-use.html
2003-11-13 12:47:06,171 INFO  org.apache.maven.linkcheck.LinkCheck - Validating apidocs/zeus/agentviewer/package-frame.html
2003-11-13 12:47:06,171 INFO  org.apache.maven.linkcheck.LinkCheck - Validating apidocs/zeus/agentviewer/package-summary.html
2003-11-13 12:47:06,187 INFO  org.apache.maven.linkcheck.LinkCheck - Validating apidocs/zeus/agentviewer/package-tree.html
2003-11-13 12:47:06,218 INFO  org.apache.maven.linkcheck.LinkCheck - Validating apidocs/zeus/agentviewer/package-use.html
2003-11-13 12:47:06,265 INFO  org.apache.maven.linkcheck.LinkCheck - Validating apidocs/zeus/agentviewer/plansch/class-use/PlanSchModel.html
2003-11-13 12:47:06,281 INFO  org.apache.maven.linkcheck.LinkCheck - Validating apidocs/zeus/agentviewer/plansch/class-use/PlanSchTableUI.html
2003-11-13 12:47:06,296 INFO  org.apache.maven.linkcheck.LinkCheck - Validating apidocs/zeus/agentviewer/plansch/class-use/PlanSchTableUI.KeyLabel.html
2003-11-13 12:47:06,312 INFO  org.apache.maven.linkcheck.LinkCheck - Validating apidocs/zeus/agentviewer/plansch/package-frame.html
2003-11-13 12:47:06,312 INFO  org.apache.maven.linkcheck.LinkCheck - Validating apidocs/zeus/agentviewer/plansch/package-summary.html
2003-11-13 12:47:06,328 INFO  org.apache.maven.linkcheck.LinkCheck - Validating apidocs/zeus/agentviewer/plansch/package-tree.html
2003-11-13 12:47:06,343 INFO  org.apache.maven.linkcheck.LinkCheck - Validating apidocs/zeus/agentviewer/plansch/package-use.html
2003-11-13 12:47:06,375 INFO  org.apache.maven.linkcheck.LinkCheck - Validating apidocs/zeus/agentviewer/plansch/PlanSchModel.html
2003-11-13 12:47:06,468 INFO  org.apache.maven.linkcheck.LinkCheck - Validating apidocs/zeus/agentviewer/plansch/PlanSchTableUI.html
2003-11-13 12:47:06,562 INFO  org.apache.maven.linkcheck.LinkCheck - Validating apidocs/zeus/agentviewer/plansch/PlanSchTableUI.KeyLabel.html
2003-11-13 12:47:06,609 INFO  org.apache.maven.linkcheck.LinkCheck - Validating apidocs/zeus/agentviewer/protocol/AttributesModel.html
2003-11-13 12:47:06,656 INFO  org.apache.maven.linkcheck.LinkCheck - Validating apidocs/zeus/agentviewer/protocol/CheckBoxCellRenderer.html
2003-11-13 12:47:06,718 INFO  org.apache.maven.linkcheck.LinkCheck - Validating apidocs/zeus/agentviewer/protocol/class-use/AttributesModel.html
2003-11-13 12:47:06,734 INFO  org.apache.maven.linkcheck.LinkCheck - Validating apidocs/zeus/agentviewer/protocol/class-use/CheckBoxCellRenderer.html
2003-11-13 12:47:06,750 INFO  org.apache.maven.linkcheck.LinkCheck - Validating apidocs/zeus/agentviewer/protocol/class-use/FriendlyRenderer.html
2003-11-13 12:47:06,765 INFO  org.apache.maven.linkcheck.LinkCheck - Validating apidocs/zeus/agentviewer/protocol/class-use/HashtableCellRenderer.html
2003-11-13 12:47:06,781 INFO  org.apache.maven.linkcheck.LinkCheck - Validating apidocs/zeus/agentviewer/protocol/class-use/ProtocolModel.html
2003-11-13 12:47:06,812 INFO  org.apache.maven.linkcheck.LinkCheck - Validating apidocs/zeus/agentviewer/protocol/class-use/ProtocolUI.html
2003-11-13 12:47:06,828 INFO  org.apache.maven.linkcheck.LinkCheck - Validating apidocs/zeus/agentviewer/protocol/class-use/StrategyModel.html
2003-11-13 12:47:06,859 INFO  org.apache.maven.linkcheck.LinkCheck - Validating apidocs/zeus/agentviewer/protocol/class-use/StringArrayCellRenderer.html
2003-11-13 12:47:06,859 INFO  org.apache.maven.linkcheck.LinkCheck - Validating apidocs/zeus/agentviewer/protocol/FriendlyRenderer.html
2003-11-13 12:47:06,921 INFO  org.apache.maven.linkcheck.LinkCheck - Validating apidocs/zeus/agentviewer/protocol/HashtableCellRenderer.html
2003-11-13 12:47:06,984 INFO  org.apache.maven.linkcheck.LinkCheck - Validating apidocs/zeus/agentviewer/protocol/package-frame.html
2003-11-13 12:47:06,984 INFO  org.apache.maven.linkcheck.LinkCheck - Validating apidocs/zeus/agentviewer/protocol/package-summary.html
2003-11-13 12:47:07,000 INFO  org.apache.maven.linkcheck.LinkCheck - Validating apidocs/zeus/agentviewer/protocol/package-tree.html
2003-11-13 12:47:07,031 INFO  org.apache.maven.linkcheck.LinkCheck - Validating apidocs/zeus/agentviewer/protocol/package-use.html
2003-11-13 12:47:07,046 INFO  org.apache.maven.linkcheck.LinkCheck - Validating apidocs/zeus/agentviewer/protocol/ProtocolModel.html
2003-11-13 12:47:07,109 INFO  org.apache.maven.linkcheck.LinkCheck - Validating apidocs/zeus/agentviewer/protocol/ProtocolUI.html
2003-11-13 12:47:07,203 INFO  org.apache.maven.linkcheck.LinkCheck - Validating apidocs/zeus/agentviewer/protocol/StrategyModel.html
2003-11-13 12:47:07,250 INFO  org.apache.maven.linkcheck.LinkCheck - Validating apidocs/zeus/agentviewer/protocol/StringArrayCellRenderer.html
2003-11-13 12:47:07,312 INFO  org.apache.maven.linkcheck.LinkCheck - Validating apidocs/zeus/agentviewer/resources/class-use/FactAttributesTableModel.html
2003-11-13 12:47:07,328 INFO  org.apache.maven.linkcheck.LinkCheck - Validating apidocs/zeus/agentviewer/resources/class-use/ResourceTableModel.html
2003-11-13 12:47:07,359 INFO  org.apache.maven.linkcheck.LinkCheck - Validating apidocs/zeus/agentviewer/resources/class-use/ResourceTableUI.html
2003-11-13 12:47:07,375 INFO  org.apache.maven.linkcheck.LinkCheck - Validating apidocs/zeus/agentviewer/resources/FactAttributesTableModel.html
2003-11-13 12:47:07,421 INFO  org.apache.maven.linkcheck.LinkCheck - Validating apidocs/zeus/agentviewer/resources/package-frame.html
2003-11-13 12:47:07,421 INFO  org.apache.maven.linkcheck.LinkCheck - Validating apidocs/zeus/agentviewer/resources/package-summary.html
2003-11-13 12:47:07,437 INFO  org.apache.maven.linkcheck.LinkCheck - Validating apidocs/zeus/agentviewer/resources/package-tree.html
2003-11-13 12:47:07,453 INFO  org.apache.maven.linkcheck.LinkCheck - Validating apidocs/zeus/agentviewer/resources/package-use.html
2003-11-13 12:47:07,468 INFO  org.apache.maven.linkcheck.LinkCheck - Validating apidocs/zeus/agentviewer/resources/ResourceTableModel.html
2003-11-13 12:47:07,546 INFO  org.apache.maven.linkcheck.LinkCheck - Validating apidocs/zeus/agentviewer/resources/ResourceTableUI.html
2003-11-13 12:47:07,640 INFO  org.apache.maven.linkcheck.LinkCheck - Validating apidocs/zeus/agentviewer/rete/class-use/ReteEngineDataModel.html
2003-11-13 12:47:07,671 INFO  org.apache.maven.linkcheck.LinkCheck - Validating apidocs/zeus/agentviewer/rete/class-use/ReteEngineUI.html
2003-11-13 12:47:07,687 INFO  org.apache.maven.linkcheck.LinkCheck - Validating apidocs/zeus/agentviewer/rete/package-frame.html
2003-11-13 12:47:07,687 INFO  org.apache.maven.linkcheck.LinkCheck - Validating apidocs/zeus/agentviewer/rete/package-summary.html
2003-11-13 12:47:07,703 INFO  org.apache.maven.linkcheck.LinkCheck - Validating apidocs/zeus/agentviewer/rete/package-tree.html
2003-11-13 12:47:07,718 INFO  org.apache.maven.linkcheck.LinkCheck - Validating apidocs/zeus/agentviewer/rete/package-use.html
2003-11-13 12:47:07,750 INFO  org.apache.maven.linkcheck.LinkCheck - Validating apidocs/zeus/agentviewer/rete/ReteEngineDataModel.html
2003-11-13 12:47:07,796 INFO  org.apache.maven.linkcheck.LinkCheck - Validating apidocs/zeus/agentviewer/rete/ReteEngineUI.html
2003-11-13 12:47:07,875 INFO  org.apache.maven.linkcheck.LinkCheck - Validating apidocs/zeus/agentviewer/task/class-use/ConditionsAttributeTableModel.html
2003-11-13 12:47:07,906 INFO  org.apache.maven.linkcheck.LinkCheck - Validating apidocs/zeus/agentviewer/task/class-use/ConstraintsModel.html
2003-11-13 12:47:07,921 INFO  org.apache.maven.linkcheck.LinkCheck - Validating apidocs/zeus/agentviewer/task/class-use/OrderingModel.html
2003-11-13 12:47:07,953 INFO  org.apache.maven.linkcheck.LinkCheck - Validating apidocs/zeus/agentviewer/task/class-use/TaskConditionsTableModel.html
2003-11-13 12:47:07,984 INFO  org.apache.maven.linkcheck.LinkCheck - Validating apidocs/zeus/agentviewer/task/class-use/TaskTableModel.html
2003-11-13 12:47:08,015 INFO  org.apache.maven.linkcheck.LinkCheck - Validating apidocs/zeus/agentviewer/task/class-use/TaskTableUI.html
2003-11-13 12:47:08,031 INFO  org.apache.maven.linkcheck.LinkCheck - Validating apidocs/zeus/agentviewer/task/ConditionsAttributeTableModel.html
2003-11-13 12:47:08,062 INFO  org.apache.maven.linkcheck.LinkCheck - Validating apidocs/zeus/agentviewer/task/ConstraintsModel.html
2003-11-13 12:47:08,109 INFO  org.apache.maven.linkcheck.LinkCheck - Validating apidocs/zeus/agentviewer/task/OrderingModel.html
2003-11-13 12:47:08,156 INFO  org.apache.maven.linkcheck.LinkCheck - Validating apidocs/zeus/agentviewer/task/package-frame.html
2003-11-13 12:47:08,156 INFO  org.apache.maven.linkcheck.LinkCheck - Validating apidocs/zeus/agentviewer/task/package-summary.html
2003-11-13 12:47:08,171 INFO  org.apache.maven.linkcheck.LinkCheck - Validating apidocs/zeus/agentviewer/task/package-tree.html
2003-11-13 12:47:08,187 INFO  org.apache.maven.linkcheck.LinkCheck - Validating apidocs/zeus/agentviewer/task/package-use.html
2003-11-13 12:47:08,218 INFO  org.apache.maven.linkcheck.LinkCheck - Validating apidocs/zeus/agentviewer/task/TaskConditionsTableModel.html
2003-11-13 12:47:08,265 INFO  org.apache.maven.linkcheck.LinkCheck - Validating apidocs/zeus/agentviewer/task/TaskTableModel.html
2003-11-13 12:47:08,328 INFO  org.apache.maven.linkcheck.LinkCheck - Validating apidocs/zeus/agentviewer/task/TaskTableUI.html
2003-11-13 12:47:08,437 INFO  org.apache.maven.linkcheck.LinkCheck - Validating apidocs/zeus/agentviewer/ViewerNames.html
2003-11-13 12:47:08,531 INFO  org.apache.maven.linkcheck.LinkCheck - Validating apidocs/zeus/agentviewer/ZeusInternalFrame.html
2003-11-13 12:47:08,609 INFO  org.apache.maven.linkcheck.LinkCheck - Validating apidocs/zeus/concepts/AbilityDbItem.html
2003-11-13 12:47:08,656 INFO  org.apache.maven.linkcheck.LinkCheck - Validating apidocs/zeus/concepts/AbilitySpec.html
2003-11-13 12:47:08,718 INFO  org.apache.maven.linkcheck.LinkCheck - Validating apidocs/zeus/concepts/AbilitySpecForwardCh.html
2003-11-13 12:47:08,750 INFO  org.apache.maven.linkcheck.LinkCheck - Validating apidocs/zeus/concepts/AbstractTask.html
2003-11-13 12:47:08,828 INFO  org.apache.maven.linkcheck.LinkCheck - Validating apidocs/zeus/concepts/Acquaintance.html
2003-11-13 12:47:08,875 INFO  org.apache.maven.linkcheck.LinkCheck - Validating apidocs/zeus/concepts/Address.html
2003-11-13 12:47:08,921 INFO  org.apache.maven.linkcheck.LinkCheck - Validating apidocs/zeus/concepts/AddressBook.html
2003-11-13 12:47:08,953 INFO  org.apache.maven.linkcheck.LinkCheck - Validating apidocs/zeus/concepts/AddressEvent.html
2003-11-13 12:47:09,000 INFO  org.apache.maven.linkcheck.LinkCheck - Validating apidocs/zeus/concepts/AddressListener.html
2003-11-13 12:47:09,015 INFO  org.apache.maven.linkcheck.LinkCheck - Validating apidocs/zeus/concepts/AgentDescription.html
2003-11-13 12:47:09,109 INFO  org.apache.maven.linkcheck.LinkCheck - Validating apidocs/zeus/concepts/AMS_Description.html
2003-11-13 12:47:09,156 INFO  org.apache.maven.linkcheck.LinkCheck - Validating apidocs/zeus/concepts/ASCII_CharStream.html
2003-11-13 12:47:09,234 INFO  org.apache.maven.linkcheck.LinkCheck - Validating apidocs/zeus/concepts/AttributeList.html
2003-11-13 12:47:09,296 INFO  org.apache.maven.linkcheck.LinkCheck - Validating apidocs/zeus/concepts/Bindings.html
2003-11-13 12:47:09,343 INFO  org.apache.maven.linkcheck.LinkCheck - Validating apidocs/zeus/concepts/BindingsRecord.html
2003-11-13 12:47:09,375 INFO  org.apache.maven.linkcheck.LinkCheck - Validating apidocs/zeus/concepts/BindResults.html
2003-11-13 12:47:09,406 INFO  org.apache.maven.linkcheck.LinkCheck - Validating apidocs/zeus/concepts/class-use/AbilityDbItem.html
2003-11-13 12:47:09,453 INFO  org.apache.maven.linkcheck.LinkCheck - Validating apidocs/zeus/concepts/class-use/AbilitySpec.html
2003-11-13 12:47:09,531 INFO  org.apache.maven.linkcheck.LinkCheck - Validating apidocs/zeus/concepts/class-use/AbilitySpecForwardCh.html
2003-11-13 12:47:09,546 INFO  org.apache.maven.linkcheck.LinkCheck - Validating apidocs/zeus/concepts/class-use/AbstractTask.html
2003-11-13 12:47:09,609 INFO  org.apache.maven.linkcheck.LinkCheck - Validating apidocs/zeus/concepts/class-use/Acquaintance.html
2003-11-13 12:47:09,656 INFO  org.apache.maven.linkcheck.LinkCheck - Validating apidocs/zeus/concepts/class-use/Address.html
2003-11-13 12:47:09,734 INFO  org.apache.maven.linkcheck.LinkCheck - Validating apidocs/zeus/concepts/class-use/AddressBook.html
2003-11-13 12:47:09,765 INFO  org.apache.maven.linkcheck.LinkCheck - Validating apidocs/zeus/concepts/class-use/AddressEvent.html
2003-11-13 12:47:09,796 INFO  org.apache.maven.linkcheck.LinkCheck - Validating apidocs/zeus/concepts/class-use/AddressListener.html
2003-11-13 12:47:09,812 INFO  org.apache.maven.linkcheck.LinkCheck - Validating apidocs/zeus/concepts/class-use/AgentDescription.html
2003-11-13 12:47:09,890 INFO  org.apache.maven.linkcheck.LinkCheck - Validating apidocs/zeus/concepts/class-use/AMS_Description.html
2003-11-13 12:47:09,921 INFO  org.apache.maven.linkcheck.LinkCheck - Validating apidocs/zeus/concepts/class-use/ASCII_CharStream.html
2003-11-13 12:47:09,953 INFO  org.apache.maven.linkcheck.LinkCheck - Validating apidocs/zeus/concepts/class-use/AttributeList.html
2003-11-13 12:47:10,000 INFO  org.apache.maven.linkcheck.LinkCheck - Validating apidocs/zeus/concepts/class-use/Bindings.html
2003-11-13 12:47:10,140 INFO  org.apache.maven.linkcheck.LinkCheck - Validating apidocs/zeus/concepts/class-use/BindingsRecord.html
2003-11-13 12:47:10,171 INFO  org.apache.maven.linkcheck.LinkCheck - Validating apidocs/zeus/concepts/class-use/BindResults.html
2003-11-13 12:47:10,187 INFO  org.apache.maven.linkcheck.LinkCheck - Validating apidocs/zeus/concepts/class-use/ConditionalNode.html
2003-11-13 12:47:10,203 INFO  org.apache.maven.linkcheck.LinkCheck - Validating apidocs/zeus/concepts/class-use/ConsumerRecord.html
2003-11-13 12:47:10,234 INFO  org.apache.maven.linkcheck.LinkCheck - Validating apidocs/zeus/concepts/class-use/ContentElement.html
2003-11-13 12:47:10,250 INFO  org.apache.maven.linkcheck.LinkCheck - Validating apidocs/zeus/concepts/class-use/DF_Description.html
2003-11-13 12:47:10,281 INFO  org.apache.maven.linkcheck.LinkCheck - Validating apidocs/zeus/concepts/class-use/DuplicationTable.html
2003-11-13 12:47:10,359 INFO  org.apache.maven.linkcheck.LinkCheck - Validating apidocs/zeus/concepts/class-use/Fact.html
2003-11-13 12:47:10,703 INFO  org.apache.maven.linkcheck.FileToCheck - Caught java.lang.StackOverflowError processing apidocs/zeus/concepts/class-use/Fact.html
2003-11-13 12:47:10,703 INFO  org.apache.maven.linkcheck.FileToCheck - Exception Message: null
2003-11-13 12:47:10,703 INFO  org.apache.maven.linkcheck.LinkCheck - Validating apidocs/zeus/concepts/class-use/FactDescription.html
2003-11-13 12:47:10,734 INFO  org.apache.maven.linkcheck.LinkCheck - Validating apidocs/zeus/concepts/class-use/FactSummary.html
2003-11-13 12:47:10,750 INFO  org.apache.maven.linkcheck.LinkCheck - Validating apidocs/zeus/concepts/class-use/FIPAParser.html
2003-11-13 12:47:10,765 INFO  org.apache.maven.linkcheck.LinkCheck - Validating apidocs/zeus/concepts/class-use/FIPAParser.JJCalls.html
2003-11-13 12:47:10,781 INFO  org.apache.maven.linkcheck.LinkCheck - Validating apidocs/zeus/concepts/class-use/FIPAParserConstants.html
2003-11-13 12:47:10,812 INFO  org.apache.maven.linkcheck.LinkCheck - Validating apidocs/zeus/concepts/class-use/FIPAParserTokenManager.html
2003-11-13 12:47:10,828 INFO  org.apache.maven.linkcheck.LinkCheck - Validating apidocs/zeus/concepts/class-use/FIPAPerformative.html
2003-11-13 12:47:10,859 INFO  org.apache.maven.linkcheck.LinkCheck - Validating apidocs/zeus/concepts/class-use/FIPA_AddressBook.html
2003-11-13 12:47:10,875 INFO  org.apache.maven.linkcheck.LinkCheck - Validating apidocs/zeus/concepts/class-use/FIPA_AID_Address.html
2003-11-13 12:47:10,953 INFO  org.apache.maven.linkcheck.LinkCheck - Validating apidocs/zeus/concepts/class-use/FIPA_AMS_Management_Content.html
2003-11-13 12:47:10,968 INFO  org.apache.maven.linkcheck.LinkCheck - Validating apidocs/zeus/concepts/class-use/FIPA_AP_Description.html
2003-11-13 12:47:10,984 INFO  org.apache.maven.linkcheck.LinkCheck - Validating apidocs/zeus/concepts/class-use/FIPA_DF_Management_Content.html
2003-11-13 12:47:11,015 INFO  org.apache.maven.linkcheck.LinkCheck - Validating apidocs/zeus/concepts/class-use/FIPA_MTP_Description.html
2003-11-13 12:47:11,031 INFO  org.apache.maven.linkcheck.LinkCheck - Validating apidocs/zeus/concepts/class-use/FIPA_Property.html
2003-11-13 12:47:11,046 INFO  org.apache.maven.linkcheck.LinkCheck - Validating apidocs/zeus/concepts/class-use/FIPA_Received.html
2003-11-13 12:47:11,062 INFO  org.apache.maven.linkcheck.LinkCheck - Validating apidocs/zeus/concepts/class-use/FIPA_Search_Constraints.html
2003-11-13 12:47:11,093 INFO  org.apache.maven.linkcheck.LinkCheck - Validating apidocs/zeus/concepts/class-use/FIPA_Service_Description.html
2003-11-13 12:47:11,109 INFO  org.apache.maven.linkcheck.LinkCheck - Validating apidocs/zeus/concepts/class-use/FIPA_Transport_Profile.html
2003-11-13 12:47:11,125 INFO  org.apache.maven.linkcheck.LinkCheck - Validating apidocs/zeus/concepts/class-use/Goal.html
2003-11-13 12:47:11,265 INFO  org.apache.maven.linkcheck.LinkCheck - Validating apidocs/zeus/concepts/class-use/GoalSummary.html
2003-11-13 12:47:11,281 INFO  org.apache.maven.linkcheck.LinkCheck - Validating apidocs/zeus/concepts/class-use/MessageAction.html
2003-11-13 12:47:11,312 INFO  org.apache.maven.linkcheck.LinkCheck - Validating apidocs/zeus/concepts/class-use/MessageActionImpl.html
2003-11-13 12:47:11,328 INFO  org.apache.maven.linkcheck.LinkCheck - Validating apidocs/zeus/concepts/class-use/MessagePattern.html
2003-11-13 12:47:11,359 INFO  org.apache.maven.linkcheck.LinkCheck - Validating apidocs/zeus/concepts/class-use/MessagePatternImpl.html
2003-11-13 12:47:11,375 INFO  org.apache.maven.linkcheck.LinkCheck - Validating apidocs/zeus/concepts/class-use/MessageRule.html
2003-11-13 12:47:11,406 INFO  org.apache.maven.linkcheck.LinkCheck - Validating apidocs/zeus/concepts/class-use/MessageRuleImpl.html
2003-11-13 12:47:11,421 INFO  org.apache.maven.linkcheck.LinkCheck - Validating apidocs/zeus/concepts/class-use/OntologyDb.html
2003-11-13 12:47:11,734 INFO  org.apache.maven.linkcheck.LinkCheck - Validating apidocs/zeus/concepts/class-use/OntologyDbChangeEvent.html
2003-11-13 12:47:11,750 INFO  org.apache.maven.linkcheck.LinkCheck - Validating apidocs/zeus/concepts/class-use/OntologyParser.html
2003-11-13 12:47:11,765 INFO  org.apache.maven.linkcheck.LinkCheck - Validating apidocs/zeus/concepts/class-use/OntologyParserConstants.html
2003-11-13 12:47:11,781 INFO  org.apache.maven.linkcheck.LinkCheck - Validating apidocs/zeus/concepts/class-use/OntologyParserTokenManager.html
2003-11-13 12:47:11,812 INFO  org.apache.maven.linkcheck.LinkCheck - Validating apidocs/zeus/concepts/class-use/Ordering.html
2003-11-13 12:47:11,859 INFO  org.apache.maven.linkcheck.LinkCheck - Validating apidocs/zeus/concepts/class-use/ParseException.html
2003-11-13 12:47:12,031 INFO  org.apache.maven.linkcheck.LinkCheck - Validating apidocs/zeus/concepts/class-use/Parser.html
2003-11-13 12:47:12,046 INFO  org.apache.maven.linkcheck.LinkCheck - Validating apidocs/zeus/concepts/class-use/Parser.JJCalls.html
2003-11-13 12:47:12,078 INFO  org.apache.maven.linkcheck.LinkCheck - Validating apidocs/zeus/concepts/class-use/ParserConstants.html
2003-11-13 12:47:12,093 INFO  org.apache.maven.linkcheck.LinkCheck - Validating apidocs/zeus/concepts/class-use/ParserTokenManager.html
2003-11-13 12:47:12,109 INFO  org.apache.maven.linkcheck.LinkCheck - Validating apidocs/zeus/concepts/class-use/Performative.html
2003-11-13 12:47:12,359 INFO  org.apache.maven.linkcheck.LinkCheck - Validating apidocs/zeus/concepts/class-use/PerformativeParser.html
2003-11-13 12:47:12,375 INFO  org.apache.maven.linkcheck.LinkCheck - Validating apidocs/zeus/concepts/class-use/PerformativeParserConstants.html
2003-11-13 12:47:12,390 INFO  org.apache.maven.linkcheck.LinkCheck - Validating apidocs/zeus/concepts/class-use/PerformativeParserTokenManager.html
2003-11-13 12:47:12,406 INFO  org.apache.maven.linkcheck.LinkCheck - Validating apidocs/zeus/concepts/class-use/PlannerEnactStruct.html
2003-11-13 12:47:12,421 INFO  org.apache.maven.linkcheck.LinkCheck - Validating apidocs/zeus/concepts/class-use/PlannerQueryStruct.html
2003-11-13 12:47:12,484 INFO  org.apache.maven.linkcheck.LinkCheck - Validating apidocs/zeus/concepts/class-use/PlanScript.html
2003-11-13 12:47:12,500 INFO  org.apache.maven.linkcheck.LinkCheck - Validating apidocs/zeus/concepts/class-use/PrimitiveTask.html
2003-11-13 12:47:12,546 INFO  org.apache.maven.linkcheck.LinkCheck - Validating apidocs/zeus/concepts/class-use/ProducerRecord.html
2003-11-13 12:47:12,578 INFO  org.apache.maven.linkcheck.LinkCheck - Validating apidocs/zeus/concepts/class-use/ProtocolInfo.html
2003-11-13 12:47:12,625 INFO  org.apache.maven.linkcheck.LinkCheck - Validating apidocs/zeus/concepts/class-use/Reference.html
2003-11-13 12:47:12,640 INFO  org.apache.maven.linkcheck.LinkCheck - Validating apidocs/zeus/concepts/class-use/Relationship.html
2003-11-13 12:47:12,671 INFO  org.apache.maven.linkcheck.LinkCheck - Validating apidocs/zeus/concepts/class-use/ReportRec.html
2003-11-13 12:47:12,703 INFO  org.apache.maven.linkcheck.LinkCheck - Validating apidocs/zeus/concepts/class-use/ReservationEntry.html
2003-11-13 12:47:12,734 INFO  org.apache.maven.linkcheck.LinkCheck - Validating apidocs/zeus/concepts/class-use/ResolutionContext.html
2003-11-13 12:47:12,796 INFO  org.apache.maven.linkcheck.LinkCheck - Validating apidocs/zeus/concepts/class-use/ResourceItem.Entry.html
2003-11-13 12:47:12,812 INFO  org.apache.maven.linkcheck.LinkCheck - Validating apidocs/zeus/concepts/class-use/ResourceItem.html
2003-11-13 12:47:12,843 INFO  org.apache.maven.linkcheck.LinkCheck - Validating apidocs/zeus/concepts/class-use/Restriction.html
2003-11-13 12:47:12,859 INFO  org.apache.maven.linkcheck.LinkCheck - Validating apidocs/zeus/concepts/class-use/RestrictionParser.html
2003-11-13 12:47:12,875 INFO  org.apache.maven.linkcheck.LinkCheck - Validating apidocs/zeus/concepts/class-use/RestrictionParser.JJCalls.html
2003-11-13 12:47:12,890 INFO  org.apache.maven.linkcheck.LinkCheck - Validating apidocs/zeus/concepts/class-use/RestrictionParserConstants.html
2003-11-13 12:47:12,906 INFO  org.apache.maven.linkcheck.LinkCheck - Validating apidocs/zeus/concepts/class-use/RestrictionParserTokenManager.html
2003-11-13 12:47:12,937 INFO  org.apache.maven.linkcheck.LinkCheck - Validating apidocs/zeus/concepts/class-use/ReteKB.html
2003-11-13 12:47:12,968 INFO  org.apache.maven.linkcheck.LinkCheck - Validating apidocs/zeus/concepts/class-use/RoutingRecord.html
2003-11-13 12:47:13,000 INFO  org.apache.maven.linkcheck.LinkCheck - Validating apidocs/zeus/concepts/class-use/SimpleCharStream.html
2003-11-13 12:47:13,031 INFO  org.apache.maven.linkcheck.LinkCheck - Validating apidocs/zeus/concepts/class-use/SLParser.html
2003-11-13 12:47:13,046 INFO  org.apache.maven.linkcheck.LinkCheck - Validating apidocs/zeus/concepts/class-use/SL_Util.html
2003-11-13 12:47:13,046 INFO  org.apache.maven.linkcheck.LinkCheck - Validating apidocs/zeus/concepts/class-use/StrategyInfo.html
2003-11-13 12:47:13,093 INFO  org.apache.maven.linkcheck.LinkCheck - Validating apidocs/zeus/concepts/class-use/Summary.html
2003-11-13 12:47:13,125 INFO  org.apache.maven.linkcheck.LinkCheck - Validating apidocs/zeus/concepts/class-use/SummaryTable.html
2003-11-13 12:47:13,140 INFO  org.apache.maven.linkcheck.LinkCheck - Validating apidocs/zeus/concepts/class-use/SummaryTask.html
2003-11-13 12:47:13,171 INFO  org.apache.maven.linkcheck.LinkCheck - Validating apidocs/zeus/concepts/class-use/SuppliedDb.html
2003-11-13 12:47:13,203 INFO  org.apache.maven.linkcheck.LinkCheck - Validating apidocs/zeus/concepts/class-use/SuppliedItem.html
2003-11-13 12:47:13,250 INFO  org.apache.maven.linkcheck.LinkCheck - Validating apidocs/zeus/concepts/class-use/SuppliedRequester.html
2003-11-13 12:47:13,265 INFO  org.apache.maven.linkcheck.LinkCheck - Validating apidocs/zeus/concepts/class-use/Task.html
2003-11-13 12:47:13,343 INFO  org.apache.maven.linkcheck.LinkCheck - Validating apidocs/zeus/concepts/class-use/TaskLink.html
2003-11-13 12:47:13,406 INFO  org.apache.maven.linkcheck.LinkCheck - Validating apidocs/zeus/concepts/class-use/TaskNode.html
2003-11-13 12:47:13,468 INFO  org.apache.maven.linkcheck.LinkCheck - Validating apidocs/zeus/concepts/class-use/TaskSummary.html
2003-11-13 12:47:13,500 INFO  org.apache.maven.linkcheck.LinkCheck - Validating apidocs/zeus/concepts/class-use/Token.html
2003-11-13 12:47:13,562 INFO  org.apache.maven.linkcheck.LinkCheck - Validating apidocs/zeus/concepts/class-use/TokenMgrError.html
2003-11-13 12:47:13,578 INFO  org.apache.maven.linkcheck.LinkCheck - Validating apidocs/zeus/concepts/class-use/TransportConfig.html
2003-11-13 12:47:13,609 INFO  org.apache.maven.linkcheck.LinkCheck - Validating apidocs/zeus/concepts/class-use/ZeusAddress.html
2003-11-13 12:47:13,609 INFO  org.apache.maven.linkcheck.LinkCheck - Validating apidocs/zeus/concepts/class-use/ZeusParser.html
2003-11-13 12:47:13,640 INFO  org.apache.maven.linkcheck.LinkCheck - Validating apidocs/zeus/concepts/ConditionalNode.html
2003-11-13 12:47:13,687 INFO  org.apache.maven.linkcheck.LinkCheck - Validating apidocs/zeus/concepts/ConsumerRecord.html
2003-11-13 12:47:13,718 INFO  org.apache.maven.linkcheck.LinkCheck - Validating apidocs/zeus/concepts/ContentElement.html
2003-11-13 12:47:13,734 INFO  org.apache.maven.linkcheck.LinkCheck - Validating apidocs/zeus/concepts/DF_Description.html
2003-11-13 12:47:13,796 INFO  org.apache.maven.linkcheck.LinkCheck - Validating apidocs/zeus/concepts/DuplicationTable.html
2003-11-13 12:47:13,828 INFO  org.apache.maven.linkcheck.LinkCheck - Validating apidocs/zeus/concepts/Fact.html
2003-11-13 12:47:14,046 INFO  org.apache.maven.linkcheck.LinkCheck - Validating apidocs/zeus/concepts/FactDescription.html
2003-11-13 12:47:14,093 INFO  org.apache.maven.linkcheck.LinkCheck - Validating apidocs/zeus/concepts/FactSummary.html
2003-11-13 12:47:14,140 INFO  org.apache.maven.linkcheck.LinkCheck - Validating apidocs/zeus/concepts/FIPAParser.html
2003-11-13 12:47:14,546 INFO  org.apache.maven.linkcheck.FileToCheck - Caught java.lang.StackOverflowError processing apidocs/zeus/concepts/FIPAParser.html
2003-11-13 12:47:14,546 INFO  org.apache.maven.linkcheck.FileToCheck - Exception Message: null
2003-11-13 12:47:14,546 INFO  org.apache.maven.linkcheck.LinkCheck - Validating apidocs/zeus/concepts/FIPAParser.JJCalls.html
2003-11-13 12:47:14,562 INFO  org.apache.maven.linkcheck.LinkCheck - Validating apidocs/zeus/concepts/FIPAParserConstants.html
2003-11-13 12:47:14,734 INFO  org.apache.maven.linkcheck.LinkCheck - Validating apidocs/zeus/concepts/FIPAParserTokenManager.html
2003-11-13 12:47:14,890 INFO  org.apache.maven.linkcheck.LinkCheck - Validating apidocs/zeus/concepts/FIPAPerformative.html
2003-11-13 12:47:14,984 INFO  org.apache.maven.linkcheck.LinkCheck - Validating apidocs/zeus/concepts/FIPA_AddressBook.html
2003-11-13 12:47:15,031 INFO  org.apache.maven.linkcheck.LinkCheck - Validating apidocs/zeus/concepts/FIPA_AID_Address.html
2003-11-13 12:47:15,109 INFO  org.apache.maven.linkcheck.LinkCheck - Validating apidocs/zeus/concepts/FIPA_AMS_Management_Content.html
2003-11-13 12:47:15,171 INFO  org.apache.maven.linkcheck.LinkCheck - Validating apidocs/zeus/concepts/FIPA_AP_Description.html
2003-11-13 12:47:15,203 INFO  org.apache.maven.linkcheck.LinkCheck - Validating apidocs/zeus/concepts/FIPA_DF_Management_Content.html
2003-11-13 12:47:15,281 INFO  org.apache.maven.linkcheck.LinkCheck - Validating apidocs/zeus/concepts/FIPA_MTP_Description.html
2003-11-13 12:47:15,312 INFO  org.apache.maven.linkcheck.LinkCheck - Validating apidocs/zeus/concepts/FIPA_Property.html
2003-11-13 12:47:15,343 INFO  org.apache.maven.linkcheck.LinkCheck - Validating apidocs/zeus/concepts/FIPA_Received.html
2003-11-13 12:47:15,375 INFO  org.apache.maven.linkcheck.LinkCheck - Validating apidocs/zeus/concepts/FIPA_Search_Constraints.html
2003-11-13 12:47:15,421 INFO  org.apache.maven.linkcheck.LinkCheck - Validating apidocs/zeus/concepts/FIPA_Service_Description.html
2003-11-13 12:47:15,484 INFO  org.apache.maven.linkcheck.LinkCheck - Validating apidocs/zeus/concepts/FIPA_Transport_Profile.html
2003-11-13 12:47:15,531 INFO  org.apache.maven.linkcheck.LinkCheck - Validating apidocs/zeus/concepts/fn/AndFn.html
2003-11-13 12:47:15,609 INFO  org.apache.maven.linkcheck.LinkCheck - Validating apidocs/zeus/concepts/fn/ArithmeticFn.html
2003-11-13 12:47:15,687 INFO  org.apache.maven.linkcheck.LinkCheck - Validating apidocs/zeus/concepts/fn/BoolFn.html
2003-11-13 12:47:15,765 INFO  org.apache.maven.linkcheck.LinkCheck - Validating apidocs/zeus/concepts/fn/class-use/AndFn.html
2003-11-13 12:47:15,781 INFO  org.apache.maven.linkcheck.LinkCheck - Validating apidocs/zeus/concepts/fn/class-use/ArithmeticFn.html
2003-11-13 12:47:15,796 INFO  org.apache.maven.linkcheck.LinkCheck - Validating apidocs/zeus/concepts/fn/class-use/BoolFn.html
2003-11-13 12:47:15,812 INFO  org.apache.maven.linkcheck.LinkCheck - Validating apidocs/zeus/concepts/fn/class-use/ComparisonFn.html
2003-11-13 12:47:15,828 INFO  org.apache.maven.linkcheck.LinkCheck - Validating apidocs/zeus/concepts/fn/class-use/ConstraintBFn.html
2003-11-13 12:47:15,843 INFO  org.apache.maven.linkcheck.LinkCheck - Validating apidocs/zeus/concepts/fn/class-use/ConstraintFn.html
2003-11-13 12:47:15,875 INFO  org.apache.maven.linkcheck.LinkCheck - Validating apidocs/zeus/concepts/fn/class-use/DateFn.html
2003-11-13 12:47:15,890 INFO  org.apache.maven.linkcheck.LinkCheck - Validating apidocs/zeus/concepts/fn/class-use/DefinedFn.html
2003-11-13 12:47:15,906 INFO  org.apache.maven.linkcheck.LinkCheck - Validating apidocs/zeus/concepts/fn/class-use/ElseFn.html
2003-11-13 12:47:15,906 INFO  org.apache.maven.linkcheck.LinkCheck - Validating apidocs/zeus/concepts/fn/class-use/FactFn.html
2003-11-13 12:47:15,921 INFO  org.apache.maven.linkcheck.LinkCheck - Validating apidocs/zeus/concepts/fn/class-use/FieldFn.html
2003-11-13 12:47:15,937 INFO  org.apache.maven.linkcheck.LinkCheck - Validating apidocs/zeus/concepts/fn/class-use/IdFn.html
2003-11-13 12:47:15,953 INFO  org.apache.maven.linkcheck.LinkCheck - Validating apidocs/zeus/concepts/fn/class-use/ImplyFn.html
2003-11-13 12:47:15,968 INFO  org.apache.maven.linkcheck.LinkCheck - Validating apidocs/zeus/concepts/fn/class-use/IntFn.html
2003-11-13 12:47:15,984 INFO  org.apache.maven.linkcheck.LinkCheck - Validating apidocs/zeus/concepts/fn/class-use/LogicalAndFn.html
2003-11-13 12:47:16,000 INFO  org.apache.maven.linkcheck.LinkCheck - Validating apidocs/zeus/concepts/fn/class-use/LogicalFn.html
2003-11-13 12:47:16,062 INFO  org.apache.maven.linkcheck.LinkCheck - Validating apidocs/zeus/concepts/fn/class-use/LogicalNotFn.html
2003-11-13 12:47:16,078 INFO  org.apache.maven.linkcheck.LinkCheck - Validating apidocs/zeus/concepts/fn/class-use/LogicalOrFn.html
2003-11-13 12:47:16,093 INFO  org.apache.maven.linkcheck.LinkCheck - Validating apidocs/zeus/concepts/fn/class-use/MethodCallFn.html
2003-11-13 12:47:16,109 INFO  org.apache.maven.linkcheck.LinkCheck - Validating apidocs/zeus/concepts/fn/class-use/NumericFn.html
2003-11-13 12:47:16,125 INFO  org.apache.maven.linkcheck.LinkCheck - Validating apidocs/zeus/concepts/fn/class-use/OrFn.html
2003-11-13 12:47:16,140 INFO  org.apache.maven.linkcheck.LinkCheck - Validating apidocs/zeus/concepts/fn/class-use/PrimitiveFn.html
2003-11-13 12:47:16,171 INFO  org.apache.maven.linkcheck.LinkCheck - Validating apidocs/zeus/concepts/fn/class-use/PrimitiveNumericFn.html
2003-11-13 12:47:16,187 INFO  org.apache.maven.linkcheck.LinkCheck - Validating apidocs/zeus/concepts/fn/class-use/RealFn.html
2003-11-13 12:47:16,203 INFO  org.apache.maven.linkcheck.LinkCheck - Validating apidocs/zeus/concepts/fn/class-use/TimeFn.html
2003-11-13 12:47:16,218 INFO  org.apache.maven.linkcheck.LinkCheck - Validating apidocs/zeus/concepts/fn/class-use/TypeFn.html
2003-11-13 12:47:16,234 INFO  org.apache.maven.linkcheck.LinkCheck - Validating apidocs/zeus/concepts/fn/class-use/ValueFunction.html
2003-11-13 12:47:16,625 INFO  org.apache.maven.linkcheck.FileToCheck - Caught java.lang.StackOverflowError processing apidocs/zeus/concepts/fn/class-use/ValueFunction.html
2003-11-13 12:47:16,625 INFO  org.apache.maven.linkcheck.FileToCheck - Exception Message: null
2003-11-13 12:47:16,625 INFO  org.apache.maven.linkcheck.LinkCheck - Validating apidocs/zeus/concepts/fn/class-use/VarFn.html
2003-11-13 12:47:16,656 INFO  org.apache.maven.linkcheck.LinkCheck - Validating apidocs/zeus/concepts/fn/class-use/VectorFn.html
2003-11-13 12:47:16,671 INFO  org.apache.maven.linkcheck.LinkCheck - Validating apidocs/zeus/concepts/fn/ComparisonFn.html
2003-11-13 12:47:16,765 INFO  org.apache.maven.linkcheck.LinkCheck - Validating apidocs/zeus/concepts/fn/ConstraintBFn.html
2003-11-13 12:47:16,828 INFO  org.apache.maven.linkcheck.LinkCheck - Validating apidocs/zeus/concepts/fn/ConstraintFn.html
2003-11-13 12:47:16,921 INFO  org.apache.maven.linkcheck.LinkCheck - Validating apidocs/zeus/concepts/fn/DateFn.html
2003-11-13 12:47:17,000 INFO  org.apache.maven.linkcheck.LinkCheck - Validating apidocs/zeus/concepts/fn/DefinedFn.html
2003-11-13 12:47:17,109 INFO  org.apache.maven.linkcheck.LinkCheck - Validating apidocs/zeus/concepts/fn/ElseFn.html
2003-11-13 12:47:17,187 INFO  org.apache.maven.linkcheck.LinkCheck - Validating apidocs/zeus/concepts/fn/FactFn.html
2003-11-13 12:47:17,250 INFO  org.apache.maven.linkcheck.LinkCheck - Validating apidocs/zeus/concepts/fn/FieldFn.html
2003-11-13 12:47:17,312 INFO  org.apache.maven.linkcheck.LinkCheck - Validating apidocs/zeus/concepts/fn/IdFn.html
2003-11-13 12:47:17,406 INFO  org.apache.maven.linkcheck.LinkCheck - Validating apidocs/zeus/concepts/fn/ImplyFn.html
2003-11-13 12:47:17,468 INFO  org.apache.maven.linkcheck.LinkCheck - Validating apidocs/zeus/concepts/fn/IntFn.html
2003-11-13 12:47:17,531 INFO  org.apache.maven.linkcheck.LinkCheck - Validating apidocs/zeus/concepts/fn/LogicalAndFn.html
2003-11-13 12:47:17,609 INFO  org.apache.maven.linkcheck.LinkCheck - Validating apidocs/zeus/concepts/fn/LogicalFn.html
2003-11-13 12:47:17,656 INFO  org.apache.maven.linkcheck.LinkCheck - Validating apidocs/zeus/concepts/fn/LogicalNotFn.html
2003-11-13 12:47:17,734 INFO  org.apache.maven.linkcheck.LinkCheck - Validating apidocs/zeus/concepts/fn/LogicalOrFn.html
2003-11-13 12:47:17,812 INFO  org.apache.maven.linkcheck.LinkCheck - Validating apidocs/zeus/concepts/fn/MethodCallFn.html
2003-11-13 12:47:17,890 INFO  org.apache.maven.linkcheck.LinkCheck - Validating apidocs/zeus/concepts/fn/NumericFn.html
2003-11-13 12:47:17,906 INFO  org.apache.maven.linkcheck.LinkCheck - Validating apidocs/zeus/concepts/fn/OrFn.html
2003-11-13 12:47:17,968 INFO  org.apache.maven.linkcheck.LinkCheck - Validating apidocs/zeus/concepts/fn/package-frame.html
2003-11-13 12:47:17,984 INFO  org.apache.maven.linkcheck.LinkCheck - Validating apidocs/zeus/concepts/fn/package-summary.html
2003-11-13 12:47:18,015 INFO  org.apache.maven.linkcheck.LinkCheck - Validating apidocs/zeus/concepts/fn/package-tree.html
2003-11-13 12:47:18,046 INFO  org.apache.maven.linkcheck.LinkCheck - Validating apidocs/zeus/concepts/fn/package-use.html
2003-11-13 12:47:18,078 INFO  org.apache.maven.linkcheck.LinkCheck - Validating apidocs/zeus/concepts/fn/PrimitiveFn.html
2003-11-13 12:47:18,093 INFO  org.apache.maven.linkcheck.LinkCheck - Validating apidocs/zeus/concepts/fn/PrimitiveNumericFn.html
2003-11-13 12:47:18,125 INFO  org.apache.maven.linkcheck.LinkCheck - Validating apidocs/zeus/concepts/fn/RealFn.html
2003-11-13 12:47:18,187 INFO  org.apache.maven.linkcheck.LinkCheck - Validating apidocs/zeus/concepts/fn/TimeFn.html
2003-11-13 12:47:18,234 INFO  org.apache.maven.linkcheck.LinkCheck - Validating apidocs/zeus/concepts/fn/TypeFn.html
2003-11-13 12:47:18,296 INFO  org.apache.maven.linkcheck.LinkCheck - Validating apidocs/zeus/concepts/fn/ValueFunction.html
2003-11-13 12:47:18,421 INFO  org.apache.maven.linkcheck.LinkCheck - Validating apidocs/zeus/concepts/fn/VarFn.html
2003-11-13 12:47:18,468 INFO  org.apache.maven.linkcheck.LinkCheck - Validating apidocs/zeus/concepts/fn/VectorFn.html
2003-11-13 12:47:18,578 INFO  org.apache.maven.linkcheck.LinkCheck - Validating apidocs/zeus/concepts/Goal.html
2003-11-13 12:47:18,750 INFO  org.apache.maven.linkcheck.LinkCheck - Validating apidocs/zeus/concepts/GoalSummary.html
2003-11-13 12:47:18,812 INFO  org.apache.maven.linkcheck.LinkCheck - Validating apidocs/zeus/concepts/MessageAction.html
2003-11-13 12:47:18,828 INFO  org.apache.maven.linkcheck.LinkCheck - Validating apidocs/zeus/concepts/MessageActionImpl.html
2003-11-13 12:47:18,875 INFO  org.apache.maven.linkcheck.LinkCheck - Validating apidocs/zeus/concepts/MessagePattern.html
2003-11-13 12:47:18,906 INFO  org.apache.maven.linkcheck.LinkCheck - Validating apidocs/zeus/concepts/MessagePatternImpl.html
2003-11-13 12:47:18,937 INFO  org.apache.maven.linkcheck.LinkCheck - Validating apidocs/zeus/concepts/MessageRule.html
2003-11-13 12:47:18,968 INFO  org.apache.maven.linkcheck.LinkCheck - Validating apidocs/zeus/concepts/MessageRuleImpl.html
2003-11-13 12:47:19,015 INFO  org.apache.maven.linkcheck.LinkCheck - Validating apidocs/zeus/concepts/OntologyDb.html
2003-11-13 12:47:19,250 INFO  org.apache.maven.linkcheck.FileToCheck - Caught java.lang.StackOverflowError processing apidocs/zeus/concepts/OntologyDb.html
2003-11-13 12:47:19,250 INFO  org.apache.maven.linkcheck.FileToCheck - Exception Message: null
2003-11-13 12:47:19,250 INFO  org.apache.maven.linkcheck.LinkCheck - Validating apidocs/zeus/concepts/OntologyDbChangeEvent.html
2003-11-13 12:47:19,281 INFO  org.apache.maven.linkcheck.LinkCheck - Validating apidocs/zeus/concepts/OntologyParser.html
2003-11-13 12:47:19,421 INFO  org.apache.maven.linkcheck.LinkCheck - Validating apidocs/zeus/concepts/OntologyParserConstants.html
2003-11-13 12:47:19,515 INFO  org.apache.maven.linkcheck.LinkCheck - Validating apidocs/zeus/concepts/OntologyParserTokenManager.html
2003-11-13 12:47:19,718 INFO  org.apache.maven.linkcheck.LinkCheck - Validating apidocs/zeus/concepts/Ordering.html
2003-11-13 12:47:19,781 INFO  org.apache.maven.linkcheck.LinkCheck - Validating apidocs/zeus/concepts/package-frame.html
2003-11-13 12:47:19,796 INFO  org.apache.maven.linkcheck.LinkCheck - Validating apidocs/zeus/concepts/package-summary.html
2003-11-13 12:47:19,875 INFO  org.apache.maven.linkcheck.LinkCheck - Validating apidocs/zeus/concepts/package-tree.html
2003-11-13 12:47:19,921 INFO  org.apache.maven.linkcheck.LinkCheck - Validating apidocs/zeus/concepts/package-use.html
2003-11-13 12:47:20,171 INFO  org.apache.maven.linkcheck.LinkCheck - Validating apidocs/zeus/concepts/ParseException.html
2003-11-13 12:47:20,218 INFO  org.apache.maven.linkcheck.LinkCheck - Validating apidocs/zeus/concepts/Parser.html
2003-11-13 12:47:20,562 INFO  org.apache.maven.linkcheck.FileToCheck - Caught java.lang.StackOverflowError processing apidocs/zeus/concepts/Parser.html
2003-11-13 12:47:20,562 INFO  org.apache.maven.linkcheck.FileToCheck - Exception Message: null
2003-11-13 12:47:20,562 INFO  org.apache.maven.linkcheck.LinkCheck - Validating apidocs/zeus/concepts/Parser.JJCalls.html
2003-11-13 12:47:20,593 INFO  org.apache.maven.linkcheck.LinkCheck - Validating apidocs/zeus/concepts/ParserConstants.html
2003-11-13 12:47:20,859 INFO  org.apache.maven.linkcheck.FileToCheck - Caught java.lang.StackOverflowError processing apidocs/zeus/concepts/ParserConstants.html
2003-11-13 12:47:20,859 INFO  org.apache.maven.linkcheck.FileToCheck - Exception Message: null
2003-11-13 12:47:20,859 INFO  org.apache.maven.linkcheck.LinkCheck - Validating apidocs/zeus/concepts/ParserTokenManager.html
2003-11-13 12:47:21,062 INFO  org.apache.maven.linkcheck.LinkCheck - Validating apidocs/zeus/concepts/Performative.html
2003-11-13 12:47:21,203 INFO  org.apache.maven.linkcheck.LinkCheck - Validating apidocs/zeus/concepts/PerformativeParser.html
2003-11-13 12:47:21,281 INFO  org.apache.maven.linkcheck.LinkCheck - Validating apidocs/zeus/concepts/PerformativeParserConstants.html
2003-11-13 12:47:21,375 INFO  org.apache.maven.linkcheck.LinkCheck - Validating apidocs/zeus/concepts/PerformativeParserTokenManager.html
2003-11-13 12:47:21,500 INFO  org.apache.maven.linkcheck.LinkCheck - Validating apidocs/zeus/concepts/PlannerEnactStruct.html
2003-11-13 12:47:21,531 INFO  org.apache.maven.linkcheck.LinkCheck - Validating apidocs/zeus/concepts/PlannerQueryStruct.html
2003-11-13 12:47:21,562 INFO  org.apache.maven.linkcheck.LinkCheck - Validating apidocs/zeus/concepts/PlanScript.html
2003-11-13 12:47:21,640 INFO  org.apache.maven.linkcheck.LinkCheck - Validating apidocs/zeus/concepts/PrimitiveTask.html
2003-11-13 12:47:21,781 INFO  org.apache.maven.linkcheck.LinkCheck - Validating apidocs/zeus/concepts/ProducerRecord.html
2003-11-13 12:47:21,812 INFO  org.apache.maven.linkcheck.LinkCheck - Validating apidocs/zeus/concepts/ProtocolInfo.html
2003-11-13 12:47:21,859 INFO  org.apache.maven.linkcheck.LinkCheck - Validating apidocs/zeus/concepts/Reference.html
2003-11-13 12:47:21,890 INFO  org.apache.maven.linkcheck.LinkCheck - Validating apidocs/zeus/concepts/Relationship.html
2003-11-13 12:47:21,921 INFO  org.apache.maven.linkcheck.LinkCheck - Validating apidocs/zeus/concepts/ReportRec.html
2003-11-13 12:47:22,046 INFO  org.apache.maven.linkcheck.LinkCheck - Validating apidocs/zeus/concepts/ReservationEntry.html
2003-11-13 12:47:22,078 INFO  org.apache.maven.linkcheck.LinkCheck - Validating apidocs/zeus/concepts/ResolutionContext.html
2003-11-13 12:47:22,125 INFO  org.apache.maven.linkcheck.LinkCheck - Validating apidocs/zeus/concepts/ResourceItem.Entry.html
2003-11-13 12:47:22,156 INFO  org.apache.maven.linkcheck.LinkCheck - Validating apidocs/zeus/concepts/ResourceItem.html
2003-11-13 12:47:22,218 INFO  org.apache.maven.linkcheck.LinkCheck - Validating apidocs/zeus/concepts/Restriction.html
2003-11-13 12:47:22,265 INFO  org.apache.maven.linkcheck.LinkCheck - Validating apidocs/zeus/concepts/RestrictionParser.html
2003-11-13 12:47:22,515 INFO  org.apache.maven.linkcheck.FileToCheck - Caught java.lang.StackOverflowError processing apidocs/zeus/concepts/RestrictionParser.html
2003-11-13 12:47:22,515 INFO  org.apache.maven.linkcheck.FileToCheck - Exception Message: null
2003-11-13 12:47:22,515 INFO  org.apache.maven.linkcheck.LinkCheck - Validating apidocs/zeus/concepts/RestrictionParser.JJCalls.html
2003-11-13 12:47:22,546 INFO  org.apache.maven.linkcheck.LinkCheck - Validating apidocs/zeus/concepts/RestrictionParserConstants.html
2003-11-13 12:47:22,625 INFO  org.apache.maven.linkcheck.LinkCheck - Validating apidocs/zeus/concepts/RestrictionParserTokenManager.html
2003-11-13 12:47:22,765 INFO  org.apache.maven.linkcheck.LinkCheck - Validating apidocs/zeus/concepts/ReteKB.html
2003-11-13 12:47:22,828 INFO  org.apache.maven.linkcheck.LinkCheck - Validating apidocs/zeus/concepts/RoutingRecord.html
2003-11-13 12:47:22,875 INFO  org.apache.maven.linkcheck.LinkCheck - Validating apidocs/zeus/concepts/SimpleCharStream.html
2003-11-13 12:47:22,953 INFO  org.apache.maven.linkcheck.LinkCheck - Validating apidocs/zeus/concepts/SLParser.html
2003-11-13 12:47:22,984 INFO  org.apache.maven.linkcheck.LinkCheck - Validating apidocs/zeus/concepts/SL_Util.html
2003-11-13 12:47:23,015 INFO  org.apache.maven.linkcheck.LinkCheck - Validating apidocs/zeus/concepts/StrategyInfo.html
2003-11-13 12:47:23,093 INFO  org.apache.maven.linkcheck.LinkCheck - Validating apidocs/zeus/concepts/Summary.html
2003-11-13 12:47:23,125 INFO  org.apache.maven.linkcheck.LinkCheck - Validating apidocs/zeus/concepts/SummaryTable.html
2003-11-13 12:47:23,171 INFO  org.apache.maven.linkcheck.LinkCheck - Validating apidocs/zeus/concepts/SummaryTask.html
2003-11-13 12:47:23,265 INFO  org.apache.maven.linkcheck.LinkCheck - Validating apidocs/zeus/concepts/SuppliedDb.html
2003-11-13 12:47:23,343 INFO  org.apache.maven.linkcheck.LinkCheck - Validating apidocs/zeus/concepts/SuppliedItem.html
2003-11-13 12:47:23,421 INFO  org.apache.maven.linkcheck.LinkCheck - Validating apidocs/zeus/concepts/SuppliedRequester.html
2003-11-13 12:47:23,453 INFO  org.apache.maven.linkcheck.LinkCheck - Validating apidocs/zeus/concepts/Task.html
2003-11-13 12:47:23,531 INFO  org.apache.maven.linkcheck.LinkCheck - Validating apidocs/zeus/concepts/TaskLink.html
2003-11-13 12:47:23,593 INFO  org.apache.maven.linkcheck.LinkCheck - Validating apidocs/zeus/concepts/TaskNode.html
2003-11-13 12:47:23,734 INFO  org.apache.maven.linkcheck.LinkCheck - Validating apidocs/zeus/concepts/TaskSummary.html
2003-11-13 12:47:23,781 INFO  org.apache.maven.linkcheck.LinkCheck - Validating apidocs/zeus/concepts/Token.html
2003-11-13 12:47:23,828 INFO  org.apache.maven.linkcheck.LinkCheck - Validating apidocs/zeus/concepts/TokenMgrError.html
2003-11-13 12:47:23,875 INFO  org.apache.maven.linkcheck.LinkCheck - Validating apidocs/zeus/concepts/TransportConfig.html
2003-11-13 12:47:23,906 INFO  org.apache.maven.linkcheck.LinkCheck - Validating apidocs/zeus/concepts/xmlobject/acc/class-use/Contact.html
2003-11-13 12:47:23,921 INFO  org.apache.maven.linkcheck.LinkCheck - Validating apidocs/zeus/concepts/xmlobject/acc/class-use/Contacts.html
2003-11-13 12:47:23,937 INFO  org.apache.maven.linkcheck.LinkCheck - Validating apidocs/zeus/concepts/xmlobject/acc/class-use/ContactsParser.html
2003-11-13 12:47:23,953 INFO  org.apache.maven.linkcheck.LinkCheck - Validating apidocs/zeus/concepts/xmlobject/acc/Contact.html
2003-11-13 12:47:24,000 INFO  org.apache.maven.linkcheck.LinkCheck - Validating apidocs/zeus/concepts/xmlobject/acc/Contacts.html
2003-11-13 12:47:24,031 INFO  org.apache.maven.linkcheck.LinkCheck - Validating apidocs/zeus/concepts/xmlobject/acc/ContactsParser.html
2003-11-13 12:47:24,062 INFO  org.apache.maven.linkcheck.LinkCheck - Validating apidocs/zeus/concepts/xmlobject/acc/package-frame.html
2003-11-13 12:47:24,078 INFO  org.apache.maven.linkcheck.LinkCheck - Validating apidocs/zeus/concepts/xmlobject/acc/package-summary.html
2003-11-13 12:47:24,093 INFO  org.apache.maven.linkcheck.LinkCheck - Validating apidocs/zeus/concepts/xmlobject/acc/package-tree.html
2003-11-13 12:47:24,109 INFO  org.apache.maven.linkcheck.LinkCheck - Validating apidocs/zeus/concepts/xmlobject/acc/package-use.html
2003-11-13 12:47:24,125 INFO  org.apache.maven.linkcheck.LinkCheck - Validating apidocs/zeus/concepts/xmlobject/class-use/Parser.html
2003-11-13 12:47:24,140 INFO  org.apache.maven.linkcheck.LinkCheck - Validating apidocs/zeus/concepts/xmlobject/package-frame.html
2003-11-13 12:47:24,140 INFO  org.apache.maven.linkcheck.LinkCheck - Validating apidocs/zeus/concepts/xmlobject/package-summary.html
2003-11-13 12:47:24,156 INFO  org.apache.maven.linkcheck.LinkCheck - Validating apidocs/zeus/concepts/xmlobject/package-tree.html
2003-11-13 12:47:24,171 INFO  org.apache.maven.linkcheck.LinkCheck - Validating apidocs/zeus/concepts/xmlobject/package-use.html
2003-11-13 12:47:24,187 INFO  org.apache.maven.linkcheck.LinkCheck - Validating apidocs/zeus/concepts/xmlobject/Parser.html
2003-11-13 12:47:24,234 INFO  org.apache.maven.linkcheck.LinkCheck - Validating apidocs/zeus/concepts/ZeusAddress.html
2003-11-13 12:47:24,296 INFO  org.apache.maven.linkcheck.LinkCheck - Validating apidocs/zeus/concepts/ZeusParser.html
2003-11-13 12:47:24,453 INFO  org.apache.maven.linkcheck.LinkCheck - Validating apidocs/zeus/ext/class-use/DbConnector.html
2003-11-13 12:47:24,484 INFO  org.apache.maven.linkcheck.LinkCheck - Validating apidocs/zeus/ext/class-use/FlatFile.html
2003-11-13 12:47:24,484 INFO  org.apache.maven.linkcheck.LinkCheck - Validating apidocs/zeus/ext/DbConnector.html
2003-11-13 12:47:24,546 INFO  org.apache.maven.linkcheck.LinkCheck - Validating apidocs/zeus/ext/FlatFile.html
2003-11-13 12:47:24,625 INFO  org.apache.maven.linkcheck.LinkCheck - Validating apidocs/zeus/ext/package-frame.html
2003-11-13 12:47:24,625 INFO  org.apache.maven.linkcheck.LinkCheck - Validating apidocs/zeus/ext/package-summary.html
2003-11-13 12:47:24,640 INFO  org.apache.maven.linkcheck.LinkCheck - Validating apidocs/zeus/ext/package-tree.html
2003-11-13 12:47:24,656 INFO  org.apache.maven.linkcheck.LinkCheck - Validating apidocs/zeus/ext/package-use.html
2003-11-13 12:47:24,687 INFO  org.apache.maven.linkcheck.LinkCheck - Validating apidocs/zeus/generator/agent/AbilityModel.html
2003-11-13 12:47:24,765 INFO  org.apache.maven.linkcheck.LinkCheck - Validating apidocs/zeus/generator/agent/AcquaintanceModel.html
2003-11-13 12:47:24,843 INFO  org.apache.maven.linkcheck.LinkCheck - Validating apidocs/zeus/generator/agent/AgentEditor.html
2003-11-13 12:47:24,953 INFO  org.apache.maven.linkcheck.LinkCheck - Validating apidocs/zeus/generator/agent/class-use/AbilityModel.html
2003-11-13 12:47:24,984 INFO  org.apache.maven.linkcheck.LinkCheck - Validating apidocs/zeus/generator/agent/class-use/AcquaintanceModel.html
2003-11-13 12:47:25,000 INFO  org.apache.maven.linkcheck.LinkCheck - Validating apidocs/zeus/generator/agent/class-use/AgentEditor.html
2003-11-13 12:47:25,031 INFO  org.apache.maven.linkcheck.LinkCheck - Validating apidocs/zeus/generator/agent/class-use/CoordinationPanel.AgentCellEditor.html
2003-11-13 12:47:25,046 INFO  org.apache.maven.linkcheck.LinkCheck - Validating apidocs/zeus/generator/agent/class-use/CoordinationPanel.CheckBoxCellRenderer.html
2003-11-13 12:47:25,062 INFO  org.apache.maven.linkcheck.LinkCheck - Validating apidocs/zeus/generator/agent/class-use/CoordinationPanel.FriendlyRenderer.html
2003-11-13 12:47:25,078 INFO  org.apache.maven.linkcheck.LinkCheck - Validating apidocs/zeus/generator/agent/class-use/CoordinationPanel.HashtableCellEditor.html
2003-11-13 12:47:25,093 INFO  org.apache.maven.linkcheck.LinkCheck - Validating apidocs/zeus/generator/agent/class-use/CoordinationPanel.HashtableCellRenderer.html
2003-11-13 12:47:25,109 INFO  org.apache.maven.linkcheck.LinkCheck - Validating apidocs/zeus/generator/agent/class-use/CoordinationPanel.html
2003-11-13 12:47:25,125 INFO  org.apache.maven.linkcheck.LinkCheck - Validating apidocs/zeus/generator/agent/class-use/CoordinationPanel.ProtocolToolBar.html
2003-11-13 12:47:25,140 INFO  org.apache.maven.linkcheck.LinkCheck - Validating apidocs/zeus/generator/agent/class-use/CoordinationPanel.RelationsCellEditor.html
2003-11-13 12:47:25,156 INFO  org.apache.maven.linkcheck.LinkCheck - Validating apidocs/zeus/generator/agent/class-use/CoordinationPanel.StrategyCellEditor.html
2003-11-13 12:47:25,171 INFO  org.apache.maven.linkcheck.LinkCheck - Validating apidocs/zeus/generator/agent/class-use/CoordinationPanel.StrategyToolBar.html
2003-11-13 12:47:25,187 INFO  org.apache.maven.linkcheck.LinkCheck - Validating apidocs/zeus/generator/agent/class-use/CoordinationPanel.StringArrayCellRenderer.html
2003-11-13 12:47:25,203 INFO  org.apache.maven.linkcheck.LinkCheck - Validating apidocs/zeus/generator/agent/class-use/CoordinationPanel.SymItemAction.html
2003-11-13 12:47:25,218 INFO  org.apache.maven.linkcheck.LinkCheck - Validating apidocs/zeus/generator/agent/class-use/CoordinationPanel.SymListAction1.html
2003-11-13 12:47:25,234 INFO  org.apache.maven.linkcheck.LinkCheck - Validating apidocs/zeus/generator/agent/class-use/CoordinationPanel.SymListAction2.html
2003-11-13 12:47:25,250 INFO  org.apache.maven.linkcheck.LinkCheck - Validating apidocs/zeus/generator/agent/class-use/DefinitionPanel.html
2003-11-13 12:47:25,265 INFO  org.apache.maven.linkcheck.LinkCheck - Validating apidocs/zeus/generator/agent/class-use/OrganisationPanel.AcquaintanceToolBar.html
2003-11-13 12:47:25,281 INFO  org.apache.maven.linkcheck.LinkCheck - Validating apidocs/zeus/generator/agent/class-use/OrganisationPanel.FactToolBar.html
2003-11-13 12:47:25,296 INFO  org.apache.maven.linkcheck.LinkCheck - Validating apidocs/zeus/generator/agent/class-use/OrganisationPanel.html
2003-11-13 12:47:25,312 INFO  org.apache.maven.linkcheck.LinkCheck - Validating apidocs/zeus/generator/agent/class-use/OrganisationPanel.RelationEditor.html
2003-11-13 12:47:25,328 INFO  org.apache.maven.linkcheck.LinkCheck - Validating apidocs/zeus/generator/agent/class-use/OrganisationPanel.SymListAction1.html
2003-11-13 12:47:25,343 INFO  org.apache.maven.linkcheck.LinkCheck - Validating apidocs/zeus/generator/agent/class-use/OrganisationPanel.SymListAction2.html
2003-11-13 12:47:25,359 INFO  org.apache.maven.linkcheck.LinkCheck - Validating apidocs/zeus/generator/agent/class-use/ProtocolModel.html
2003-11-13 12:47:25,375 INFO  org.apache.maven.linkcheck.LinkCheck - Validating apidocs/zeus/generator/agent/class-use/RestrictionPanel.html
2003-11-13 12:47:25,406 INFO  org.apache.maven.linkcheck.LinkCheck - Validating apidocs/zeus/generator/agent/class-use/StrategyModel.html
2003-11-13 12:47:25,421 INFO  org.apache.maven.linkcheck.LinkCheck - Validating apidocs/zeus/generator/agent/class-use/TaskAttributeListener.html
2003-11-13 12:47:25,437 INFO  org.apache.maven.linkcheck.LinkCheck - Validating apidocs/zeus/generator/agent/class-use/TaskAttributePanel.html
2003-11-13 12:47:25,453 INFO  org.apache.maven.linkcheck.LinkCheck - Validating apidocs/zeus/generator/agent/class-use/TaskModel.html
2003-11-13 12:47:25,484 INFO  org.apache.maven.linkcheck.LinkCheck - Validating apidocs/zeus/generator/agent/class-use/TaskPanel.html
2003-11-13 12:47:25,500 INFO  org.apache.maven.linkcheck.LinkCheck - Validating apidocs/zeus/generator/agent/class-use/TaskPanel.TaskToolBar.html
2003-11-13 12:47:25,515 INFO  org.apache.maven.linkcheck.LinkCheck - Validating apidocs/zeus/generator/agent/CoordinationPanel.AgentCellEditor.html
2003-11-13 12:47:25,562 INFO  org.apache.maven.linkcheck.LinkCheck - Validating apidocs/zeus/generator/agent/CoordinationPanel.CheckBoxCellRenderer.html
2003-11-13 12:47:25,625 INFO  org.apache.maven.linkcheck.LinkCheck - Validating apidocs/zeus/generator/agent/CoordinationPanel.FriendlyRenderer.html
2003-11-13 12:47:25,687 INFO  org.apache.maven.linkcheck.LinkCheck - Validating apidocs/zeus/generator/agent/CoordinationPanel.HashtableCellEditor.html
2003-11-13 12:47:25,734 INFO  org.apache.maven.linkcheck.LinkCheck - Validating apidocs/zeus/generator/agent/CoordinationPanel.HashtableCellRenderer.html
2003-11-13 12:47:25,796 INFO  org.apache.maven.linkcheck.LinkCheck - Validating apidocs/zeus/generator/agent/CoordinationPanel.html
2003-11-13 12:47:25,890 INFO  org.apache.maven.linkcheck.LinkCheck - Validating apidocs/zeus/generator/agent/CoordinationPanel.ProtocolToolBar.html
2003-11-13 12:47:25,953 INFO  org.apache.maven.linkcheck.LinkCheck - Validating apidocs/zeus/generator/agent/CoordinationPanel.RelationsCellEditor.html
2003-11-13 12:47:26,000 INFO  org.apache.maven.linkcheck.LinkCheck - Validating apidocs/zeus/generator/agent/CoordinationPanel.StrategyCellEditor.html
2003-11-13 12:47:26,046 INFO  org.apache.maven.linkcheck.LinkCheck - Validating apidocs/zeus/generator/agent/CoordinationPanel.StrategyToolBar.html
2003-11-13 12:47:26,109 INFO  org.apache.maven.linkcheck.LinkCheck - Validating apidocs/zeus/generator/agent/CoordinationPanel.StringArrayCellRenderer.html
2003-11-13 12:47:26,171 INFO  org.apache.maven.linkcheck.LinkCheck - Validating apidocs/zeus/generator/agent/CoordinationPanel.SymItemAction.html
2003-11-13 12:47:26,203 INFO  org.apache.maven.linkcheck.LinkCheck - Validating apidocs/zeus/generator/agent/CoordinationPanel.SymListAction1.html
2003-11-13 12:47:26,218 INFO  org.apache.maven.linkcheck.LinkCheck - Validating apidocs/zeus/generator/agent/CoordinationPanel.SymListAction2.html
2003-11-13 12:47:26,250 INFO  org.apache.maven.linkcheck.LinkCheck - Validating apidocs/zeus/generator/agent/DefinitionPanel.html
2003-11-13 12:47:26,312 INFO  org.apache.maven.linkcheck.LinkCheck - Validating apidocs/zeus/generator/agent/OrganisationPanel.AcquaintanceToolBar.html
2003-11-13 12:47:26,375 INFO  org.apache.maven.linkcheck.LinkCheck - Validating apidocs/zeus/generator/agent/OrganisationPanel.FactToolBar.html
2003-11-13 12:47:26,468 INFO  org.apache.maven.linkcheck.LinkCheck - Validating apidocs/zeus/generator/agent/OrganisationPanel.html
2003-11-13 12:47:26,578 INFO  org.apache.maven.linkcheck.LinkCheck - Validating apidocs/zeus/generator/agent/OrganisationPanel.RelationEditor.html
2003-11-13 12:47:26,609 INFO  org.apache.maven.linkcheck.LinkCheck - Validating apidocs/zeus/generator/agent/OrganisationPanel.SymListAction1.html
2003-11-13 12:47:26,640 INFO  org.apache.maven.linkcheck.LinkCheck - Validating apidocs/zeus/generator/agent/OrganisationPanel.SymListAction2.html
2003-11-13 12:47:26,671 INFO  org.apache.maven.linkcheck.LinkCheck - Validating apidocs/zeus/generator/agent/package-frame.html
2003-11-13 12:47:26,671 INFO  org.apache.maven.linkcheck.LinkCheck - Validating apidocs/zeus/generator/agent/package-summary.html
2003-11-13 12:47:26,687 INFO  org.apache.maven.linkcheck.LinkCheck - Validating apidocs/zeus/generator/agent/package-tree.html
2003-11-13 12:47:26,718 INFO  org.apache.maven.linkcheck.LinkCheck - Validating apidocs/zeus/generator/agent/package-use.html
2003-11-13 12:47:26,750 INFO  org.apache.maven.linkcheck.LinkCheck - Validating apidocs/zeus/generator/agent/ProtocolModel.html
2003-11-13 12:47:26,812 INFO  org.apache.maven.linkcheck.LinkCheck - Validating apidocs/zeus/generator/agent/RestrictionPanel.html
2003-11-13 12:47:26,875 INFO  org.apache.maven.linkcheck.LinkCheck - Validating apidocs/zeus/generator/agent/StrategyModel.html
2003-11-13 12:47:26,968 INFO  org.apache.maven.linkcheck.LinkCheck - Validating apidocs/zeus/generator/agent/TaskAttributeListener.html
2003-11-13 12:47:27,015 INFO  org.apache.maven.linkcheck.LinkCheck - Validating apidocs/zeus/generator/agent/TaskAttributePanel.html
2003-11-13 12:47:27,093 INFO  org.apache.maven.linkcheck.LinkCheck - Validating apidocs/zeus/generator/agent/TaskModel.html
2003-11-13 12:47:27,171 INFO  org.apache.maven.linkcheck.LinkCheck - Validating apidocs/zeus/generator/agent/TaskPanel.html
2003-11-13 12:47:27,234 INFO  org.apache.maven.linkcheck.LinkCheck - Validating apidocs/zeus/generator/agent/TaskPanel.TaskToolBar.html
2003-11-13 12:47:27,312 INFO  org.apache.maven.linkcheck.LinkCheck - Validating apidocs/zeus/generator/AgentGenerator.AgentToolBar.html
2003-11-13 12:47:27,375 INFO  org.apache.maven.linkcheck.LinkCheck - Validating apidocs/zeus/generator/AgentGenerator.html
2003-11-13 12:47:27,531 INFO  org.apache.maven.linkcheck.LinkCheck - Validating apidocs/zeus/generator/AgentGenerator.OntologyToolBar.html
2003-11-13 12:47:27,593 INFO  org.apache.maven.linkcheck.LinkCheck - Validating apidocs/zeus/generator/AgentGenerator.ProjectToolBar.html
2003-11-13 12:47:27,656 INFO  org.apache.maven.linkcheck.LinkCheck - Validating apidocs/zeus/generator/AgentGenerator.SymWindow.html
2003-11-13 12:47:27,687 INFO  org.apache.maven.linkcheck.LinkCheck - Validating apidocs/zeus/generator/AgentGenerator.TaskToolBar.html
2003-11-13 12:47:27,765 INFO  org.apache.maven.linkcheck.LinkCheck - Validating apidocs/zeus/generator/AgentTableModel.html
2003-11-13 12:47:27,812 INFO  org.apache.maven.linkcheck.LinkCheck - Validating apidocs/zeus/generator/AgentTableUI.AgentTableCellEditor.html
2003-11-13 12:47:27,859 INFO  org.apache.maven.linkcheck.LinkCheck - Validating apidocs/zeus/generator/AgentTableUI.AgentTableCellRenderer.html
2003-11-13 12:47:27,921 INFO  org.apache.maven.linkcheck.LinkCheck - Validating apidocs/zeus/generator/AgentTableUI.html
2003-11-13 12:47:28,000 INFO  org.apache.maven.linkcheck.LinkCheck - Validating apidocs/zeus/generator/class-use/AgentGenerator.AgentToolBar.html
2003-11-13 12:47:28,000 INFO  org.apache.maven.linkcheck.LinkCheck - Validating apidocs/zeus/generator/class-use/AgentGenerator.html
2003-11-13 12:47:28,078 INFO  org.apache.maven.linkcheck.LinkCheck - Validating apidocs/zeus/generator/class-use/AgentGenerator.OntologyToolBar.html
2003-11-13 12:47:28,078 INFO  org.apache.maven.linkcheck.LinkCheck - Validating apidocs/zeus/generator/class-use/AgentGenerator.ProjectToolBar.html
2003-11-13 12:47:28,093 INFO  org.apache.maven.linkcheck.LinkCheck - Validating apidocs/zeus/generator/class-use/AgentGenerator.SymWindow.html
2003-11-13 12:47:28,109 INFO  org.apache.maven.linkcheck.LinkCheck - Validating apidocs/zeus/generator/class-use/AgentGenerator.TaskToolBar.html
2003-11-13 12:47:28,125 INFO  org.apache.maven.linkcheck.LinkCheck - Validating apidocs/zeus/generator/class-use/AgentTableModel.html
2003-11-13 12:47:28,140 INFO  org.apache.maven.linkcheck.LinkCheck - Validating apidocs/zeus/generator/class-use/AgentTableUI.AgentTableCellEditor.html
2003-11-13 12:47:28,156 INFO  org.apache.maven.linkcheck.LinkCheck - Validating apidocs/zeus/generator/class-use/AgentTableUI.AgentTableCellRenderer.html
2003-11-13 12:47:28,171 INFO  org.apache.maven.linkcheck.LinkCheck - Validating apidocs/zeus/generator/class-use/AgentTableUI.html
2003-11-13 12:47:28,203 INFO  org.apache.maven.linkcheck.LinkCheck - Validating apidocs/zeus/generator/class-use/FileHandler.html
2003-11-13 12:47:28,218 INFO  org.apache.maven.linkcheck.LinkCheck - Validating apidocs/zeus/generator/class-use/GeneratorModel.html
2003-11-13 12:47:28,343 INFO  org.apache.maven.linkcheck.LinkCheck - Validating apidocs/zeus/generator/class-use/SocietyEditor.html
2003-11-13 12:47:28,359 INFO  org.apache.maven.linkcheck.LinkCheck - Validating apidocs/zeus/generator/class-use/SocietyModel.html
2003-11-13 12:47:28,390 INFO  org.apache.maven.linkcheck.LinkCheck - Validating apidocs/zeus/generator/class-use/SocietyPanel.html
2003-11-13 12:47:28,406 INFO  org.apache.maven.linkcheck.LinkCheck - Validating apidocs/zeus/generator/class-use/SocietyPanel.NodesToolBar.html
2003-11-13 12:47:28,406 INFO  org.apache.maven.linkcheck.LinkCheck - Validating apidocs/zeus/generator/class-use/SocietyPanel.SoceityControlPanel.html
2003-11-13 12:47:28,421 INFO  org.apache.maven.linkcheck.LinkCheck - Validating apidocs/zeus/generator/class-use/SocietyPanel.SocietyNodeEditor.html
2003-11-13 12:47:28,437 INFO  org.apache.maven.linkcheck.LinkCheck - Validating apidocs/zeus/generator/class-use/SocietyPanel.SocietyNodeRenderer.html
2003-11-13 12:47:28,453 INFO  org.apache.maven.linkcheck.LinkCheck - Validating apidocs/zeus/generator/class-use/TaskTableModel.html
2003-11-13 12:47:28,468 INFO  org.apache.maven.linkcheck.LinkCheck - Validating apidocs/zeus/generator/class-use/TaskTableUI.html
2003-11-13 12:47:28,500 INFO  org.apache.maven.linkcheck.LinkCheck - Validating apidocs/zeus/generator/code/AgentInfo.html
2003-11-13 12:47:28,546 INFO  org.apache.maven.linkcheck.LinkCheck - Validating apidocs/zeus/generator/code/AgentModel.html
2003-11-13 12:47:28,609 INFO  org.apache.maven.linkcheck.LinkCheck - Validating apidocs/zeus/generator/code/AgentPanel.AgentToolBar.html
2003-11-13 12:47:28,671 INFO  org.apache.maven.linkcheck.LinkCheck - Validating apidocs/zeus/generator/code/AgentPanel.CheckBoxCellRenderer.html
2003-11-13 12:47:28,734 INFO  org.apache.maven.linkcheck.LinkCheck - Validating apidocs/zeus/generator/code/AgentPanel.html
2003-11-13 12:47:28,781 INFO  org.apache.maven.linkcheck.LinkCheck - Validating apidocs/zeus/generator/code/AgentPanel.IconEditor.html
2003-11-13 12:47:28,828 INFO  org.apache.maven.linkcheck.LinkCheck - Validating apidocs/zeus/generator/code/AgentPanel.IconRenderer.html
2003-11-13 12:47:28,890 INFO  org.apache.maven.linkcheck.LinkCheck - Validating apidocs/zeus/generator/code/AgentWriter.html
2003-11-13 12:47:28,921 INFO  org.apache.maven.linkcheck.LinkCheck - Validating apidocs/zeus/generator/code/class-use/AgentInfo.html
2003-11-13 12:47:28,953 INFO  org.apache.maven.linkcheck.LinkCheck - Validating apidocs/zeus/generator/code/class-use/AgentModel.html
2003-11-13 12:47:28,968 INFO  org.apache.maven.linkcheck.LinkCheck - Validating apidocs/zeus/generator/code/class-use/AgentPanel.AgentToolBar.html
2003-11-13 12:47:28,984 INFO  org.apache.maven.linkcheck.LinkCheck - Validating apidocs/zeus/generator/code/class-use/AgentPanel.CheckBoxCellRenderer.html
2003-11-13 12:47:29,000 INFO  org.apache.maven.linkcheck.LinkCheck - Validating apidocs/zeus/generator/code/class-use/AgentPanel.html
2003-11-13 12:47:29,015 INFO  org.apache.maven.linkcheck.LinkCheck - Validating apidocs/zeus/generator/code/class-use/AgentPanel.IconEditor.html
2003-11-13 12:47:29,031 INFO  org.apache.maven.linkcheck.LinkCheck - Validating apidocs/zeus/generator/code/class-use/AgentPanel.IconRenderer.html
2003-11-13 12:47:29,046 INFO  org.apache.maven.linkcheck.LinkCheck - Validating apidocs/zeus/generator/code/class-use/AgentWriter.html
2003-11-13 12:47:29,062 INFO  org.apache.maven.linkcheck.LinkCheck - Validating apidocs/zeus/generator/code/class-use/CodeGenerator.ControlPanel.html
2003-11-13 12:47:29,078 INFO  org.apache.maven.linkcheck.LinkCheck - Validating apidocs/zeus/generator/code/class-use/CodeGenerator.html
2003-11-13 12:47:29,093 INFO  org.apache.maven.linkcheck.LinkCheck - Validating apidocs/zeus/generator/code/class-use/DbProxyInfo.html
2003-11-13 12:47:29,125 INFO  org.apache.maven.linkcheck.LinkCheck - Validating apidocs/zeus/generator/code/class-use/DbProxyModel.html
2003-11-13 12:47:29,140 INFO  org.apache.maven.linkcheck.LinkCheck - Validating apidocs/zeus/generator/code/class-use/FacilitatorInfo.html
2003-11-13 12:47:29,171 INFO  org.apache.maven.linkcheck.LinkCheck - Validating apidocs/zeus/generator/code/class-use/FacilitatorModel.html
2003-11-13 12:47:29,187 INFO  org.apache.maven.linkcheck.LinkCheck - Validating apidocs/zeus/generator/code/class-use/GenerationInfo.html
2003-11-13 12:47:29,218 INFO  org.apache.maven.linkcheck.LinkCheck - Validating apidocs/zeus/generator/code/class-use/GenerationPanel.GenerationToolBar.html
2003-11-13 12:47:29,234 INFO  org.apache.maven.linkcheck.LinkCheck - Validating apidocs/zeus/generator/code/class-use/GenerationPanel.html
2003-11-13 12:47:29,250 INFO  org.apache.maven.linkcheck.LinkCheck - Validating apidocs/zeus/generator/code/class-use/GenerationPlan.html
2003-11-13 12:47:29,312 INFO  org.apache.maven.linkcheck.LinkCheck - Validating apidocs/zeus/generator/code/class-use/GenerationTableModel.html
2003-11-13 12:47:29,343 INFO  org.apache.maven.linkcheck.LinkCheck - Validating apidocs/zeus/generator/code/class-use/NameserverInfo.html
2003-11-13 12:47:29,359 INFO  org.apache.maven.linkcheck.LinkCheck - Validating apidocs/zeus/generator/code/class-use/NameserverModel.html
2003-11-13 12:47:29,375 INFO  org.apache.maven.linkcheck.LinkCheck - Validating apidocs/zeus/generator/code/class-use/ScriptWriter.html
2003-11-13 12:47:29,390 INFO  org.apache.maven.linkcheck.LinkCheck - Validating apidocs/zeus/generator/code/class-use/TaskInfo.html
2003-11-13 12:47:29,421 INFO  org.apache.maven.linkcheck.LinkCheck - Validating apidocs/zeus/generator/code/class-use/TaskModel.html
2003-11-13 12:47:29,437 INFO  org.apache.maven.linkcheck.LinkCheck - Validating apidocs/zeus/generator/code/class-use/TaskPanel.CheckBoxCellRenderer.html
2003-11-13 12:47:29,453 INFO  org.apache.maven.linkcheck.LinkCheck - Validating apidocs/zeus/generator/code/class-use/TaskPanel.html
2003-11-13 12:47:29,468 INFO  org.apache.maven.linkcheck.LinkCheck - Validating apidocs/zeus/generator/code/class-use/TaskPanel.TaskToolBar.html
2003-11-13 12:47:29,484 INFO  org.apache.maven.linkcheck.LinkCheck - Validating apidocs/zeus/generator/code/class-use/TaskWriter.html
2003-11-13 12:47:29,500 INFO  org.apache.maven.linkcheck.LinkCheck - Validating apidocs/zeus/generator/code/class-use/UtilityModel.html
2003-11-13 12:47:29,531 INFO  org.apache.maven.linkcheck.LinkCheck - Validating apidocs/zeus/generator/code/class-use/UtilityPanel.CheckBoxCellRenderer.html
2003-11-13 12:47:29,546 INFO  org.apache.maven.linkcheck.LinkCheck - Validating apidocs/zeus/generator/code/class-use/UtilityPanel.html
2003-11-13 12:47:29,562 INFO  org.apache.maven.linkcheck.LinkCheck - Validating apidocs/zeus/generator/code/class-use/UtilityPanel.UtilityToolBar.html
2003-11-13 12:47:29,578 INFO  org.apache.maven.linkcheck.LinkCheck - Validating apidocs/zeus/generator/code/class-use/VisualiserInfo.html
2003-11-13 12:47:29,609 INFO  org.apache.maven.linkcheck.LinkCheck - Validating apidocs/zeus/generator/code/class-use/VisualiserModel.html
2003-11-13 12:47:29,625 INFO  org.apache.maven.linkcheck.LinkCheck - Validating apidocs/zeus/generator/code/class-use/Writer.html
2003-11-13 12:47:29,640 INFO  org.apache.maven.linkcheck.LinkCheck - Validating apidocs/zeus/generator/code/CodeGenerator.ControlPanel.html
2003-11-13 12:47:29,703 INFO  org.apache.maven.linkcheck.LinkCheck - Validating apidocs/zeus/generator/code/CodeGenerator.html
2003-11-13 12:47:29,796 INFO  org.apache.maven.linkcheck.LinkCheck - Validating apidocs/zeus/generator/code/DbProxyInfo.html
2003-11-13 12:47:29,828 INFO  org.apache.maven.linkcheck.LinkCheck - Validating apidocs/zeus/generator/code/DbProxyModel.html
2003-11-13 12:47:29,890 INFO  org.apache.maven.linkcheck.LinkCheck - Validating apidocs/zeus/generator/code/FacilitatorInfo.html
2003-11-13 12:47:29,937 INFO  org.apache.maven.linkcheck.LinkCheck - Validating apidocs/zeus/generator/code/FacilitatorModel.html
2003-11-13 12:47:30,000 INFO  org.apache.maven.linkcheck.LinkCheck - Validating apidocs/zeus/generator/code/GenerationInfo.html
2003-11-13 12:47:30,062 INFO  org.apache.maven.linkcheck.LinkCheck - Validating apidocs/zeus/generator/code/GenerationPanel.GenerationToolBar.html
2003-11-13 12:47:30,125 INFO  org.apache.maven.linkcheck.LinkCheck - Validating apidocs/zeus/generator/code/GenerationPanel.html
2003-11-13 12:47:30,203 INFO  org.apache.maven.linkcheck.LinkCheck - Validating apidocs/zeus/generator/code/GenerationPlan.html
2003-11-13 12:47:30,343 INFO  org.apache.maven.linkcheck.LinkCheck - Validating apidocs/zeus/generator/code/GenerationTableModel.html
2003-11-13 12:47:30,406 INFO  org.apache.maven.linkcheck.LinkCheck - Validating apidocs/zeus/generator/code/NameserverInfo.html
2003-11-13 12:47:30,453 INFO  org.apache.maven.linkcheck.LinkCheck - Validating apidocs/zeus/generator/code/NameserverModel.html
2003-11-13 12:47:30,515 INFO  org.apache.maven.linkcheck.LinkCheck - Validating apidocs/zeus/generator/code/package-frame.html
2003-11-13 12:47:30,531 INFO  org.apache.maven.linkcheck.LinkCheck - Validating apidocs/zeus/generator/code/package-summary.html
2003-11-13 12:47:30,562 INFO  org.apache.maven.linkcheck.LinkCheck - Validating apidocs/zeus/generator/code/package-tree.html
2003-11-13 12:47:30,593 INFO  org.apache.maven.linkcheck.LinkCheck - Validating apidocs/zeus/generator/code/package-use.html
2003-11-13 12:47:30,625 INFO  org.apache.maven.linkcheck.LinkCheck - Validating apidocs/zeus/generator/code/ScriptWriter.html
2003-11-13 12:47:30,671 INFO  org.apache.maven.linkcheck.LinkCheck - Validating apidocs/zeus/generator/code/TaskInfo.html
2003-11-13 12:47:30,718 INFO  org.apache.maven.linkcheck.LinkCheck - Validating apidocs/zeus/generator/code/TaskModel.html
2003-11-13 12:47:30,765 INFO  org.apache.maven.linkcheck.LinkCheck - Validating apidocs/zeus/generator/code/TaskPanel.CheckBoxCellRenderer.html
2003-11-13 12:47:30,828 INFO  org.apache.maven.linkcheck.LinkCheck - Validating apidocs/zeus/generator/code/TaskPanel.html
2003-11-13 12:47:30,890 INFO  org.apache.maven.linkcheck.LinkCheck - Validating apidocs/zeus/generator/code/TaskPanel.TaskToolBar.html
2003-11-13 12:47:30,937 INFO  org.apache.maven.linkcheck.LinkCheck - Validating apidocs/zeus/generator/code/TaskWriter.html
2003-11-13 12:47:30,984 INFO  org.apache.maven.linkcheck.LinkCheck - Validating apidocs/zeus/generator/code/UtilityModel.html
2003-11-13 12:47:31,031 INFO  org.apache.maven.linkcheck.LinkCheck - Validating apidocs/zeus/generator/code/UtilityPanel.CheckBoxCellRenderer.html
2003-11-13 12:47:31,093 INFO  org.apache.maven.linkcheck.LinkCheck - Validating apidocs/zeus/generator/code/UtilityPanel.html
2003-11-13 12:47:31,156 INFO  org.apache.maven.linkcheck.LinkCheck - Validating apidocs/zeus/generator/code/UtilityPanel.UtilityToolBar.html
2003-11-13 12:47:31,218 INFO  org.apache.maven.linkcheck.LinkCheck - Validating apidocs/zeus/generator/code/VisualiserInfo.html
2003-11-13 12:47:31,265 INFO  org.apache.maven.linkcheck.LinkCheck - Validating apidocs/zeus/generator/code/VisualiserModel.html
2003-11-13 12:47:31,328 INFO  org.apache.maven.linkcheck.LinkCheck - Validating apidocs/zeus/generator/code/Writer.html
2003-11-13 12:47:31,375 INFO  org.apache.maven.linkcheck.LinkCheck - Validating apidocs/zeus/generator/event/AgentChangeEvent.html
2003-11-13 12:47:31,406 INFO  org.apache.maven.linkcheck.LinkCheck - Validating apidocs/zeus/generator/event/AgentListener.html
2003-11-13 12:47:31,421 INFO  org.apache.maven.linkcheck.LinkCheck - Validating apidocs/zeus/generator/event/class-use/AgentChangeEvent.html
2003-11-13 12:47:31,453 INFO  org.apache.maven.linkcheck.LinkCheck - Validating apidocs/zeus/generator/event/class-use/AgentListener.html
2003-11-13 12:47:31,484 INFO  org.apache.maven.linkcheck.LinkCheck - Validating apidocs/zeus/generator/event/class-use/FactModelEvent.html
2003-11-13 12:47:31,500 INFO  org.apache.maven.linkcheck.LinkCheck - Validating apidocs/zeus/generator/event/class-use/FactModelListener.html
2003-11-13 12:47:31,515 INFO  org.apache.maven.linkcheck.LinkCheck - Validating apidocs/zeus/generator/event/class-use/LinkNodeSelectionEvent.html
2003-11-13 12:47:31,546 INFO  org.apache.maven.linkcheck.LinkCheck - Validating apidocs/zeus/generator/event/class-use/LinkNodeSelectionListener.html
2003-11-13 12:47:31,562 INFO  org.apache.maven.linkcheck.LinkCheck - Validating apidocs/zeus/generator/event/class-use/LinkRootSelectionEvent.html
2003-11-13 12:47:31,593 INFO  org.apache.maven.linkcheck.LinkCheck - Validating apidocs/zeus/generator/event/class-use/LinkRootSelectionListener.html
2003-11-13 12:47:31,609 INFO  org.apache.maven.linkcheck.LinkCheck - Validating apidocs/zeus/generator/event/class-use/RenameEvent.html
2003-11-13 12:47:31,640 INFO  org.apache.maven.linkcheck.LinkCheck - Validating apidocs/zeus/generator/event/class-use/RenameListener.html
2003-11-13 12:47:31,687 INFO  org.apache.maven.linkcheck.LinkCheck - Validating apidocs/zeus/generator/event/class-use/TaskChangeEvent.html
2003-11-13 12:47:31,718 INFO  org.apache.maven.linkcheck.LinkCheck - Validating apidocs/zeus/generator/event/class-use/TaskListener.html
2003-11-13 12:47:31,734 INFO  org.apache.maven.linkcheck.LinkCheck - Validating apidocs/zeus/generator/event/FactModelEvent.html
2003-11-13 12:47:31,781 INFO  org.apache.maven.linkcheck.LinkCheck - Validating apidocs/zeus/generator/event/FactModelListener.html
2003-11-13 12:47:31,796 INFO  org.apache.maven.linkcheck.LinkCheck - Validating apidocs/zeus/generator/event/LinkNodeSelectionEvent.html
2003-11-13 12:47:31,843 INFO  org.apache.maven.linkcheck.LinkCheck - Validating apidocs/zeus/generator/event/LinkNodeSelectionListener.html
2003-11-13 12:47:31,859 INFO  org.apache.maven.linkcheck.LinkCheck - Validating apidocs/zeus/generator/event/LinkRootSelectionEvent.html
2003-11-13 12:47:31,890 INFO  org.apache.maven.linkcheck.LinkCheck - Validating apidocs/zeus/generator/event/LinkRootSelectionListener.html
2003-11-13 12:47:31,921 INFO  org.apache.maven.linkcheck.LinkCheck - Validating apidocs/zeus/generator/event/package-frame.html
2003-11-13 12:47:31,921 INFO  org.apache.maven.linkcheck.LinkCheck - Validating apidocs/zeus/generator/event/package-summary.html
2003-11-13 12:47:31,953 INFO  org.apache.maven.linkcheck.LinkCheck - Validating apidocs/zeus/generator/event/package-tree.html
2003-11-13 12:47:31,968 INFO  org.apache.maven.linkcheck.LinkCheck - Validating apidocs/zeus/generator/event/package-use.html
2003-11-13 12:47:32,000 INFO  org.apache.maven.linkcheck.LinkCheck - Validating apidocs/zeus/generator/event/RenameEvent.html
2003-11-13 12:47:32,031 INFO  org.apache.maven.linkcheck.LinkCheck - Validating apidocs/zeus/generator/event/RenameListener.html
2003-11-13 12:47:32,062 INFO  org.apache.maven.linkcheck.LinkCheck - Validating apidocs/zeus/generator/event/TaskChangeEvent.html
2003-11-13 12:47:32,093 INFO  org.apache.maven.linkcheck.LinkCheck - Validating apidocs/zeus/generator/event/TaskListener.html
2003-11-13 12:47:32,125 INFO  org.apache.maven.linkcheck.LinkCheck - Validating apidocs/zeus/generator/FileHandler.html
2003-11-13 12:47:32,218 INFO  org.apache.maven.linkcheck.LinkCheck - Validating apidocs/zeus/generator/GeneratorModel.html
2003-11-13 12:47:32,359 INFO  org.apache.maven.linkcheck.LinkCheck - Validating apidocs/zeus/generator/package-frame.html
2003-11-13 12:47:32,359 INFO  org.apache.maven.linkcheck.LinkCheck - Validating apidocs/zeus/generator/package-summary.html
2003-11-13 12:47:32,390 INFO  org.apache.maven.linkcheck.LinkCheck - Validating apidocs/zeus/generator/package-tree.html
2003-11-13 12:47:32,406 INFO  org.apache.maven.linkcheck.LinkCheck - Validating apidocs/zeus/generator/package-use.html
2003-11-13 12:47:32,453 INFO  org.apache.maven.linkcheck.LinkCheck - Validating apidocs/zeus/generator/SocietyEditor.html
2003-11-13 12:47:32,500 INFO  org.apache.maven.linkcheck.LinkCheck - Validating apidocs/zeus/generator/SocietyModel.html
2003-11-13 12:47:32,593 INFO  org.apache.maven.linkcheck.LinkCheck - Validating apidocs/zeus/generator/SocietyPanel.html
2003-11-13 12:47:32,656 INFO  org.apache.maven.linkcheck.LinkCheck - Validating apidocs/zeus/generator/SocietyPanel.NodesToolBar.html
2003-11-13 12:47:32,718 INFO  org.apache.maven.linkcheck.LinkCheck - Validating apidocs/zeus/generator/SocietyPanel.SoceityControlPanel.html
2003-11-13 12:47:32,781 INFO  org.apache.maven.linkcheck.LinkCheck - Validating apidocs/zeus/generator/SocietyPanel.SocietyNodeEditor.html
2003-11-13 12:47:32,812 INFO  org.apache.maven.linkcheck.LinkCheck - Validating apidocs/zeus/generator/SocietyPanel.SocietyNodeRenderer.html
2003-11-13 12:47:32,843 INFO  org.apache.maven.linkcheck.LinkCheck - Validating apidocs/zeus/generator/task/class-use/ConditionsPanel.html
2003-11-13 12:47:32,859 INFO  org.apache.maven.linkcheck.LinkCheck - Validating apidocs/zeus/generator/task/class-use/ConditionsPanel.SymFocusAction.html
2003-11-13 12:47:32,875 INFO  org.apache.maven.linkcheck.LinkCheck - Validating apidocs/zeus/generator/task/class-use/ConditionsPanel.SymMouseAction.html
2003-11-13 12:47:32,890 INFO  org.apache.maven.linkcheck.LinkCheck - Validating apidocs/zeus/generator/task/class-use/ConditionsPanel.SymRenameAction.html
2003-11-13 12:47:32,906 INFO  org.apache.maven.linkcheck.LinkCheck - Validating apidocs/zeus/generator/task/class-use/ConstraintsModel.html
2003-11-13 12:47:32,921 INFO  org.apache.maven.linkcheck.LinkCheck - Validating apidocs/zeus/generator/task/class-use/ConstraintsPanel.ConstraintsToolBar.html
2003-11-13 12:47:32,937 INFO  org.apache.maven.linkcheck.LinkCheck - Validating apidocs/zeus/generator/task/class-use/ConstraintsPanel.html
2003-11-13 12:47:32,953 INFO  org.apache.maven.linkcheck.LinkCheck - Validating apidocs/zeus/generator/task/class-use/ConstraintsPanel.OrderingCellEditor.html
2003-11-13 12:47:32,968 INFO  org.apache.maven.linkcheck.LinkCheck - Validating apidocs/zeus/generator/task/class-use/ConstraintsPanel.OrderingToolBar.html
2003-11-13 12:47:32,984 INFO  org.apache.maven.linkcheck.LinkCheck - Validating apidocs/zeus/generator/task/class-use/ConstraintsPanel.SymMouseAction.html
2003-11-13 12:47:33,000 INFO  org.apache.maven.linkcheck.LinkCheck - Validating apidocs/zeus/generator/task/class-use/GroupManager.html
2003-11-13 12:47:33,031 INFO  org.apache.maven.linkcheck.LinkCheck - Validating apidocs/zeus/generator/task/class-use/InformationPanel.html
2003-11-13 12:47:33,046 INFO  org.apache.maven.linkcheck.LinkCheck - Validating apidocs/zeus/generator/task/class-use/NodesPanel.html
2003-11-13 12:47:33,062 INFO  org.apache.maven.linkcheck.LinkCheck - Validating apidocs/zeus/generator/task/class-use/NodesPanel.NodesToolBar.html
2003-11-13 12:47:33,078 INFO  org.apache.maven.linkcheck.LinkCheck - Validating apidocs/zeus/generator/task/class-use/NodesPanel.SummaryTaskNodeRenderer.html
2003-11-13 12:47:33,093 INFO  org.apache.maven.linkcheck.LinkCheck - Validating apidocs/zeus/generator/task/class-use/NodesPanel.SymFocusAction.html
2003-11-13 12:47:33,109 INFO  org.apache.maven.linkcheck.LinkCheck - Validating apidocs/zeus/generator/task/class-use/NodesPanel.SymMouseAction.html
2003-11-13 12:47:33,125 INFO  org.apache.maven.linkcheck.LinkCheck - Validating apidocs/zeus/generator/task/class-use/NodesPanel.SymRenameAction.html
2003-11-13 12:47:33,140 INFO  org.apache.maven.linkcheck.LinkCheck - Validating apidocs/zeus/generator/task/class-use/OrderingDialog.html
2003-11-13 12:47:33,156 INFO  org.apache.maven.linkcheck.LinkCheck - Validating apidocs/zeus/generator/task/class-use/OrderingModel.html
2003-11-13 12:47:33,171 INFO  org.apache.maven.linkcheck.LinkCheck - Validating apidocs/zeus/generator/task/class-use/OrderingSelector.html
2003-11-13 12:47:33,203 INFO  org.apache.maven.linkcheck.LinkCheck - Validating apidocs/zeus/generator/task/class-use/SummaryTaskModel.html
2003-11-13 12:47:33,218 INFO  org.apache.maven.linkcheck.LinkCheck - Validating apidocs/zeus/generator/task/class-use/SummaryTaskNodeEditor.html
2003-11-13 12:47:33,250 INFO  org.apache.maven.linkcheck.LinkCheck - Validating apidocs/zeus/generator/task/class-use/SummaryTaskNodeEditorDialog.html
2003-11-13 12:47:33,265 INFO  org.apache.maven.linkcheck.LinkCheck - Validating apidocs/zeus/generator/task/class-use/SymBasicFactModel.html
2003-11-13 12:47:33,281 INFO  org.apache.maven.linkcheck.LinkCheck - Validating apidocs/zeus/generator/task/class-use/TaskEditor.html
2003-11-13 12:47:33,296 INFO  org.apache.maven.linkcheck.LinkCheck - Validating apidocs/zeus/generator/task/class-use/TaskEditor.SymChangeListener.html
2003-11-13 12:47:33,312 INFO  org.apache.maven.linkcheck.LinkCheck - Validating apidocs/zeus/generator/task/class-use/TaskLinkBaseTreeModel.html
2003-11-13 12:47:33,343 INFO  org.apache.maven.linkcheck.LinkCheck - Validating apidocs/zeus/generator/task/class-use/TaskLinkBaseTreePanel.html
2003-11-13 12:47:33,343 INFO  org.apache.maven.linkcheck.LinkCheck - Validating apidocs/zeus/generator/task/class-use/TaskLinkBaseTreePanel.SymSelectAction.html
2003-11-13 12:47:33,359 INFO  org.apache.maven.linkcheck.LinkCheck - Validating apidocs/zeus/generator/task/class-use/TaskLinkMainTreeModel.html
2003-11-13 12:47:33,390 INFO  org.apache.maven.linkcheck.LinkCheck - Validating apidocs/zeus/generator/task/class-use/TaskLinkMainTreePanel.html
2003-11-13 12:47:33,406 INFO  org.apache.maven.linkcheck.LinkCheck - Validating apidocs/zeus/generator/task/class-use/TaskLinkMainTreePanel.SymSelectAction.html
2003-11-13 12:47:33,406 INFO  org.apache.maven.linkcheck.LinkCheck - Validating apidocs/zeus/generator/task/class-use/TaskLinkModel.html
2003-11-13 12:47:33,437 INFO  org.apache.maven.linkcheck.LinkCheck - Validating apidocs/zeus/generator/task/class-use/TaskLinkPanel.html
2003-11-13 12:47:33,453 INFO  org.apache.maven.linkcheck.LinkCheck - Validating apidocs/zeus/generator/task/class-use/TaskLinkPanel.TaskLinkToolBar.html
2003-11-13 12:47:33,468 INFO  org.apache.maven.linkcheck.LinkCheck - Validating apidocs/zeus/generator/task/class-use/TaskNodePanel.GroupToolBar.html
2003-11-13 12:47:33,484 INFO  org.apache.maven.linkcheck.LinkCheck - Validating apidocs/zeus/generator/task/class-use/TaskNodePanel.html
2003-11-13 12:47:33,500 INFO  org.apache.maven.linkcheck.LinkCheck - Validating apidocs/zeus/generator/task/class-use/TaskNodePanel.SymFocusAction.html
2003-11-13 12:47:33,515 INFO  org.apache.maven.linkcheck.LinkCheck - Validating apidocs/zeus/generator/task/class-use/TaskNodePanel.SymRenameAction.html
2003-11-13 12:47:33,531 INFO  org.apache.maven.linkcheck.LinkCheck - Validating apidocs/zeus/generator/task/ConditionsPanel.html
2003-11-13 12:47:33,593 INFO  org.apache.maven.linkcheck.LinkCheck - Validating apidocs/zeus/generator/task/ConditionsPanel.SymFocusAction.html
2003-11-13 12:47:33,625 INFO  org.apache.maven.linkcheck.LinkCheck - Validating apidocs/zeus/generator/task/ConditionsPanel.SymMouseAction.html
2003-11-13 12:47:33,671 INFO  org.apache.maven.linkcheck.LinkCheck - Validating apidocs/zeus/generator/task/ConditionsPanel.SymRenameAction.html
2003-11-13 12:47:33,703 INFO  org.apache.maven.linkcheck.LinkCheck - Validating apidocs/zeus/generator/task/ConstraintsModel.html
2003-11-13 12:47:33,765 INFO  org.apache.maven.linkcheck.LinkCheck - Validating apidocs/zeus/generator/task/ConstraintsPanel.ConstraintsToolBar.html
2003-11-13 12:47:33,828 INFO  org.apache.maven.linkcheck.LinkCheck - Validating apidocs/zeus/generator/task/ConstraintsPanel.html
2003-11-13 12:47:33,906 INFO  org.apache.maven.linkcheck.LinkCheck - Validating apidocs/zeus/generator/task/ConstraintsPanel.OrderingCellEditor.html
2003-11-13 12:47:33,937 INFO  org.apache.maven.linkcheck.LinkCheck - Validating apidocs/zeus/generator/task/ConstraintsPanel.OrderingToolBar.html
2003-11-13 12:47:34,000 INFO  org.apache.maven.linkcheck.LinkCheck - Validating apidocs/zeus/generator/task/ConstraintsPanel.SymMouseAction.html
2003-11-13 12:47:34,046 INFO  org.apache.maven.linkcheck.LinkCheck - Validating apidocs/zeus/generator/task/GroupManager.html
2003-11-13 12:47:34,109 INFO  org.apache.maven.linkcheck.LinkCheck - Validating apidocs/zeus/generator/task/InformationPanel.html
2003-11-13 12:47:34,187 INFO  org.apache.maven.linkcheck.LinkCheck - Validating apidocs/zeus/generator/task/NodesPanel.html
2003-11-13 12:47:34,281 INFO  org.apache.maven.linkcheck.LinkCheck - Validating apidocs/zeus/generator/task/NodesPanel.NodesToolBar.html
2003-11-13 12:47:34,343 INFO  org.apache.maven.linkcheck.LinkCheck - Validating apidocs/zeus/generator/task/NodesPanel.SummaryTaskNodeRenderer.html
2003-11-13 12:47:34,375 INFO  org.apache.maven.linkcheck.LinkCheck - Validating apidocs/zeus/generator/task/NodesPanel.SymFocusAction.html
2003-11-13 12:47:34,406 INFO  org.apache.maven.linkcheck.LinkCheck - Validating apidocs/zeus/generator/task/NodesPanel.SymMouseAction.html
2003-11-13 12:47:34,453 INFO  org.apache.maven.linkcheck.LinkCheck - Validating apidocs/zeus/generator/task/NodesPanel.SymRenameAction.html
2003-11-13 12:47:34,468 INFO  org.apache.maven.linkcheck.LinkCheck - Validating apidocs/zeus/generator/task/OrderingDialog.html
2003-11-13 12:47:34,546 INFO  org.apache.maven.linkcheck.LinkCheck - Validating apidocs/zeus/generator/task/OrderingModel.html
2003-11-13 12:47:34,625 INFO  org.apache.maven.linkcheck.LinkCheck - Validating apidocs/zeus/generator/task/OrderingSelector.html
2003-11-13 12:47:34,640 INFO  org.apache.maven.linkcheck.LinkCheck - Validating apidocs/zeus/generator/task/package-frame.html
2003-11-13 12:47:34,656 INFO  org.apache.maven.linkcheck.LinkCheck - Validating apidocs/zeus/generator/task/package-summary.html
2003-11-13 12:47:34,671 INFO  org.apache.maven.linkcheck.LinkCheck - Validating apidocs/zeus/generator/task/package-tree.html
2003-11-13 12:47:34,718 INFO  org.apache.maven.linkcheck.LinkCheck - Validating apidocs/zeus/generator/task/package-use.html
2003-11-13 12:47:34,750 INFO  org.apache.maven.linkcheck.LinkCheck - Validating apidocs/zeus/generator/task/rulebase/class-use/FactPanel.html
2003-11-13 12:47:34,765 INFO  org.apache.maven.linkcheck.LinkCheck - Validating apidocs/zeus/generator/task/rulebase/class-use/Rule.html
2003-11-13 12:47:34,796 INFO  org.apache.maven.linkcheck.LinkCheck - Validating apidocs/zeus/generator/task/rulebase/class-use/RuleModel.html
2003-11-13 12:47:34,812 INFO  org.apache.maven.linkcheck.LinkCheck - Validating apidocs/zeus/generator/task/rulebase/class-use/RuleUI.html
2003-11-13 12:47:34,828 INFO  org.apache.maven.linkcheck.LinkCheck - Validating apidocs/zeus/generator/task/rulebase/class-use/RuleUI.RuleToolBar.html
2003-11-13 12:47:34,843 INFO  org.apache.maven.linkcheck.LinkCheck - Validating apidocs/zeus/generator/task/rulebase/FactPanel.html
2003-11-13 12:47:34,921 INFO  org.apache.maven.linkcheck.LinkCheck - Validating apidocs/zeus/generator/task/rulebase/package-frame.html
2003-11-13 12:47:34,921 INFO  org.apache.maven.linkcheck.LinkCheck - Validating apidocs/zeus/generator/task/rulebase/package-summary.html
2003-11-13 12:47:34,937 INFO  org.apache.maven.linkcheck.LinkCheck - Validating apidocs/zeus/generator/task/rulebase/package-tree.html
2003-11-13 12:47:34,953 INFO  org.apache.maven.linkcheck.LinkCheck - Validating apidocs/zeus/generator/task/rulebase/package-use.html
2003-11-13 12:47:34,984 INFO  org.apache.maven.linkcheck.LinkCheck - Validating apidocs/zeus/generator/task/rulebase/Rule.html
2003-11-13 12:47:35,046 INFO  org.apache.maven.linkcheck.LinkCheck - Validating apidocs/zeus/generator/task/rulebase/RuleModel.html
2003-11-13 12:47:35,109 INFO  org.apache.maven.linkcheck.LinkCheck - Validating apidocs/zeus/generator/task/rulebase/RuleUI.html
2003-11-13 12:47:35,250 INFO  org.apache.maven.linkcheck.LinkCheck - Validating apidocs/zeus/generator/task/rulebase/RuleUI.RuleToolBar.html
2003-11-13 12:47:35,296 INFO  org.apache.maven.linkcheck.LinkCheck - Validating apidocs/zeus/generator/task/SummaryTaskModel.html
2003-11-13 12:47:35,390 INFO  org.apache.maven.linkcheck.LinkCheck - Validating apidocs/zeus/generator/task/SummaryTaskNodeEditor.html
2003-11-13 12:47:35,437 INFO  org.apache.maven.linkcheck.LinkCheck - Validating apidocs/zeus/generator/task/SummaryTaskNodeEditorDialog.html
2003-11-13 12:47:35,515 INFO  org.apache.maven.linkcheck.LinkCheck - Validating apidocs/zeus/generator/task/SymBasicFactModel.html
2003-11-13 12:47:35,562 INFO  org.apache.maven.linkcheck.LinkCheck - Validating apidocs/zeus/generator/task/TaskEditor.html
2003-11-13 12:47:35,671 INFO  org.apache.maven.linkcheck.LinkCheck - Validating apidocs/zeus/generator/task/TaskEditor.SymChangeListener.html
2003-11-13 12:47:35,687 INFO  org.apache.maven.linkcheck.LinkCheck - Validating apidocs/zeus/generator/task/TaskLinkBaseTreeModel.html
2003-11-13 12:47:35,765 INFO  org.apache.maven.linkcheck.LinkCheck - Validating apidocs/zeus/generator/task/TaskLinkBaseTreePanel.html
2003-11-13 12:47:35,843 INFO  org.apache.maven.linkcheck.LinkCheck - Validating apidocs/zeus/generator/task/TaskLinkBaseTreePanel.SymSelectAction.html
2003-11-13 12:47:35,859 INFO  org.apache.maven.linkcheck.LinkCheck - Validating apidocs/zeus/generator/task/TaskLinkMainTreeModel.html
2003-11-13 12:47:35,921 INFO  org.apache.maven.linkcheck.LinkCheck - Validating apidocs/zeus/generator/task/TaskLinkMainTreePanel.html
2003-11-13 12:47:36,000 INFO  org.apache.maven.linkcheck.LinkCheck - Validating apidocs/zeus/generator/task/TaskLinkMainTreePanel.SymSelectAction.html
2003-11-13 12:47:36,015 INFO  org.apache.maven.linkcheck.LinkCheck - Validating apidocs/zeus/generator/task/TaskLinkModel.html
2003-11-13 12:47:36,109 INFO  org.apache.maven.linkcheck.LinkCheck - Validating apidocs/zeus/generator/task/TaskLinkPanel.html
2003-11-13 12:47:36,187 INFO  org.apache.maven.linkcheck.LinkCheck - Validating apidocs/zeus/generator/task/TaskLinkPanel.TaskLinkToolBar.html
2003-11-13 12:47:36,250 INFO  org.apache.maven.linkcheck.LinkCheck - Validating apidocs/zeus/generator/task/TaskNodePanel.GroupToolBar.html
2003-11-13 12:47:36,312 INFO  org.apache.maven.linkcheck.LinkCheck - Validating apidocs/zeus/generator/task/TaskNodePanel.html
2003-11-13 12:47:36,406 INFO  org.apache.maven.linkcheck.LinkCheck - Validating apidocs/zeus/generator/task/TaskNodePanel.SymFocusAction.html
2003-11-13 12:47:36,453 INFO  org.apache.maven.linkcheck.LinkCheck - Validating apidocs/zeus/generator/task/TaskNodePanel.SymRenameAction.html
2003-11-13 12:47:36,468 INFO  org.apache.maven.linkcheck.LinkCheck - Validating apidocs/zeus/generator/TaskTableModel.html
2003-11-13 12:47:36,531 INFO  org.apache.maven.linkcheck.LinkCheck - Validating apidocs/zeus/generator/TaskTableUI.html
2003-11-13 12:47:36,593 INFO  org.apache.maven.linkcheck.LinkCheck - Validating apidocs/zeus/generator/util/AttributeDialog.html
2003-11-13 12:47:36,671 INFO  org.apache.maven.linkcheck.LinkCheck - Validating apidocs/zeus/generator/util/AttributeModel.html
2003-11-13 12:47:36,750 INFO  org.apache.maven.linkcheck.LinkCheck - Validating apidocs/zeus/generator/util/AttributeSelector.html
2003-11-13 12:47:36,765 INFO  org.apache.maven.linkcheck.LinkCheck - Validating apidocs/zeus/generator/util/AttributeTable.html
2003-11-13 12:47:36,828 INFO  org.apache.maven.linkcheck.LinkCheck - Validating apidocs/zeus/generator/util/AttributeTable.SymMouseAction.html
2003-11-13 12:47:36,859 INFO  org.apache.maven.linkcheck.LinkCheck - Validating apidocs/zeus/generator/util/AttributeTreeModel.html
2003-11-13 12:47:36,921 INFO  org.apache.maven.linkcheck.LinkCheck - Validating apidocs/zeus/generator/util/BasicFactModel.html
2003-11-13 12:47:36,953 INFO  org.apache.maven.linkcheck.LinkCheck - Validating apidocs/zeus/generator/util/class-use/AttributeDialog.html
2003-11-13 12:47:36,984 INFO  org.apache.maven.linkcheck.LinkCheck - Validating apidocs/zeus/generator/util/class-use/AttributeModel.html
2003-11-13 12:47:37,031 INFO  org.apache.maven.linkcheck.LinkCheck - Validating apidocs/zeus/generator/util/class-use/AttributeSelector.html
2003-11-13 12:47:37,062 INFO  org.apache.maven.linkcheck.LinkCheck - Validating apidocs/zeus/generator/util/class-use/AttributeTable.html
2003-11-13 12:47:37,093 INFO  org.apache.maven.linkcheck.LinkCheck - Validating apidocs/zeus/generator/util/class-use/AttributeTable.SymMouseAction.html
2003-11-13 12:47:37,109 INFO  org.apache.maven.linkcheck.LinkCheck - Validating apidocs/zeus/generator/util/class-use/AttributeTreeModel.html
2003-11-13 12:47:37,140 INFO  org.apache.maven.linkcheck.LinkCheck - Validating apidocs/zeus/generator/util/class-use/BasicFactModel.html
2003-11-13 12:47:37,187 INFO  org.apache.maven.linkcheck.LinkCheck - Validating apidocs/zeus/generator/util/class-use/ControlPanel.html
2003-11-13 12:47:37,203 INFO  org.apache.maven.linkcheck.LinkCheck - Validating apidocs/zeus/generator/util/class-use/Editor.html
2003-11-13 12:47:37,234 INFO  org.apache.maven.linkcheck.LinkCheck - Validating apidocs/zeus/generator/util/class-use/FactDialog.html
2003-11-13 12:47:37,265 INFO  org.apache.maven.linkcheck.LinkCheck - Validating apidocs/zeus/generator/util/class-use/FactModel.html
2003-11-13 12:47:37,312 INFO  org.apache.maven.linkcheck.LinkCheck - Validating apidocs/zeus/generator/util/class-use/FactModifier.html
2003-11-13 12:47:37,328 INFO  org.apache.maven.linkcheck.LinkCheck - Validating apidocs/zeus/generator/util/class-use/FactPanel.FactInstanceEditor.html
2003-11-13 12:47:37,359 INFO  org.apache.maven.linkcheck.LinkCheck - Validating apidocs/zeus/generator/util/class-use/FactPanel.FactModifiersCellRenderer.html
2003-11-13 12:47:37,375 INFO  org.apache.maven.linkcheck.LinkCheck - Validating apidocs/zeus/generator/util/class-use/FactPanel.FactModifiersEditor.html
2003-11-13 12:47:37,390 INFO  org.apache.maven.linkcheck.LinkCheck - Validating apidocs/zeus/generator/util/class-use/FactPanel.FactToolBar.html
2003-11-13 12:47:37,406 INFO  org.apache.maven.linkcheck.LinkCheck - Validating apidocs/zeus/generator/util/class-use/FactPanel.html
2003-11-13 12:47:37,421 INFO  org.apache.maven.linkcheck.LinkCheck - Validating apidocs/zeus/generator/util/class-use/FactPanel.SymListAction.html
2003-11-13 12:47:37,437 INFO  org.apache.maven.linkcheck.LinkCheck - Validating apidocs/zeus/generator/util/class-use/FactSelector.html
2003-11-13 12:47:37,468 INFO  org.apache.maven.linkcheck.LinkCheck - Validating apidocs/zeus/generator/util/class-use/HashtableModel.html
2003-11-13 12:47:37,484 INFO  org.apache.maven.linkcheck.LinkCheck - Validating apidocs/zeus/generator/util/class-use/HashtablePanel.HashtableToolBar.html
2003-11-13 12:47:37,500 INFO  org.apache.maven.linkcheck.LinkCheck - Validating apidocs/zeus/generator/util/class-use/HashtablePanel.html
2003-11-13 12:47:37,515 INFO  org.apache.maven.linkcheck.LinkCheck - Validating apidocs/zeus/generator/util/class-use/ModifierDialog.html
2003-11-13 12:47:37,546 INFO  org.apache.maven.linkcheck.LinkCheck - Validating apidocs/zeus/generator/util/class-use/ParameterChooser.html
2003-11-13 12:47:37,562 INFO  org.apache.maven.linkcheck.LinkCheck - Validating apidocs/zeus/generator/util/class-use/ParameterDialog.html
2003-11-13 12:47:37,578 INFO  org.apache.maven.linkcheck.LinkCheck - Validating apidocs/zeus/generator/util/ControlPanel.html
2003-11-13 12:47:37,640 INFO  org.apache.maven.linkcheck.LinkCheck - Validating apidocs/zeus/generator/util/Editor.html
2003-11-13 12:47:37,671 INFO  org.apache.maven.linkcheck.LinkCheck - Validating apidocs/zeus/generator/util/FactDialog.html
2003-11-13 12:47:37,734 INFO  org.apache.maven.linkcheck.LinkCheck - Validating apidocs/zeus/generator/util/FactModel.html
2003-11-13 12:47:37,859 INFO  org.apache.maven.linkcheck.LinkCheck - Validating apidocs/zeus/generator/util/FactModifier.html
2003-11-13 12:47:37,875 INFO  org.apache.maven.linkcheck.LinkCheck - Validating apidocs/zeus/generator/util/FactPanel.FactInstanceEditor.html
2003-11-13 12:47:37,921 INFO  org.apache.maven.linkcheck.LinkCheck - Validating apidocs/zeus/generator/util/FactPanel.FactModifiersCellRenderer.html
2003-11-13 12:47:37,968 INFO  org.apache.maven.linkcheck.LinkCheck - Validating apidocs/zeus/generator/util/FactPanel.FactModifiersEditor.html
2003-11-13 12:47:38,015 INFO  org.apache.maven.linkcheck.LinkCheck - Validating apidocs/zeus/generator/util/FactPanel.FactToolBar.html
2003-11-13 12:47:38,093 INFO  org.apache.maven.linkcheck.LinkCheck - Validating apidocs/zeus/generator/util/FactPanel.html
2003-11-13 12:47:38,203 INFO  org.apache.maven.linkcheck.LinkCheck - Validating apidocs/zeus/generator/util/FactPanel.SymListAction.html
2003-11-13 12:47:38,218 INFO  org.apache.maven.linkcheck.LinkCheck - Validating apidocs/zeus/generator/util/FactSelector.html
2003-11-13 12:47:38,250 INFO  org.apache.maven.linkcheck.LinkCheck - Validating apidocs/zeus/generator/util/HashtableModel.html
2003-11-13 12:47:38,296 INFO  org.apache.maven.linkcheck.LinkCheck - Validating apidocs/zeus/generator/util/HashtablePanel.HashtableToolBar.html
2003-11-13 12:47:38,359 INFO  org.apache.maven.linkcheck.LinkCheck - Validating apidocs/zeus/generator/util/HashtablePanel.html
2003-11-13 12:47:38,421 INFO  org.apache.maven.linkcheck.LinkCheck - Validating apidocs/zeus/generator/util/ModifierDialog.html
2003-11-13 12:47:38,515 INFO  org.apache.maven.linkcheck.LinkCheck - Validating apidocs/zeus/generator/util/package-frame.html
2003-11-13 12:47:38,515 INFO  org.apache.maven.linkcheck.LinkCheck - Validating apidocs/zeus/generator/util/package-summary.html
2003-11-13 12:47:38,546 INFO  org.apache.maven.linkcheck.LinkCheck - Validating apidocs/zeus/generator/util/package-tree.html
2003-11-13 12:47:38,578 INFO  org.apache.maven.linkcheck.LinkCheck - Validating apidocs/zeus/generator/util/package-use.html
2003-11-13 12:47:38,609 INFO  org.apache.maven.linkcheck.LinkCheck - Validating apidocs/zeus/generator/util/ParameterChooser.html
2003-11-13 12:47:38,625 INFO  org.apache.maven.linkcheck.LinkCheck - Validating apidocs/zeus/generator/util/ParameterDialog.html
2003-11-13 12:47:38,703 INFO  org.apache.maven.linkcheck.LinkCheck - Validating apidocs/zeus/gui/class-use/ColorManager.html
2003-11-13 12:47:38,718 INFO  org.apache.maven.linkcheck.LinkCheck - Validating apidocs/zeus/gui/class-use/DoubleSelectionDialog.html
2003-11-13 12:47:38,734 INFO  org.apache.maven.linkcheck.LinkCheck - Validating apidocs/zeus/gui/class-use/EditableDoubleSelectionDialog.html
2003-11-13 12:47:38,750 INFO  org.apache.maven.linkcheck.LinkCheck - Validating apidocs/zeus/gui/class-use/EditableMultipleSelectionDialog.html
2003-11-13 12:47:38,796 INFO  org.apache.maven.linkcheck.LinkCheck - Validating apidocs/zeus/gui/class-use/EditableSingleSelectionDialog.html
2003-11-13 12:47:38,812 INFO  org.apache.maven.linkcheck.LinkCheck - Validating apidocs/zeus/gui/class-use/MultipleSelectionDialog.html
2003-11-13 12:47:38,828 INFO  org.apache.maven.linkcheck.LinkCheck - Validating apidocs/zeus/gui/class-use/NumberDialog.html
2003-11-13 12:47:38,859 INFO  org.apache.maven.linkcheck.LinkCheck - Validating apidocs/zeus/gui/class-use/SingleSelectionDialog.html
2003-11-13 12:47:38,875 INFO  org.apache.maven.linkcheck.LinkCheck - Validating apidocs/zeus/gui/ColorManager.html
2003-11-13 12:47:38,906 INFO  org.apache.maven.linkcheck.LinkCheck - Validating apidocs/zeus/gui/dialog/class-use/IAcquaintanceUI.html
2003-11-13 12:47:38,921 INFO  org.apache.maven.linkcheck.LinkCheck - Validating apidocs/zeus/gui/dialog/class-use/IBrowseFact.html
2003-11-13 12:47:38,937 INFO  org.apache.maven.linkcheck.LinkCheck - Validating apidocs/zeus/gui/dialog/class-use/IBrowseGoal.html
2003-11-13 12:47:38,937 INFO  org.apache.maven.linkcheck.LinkCheck - Validating apidocs/zeus/gui/dialog/class-use/IBrowseTask.html
2003-11-13 12:47:38,953 INFO  org.apache.maven.linkcheck.LinkCheck - Validating apidocs/zeus/gui/dialog/class-use/IDoCommandUI.html
2003-11-13 12:47:38,968 INFO  org.apache.maven.linkcheck.LinkCheck - Validating apidocs/zeus/gui/dialog/class-use/IFactUI.html
2003-11-13 12:47:38,984 INFO  org.apache.maven.linkcheck.LinkCheck - Validating apidocs/zeus/gui/dialog/class-use/ITaskUI.html
2003-11-13 12:47:39,000 INFO  org.apache.maven.linkcheck.LinkCheck - Validating apidocs/zeus/gui/dialog/IAcquaintanceUI.html
2003-11-13 12:47:39,031 INFO  org.apache.maven.linkcheck.LinkCheck - Validating apidocs/zeus/gui/dialog/IBrowseFact.html
2003-11-13 12:47:39,046 INFO  org.apache.maven.linkcheck.LinkCheck - Validating apidocs/zeus/gui/dialog/IBrowseGoal.html
2003-11-13 12:47:39,078 INFO  org.apache.maven.linkcheck.LinkCheck - Validating apidocs/zeus/gui/dialog/IBrowseTask.html
2003-11-13 12:47:39,093 INFO  org.apache.maven.linkcheck.LinkCheck - Validating apidocs/zeus/gui/dialog/IDoCommandUI.html
2003-11-13 12:47:39,125 INFO  org.apache.maven.linkcheck.LinkCheck - Validating apidocs/zeus/gui/dialog/IFactUI.html
2003-11-13 12:47:39,140 INFO  org.apache.maven.linkcheck.LinkCheck - Validating apidocs/zeus/gui/dialog/ITaskUI.html
2003-11-13 12:47:39,171 INFO  org.apache.maven.linkcheck.LinkCheck - Validating apidocs/zeus/gui/dialog/package-frame.html
2003-11-13 12:47:39,171 INFO  org.apache.maven.linkcheck.LinkCheck - Validating apidocs/zeus/gui/dialog/package-summary.html
2003-11-13 12:47:39,187 INFO  org.apache.maven.linkcheck.LinkCheck - Validating apidocs/zeus/gui/dialog/package-tree.html
2003-11-13 12:47:39,203 INFO  org.apache.maven.linkcheck.LinkCheck - Validating apidocs/zeus/gui/dialog/package-use.html
2003-11-13 12:47:39,218 INFO  org.apache.maven.linkcheck.LinkCheck - Validating apidocs/zeus/gui/DoubleSelectionDialog.html
2003-11-13 12:47:39,296 INFO  org.apache.maven.linkcheck.LinkCheck - Validating apidocs/zeus/gui/EditableDoubleSelectionDialog.html
2003-11-13 12:47:39,390 INFO  org.apache.maven.linkcheck.LinkCheck - Validating apidocs/zeus/gui/EditableMultipleSelectionDialog.html
2003-11-13 12:47:39,468 INFO  org.apache.maven.linkcheck.LinkCheck - Validating apidocs/zeus/gui/EditableSingleSelectionDialog.html
2003-11-13 12:47:39,546 INFO  org.apache.maven.linkcheck.LinkCheck - Validating apidocs/zeus/gui/editors/class-use/ExpressionCellEditor.html
2003-11-13 12:47:39,562 INFO  org.apache.maven.linkcheck.LinkCheck - Validating apidocs/zeus/gui/editors/class-use/ValidatingCellRenderer.html
2003-11-13 12:47:39,578 INFO  org.apache.maven.linkcheck.LinkCheck - Validating apidocs/zeus/gui/editors/class-use/ValidatingModel.html
2003-11-13 12:47:39,625 INFO  org.apache.maven.linkcheck.LinkCheck - Validating apidocs/zeus/gui/editors/ExpressionCellEditor.html
2003-11-13 12:47:39,671 INFO  org.apache.maven.linkcheck.LinkCheck - Validating apidocs/zeus/gui/editors/package-frame.html
2003-11-13 12:47:39,671 INFO  org.apache.maven.linkcheck.LinkCheck - Validating apidocs/zeus/gui/editors/package-summary.html
2003-11-13 12:47:39,687 INFO  org.apache.maven.linkcheck.LinkCheck - Validating apidocs/zeus/gui/editors/package-tree.html
2003-11-13 12:47:39,703 INFO  org.apache.maven.linkcheck.LinkCheck - Validating apidocs/zeus/gui/editors/package-use.html
2003-11-13 12:47:39,734 INFO  org.apache.maven.linkcheck.LinkCheck - Validating apidocs/zeus/gui/editors/ValidatingCellRenderer.html
2003-11-13 12:47:39,796 INFO  org.apache.maven.linkcheck.LinkCheck - Validating apidocs/zeus/gui/editors/ValidatingModel.html
2003-11-13 12:47:39,828 INFO  org.apache.maven.linkcheck.LinkCheck - Validating apidocs/zeus/gui/fields/class-use/LargeTextField.html
2003-11-13 12:47:39,859 INFO  org.apache.maven.linkcheck.LinkCheck - Validating apidocs/zeus/gui/fields/class-use/LargeTextField.LargeTextFieldDocument.html
2003-11-13 12:47:39,859 INFO  org.apache.maven.linkcheck.LinkCheck - Validating apidocs/zeus/gui/fields/class-use/NameField.html
2003-11-13 12:47:39,890 INFO  org.apache.maven.linkcheck.LinkCheck - Validating apidocs/zeus/gui/fields/class-use/NameField.NameFieldDocument.html
2003-11-13 12:47:39,906 INFO  org.apache.maven.linkcheck.LinkCheck - Validating apidocs/zeus/gui/fields/class-use/RealNumberField.html
2003-11-13 12:47:39,937 INFO  org.apache.maven.linkcheck.LinkCheck - Validating apidocs/zeus/gui/fields/class-use/RealNumberField.RealNumberFieldDocument.html
2003-11-13 12:47:39,953 INFO  org.apache.maven.linkcheck.LinkCheck - Validating apidocs/zeus/gui/fields/class-use/WholeNumberField.html
2003-11-13 12:47:39,984 INFO  org.apache.maven.linkcheck.LinkCheck - Validating apidocs/zeus/gui/fields/class-use/WholeNumberField.WholeNumberFieldDocument.html
2003-11-13 12:47:40,000 INFO  org.apache.maven.linkcheck.LinkCheck - Validating apidocs/zeus/gui/fields/LargeTextField.html
2003-11-13 12:47:40,078 INFO  org.apache.maven.linkcheck.LinkCheck - Validating apidocs/zeus/gui/fields/LargeTextField.LargeTextFieldDocument.html
2003-11-13 12:47:40,125 INFO  org.apache.maven.linkcheck.LinkCheck - Validating apidocs/zeus/gui/fields/NameField.html
2003-11-13 12:47:40,203 INFO  org.apache.maven.linkcheck.LinkCheck - Validating apidocs/zeus/gui/fields/NameField.NameFieldDocument.html
2003-11-13 12:47:40,234 INFO  org.apache.maven.linkcheck.LinkCheck - Validating apidocs/zeus/gui/fields/package-frame.html
2003-11-13 12:47:40,234 INFO  org.apache.maven.linkcheck.LinkCheck - Validating apidocs/zeus/gui/fields/package-summary.html
2003-11-13 12:47:40,250 INFO  org.apache.maven.linkcheck.LinkCheck - Validating apidocs/zeus/gui/fields/package-tree.html
2003-11-13 12:47:40,281 INFO  org.apache.maven.linkcheck.LinkCheck - Validating apidocs/zeus/gui/fields/package-use.html
2003-11-13 12:47:40,296 INFO  org.apache.maven.linkcheck.LinkCheck - Validating apidocs/zeus/gui/fields/RealNumberField.html
2003-11-13 12:47:40,406 INFO  org.apache.maven.linkcheck.LinkCheck - Validating apidocs/zeus/gui/fields/RealNumberField.RealNumberFieldDocument.html
2003-11-13 12:47:40,437 INFO  org.apache.maven.linkcheck.LinkCheck - Validating apidocs/zeus/gui/fields/WholeNumberField.html
2003-11-13 12:47:40,546 INFO  org.apache.maven.linkcheck.LinkCheck - Validating apidocs/zeus/gui/fields/WholeNumberField.WholeNumberFieldDocument.html
2003-11-13 12:47:40,578 INFO  org.apache.maven.linkcheck.LinkCheck - Validating apidocs/zeus/gui/graph/AbstractGraphModel.html
2003-11-13 12:47:40,640 INFO  org.apache.maven.linkcheck.LinkCheck - Validating apidocs/zeus/gui/graph/AbstractGraphNodeEditor.html
2003-11-13 12:47:40,687 INFO  org.apache.maven.linkcheck.LinkCheck - Validating apidocs/zeus/gui/graph/BulletinLayout.html
2003-11-13 12:47:40,718 INFO  org.apache.maven.linkcheck.LinkCheck - Validating apidocs/zeus/gui/graph/class-use/AbstractGraphModel.html
2003-11-13 12:47:40,750 INFO  org.apache.maven.linkcheck.LinkCheck - Validating apidocs/zeus/gui/graph/class-use/AbstractGraphNodeEditor.html
2003-11-13 12:47:40,781 INFO  org.apache.maven.linkcheck.LinkCheck - Validating apidocs/zeus/gui/graph/class-use/BulletinLayout.html
2003-11-13 12:47:40,796 INFO  org.apache.maven.linkcheck.LinkCheck - Validating apidocs/zeus/gui/graph/class-use/DefaultGraphNodeEditor.html
2003-11-13 12:47:40,812 INFO  org.apache.maven.linkcheck.LinkCheck - Validating apidocs/zeus/gui/graph/class-use/DefaultGraphNodeEditor.SymAction.html
2003-11-13 12:47:40,828 INFO  org.apache.maven.linkcheck.LinkCheck - Validating apidocs/zeus/gui/graph/class-use/DefaultGraphNodeRenderer.html
2003-11-13 12:47:40,843 INFO  org.apache.maven.linkcheck.LinkCheck - Validating apidocs/zeus/gui/graph/class-use/Graph.html
2003-11-13 12:47:40,906 INFO  org.apache.maven.linkcheck.LinkCheck - Validating apidocs/zeus/gui/graph/class-use/GraphIcon.html
2003-11-13 12:47:40,937 INFO  org.apache.maven.linkcheck.LinkCheck - Validating apidocs/zeus/gui/graph/class-use/GraphIconEvent.html
2003-11-13 12:47:40,968 INFO  org.apache.maven.linkcheck.LinkCheck - Validating apidocs/zeus/gui/graph/class-use/GraphIconListener.html
2003-11-13 12:47:40,984 INFO  org.apache.maven.linkcheck.LinkCheck - Validating apidocs/zeus/gui/graph/class-use/GraphModel.html
2003-11-13 12:47:41,031 INFO  org.apache.maven.linkcheck.LinkCheck - Validating apidocs/zeus/gui/graph/class-use/GraphModelEvent.html
2003-11-13 12:47:41,046 INFO  org.apache.maven.linkcheck.LinkCheck - Validating apidocs/zeus/gui/graph/class-use/GraphModelListener.html
2003-11-13 12:47:41,078 INFO  org.apache.maven.linkcheck.LinkCheck - Validating apidocs/zeus/gui/graph/class-use/GraphNode.html
2003-11-13 12:47:41,265 INFO  org.apache.maven.linkcheck.LinkCheck - Validating apidocs/zeus/gui/graph/class-use/GraphNodeEditor.html
2003-11-13 12:47:41,312 INFO  org.apache.maven.linkcheck.LinkCheck - Validating apidocs/zeus/gui/graph/class-use/GraphNodeEditorEvent.html
2003-11-13 12:47:41,328 INFO  org.apache.maven.linkcheck.LinkCheck - Validating apidocs/zeus/gui/graph/class-use/GraphNodeEditorListener.html
2003-11-13 12:47:41,343 INFO  org.apache.maven.linkcheck.LinkCheck - Validating apidocs/zeus/gui/graph/class-use/GraphNodeRenderer.html
2003-11-13 12:47:41,390 INFO  org.apache.maven.linkcheck.LinkCheck - Validating apidocs/zeus/gui/graph/class-use/MovePanel.html
2003-11-13 12:47:41,406 INFO  org.apache.maven.linkcheck.LinkCheck - Validating apidocs/zeus/gui/graph/class-use/SelectPanel.html
2003-11-13 12:47:41,421 INFO  org.apache.maven.linkcheck.LinkCheck - Validating apidocs/zeus/gui/graph/DefaultGraphNodeEditor.html
2003-11-13 12:47:41,453 INFO  org.apache.maven.linkcheck.LinkCheck - Validating apidocs/zeus/gui/graph/DefaultGraphNodeEditor.SymAction.html
2003-11-13 12:47:41,484 INFO  org.apache.maven.linkcheck.LinkCheck - Validating apidocs/zeus/gui/graph/DefaultGraphNodeRenderer.html
2003-11-13 12:47:41,515 INFO  org.apache.maven.linkcheck.LinkCheck - Validating apidocs/zeus/gui/graph/Graph.html
2003-11-13 12:47:41,734 INFO  org.apache.maven.linkcheck.LinkCheck - Validating apidocs/zeus/gui/graph/GraphIcon.html
2003-11-13 12:47:41,843 INFO  org.apache.maven.linkcheck.LinkCheck - Validating apidocs/zeus/gui/graph/GraphIconEvent.html
2003-11-13 12:47:41,890 INFO  org.apache.maven.linkcheck.LinkCheck - Validating apidocs/zeus/gui/graph/GraphIconListener.html
2003-11-13 12:47:41,921 INFO  org.apache.maven.linkcheck.LinkCheck - Validating apidocs/zeus/gui/graph/GraphModel.html
2003-11-13 12:47:41,953 INFO  org.apache.maven.linkcheck.LinkCheck - Validating apidocs/zeus/gui/graph/GraphModelEvent.html
2003-11-13 12:47:41,984 INFO  org.apache.maven.linkcheck.LinkCheck - Validating apidocs/zeus/gui/graph/GraphModelListener.html
2003-11-13 12:47:42,015 INFO  org.apache.maven.linkcheck.LinkCheck - Validating apidocs/zeus/gui/graph/GraphNode.html
2003-11-13 12:47:42,078 INFO  org.apache.maven.linkcheck.LinkCheck - Validating apidocs/zeus/gui/graph/GraphNodeEditor.html
2003-11-13 12:47:42,109 INFO  org.apache.maven.linkcheck.LinkCheck - Validating apidocs/zeus/gui/graph/GraphNodeEditorEvent.html
2003-11-13 12:47:42,140 INFO  org.apache.maven.linkcheck.LinkCheck - Validating apidocs/zeus/gui/graph/GraphNodeEditorListener.html
2003-11-13 12:47:42,171 INFO  org.apache.maven.linkcheck.LinkCheck - Validating apidocs/zeus/gui/graph/GraphNodeRenderer.html
2003-11-13 12:47:42,187 INFO  org.apache.maven.linkcheck.LinkCheck - Validating apidocs/zeus/gui/graph/MovePanel.html
2003-11-13 12:47:42,250 INFO  org.apache.maven.linkcheck.LinkCheck - Validating apidocs/zeus/gui/graph/package-frame.html
2003-11-13 12:47:42,265 INFO  org.apache.maven.linkcheck.LinkCheck - Validating apidocs/zeus/gui/graph/package-summary.html
2003-11-13 12:47:42,281 INFO  org.apache.maven.linkcheck.LinkCheck - Validating apidocs/zeus/gui/graph/package-tree.html
2003-11-13 12:47:42,312 INFO  org.apache.maven.linkcheck.LinkCheck - Validating apidocs/zeus/gui/graph/package-use.html
2003-11-13 12:47:42,359 INFO  org.apache.maven.linkcheck.LinkCheck - Validating apidocs/zeus/gui/graph/SelectPanel.html
2003-11-13 12:47:42,468 INFO  org.apache.maven.linkcheck.LinkCheck - Validating apidocs/zeus/gui/help/class-use/HelpWindow.HelpToolBar.html
2003-11-13 12:47:42,484 INFO  org.apache.maven.linkcheck.LinkCheck - Validating apidocs/zeus/gui/help/class-use/HelpWindow.html
2003-11-13 12:47:42,546 INFO  org.apache.maven.linkcheck.LinkCheck - Validating apidocs/zeus/gui/help/class-use/HelpWindow.HWHandler.html
2003-11-13 12:47:42,562 INFO  org.apache.maven.linkcheck.LinkCheck - Validating apidocs/zeus/gui/help/class-use/HtmlPanel.html
2003-11-13 12:47:42,593 INFO  org.apache.maven.linkcheck.LinkCheck - Validating apidocs/zeus/gui/help/class-use/HtmlPanel.PageLoader.html
2003-11-13 12:47:42,593 INFO  org.apache.maven.linkcheck.LinkCheck - Validating apidocs/zeus/gui/help/HelpWindow.HelpToolBar.html
2003-11-13 12:47:42,656 INFO  org.apache.maven.linkcheck.LinkCheck - Validating apidocs/zeus/gui/help/HelpWindow.html
2003-11-13 12:47:42,718 INFO  org.apache.maven.linkcheck.LinkCheck - Validating apidocs/zeus/gui/help/HelpWindow.HWHandler.html
2003-11-13 12:47:42,750 INFO  org.apache.maven.linkcheck.LinkCheck - Validating apidocs/zeus/gui/help/HtmlPanel.html
2003-11-13 12:47:42,796 INFO  org.apache.maven.linkcheck.LinkCheck - Validating apidocs/zeus/gui/help/HtmlPanel.PageLoader.html
2003-11-13 12:47:42,828 INFO  org.apache.maven.linkcheck.LinkCheck - Validating apidocs/zeus/gui/help/package-frame.html
2003-11-13 12:47:42,843 INFO  org.apache.maven.linkcheck.LinkCheck - Validating apidocs/zeus/gui/help/package-summary.html
2003-11-13 12:47:42,859 INFO  org.apache.maven.linkcheck.LinkCheck - Validating apidocs/zeus/gui/help/package-tree.html
2003-11-13 12:47:42,875 INFO  org.apache.maven.linkcheck.LinkCheck - Validating apidocs/zeus/gui/help/package-use.html
2003-11-13 12:47:42,906 INFO  org.apache.maven.linkcheck.LinkCheck - Validating apidocs/zeus/gui/MultipleSelectionDialog.html
2003-11-13 12:47:42,984 INFO  org.apache.maven.linkcheck.LinkCheck - Validating apidocs/zeus/gui/NumberDialog.html
2003-11-13 12:47:43,062 INFO  org.apache.maven.linkcheck.LinkCheck - Validating apidocs/zeus/gui/package-frame.html
2003-11-13 12:47:43,078 INFO  org.apache.maven.linkcheck.LinkCheck - Validating apidocs/zeus/gui/package-summary.html
2003-11-13 12:47:43,093 INFO  org.apache.maven.linkcheck.LinkCheck - Validating apidocs/zeus/gui/package-tree.html
2003-11-13 12:47:43,109 INFO  org.apache.maven.linkcheck.LinkCheck - Validating apidocs/zeus/gui/package-use.html
2003-11-13 12:47:43,140 INFO  org.apache.maven.linkcheck.LinkCheck - Validating apidocs/zeus/gui/SingleSelectionDialog.html
2003-11-13 12:47:43,218 INFO  org.apache.maven.linkcheck.LinkCheck - Validating apidocs/zeus/ontology/attributes/AttributeTableModel.html
2003-11-13 12:47:43,281 INFO  org.apache.maven.linkcheck.LinkCheck - Validating apidocs/zeus/ontology/attributes/AttributeTablePanel.AttributeToolBar.html
2003-11-13 12:47:43,359 INFO  org.apache.maven.linkcheck.LinkCheck - Validating apidocs/zeus/ontology/attributes/AttributeTablePanel.html
2003-11-13 12:47:43,437 INFO  org.apache.maven.linkcheck.LinkCheck - Validating apidocs/zeus/ontology/attributes/AttributeTablePanel.NameCellRenderer.html
2003-11-13 12:47:43,484 INFO  org.apache.maven.linkcheck.LinkCheck - Validating apidocs/zeus/ontology/attributes/AttributeTablePanel.TypeCellEditor.html
2003-11-13 12:47:43,531 INFO  org.apache.maven.linkcheck.LinkCheck - Validating apidocs/zeus/ontology/attributes/class-use/AttributeTableModel.html
2003-11-13 12:47:43,562 INFO  org.apache.maven.linkcheck.LinkCheck - Validating apidocs/zeus/ontology/attributes/class-use/AttributeTablePanel.AttributeToolBar.html
2003-11-13 12:47:43,578 INFO  org.apache.maven.linkcheck.LinkCheck - Validating apidocs/zeus/ontology/attributes/class-use/AttributeTablePanel.html
2003-11-13 12:47:43,593 INFO  org.apache.maven.linkcheck.LinkCheck - Validating apidocs/zeus/ontology/attributes/class-use/AttributeTablePanel.NameCellRenderer.html
2003-11-13 12:47:43,609 INFO  org.apache.maven.linkcheck.LinkCheck - Validating apidocs/zeus/ontology/attributes/class-use/AttributeTablePanel.TypeCellEditor.html
2003-11-13 12:47:43,625 INFO  org.apache.maven.linkcheck.LinkCheck - Validating apidocs/zeus/ontology/attributes/package-frame.html
2003-11-13 12:47:43,625 INFO  org.apache.maven.linkcheck.LinkCheck - Validating apidocs/zeus/ontology/attributes/package-summary.html
2003-11-13 12:47:43,640 INFO  org.apache.maven.linkcheck.LinkCheck - Validating apidocs/zeus/ontology/attributes/package-tree.html
2003-11-13 12:47:43,656 INFO  org.apache.maven.linkcheck.LinkCheck - Validating apidocs/zeus/ontology/attributes/package-use.html
2003-11-13 12:47:43,687 INFO  org.apache.maven.linkcheck.LinkCheck - Validating apidocs/zeus/ontology/class-use/OntologyEditor.html
2003-11-13 12:47:43,703 INFO  org.apache.maven.linkcheck.LinkCheck - Validating apidocs/zeus/ontology/class-use/OntologyEditor.SymAction.html
2003-11-13 12:47:43,718 INFO  org.apache.maven.linkcheck.LinkCheck - Validating apidocs/zeus/ontology/class-use/OntologyEditor.SymWindow.html
2003-11-13 12:47:43,734 INFO  org.apache.maven.linkcheck.LinkCheck - Validating apidocs/zeus/ontology/class-use/SchemaWriter.html
2003-11-13 12:47:43,750 INFO  org.apache.maven.linkcheck.LinkCheck - Validating apidocs/zeus/ontology/class-use/TypeDialog.html
2003-11-13 12:47:43,765 INFO  org.apache.maven.linkcheck.LinkCheck - Validating apidocs/zeus/ontology/class-use/TypeSelector.html
2003-11-13 12:47:43,796 INFO  org.apache.maven.linkcheck.LinkCheck - Validating apidocs/zeus/ontology/class-use/TypesHandler.html
2003-11-13 12:47:43,812 INFO  org.apache.maven.linkcheck.LinkCheck - Validating apidocs/zeus/ontology/class-use/TypeTreeModel.html
2003-11-13 12:47:43,828 INFO  org.apache.maven.linkcheck.LinkCheck - Validating apidocs/zeus/ontology/database/class-use/ColumnsTableModel.html
2003-11-13 12:47:43,859 INFO  org.apache.maven.linkcheck.LinkCheck - Validating apidocs/zeus/ontology/database/class-use/ColumnsTableUI.html
2003-11-13 12:47:43,875 INFO  org.apache.maven.linkcheck.LinkCheck - Validating apidocs/zeus/ontology/database/class-use/ColumnsTableUI.SymListAction.html
2003-11-13 12:47:43,890 INFO  org.apache.maven.linkcheck.LinkCheck - Validating apidocs/zeus/ontology/database/class-use/DatabasePane.html
2003-11-13 12:47:43,906 INFO  org.apache.maven.linkcheck.LinkCheck - Validating apidocs/zeus/ontology/database/class-use/TablesTableModel.html
2003-11-13 12:47:43,937 INFO  org.apache.maven.linkcheck.LinkCheck - Validating apidocs/zeus/ontology/database/class-use/TablesTableUI.html
2003-11-13 12:47:43,953 INFO  org.apache.maven.linkcheck.LinkCheck - Validating apidocs/zeus/ontology/database/class-use/TablesTableUI.SymListAction.html
2003-11-13 12:47:43,968 INFO  org.apache.maven.linkcheck.LinkCheck - Validating apidocs/zeus/ontology/database/ColumnsTableModel.html
2003-11-13 12:47:44,015 INFO  org.apache.maven.linkcheck.LinkCheck - Validating apidocs/zeus/ontology/database/ColumnsTableUI.html
2003-11-13 12:47:44,078 INFO  org.apache.maven.linkcheck.LinkCheck - Validating apidocs/zeus/ontology/database/ColumnsTableUI.SymListAction.html
2003-11-13 12:47:44,109 INFO  org.apache.maven.linkcheck.LinkCheck - Validating apidocs/zeus/ontology/database/DatabasePane.html
2003-11-13 12:47:44,187 INFO  org.apache.maven.linkcheck.LinkCheck - Validating apidocs/zeus/ontology/database/package-frame.html
2003-11-13 12:47:44,203 INFO  org.apache.maven.linkcheck.LinkCheck - Validating apidocs/zeus/ontology/database/package-summary.html
2003-11-13 12:47:44,218 INFO  org.apache.maven.linkcheck.LinkCheck - Validating apidocs/zeus/ontology/database/package-tree.html
2003-11-13 12:47:44,234 INFO  org.apache.maven.linkcheck.LinkCheck - Validating apidocs/zeus/ontology/database/package-use.html
2003-11-13 12:47:44,250 INFO  org.apache.maven.linkcheck.LinkCheck - Validating apidocs/zeus/ontology/database/TablesTableModel.html
2003-11-13 12:47:44,296 INFO  org.apache.maven.linkcheck.LinkCheck - Validating apidocs/zeus/ontology/database/TablesTableUI.html
2003-11-13 12:47:44,359 INFO  org.apache.maven.linkcheck.LinkCheck - Validating apidocs/zeus/ontology/database/TablesTableUI.SymListAction.html
2003-11-13 12:47:44,390 INFO  org.apache.maven.linkcheck.LinkCheck - Validating apidocs/zeus/ontology/facts/class-use/FactTreeModel.html
2003-11-13 12:47:44,406 INFO  org.apache.maven.linkcheck.LinkCheck - Validating apidocs/zeus/ontology/facts/class-use/FactTreePane.FactTreeToolBar.html
2003-11-13 12:47:44,421 INFO  org.apache.maven.linkcheck.LinkCheck - Validating apidocs/zeus/ontology/facts/class-use/FactTreePane.html
2003-11-13 12:47:44,437 INFO  org.apache.maven.linkcheck.LinkCheck - Validating apidocs/zeus/ontology/facts/class-use/FactTreeUI.FactCellEditor.html
2003-11-13 12:47:44,453 INFO  org.apache.maven.linkcheck.LinkCheck - Validating apidocs/zeus/ontology/facts/class-use/FactTreeUI.html
2003-11-13 12:47:44,484 INFO  org.apache.maven.linkcheck.LinkCheck - Validating apidocs/zeus/ontology/facts/class-use/FactTreeUI.SymSelectAction.html
2003-11-13 12:47:44,500 INFO  org.apache.maven.linkcheck.LinkCheck - Validating apidocs/zeus/ontology/facts/FactTreeModel.html
2003-11-13 12:47:44,546 INFO  org.apache.maven.linkcheck.LinkCheck - Validating apidocs/zeus/ontology/facts/FactTreePane.FactTreeToolBar.html
2003-11-13 12:47:44,609 INFO  org.apache.maven.linkcheck.LinkCheck - Validating apidocs/zeus/ontology/facts/FactTreePane.html
2003-11-13 12:47:44,671 INFO  org.apache.maven.linkcheck.LinkCheck - Validating apidocs/zeus/ontology/facts/FactTreeUI.FactCellEditor.html
2003-11-13 12:47:44,703 INFO  org.apache.maven.linkcheck.LinkCheck - Validating apidocs/zeus/ontology/facts/FactTreeUI.html
2003-11-13 12:47:44,781 INFO  org.apache.maven.linkcheck.LinkCheck - Validating apidocs/zeus/ontology/facts/FactTreeUI.SymSelectAction.html
2003-11-13 12:47:44,812 INFO  org.apache.maven.linkcheck.LinkCheck - Validating apidocs/zeus/ontology/facts/package-frame.html
2003-11-13 12:47:44,812 INFO  org.apache.maven.linkcheck.LinkCheck - Validating apidocs/zeus/ontology/facts/package-summary.html
2003-11-13 12:47:44,828 INFO  org.apache.maven.linkcheck.LinkCheck - Validating apidocs/zeus/ontology/facts/package-tree.html
2003-11-13 12:47:44,859 INFO  org.apache.maven.linkcheck.LinkCheck - Validating apidocs/zeus/ontology/facts/package-use.html
2003-11-13 12:47:44,875 INFO  org.apache.maven.linkcheck.LinkCheck - Validating apidocs/zeus/ontology/OntologyEditor.html
2003-11-13 12:47:44,984 INFO  org.apache.maven.linkcheck.LinkCheck - Validating apidocs/zeus/ontology/OntologyEditor.SymAction.html
2003-11-13 12:47:45,015 INFO  org.apache.maven.linkcheck.LinkCheck - Validating apidocs/zeus/ontology/OntologyEditor.SymWindow.html
2003-11-13 12:47:45,046 INFO  org.apache.maven.linkcheck.LinkCheck - Validating apidocs/zeus/ontology/package-frame.html
2003-11-13 12:47:45,046 INFO  org.apache.maven.linkcheck.LinkCheck - Validating apidocs/zeus/ontology/package-summary.html
2003-11-13 12:47:45,062 INFO  org.apache.maven.linkcheck.LinkCheck - Validating apidocs/zeus/ontology/package-tree.html
2003-11-13 12:47:45,093 INFO  org.apache.maven.linkcheck.LinkCheck - Validating apidocs/zeus/ontology/package-use.html
2003-11-13 12:47:45,109 INFO  org.apache.maven.linkcheck.LinkCheck - Validating apidocs/zeus/ontology/restrictions/class-use/RestrictionTableModel.html
2003-11-13 12:47:45,125 INFO  org.apache.maven.linkcheck.LinkCheck - Validating apidocs/zeus/ontology/restrictions/class-use/RestrictionTableUI.html
2003-11-13 12:47:45,140 INFO  org.apache.maven.linkcheck.LinkCheck - Validating apidocs/zeus/ontology/restrictions/class-use/RestrictionTableUI.RestrictionToolBar.html
2003-11-13 12:47:45,156 INFO  org.apache.maven.linkcheck.LinkCheck - Validating apidocs/zeus/ontology/restrictions/class-use/RestrictionTableUI.TypeCellEditor.html
2003-11-13 12:47:45,171 INFO  org.apache.maven.linkcheck.LinkCheck - Validating apidocs/zeus/ontology/restrictions/package-frame.html
2003-11-13 12:47:45,171 INFO  org.apache.maven.linkcheck.LinkCheck - Validating apidocs/zeus/ontology/restrictions/package-summary.html
2003-11-13 12:47:45,187 INFO  org.apache.maven.linkcheck.LinkCheck - Validating apidocs/zeus/ontology/restrictions/package-tree.html
2003-11-13 12:47:45,218 INFO  org.apache.maven.linkcheck.LinkCheck - Validating apidocs/zeus/ontology/restrictions/package-use.html
2003-11-13 12:47:45,234 INFO  org.apache.maven.linkcheck.LinkCheck - Validating apidocs/zeus/ontology/restrictions/RestrictionTableModel.html
2003-11-13 12:47:45,296 INFO  org.apache.maven.linkcheck.LinkCheck - Validating apidocs/zeus/ontology/restrictions/RestrictionTableUI.html
2003-11-13 12:47:45,359 INFO  org.apache.maven.linkcheck.LinkCheck - Validating apidocs/zeus/ontology/restrictions/RestrictionTableUI.RestrictionToolBar.html
2003-11-13 12:47:45,437 INFO  org.apache.maven.linkcheck.LinkCheck - Validating apidocs/zeus/ontology/restrictions/RestrictionTableUI.TypeCellEditor.html
2003-11-13 12:47:45,468 INFO  org.apache.maven.linkcheck.LinkCheck - Validating apidocs/zeus/ontology/SchemaWriter.html
2003-11-13 12:47:45,531 INFO  org.apache.maven.linkcheck.LinkCheck - Validating apidocs/zeus/ontology/TypeDialog.html
2003-11-13 12:47:45,593 INFO  org.apache.maven.linkcheck.LinkCheck - Validating apidocs/zeus/ontology/TypeSelector.html
2003-11-13 12:47:45,609 INFO  org.apache.maven.linkcheck.LinkCheck - Validating apidocs/zeus/ontology/TypesHandler.html
2003-11-13 12:47:45,671 INFO  org.apache.maven.linkcheck.LinkCheck - Validating apidocs/zeus/ontology/TypeTreeModel.html
2003-11-13 12:47:45,703 INFO  org.apache.maven.linkcheck.LinkCheck - Validating apidocs/zeus/rete/action/AbstractActionFactory.html
2003-11-13 12:47:45,734 INFO  org.apache.maven.linkcheck.LinkCheck - Validating apidocs/zeus/rete/action/AchieveAction.html
2003-11-13 12:47:45,765 INFO  org.apache.maven.linkcheck.LinkCheck - Validating apidocs/zeus/rete/action/ActionFactory.html
2003-11-13 12:47:45,796 INFO  org.apache.maven.linkcheck.LinkCheck - Validating apidocs/zeus/rete/action/AssertAction.html
2003-11-13 12:47:45,828 INFO  org.apache.maven.linkcheck.LinkCheck - Validating apidocs/zeus/rete/action/BasicAction.html
2003-11-13 12:47:45,859 INFO  org.apache.maven.linkcheck.LinkCheck - Validating apidocs/zeus/rete/action/BindAction.html
2003-11-13 12:47:45,890 INFO  org.apache.maven.linkcheck.LinkCheck - Validating apidocs/zeus/rete/action/BuyAction.html
2003-11-13 12:47:45,921 INFO  org.apache.maven.linkcheck.LinkCheck - Validating apidocs/zeus/rete/action/CallAction.html
2003-11-13 12:47:45,953 INFO  org.apache.maven.linkcheck.LinkCheck - Validating apidocs/zeus/rete/action/class-use/AbstractActionFactory.html
2003-11-13 12:47:45,968 INFO  org.apache.maven.linkcheck.LinkCheck - Validating apidocs/zeus/rete/action/class-use/AchieveAction.html
2003-11-13 12:47:45,984 INFO  org.apache.maven.linkcheck.LinkCheck - Validating apidocs/zeus/rete/action/class-use/ActionFactory.html
2003-11-13 12:47:46,015 INFO  org.apache.maven.linkcheck.LinkCheck - Validating apidocs/zeus/rete/action/class-use/AssertAction.html
2003-11-13 12:47:46,015 INFO  org.apache.maven.linkcheck.LinkCheck - Validating apidocs/zeus/rete/action/class-use/BasicAction.html
2003-11-13 12:47:46,062 INFO  org.apache.maven.linkcheck.LinkCheck - Validating apidocs/zeus/rete/action/class-use/BindAction.html
2003-11-13 12:47:46,078 INFO  org.apache.maven.linkcheck.LinkCheck - Validating apidocs/zeus/rete/action/class-use/BuyAction.html
2003-11-13 12:47:46,093 INFO  org.apache.maven.linkcheck.LinkCheck - Validating apidocs/zeus/rete/action/class-use/CallAction.html
2003-11-13 12:47:46,109 INFO  org.apache.maven.linkcheck.LinkCheck - Validating apidocs/zeus/rete/action/class-use/CloseAction.html
2003-11-13 12:47:46,125 INFO  org.apache.maven.linkcheck.LinkCheck - Validating apidocs/zeus/rete/action/class-use/ExecuteAction.html
2003-11-13 12:47:46,125 INFO  org.apache.maven.linkcheck.LinkCheck - Validating apidocs/zeus/rete/action/class-use/IfAction.html
2003-11-13 12:47:46,156 INFO  org.apache.maven.linkcheck.LinkCheck - Validating apidocs/zeus/rete/action/class-use/MessageAction.html
2003-11-13 12:47:46,156 INFO  org.apache.maven.linkcheck.LinkCheck - Validating apidocs/zeus/rete/action/class-use/ModifyAction.html
2003-11-13 12:47:46,171 INFO  org.apache.maven.linkcheck.LinkCheck - Validating apidocs/zeus/rete/action/class-use/NoSuchActionException.html
2003-11-13 12:47:46,203 INFO  org.apache.maven.linkcheck.LinkCheck - Validating apidocs/zeus/rete/action/class-use/OpenAction.html
2003-11-13 12:47:46,218 INFO  org.apache.maven.linkcheck.LinkCheck - Validating apidocs/zeus/rete/action/class-use/PrintAction.html
2003-11-13 12:47:46,218 INFO  org.apache.maven.linkcheck.LinkCheck - Validating apidocs/zeus/rete/action/class-use/PrintlnAction.html
2003-11-13 12:47:46,234 INFO  org.apache.maven.linkcheck.LinkCheck - Validating apidocs/zeus/rete/action/class-use/ReadAction.html
2003-11-13 12:47:46,250 INFO  org.apache.maven.linkcheck.LinkCheck - Validating apidocs/zeus/rete/action/class-use/ReadlnAction.html
2003-11-13 12:47:46,265 INFO  org.apache.maven.linkcheck.LinkCheck - Validating apidocs/zeus/rete/action/class-use/ReteAction.html
2003-11-13 12:47:46,296 INFO  org.apache.maven.linkcheck.LinkCheck - Validating apidocs/zeus/rete/action/class-use/ReteActionFactory.html
2003-11-13 12:47:46,312 INFO  org.apache.maven.linkcheck.LinkCheck - Validating apidocs/zeus/rete/action/class-use/RetractAction.html
2003-11-13 12:47:46,328 INFO  org.apache.maven.linkcheck.LinkCheck - Validating apidocs/zeus/rete/action/class-use/SellAction.html
2003-11-13 12:47:46,343 INFO  org.apache.maven.linkcheck.LinkCheck - Validating apidocs/zeus/rete/action/class-use/SystemAction.html
2003-11-13 12:47:46,359 INFO  org.apache.maven.linkcheck.LinkCheck - Validating apidocs/zeus/rete/action/class-use/WhileAction.html
2003-11-13 12:47:46,375 INFO  org.apache.maven.linkcheck.LinkCheck - Validating apidocs/zeus/rete/action/CloseAction.html
2003-11-13 12:47:46,406 INFO  org.apache.maven.linkcheck.LinkCheck - Validating apidocs/zeus/rete/action/ExecuteAction.html
2003-11-13 12:47:46,437 INFO  org.apache.maven.linkcheck.LinkCheck - Validating apidocs/zeus/rete/action/IfAction.html
2003-11-13 12:47:46,484 INFO  org.apache.maven.linkcheck.LinkCheck - Validating apidocs/zeus/rete/action/MessageAction.html
2003-11-13 12:47:46,515 INFO  org.apache.maven.linkcheck.LinkCheck - Validating apidocs/zeus/rete/action/ModifyAction.html
2003-11-13 12:47:46,546 INFO  org.apache.maven.linkcheck.LinkCheck - Validating apidocs/zeus/rete/action/NoSuchActionException.html
2003-11-13 12:47:46,578 INFO  org.apache.maven.linkcheck.LinkCheck - Validating apidocs/zeus/rete/action/OpenAction.html
2003-11-13 12:47:46,609 INFO  org.apache.maven.linkcheck.LinkCheck - Validating apidocs/zeus/rete/action/package-frame.html
2003-11-13 12:47:46,625 INFO  org.apache.maven.linkcheck.LinkCheck - Validating apidocs/zeus/rete/action/package-summary.html
2003-11-13 12:47:46,656 INFO  org.apache.maven.linkcheck.LinkCheck - Validating apidocs/zeus/rete/action/package-tree.html
2003-11-13 12:47:46,671 INFO  org.apache.maven.linkcheck.LinkCheck - Validating apidocs/zeus/rete/action/package-use.html
2003-11-13 12:47:46,687 INFO  org.apache.maven.linkcheck.LinkCheck - Validating apidocs/zeus/rete/action/PrintAction.html
2003-11-13 12:47:46,734 INFO  org.apache.maven.linkcheck.LinkCheck - Validating apidocs/zeus/rete/action/PrintlnAction.html
2003-11-13 12:47:46,765 INFO  org.apache.maven.linkcheck.LinkCheck - Validating apidocs/zeus/rete/action/ReadAction.html
2003-11-13 12:47:46,796 INFO  org.apache.maven.linkcheck.LinkCheck - Validating apidocs/zeus/rete/action/ReadlnAction.html
2003-11-13 12:47:46,828 INFO  org.apache.maven.linkcheck.LinkCheck - Validating apidocs/zeus/rete/action/ReteAction.html
2003-11-13 12:47:46,890 INFO  org.apache.maven.linkcheck.LinkCheck - Validating apidocs/zeus/rete/action/ReteActionFactory.html
2003-11-13 12:47:46,953 INFO  org.apache.maven.linkcheck.LinkCheck - Validating apidocs/zeus/rete/action/RetractAction.html
2003-11-13 12:47:47,000 INFO  org.apache.maven.linkcheck.LinkCheck - Validating apidocs/zeus/rete/action/SellAction.html
2003-11-13 12:47:47,031 INFO  org.apache.maven.linkcheck.LinkCheck - Validating apidocs/zeus/rete/action/SystemAction.html
2003-11-13 12:47:47,062 INFO  org.apache.maven.linkcheck.LinkCheck - Validating apidocs/zeus/rete/action/WhileAction.html
2003-11-13 12:47:47,093 INFO  org.apache.maven.linkcheck.LinkCheck - Validating apidocs/zeus/rete/Action.html
2003-11-13 12:47:47,171 INFO  org.apache.maven.linkcheck.LinkCheck - Validating apidocs/zeus/rete/ActionNode.Entry.html
2003-11-13 12:47:47,203 INFO  org.apache.maven.linkcheck.LinkCheck - Validating apidocs/zeus/rete/ActionNode.html
2003-11-13 12:47:47,234 INFO  org.apache.maven.linkcheck.LinkCheck - Validating apidocs/zeus/rete/AttributeNode.html
2003-11-13 12:47:47,281 INFO  org.apache.maven.linkcheck.LinkCheck - Validating apidocs/zeus/rete/class-use/Action.html
2003-11-13 12:47:47,343 INFO  org.apache.maven.linkcheck.LinkCheck - Validating apidocs/zeus/rete/class-use/ActionNode.Entry.html
2003-11-13 12:47:47,359 INFO  org.apache.maven.linkcheck.LinkCheck - Validating apidocs/zeus/rete/class-use/ActionNode.html
2003-11-13 12:47:47,390 INFO  org.apache.maven.linkcheck.LinkCheck - Validating apidocs/zeus/rete/class-use/AttributeNode.html
2003-11-13 12:47:47,406 INFO  org.apache.maven.linkcheck.LinkCheck - Validating apidocs/zeus/rete/class-use/ConflictSet.html
2003-11-13 12:47:47,437 INFO  org.apache.maven.linkcheck.LinkCheck - Validating apidocs/zeus/rete/class-use/DataReader.html
2003-11-13 12:47:47,437 INFO  org.apache.maven.linkcheck.LinkCheck - Validating apidocs/zeus/rete/class-use/FactAction.html
2003-11-13 12:47:47,453 INFO  org.apache.maven.linkcheck.LinkCheck - Validating apidocs/zeus/rete/class-use/IdNode.html
2003-11-13 12:47:47,468 INFO  org.apache.maven.linkcheck.LinkCheck - Validating apidocs/zeus/rete/class-use/Info.html
2003-11-13 12:47:47,531 INFO  org.apache.maven.linkcheck.LinkCheck - Validating apidocs/zeus/rete/class-use/JoinEntry.html
2003-11-13 12:47:47,531 INFO  org.apache.maven.linkcheck.LinkCheck - Validating apidocs/zeus/rete/class-use/JoinNode.html
2003-11-13 12:47:47,546 INFO  org.apache.maven.linkcheck.LinkCheck - Validating apidocs/zeus/rete/class-use/LocalFactMonitor.html
2003-11-13 12:47:47,578 INFO  org.apache.maven.linkcheck.LinkCheck - Validating apidocs/zeus/rete/class-use/Node.html
2003-11-13 12:47:47,609 INFO  org.apache.maven.linkcheck.LinkCheck - Validating apidocs/zeus/rete/class-use/NotNode.html
2003-11-13 12:47:47,609 INFO  org.apache.maven.linkcheck.LinkCheck - Validating apidocs/zeus/rete/class-use/Pattern.html
2003-11-13 12:47:47,640 INFO  org.apache.maven.linkcheck.LinkCheck - Validating apidocs/zeus/rete/class-use/PatternNode.html
2003-11-13 12:47:47,671 INFO  org.apache.maven.linkcheck.LinkCheck - Validating apidocs/zeus/rete/class-use/ReteEngine.html
2003-11-13 12:47:47,718 INFO  org.apache.maven.linkcheck.validation.HTTPLinkValidator - Checking link http://www.haley.com/framed/ReteAlgorithm.html
2003-11-13 12:47:47,953 INFO  org.apache.maven.linkcheck.validation.HTTPLinkValidator - Received: [404] for http://www.haley.com/framed/ReteAlgorithm.html
2003-11-13 12:47:47,953 INFO  org.apache.maven.linkcheck.LinkCheck - Validating apidocs/zeus/rete/class-use/ReteEngine.SymFactAction.html
2003-11-13 12:47:47,968 INFO  org.apache.maven.linkcheck.LinkCheck - Validating apidocs/zeus/rete/class-use/ReteFact.html
2003-11-13 12:47:48,015 INFO  org.apache.maven.linkcheck.LinkCheck - Validating apidocs/zeus/rete/class-use/Rule.html
2003-11-13 12:47:48,046 INFO  org.apache.maven.linkcheck.LinkCheck - Validating apidocs/zeus/rete/class-use/Successor.html
2003-11-13 12:47:48,062 INFO  org.apache.maven.linkcheck.LinkCheck - Validating apidocs/zeus/rete/class-use/TestNode.html
2003-11-13 12:47:48,078 INFO  org.apache.maven.linkcheck.LinkCheck - Validating apidocs/zeus/rete/class-use/TypeNode.html
2003-11-13 12:47:48,093 INFO  org.apache.maven.linkcheck.LinkCheck - Validating apidocs/zeus/rete/ConflictSet.html
2003-11-13 12:47:48,171 INFO  org.apache.maven.linkcheck.LinkCheck - Validating apidocs/zeus/rete/DataReader.html
2003-11-13 12:47:48,203 INFO  org.apache.maven.linkcheck.LinkCheck - Validating apidocs/zeus/rete/FactAction.html
2003-11-13 12:47:48,234 INFO  org.apache.maven.linkcheck.LinkCheck - Validating apidocs/zeus/rete/IdNode.html
2003-11-13 12:47:48,281 INFO  org.apache.maven.linkcheck.LinkCheck - Validating apidocs/zeus/rete/Info.html
2003-11-13 12:47:48,328 INFO  org.apache.maven.linkcheck.LinkCheck - Validating apidocs/zeus/rete/JoinEntry.html
2003-11-13 12:47:48,359 INFO  org.apache.maven.linkcheck.LinkCheck - Validating apidocs/zeus/rete/JoinNode.html
2003-11-13 12:47:48,421 INFO  org.apache.maven.linkcheck.LinkCheck - Validating apidocs/zeus/rete/LocalFactMonitor.html
2003-11-13 12:47:48,437 INFO  org.apache.maven.linkcheck.LinkCheck - Validating apidocs/zeus/rete/Node.html
2003-11-13 12:47:48,484 INFO  org.apache.maven.linkcheck.LinkCheck - Validating apidocs/zeus/rete/NotNode.html
2003-11-13 12:47:48,546 INFO  org.apache.maven.linkcheck.LinkCheck - Validating apidocs/zeus/rete/package-frame.html
2003-11-13 12:47:48,562 INFO  org.apache.maven.linkcheck.LinkCheck - Validating apidocs/zeus/rete/package-summary.html
2003-11-13 12:47:48,578 INFO  org.apache.maven.linkcheck.LinkCheck - Validating apidocs/zeus/rete/package-tree.html
2003-11-13 12:47:48,609 INFO  org.apache.maven.linkcheck.LinkCheck - Validating apidocs/zeus/rete/package-use.html
2003-11-13 12:47:48,640 INFO  org.apache.maven.linkcheck.LinkCheck - Validating apidocs/zeus/rete/Pattern.html
2003-11-13 12:47:48,687 INFO  org.apache.maven.linkcheck.LinkCheck - Validating apidocs/zeus/rete/PatternNode.html
2003-11-13 12:47:48,718 INFO  org.apache.maven.linkcheck.LinkCheck - Validating apidocs/zeus/rete/ReteEngine.html
2003-11-13 12:47:48,812 INFO  org.apache.maven.linkcheck.LinkCheck - Validating apidocs/zeus/rete/ReteEngine.SymFactAction.html
2003-11-13 12:47:48,843 INFO  org.apache.maven.linkcheck.LinkCheck - Validating apidocs/zeus/rete/ReteFact.html
2003-11-13 12:47:48,906 INFO  org.apache.maven.linkcheck.LinkCheck - Validating apidocs/zeus/rete/Rule.html
2003-11-13 12:47:48,968 INFO  org.apache.maven.linkcheck.LinkCheck - Validating apidocs/zeus/rete/Successor.html
2003-11-13 12:47:49,000 INFO  org.apache.maven.linkcheck.LinkCheck - Validating apidocs/zeus/rete/TestNode.html
2003-11-13 12:47:49,031 INFO  org.apache.maven.linkcheck.LinkCheck - Validating apidocs/zeus/rete/TypeNode.html
2003-11-13 12:47:49,078 INFO  org.apache.maven.linkcheck.LinkCheck - Validating apidocs/zeus/util/ArrowData.html
2003-11-13 12:47:49,109 INFO  org.apache.maven.linkcheck.LinkCheck - Validating apidocs/zeus/util/Assert.html
2003-11-13 12:47:49,140 INFO  org.apache.maven.linkcheck.LinkCheck - Validating apidocs/zeus/util/class-use/ArrowData.html
2003-11-13 12:47:49,156 INFO  org.apache.maven.linkcheck.LinkCheck - Validating apidocs/zeus/util/class-use/Assert.html
2003-11-13 12:47:49,171 INFO  org.apache.maven.linkcheck.LinkCheck - Validating apidocs/zeus/util/class-use/Clock.html
2003-11-13 12:47:49,203 INFO  org.apache.maven.linkcheck.LinkCheck - Validating apidocs/zeus/util/class-use/Core.html
2003-11-13 12:47:49,218 INFO  org.apache.maven.linkcheck.LinkCheck - Validating apidocs/zeus/util/class-use/FIPA_Date.html
2003-11-13 12:47:49,234 INFO  org.apache.maven.linkcheck.LinkCheck - Validating apidocs/zeus/util/class-use/GenSym.html
2003-11-13 12:47:49,296 INFO  org.apache.maven.linkcheck.LinkCheck - Validating apidocs/zeus/util/class-use/HSet.html
2003-11-13 12:47:49,359 INFO  org.apache.maven.linkcheck.LinkCheck - Validating apidocs/zeus/util/class-use/KeyValue.html
2003-11-13 12:47:49,375 INFO  org.apache.maven.linkcheck.LinkCheck - Validating apidocs/zeus/util/class-use/Line.html
2003-11-13 12:47:49,390 INFO  org.apache.maven.linkcheck.LinkCheck - Validating apidocs/zeus/util/class-use/Misc.html
2003-11-13 12:47:49,406 INFO  org.apache.maven.linkcheck.LinkCheck - Validating apidocs/zeus/util/class-use/MMX.html
2003-11-13 12:47:49,406 INFO  org.apache.maven.linkcheck.LinkCheck - Validating apidocs/zeus/util/class-use/MsgContentHandler.html
2003-11-13 12:47:49,421 INFO  org.apache.maven.linkcheck.LinkCheck - Validating apidocs/zeus/util/class-use/NormalDist.html
2003-11-13 12:47:49,437 INFO  org.apache.maven.linkcheck.LinkCheck - Validating apidocs/zeus/util/class-use/OrderedHashtable.html
2003-11-13 12:47:49,484 INFO  org.apache.maven.linkcheck.LinkCheck - Validating apidocs/zeus/util/class-use/PlainQueue.html
2003-11-13 12:47:49,500 INFO  org.apache.maven.linkcheck.LinkCheck - Validating apidocs/zeus/util/class-use/PrettyPrintWriter.html
2003-11-13 12:47:49,515 INFO  org.apache.maven.linkcheck.LinkCheck - Validating apidocs/zeus/util/class-use/Profile.Data.html
2003-11-13 12:47:49,515 INFO  org.apache.maven.linkcheck.LinkCheck - Validating apidocs/zeus/util/class-use/Profile.html
2003-11-13 12:47:49,531 INFO  org.apache.maven.linkcheck.LinkCheck - Validating apidocs/zeus/util/class-use/Queue.html
2003-11-13 12:47:49,609 INFO  org.apache.maven.linkcheck.LinkCheck - Validating apidocs/zeus/util/class-use/RealTimeClock.html
2003-11-13 12:47:49,625 INFO  org.apache.maven.linkcheck.LinkCheck - Validating apidocs/zeus/util/class-use/ReferenceTable.html
2003-11-13 12:47:49,640 INFO  org.apache.maven.linkcheck.LinkCheck - Validating apidocs/zeus/util/class-use/Selector.html
2003-11-13 12:47:49,640 INFO  org.apache.maven.linkcheck.LinkCheck - Validating apidocs/zeus/util/class-use/StringHashtable.html
2003-11-13 12:47:49,671 INFO  org.apache.maven.linkcheck.LinkCheck - Validating apidocs/zeus/util/class-use/SystemProps.html
2003-11-13 12:47:49,687 INFO  org.apache.maven.linkcheck.LinkCheck - Validating apidocs/zeus/util/class-use/Time.html
2003-11-13 12:47:49,734 INFO  org.apache.maven.linkcheck.LinkCheck - Validating apidocs/zeus/util/class-use/Tree.html
2003-11-13 12:47:49,750 INFO  org.apache.maven.linkcheck.LinkCheck - Validating apidocs/zeus/util/class-use/TreeNode.html
2003-11-13 12:47:49,843 INFO  org.apache.maven.linkcheck.LinkCheck - Validating apidocs/zeus/util/class-use/TreeNode.PreorderEnumerator.html
2003-11-13 12:47:49,859 INFO  org.apache.maven.linkcheck.LinkCheck - Validating apidocs/zeus/util/class-use/XMLFormatter.html
2003-11-13 12:47:49,875 INFO  org.apache.maven.linkcheck.LinkCheck - Validating apidocs/zeus/util/Clock.html
2003-11-13 12:47:49,906 INFO  org.apache.maven.linkcheck.LinkCheck - Validating apidocs/zeus/util/Core.html
2003-11-13 12:47:49,953 INFO  org.apache.maven.linkcheck.LinkCheck - Validating apidocs/zeus/util/FIPA_Date.html
2003-11-13 12:47:49,968 INFO  org.apache.maven.linkcheck.LinkCheck - Validating apidocs/zeus/util/GenSym.html
2003-11-13 12:47:50,015 INFO  org.apache.maven.linkcheck.LinkCheck - Validating apidocs/zeus/util/HSet.html
2003-11-13 12:47:50,062 INFO  org.apache.maven.linkcheck.LinkCheck - Validating apidocs/zeus/util/KeyValue.html
2003-11-13 12:47:50,078 INFO  org.apache.maven.linkcheck.LinkCheck - Validating apidocs/zeus/util/Line.html
2003-11-13 12:47:50,109 INFO  org.apache.maven.linkcheck.LinkCheck - Validating apidocs/zeus/util/Misc.html
2003-11-13 12:47:50,203 INFO  org.apache.maven.linkcheck.LinkCheck - Validating apidocs/zeus/util/MMX.html
2003-11-13 12:47:50,265 INFO  org.apache.maven.linkcheck.LinkCheck - Validating apidocs/zeus/util/MsgContentHandler.html
2003-11-13 12:47:50,312 INFO  org.apache.maven.linkcheck.LinkCheck - Validating apidocs/zeus/util/NormalDist.html
2003-11-13 12:47:50,343 INFO  org.apache.maven.linkcheck.LinkCheck - Validating apidocs/zeus/util/OrderedHashtable.html
2003-11-13 12:47:50,390 INFO  org.apache.maven.linkcheck.LinkCheck - Validating apidocs/zeus/util/package-frame.html
2003-11-13 12:47:50,390 INFO  org.apache.maven.linkcheck.LinkCheck - Validating apidocs/zeus/util/package-summary.html
2003-11-13 12:47:50,421 INFO  org.apache.maven.linkcheck.LinkCheck - Validating apidocs/zeus/util/package-tree.html
2003-11-13 12:47:50,437 INFO  org.apache.maven.linkcheck.LinkCheck - Validating apidocs/zeus/util/package-use.html
2003-11-13 12:47:50,500 INFO  org.apache.maven.linkcheck.LinkCheck - Validating apidocs/zeus/util/PlainQueue.html
2003-11-13 12:47:50,546 INFO  org.apache.maven.linkcheck.LinkCheck - Validating apidocs/zeus/util/PrettyPrintWriter.html
2003-11-13 12:47:50,562 INFO  org.apache.maven.linkcheck.LinkCheck - Validating apidocs/zeus/util/Profile.Data.html
2003-11-13 12:47:50,593 INFO  org.apache.maven.linkcheck.LinkCheck - Validating apidocs/zeus/util/Profile.html
2003-11-13 12:47:50,625 INFO  org.apache.maven.linkcheck.LinkCheck - Validating apidocs/zeus/util/Queue.html
2003-11-13 12:47:50,687 INFO  org.apache.maven.linkcheck.LinkCheck - Validating apidocs/zeus/util/RealTimeClock.html
2003-11-13 12:47:50,718 INFO  org.apache.maven.linkcheck.LinkCheck - Validating apidocs/zeus/util/ReferenceTable.html
2003-11-13 12:47:50,750 INFO  org.apache.maven.linkcheck.LinkCheck - Validating apidocs/zeus/util/Selector.html
2003-11-13 12:47:50,796 INFO  org.apache.maven.linkcheck.LinkCheck - Validating apidocs/zeus/util/StringHashtable.html
2003-11-13 12:47:50,828 INFO  org.apache.maven.linkcheck.LinkCheck - Validating apidocs/zeus/util/SystemProps.html
2003-11-13 12:47:50,890 INFO  org.apache.maven.linkcheck.LinkCheck - Validating apidocs/zeus/util/Time.html
2003-11-13 12:47:50,921 INFO  org.apache.maven.linkcheck.LinkCheck - Validating apidocs/zeus/util/Tree.html
2003-11-13 12:47:50,953 INFO  org.apache.maven.linkcheck.LinkCheck - Validating apidocs/zeus/util/TreeNode.html
2003-11-13 12:47:51,031 INFO  org.apache.maven.linkcheck.LinkCheck - Validating apidocs/zeus/util/TreeNode.PreorderEnumerator.html
2003-11-13 12:47:51,078 INFO  org.apache.maven.linkcheck.LinkCheck - Validating apidocs/zeus/util/XMLFormatter.html
2003-11-13 12:47:51,093 INFO  org.apache.maven.linkcheck.LinkCheck - Validating apidocs/zeus/visualiser/basic/BasicTool.html
2003-11-13 12:47:51,187 INFO  org.apache.maven.linkcheck.LinkCheck - Validating apidocs/zeus/visualiser/basic/class-use/BasicTool.html
2003-11-13 12:47:51,218 INFO  org.apache.maven.linkcheck.LinkCheck - Validating apidocs/zeus/visualiser/basic/class-use/MsgFilter.html
2003-11-13 12:47:51,250 INFO  org.apache.maven.linkcheck.LinkCheck - Validating apidocs/zeus/visualiser/basic/class-use/MsgFilterEditor.AgentList.html
2003-11-13 12:47:51,265 INFO  org.apache.maven.linkcheck.LinkCheck - Validating apidocs/zeus/visualiser/basic/class-use/MsgFilterEditor.html
2003-11-13 12:47:51,281 INFO  org.apache.maven.linkcheck.LinkCheck - Validating apidocs/zeus/visualiser/basic/class-use/Player.html
2003-11-13 12:47:51,312 INFO  org.apache.maven.linkcheck.LinkCheck - Validating apidocs/zeus/visualiser/basic/class-use/StateInfo.html
2003-11-13 12:47:51,328 INFO  org.apache.maven.linkcheck.LinkCheck - Validating apidocs/zeus/visualiser/basic/class-use/VideoTool.html
2003-11-13 12:47:51,359 INFO  org.apache.maven.linkcheck.LinkCheck - Validating apidocs/zeus/visualiser/basic/class-use/VideoTool.VideoToolBar.html
2003-11-13 12:47:51,375 INFO  org.apache.maven.linkcheck.LinkCheck - Validating apidocs/zeus/visualiser/basic/MsgFilter.html
2003-11-13 12:47:51,390 INFO  org.apache.maven.linkcheck.LinkCheck - Validating apidocs/zeus/visualiser/basic/MsgFilterEditor.AgentList.html
2003-11-13 12:47:51,484 INFO  org.apache.maven.linkcheck.LinkCheck - Validating apidocs/zeus/visualiser/basic/MsgFilterEditor.html
2003-11-13 12:47:51,562 INFO  org.apache.maven.linkcheck.LinkCheck - Validating apidocs/zeus/visualiser/basic/package-frame.html
2003-11-13 12:47:51,562 INFO  org.apache.maven.linkcheck.LinkCheck - Validating apidocs/zeus/visualiser/basic/package-summary.html
2003-11-13 12:47:51,578 INFO  org.apache.maven.linkcheck.LinkCheck - Validating apidocs/zeus/visualiser/basic/package-tree.html
2003-11-13 12:47:51,593 INFO  org.apache.maven.linkcheck.LinkCheck - Validating apidocs/zeus/visualiser/basic/package-use.html
2003-11-13 12:47:51,625 INFO  org.apache.maven.linkcheck.LinkCheck - Validating apidocs/zeus/visualiser/basic/Player.html
2003-11-13 12:47:51,703 INFO  org.apache.maven.linkcheck.LinkCheck - Validating apidocs/zeus/visualiser/basic/StateInfo.html
2003-11-13 12:47:51,734 INFO  org.apache.maven.linkcheck.LinkCheck - Validating apidocs/zeus/visualiser/basic/VideoTool.html
2003-11-13 12:47:51,890 INFO  org.apache.maven.linkcheck.LinkCheck - Validating apidocs/zeus/visualiser/basic/VideoTool.VideoToolBar.html
2003-11-13 12:47:51,953 INFO  org.apache.maven.linkcheck.LinkCheck - Validating apidocs/zeus/visualiser/class-use/MessageInfo.html
2003-11-13 12:47:51,968 INFO  org.apache.maven.linkcheck.LinkCheck - Validating apidocs/zeus/visualiser/class-use/SubscriptionInfo.html
2003-11-13 12:47:51,984 INFO  org.apache.maven.linkcheck.LinkCheck - Validating apidocs/zeus/visualiser/class-use/Visualiser.html
2003-11-13 12:47:52,000 INFO  org.apache.maven.linkcheck.LinkCheck - Validating apidocs/zeus/visualiser/class-use/VisualiserHub.html
2003-11-13 12:47:52,015 INFO  org.apache.maven.linkcheck.LinkCheck - Validating apidocs/zeus/visualiser/class-use/VisualiserModel.html
2003-11-13 12:47:52,046 INFO  org.apache.maven.linkcheck.LinkCheck - Validating apidocs/zeus/visualiser/control/class-use/ControlMenuBar.html
2003-11-13 12:47:52,062 INFO  org.apache.maven.linkcheck.LinkCheck - Validating apidocs/zeus/visualiser/control/class-use/ControlTool.html
2003-11-13 12:47:52,093 INFO  org.apache.maven.linkcheck.LinkCheck - Validating apidocs/zeus/visualiser/control/class-use/ControlToolBar.html
2003-11-13 12:47:52,109 INFO  org.apache.maven.linkcheck.LinkCheck - Validating apidocs/zeus/visualiser/control/ControlMenuBar.html
2003-11-13 12:47:52,234 INFO  org.apache.maven.linkcheck.LinkCheck - Validating apidocs/zeus/visualiser/control/ControlTool.html
2003-11-13 12:47:52,359 INFO  org.apache.maven.linkcheck.LinkCheck - Validating apidocs/zeus/visualiser/control/ControlToolBar.html
2003-11-13 12:47:52,421 INFO  org.apache.maven.linkcheck.LinkCheck - Validating apidocs/zeus/visualiser/control/package-frame.html
2003-11-13 12:47:52,421 INFO  org.apache.maven.linkcheck.LinkCheck - Validating apidocs/zeus/visualiser/control/package-summary.html
2003-11-13 12:47:52,437 INFO  org.apache.maven.linkcheck.LinkCheck - Validating apidocs/zeus/visualiser/control/package-tree.html
2003-11-13 12:47:52,453 INFO  org.apache.maven.linkcheck.LinkCheck - Validating apidocs/zeus/visualiser/control/package-use.html
2003-11-13 12:47:52,468 INFO  org.apache.maven.linkcheck.LinkCheck - Validating apidocs/zeus/visualiser/MessageInfo.html
2003-11-13 12:47:52,500 INFO  org.apache.maven.linkcheck.LinkCheck - Validating apidocs/zeus/visualiser/package-frame.html
2003-11-13 12:47:52,515 INFO  org.apache.maven.linkcheck.LinkCheck - Validating apidocs/zeus/visualiser/package-summary.html
2003-11-13 12:47:52,531 INFO  org.apache.maven.linkcheck.LinkCheck - Validating apidocs/zeus/visualiser/package-tree.html
2003-11-13 12:47:52,546 INFO  org.apache.maven.linkcheck.LinkCheck - Validating apidocs/zeus/visualiser/package-use.html
2003-11-13 12:47:52,562 INFO  org.apache.maven.linkcheck.LinkCheck - Validating apidocs/zeus/visualiser/report/class-use/DeleteReportDialog.html
2003-11-13 12:47:52,593 INFO  org.apache.maven.linkcheck.LinkCheck - Validating apidocs/zeus/visualiser/report/class-use/ReportGraph.html
2003-11-13 12:47:52,609 INFO  org.apache.maven.linkcheck.LinkCheck - Validating apidocs/zeus/visualiser/report/class-use/ReportGraph.NodesToolBar.html
2003-11-13 12:47:52,609 INFO  org.apache.maven.linkcheck.LinkCheck - Validating apidocs/zeus/visualiser/report/class-use/ReportGraph.ReportNodeEditor.html
2003-11-13 12:47:52,625 INFO  org.apache.maven.linkcheck.LinkCheck - Validating apidocs/zeus/visualiser/report/class-use/ReportGraph.ReportNodeEditor.ReportDialog.html
2003-11-13 12:47:52,656 INFO  org.apache.maven.linkcheck.LinkCheck - Validating apidocs/zeus/visualiser/report/class-use/ReportGraph.ReportNodeRenderer.html
2003-11-13 12:47:52,656 INFO  org.apache.maven.linkcheck.LinkCheck - Validating apidocs/zeus/visualiser/report/class-use/ReportGraph.ReportNodeRenderer.KeyLabel.html
2003-11-13 12:47:52,671 INFO  org.apache.maven.linkcheck.LinkCheck - Validating apidocs/zeus/visualiser/report/class-use/ReportGraph.ReportNodeRenderer.NodeIcon.html
2003-11-13 12:47:52,687 INFO  org.apache.maven.linkcheck.LinkCheck - Validating apidocs/zeus/visualiser/report/class-use/ReportModel.html
2003-11-13 12:47:52,718 INFO  org.apache.maven.linkcheck.LinkCheck - Validating apidocs/zeus/visualiser/report/class-use/ReportTool.html
2003-11-13 12:47:52,734 INFO  org.apache.maven.linkcheck.LinkCheck - Validating apidocs/zeus/visualiser/report/class-use/ReportTool.ReportMenuBar.html
2003-11-13 12:47:52,750 INFO  org.apache.maven.linkcheck.LinkCheck - Validating apidocs/zeus/visualiser/report/DeleteReportDialog.html
2003-11-13 12:47:52,828 INFO  org.apache.maven.linkcheck.LinkCheck - Validating apidocs/zeus/visualiser/report/package-frame.html
2003-11-13 12:47:52,828 INFO  org.apache.maven.linkcheck.LinkCheck - Validating apidocs/zeus/visualiser/report/package-summary.html
2003-11-13 12:47:52,843 INFO  org.apache.maven.linkcheck.LinkCheck - Validating apidocs/zeus/visualiser/report/package-tree.html
2003-11-13 12:47:52,875 INFO  org.apache.maven.linkcheck.LinkCheck - Validating apidocs/zeus/visualiser/report/package-use.html
2003-11-13 12:47:52,890 INFO  org.apache.maven.linkcheck.LinkCheck - Validating apidocs/zeus/visualiser/report/ReportGraph.html
2003-11-13 12:47:52,953 INFO  org.apache.maven.linkcheck.LinkCheck - Validating apidocs/zeus/visualiser/report/ReportGraph.NodesToolBar.html
2003-11-13 12:47:53,015 INFO  org.apache.maven.linkcheck.LinkCheck - Validating apidocs/zeus/visualiser/report/ReportGraph.ReportNodeEditor.html
2003-11-13 12:47:53,062 INFO  org.apache.maven.linkcheck.LinkCheck - Validating apidocs/zeus/visualiser/report/ReportGraph.ReportNodeEditor.ReportDialog.html
2003-11-13 12:47:53,125 INFO  org.apache.maven.linkcheck.LinkCheck - Validating apidocs/zeus/visualiser/report/ReportGraph.ReportNodeRenderer.html
2003-11-13 12:47:53,156 INFO  org.apache.maven.linkcheck.LinkCheck - Validating apidocs/zeus/visualiser/report/ReportGraph.ReportNodeRenderer.KeyLabel.html
2003-11-13 12:47:53,203 INFO  org.apache.maven.linkcheck.LinkCheck - Validating apidocs/zeus/visualiser/report/ReportGraph.ReportNodeRenderer.NodeIcon.html
2003-11-13 12:47:53,250 INFO  org.apache.maven.linkcheck.LinkCheck - Validating apidocs/zeus/visualiser/report/ReportModel.html
2003-11-13 12:47:53,359 INFO  org.apache.maven.linkcheck.LinkCheck - Validating apidocs/zeus/visualiser/report/ReportTool.html
2003-11-13 12:47:53,468 INFO  org.apache.maven.linkcheck.LinkCheck - Validating apidocs/zeus/visualiser/report/ReportTool.ReportMenuBar.html
2003-11-13 12:47:53,593 INFO  org.apache.maven.linkcheck.LinkCheck - Validating apidocs/zeus/visualiser/society/AnimationManager.html
2003-11-13 12:47:53,640 INFO  org.apache.maven.linkcheck.LinkCheck - Validating apidocs/zeus/visualiser/society/AnimationQueue.Animation.html
2003-11-13 12:47:53,687 INFO  org.apache.maven.linkcheck.LinkCheck - Validating apidocs/zeus/visualiser/society/AnimationQueue.AnimationQueueConstraint.html
2003-11-13 12:47:53,718 INFO  org.apache.maven.linkcheck.LinkCheck - Validating apidocs/zeus/visualiser/society/AnimationQueue.AnimationQueueItem.html
2003-11-13 12:47:53,781 INFO  org.apache.maven.linkcheck.LinkCheck - Validating apidocs/zeus/visualiser/society/AnimationQueue.html
2003-11-13 12:47:53,843 INFO  org.apache.maven.linkcheck.LinkCheck - Validating apidocs/zeus/visualiser/society/AnimationQueue.ImageLabel.html
2003-11-13 12:47:53,890 INFO  org.apache.maven.linkcheck.LinkCheck - Validating apidocs/zeus/visualiser/society/class-use/AnimationManager.html
2003-11-13 12:47:53,921 INFO  org.apache.maven.linkcheck.LinkCheck - Validating apidocs/zeus/visualiser/society/class-use/AnimationQueue.Animation.html
2003-11-13 12:47:53,937 INFO  org.apache.maven.linkcheck.LinkCheck - Validating apidocs/zeus/visualiser/society/class-use/AnimationQueue.AnimationQueueConstraint.html
2003-11-13 12:47:53,953 INFO  org.apache.maven.linkcheck.LinkCheck - Validating apidocs/zeus/visualiser/society/class-use/AnimationQueue.AnimationQueueItem.html
2003-11-13 12:47:53,968 INFO  org.apache.maven.linkcheck.LinkCheck - Validating apidocs/zeus/visualiser/society/class-use/AnimationQueue.html
2003-11-13 12:47:53,984 INFO  org.apache.maven.linkcheck.LinkCheck - Validating apidocs/zeus/visualiser/society/class-use/AnimationQueue.ImageLabel.html
2003-11-13 12:47:54,015 INFO  org.apache.maven.linkcheck.LinkCheck - Validating apidocs/zeus/visualiser/society/class-use/SocietyModel.html
2003-11-13 12:47:54,031 INFO  org.apache.maven.linkcheck.LinkCheck - Validating apidocs/zeus/visualiser/society/class-use/SocietyModelEntry.html
2003-11-13 12:47:54,046 INFO  org.apache.maven.linkcheck.LinkCheck - Validating apidocs/zeus/visualiser/society/class-use/SocietyPanel.html
2003-11-13 12:47:54,062 INFO  org.apache.maven.linkcheck.LinkCheck - Validating apidocs/zeus/visualiser/society/class-use/SocietyPanel.NodesToolBar.html
2003-11-13 12:47:54,078 INFO  org.apache.maven.linkcheck.LinkCheck - Validating apidocs/zeus/visualiser/society/class-use/SocietyPanel.SoceityControlPanel.html
2003-11-13 12:47:54,093 INFO  org.apache.maven.linkcheck.LinkCheck - Validating apidocs/zeus/visualiser/society/class-use/SocietyPanel.SocietyNodeEditor.html
2003-11-13 12:47:54,109 INFO  org.apache.maven.linkcheck.LinkCheck - Validating apidocs/zeus/visualiser/society/class-use/SocietyPanel.SocietyNodeRenderer.html
2003-11-13 12:47:54,125 INFO  org.apache.maven.linkcheck.LinkCheck - Validating apidocs/zeus/visualiser/society/class-use/SocietyTool.html
2003-11-13 12:47:54,140 INFO  org.apache.maven.linkcheck.LinkCheck - Validating apidocs/zeus/visualiser/society/class-use/SocietyTool.SocietyMenuBar.html
2003-11-13 12:47:54,156 INFO  org.apache.maven.linkcheck.LinkCheck - Validating apidocs/zeus/visualiser/society/package-frame.html
2003-11-13 12:47:54,156 INFO  org.apache.maven.linkcheck.LinkCheck - Validating apidocs/zeus/visualiser/society/package-summary.html
2003-11-13 12:47:54,171 INFO  org.apache.maven.linkcheck.LinkCheck - Validating apidocs/zeus/visualiser/society/package-tree.html
2003-11-13 12:47:54,203 INFO  org.apache.maven.linkcheck.LinkCheck - Validating apidocs/zeus/visualiser/society/package-use.html
2003-11-13 12:47:54,218 INFO  org.apache.maven.linkcheck.LinkCheck - Validating apidocs/zeus/visualiser/society/SocietyModel.html
2003-11-13 12:47:54,312 INFO  org.apache.maven.linkcheck.LinkCheck - Validating apidocs/zeus/visualiser/society/SocietyModelEntry.html
2003-11-13 12:47:54,359 INFO  org.apache.maven.linkcheck.LinkCheck - Validating apidocs/zeus/visualiser/society/SocietyPanel.html
2003-11-13 12:47:54,406 INFO  org.apache.maven.linkcheck.LinkCheck - Validating apidocs/zeus/visualiser/society/SocietyPanel.NodesToolBar.html
2003-11-13 12:47:54,468 INFO  org.apache.maven.linkcheck.LinkCheck - Validating apidocs/zeus/visualiser/society/SocietyPanel.SoceityControlPanel.html
2003-11-13 12:47:54,531 INFO  org.apache.maven.linkcheck.LinkCheck - Validating apidocs/zeus/visualiser/society/SocietyPanel.SocietyNodeEditor.html
2003-11-13 12:47:54,578 INFO  org.apache.maven.linkcheck.LinkCheck - Validating apidocs/zeus/visualiser/society/SocietyPanel.SocietyNodeRenderer.html
2003-11-13 12:47:54,593 INFO  org.apache.maven.linkcheck.LinkCheck - Validating apidocs/zeus/visualiser/society/SocietyTool.html
2003-11-13 12:47:54,718 INFO  org.apache.maven.linkcheck.LinkCheck - Validating apidocs/zeus/visualiser/society/SocietyTool.SocietyMenuBar.html
2003-11-13 12:47:54,843 INFO  org.apache.maven.linkcheck.LinkCheck - Validating apidocs/zeus/visualiser/statistics/charts/class-use/DrawCanvas.html
2003-11-13 12:47:54,875 INFO  org.apache.maven.linkcheck.LinkCheck - Validating apidocs/zeus/visualiser/statistics/charts/class-use/DrawObject.html
2003-11-13 12:47:54,890 INFO  org.apache.maven.linkcheck.LinkCheck - Validating apidocs/zeus/visualiser/statistics/charts/class-use/GraphicsSymbol.html
2003-11-13 12:47:54,906 INFO  org.apache.maven.linkcheck.LinkCheck - Validating apidocs/zeus/visualiser/statistics/charts/class-use/Histogram.Bar.html
2003-11-13 12:47:54,921 INFO  org.apache.maven.linkcheck.LinkCheck - Validating apidocs/zeus/visualiser/statistics/charts/class-use/Histogram.html
2003-11-13 12:47:54,937 INFO  org.apache.maven.linkcheck.LinkCheck - Validating apidocs/zeus/visualiser/statistics/charts/class-use/LineGraph.Bar.html
2003-11-13 12:47:54,953 INFO  org.apache.maven.linkcheck.LinkCheck - Validating apidocs/zeus/visualiser/statistics/charts/class-use/LineGraph.html
2003-11-13 12:47:54,984 INFO  org.apache.maven.linkcheck.LinkCheck - Validating apidocs/zeus/visualiser/statistics/charts/class-use/PieChart.html
2003-11-13 12:47:55,000 INFO  org.apache.maven.linkcheck.LinkCheck - Validating apidocs/zeus/visualiser/statistics/charts/class-use/PieChart.Slice.html
2003-11-13 12:47:55,015 INFO  org.apache.maven.linkcheck.LinkCheck - Validating apidocs/zeus/visualiser/statistics/charts/class-use/TabularGraph.Bar.html
2003-11-13 12:47:55,031 INFO  org.apache.maven.linkcheck.LinkCheck - Validating apidocs/zeus/visualiser/statistics/charts/class-use/TabularGraph.html
2003-11-13 12:47:55,046 INFO  org.apache.maven.linkcheck.LinkCheck - Validating apidocs/zeus/visualiser/statistics/charts/class-use/XYGraph.html
2003-11-13 12:47:55,062 INFO  org.apache.maven.linkcheck.LinkCheck - Validating apidocs/zeus/visualiser/statistics/charts/DrawCanvas.html
2003-11-13 12:47:55,125 INFO  org.apache.maven.linkcheck.LinkCheck - Validating apidocs/zeus/visualiser/statistics/charts/DrawObject.html
2003-11-13 12:47:55,140 INFO  org.apache.maven.linkcheck.LinkCheck - Validating apidocs/zeus/visualiser/statistics/charts/GraphicsSymbol.html
2003-11-13 12:47:55,171 INFO  org.apache.maven.linkcheck.LinkCheck - Validating apidocs/zeus/visualiser/statistics/charts/Histogram.Bar.html
2003-11-13 12:47:55,203 INFO  org.apache.maven.linkcheck.LinkCheck - Validating apidocs/zeus/visualiser/statistics/charts/Histogram.html
2003-11-13 12:47:55,265 INFO  org.apache.maven.linkcheck.LinkCheck - Validating apidocs/zeus/visualiser/statistics/charts/LineGraph.Bar.html
2003-11-13 12:47:55,296 INFO  org.apache.maven.linkcheck.LinkCheck - Validating apidocs/zeus/visualiser/statistics/charts/LineGraph.html
2003-11-13 12:47:55,375 INFO  org.apache.maven.linkcheck.LinkCheck - Validating apidocs/zeus/visualiser/statistics/charts/package-frame.html
2003-11-13 12:47:55,375 INFO  org.apache.maven.linkcheck.LinkCheck - Validating apidocs/zeus/visualiser/statistics/charts/package-summary.html
2003-11-13 12:47:55,390 INFO  org.apache.maven.linkcheck.LinkCheck - Validating apidocs/zeus/visualiser/statistics/charts/package-tree.html
2003-11-13 12:47:55,421 INFO  org.apache.maven.linkcheck.LinkCheck - Validating apidocs/zeus/visualiser/statistics/charts/package-use.html
2003-11-13 12:47:55,437 INFO  org.apache.maven.linkcheck.LinkCheck - Validating apidocs/zeus/visualiser/statistics/charts/PieChart.html
2003-11-13 12:47:55,484 INFO  org.apache.maven.linkcheck.LinkCheck - Validating apidocs/zeus/visualiser/statistics/charts/PieChart.Slice.html
2003-11-13 12:47:55,515 INFO  org.apache.maven.linkcheck.LinkCheck - Validating apidocs/zeus/visualiser/statistics/charts/TabularGraph.Bar.html
2003-11-13 12:47:55,546 INFO  org.apache.maven.linkcheck.LinkCheck - Validating apidocs/zeus/visualiser/statistics/charts/TabularGraph.html
2003-11-13 12:47:55,593 INFO  org.apache.maven.linkcheck.LinkCheck - Validating apidocs/zeus/visualiser/statistics/charts/XYGraph.html
2003-11-13 12:47:55,656 INFO  org.apache.maven.linkcheck.LinkCheck - Validating apidocs/zeus/visualiser/statistics/class-use/StatisticsTool.Grapher.html
2003-11-13 12:47:55,671 INFO  org.apache.maven.linkcheck.LinkCheck - Validating apidocs/zeus/visualiser/statistics/class-use/StatisticsTool.html
2003-11-13 12:47:55,687 INFO  org.apache.maven.linkcheck.LinkCheck - Validating apidocs/zeus/visualiser/statistics/class-use/StatisticsTool.StatisticsMenuBar.html
2003-11-13 12:47:55,718 INFO  org.apache.maven.linkcheck.LinkCheck - Validating apidocs/zeus/visualiser/statistics/class-use/StatisticsTool.StatisticsToolBar.html
2003-11-13 12:47:55,734 INFO  org.apache.maven.linkcheck.LinkCheck - Validating apidocs/zeus/visualiser/statistics/class-use/TrafficVolume.html
2003-11-13 12:47:55,750 INFO  org.apache.maven.linkcheck.LinkCheck - Validating apidocs/zeus/visualiser/statistics/package-frame.html
2003-11-13 12:47:55,765 INFO  org.apache.maven.linkcheck.LinkCheck - Validating apidocs/zeus/visualiser/statistics/package-summary.html
2003-11-13 12:47:55,781 INFO  org.apache.maven.linkcheck.LinkCheck - Validating apidocs/zeus/visualiser/statistics/package-tree.html
2003-11-13 12:47:55,796 INFO  org.apache.maven.linkcheck.LinkCheck - Validating apidocs/zeus/visualiser/statistics/package-use.html
2003-11-13 12:47:55,812 INFO  org.apache.maven.linkcheck.LinkCheck - Validating apidocs/zeus/visualiser/statistics/StatisticsTool.Grapher.html
2003-11-13 12:47:55,859 INFO  org.apache.maven.linkcheck.LinkCheck - Validating apidocs/zeus/visualiser/statistics/StatisticsTool.html
2003-11-13 12:47:56,031 INFO  org.apache.maven.linkcheck.LinkCheck - Validating apidocs/zeus/visualiser/statistics/StatisticsTool.StatisticsMenuBar.html
2003-11-13 12:47:56,171 INFO  org.apache.maven.linkcheck.LinkCheck - Validating apidocs/zeus/visualiser/statistics/StatisticsTool.StatisticsToolBar.html
2003-11-13 12:47:56,234 INFO  org.apache.maven.linkcheck.LinkCheck - Validating apidocs/zeus/visualiser/statistics/TrafficVolume.html
2003-11-13 12:47:56,312 INFO  org.apache.maven.linkcheck.LinkCheck - Validating apidocs/zeus/visualiser/SubscriptionInfo.html
2003-11-13 12:47:56,343 INFO  org.apache.maven.linkcheck.LinkCheck - Validating apidocs/zeus/visualiser/Visualiser.html
2003-11-13 12:47:56,375 INFO  org.apache.maven.linkcheck.LinkCheck - Validating apidocs/zeus/visualiser/VisualiserHub.html
2003-11-13 12:47:56,453 INFO  org.apache.maven.linkcheck.LinkCheck - Validating apidocs/zeus/visualiser/VisualiserModel.html
2003-11-13 12:47:56,531 INFO  org.apache.maven.linkcheck.LinkCheck - Validating apidocs/zsh/class-use/zsh.html
2003-11-13 12:47:56,546 INFO  org.apache.maven.linkcheck.LinkCheck - Validating apidocs/zsh/package-frame.html
2003-11-13 12:47:56,546 INFO  org.apache.maven.linkcheck.LinkCheck - Validating apidocs/zsh/package-summary.html
2003-11-13 12:47:56,562 INFO  org.apache.maven.linkcheck.LinkCheck - Validating apidocs/zsh/package-tree.html
2003-11-13 12:47:56,578 INFO  org.apache.maven.linkcheck.LinkCheck - Validating apidocs/zsh/package-use.html
2003-11-13 12:47:56,593 INFO  org.apache.maven.linkcheck.LinkCheck - Validating apidocs/zsh/zsh.html
2003-11-13 12:47:56,656 INFO  org.apache.maven.linkcheck.LinkCheck - Validating changelog-report.html
2003-11-13 12:47:56,734 INFO  org.apache.maven.linkcheck.validation.HTTPLinkValidator - Checking link http://maven.apache.org/development-process.html
2003-11-13 12:47:56,750 INFO  org.apache.maven.linkcheck.validation.HTTPLinkValidator - Checking link http://maven.apache.org/
2003-11-13 12:47:56,765 INFO  org.apache.maven.linkcheck.LinkCheck - Validating cvs-usage.html
2003-11-13 12:47:56,781 INFO  org.apache.maven.linkcheck.validation.HTTPLinkValidator - Checking link http://cvsgrab.sourceforge.net/
2003-11-13 12:47:56,796 INFO  org.apache.maven.linkcheck.LinkCheck - Validating dependencies.html
2003-11-13 12:47:56,828 INFO  org.apache.maven.linkcheck.LinkCheck - Validating developer-activity-report.html
2003-11-13 12:47:56,843 INFO  org.apache.maven.linkcheck.LinkCheck - Validating file-activity-report.html
2003-11-13 12:47:56,890 INFO  org.apache.maven.linkcheck.LinkCheck - Validating index.html
2003-11-13 12:47:56,906 INFO  org.apache.maven.linkcheck.LinkCheck - Validating issue-tracking.html
2003-11-13 12:47:56,906 INFO  org.apache.maven.linkcheck.LinkCheck - Validating javadoc.html
2003-11-13 12:47:57,156 INFO  org.apache.maven.linkcheck.LinkCheck - Validating jdepend-report.html
2003-11-13 12:47:57,968 INFO  org.apache.maven.linkcheck.validation.HTTPLinkValidator - Checking link http://www.clarkware.com/software/JDepend.html
2003-11-13 12:47:58,015 INFO  org.apache.maven.linkcheck.LinkCheck - Validating linkcheck.html
2003-11-13 12:47:58,031 INFO  org.apache.maven.linkcheck.LinkCheck - Validating mail-lists.html
2003-11-13 12:47:58,046 INFO  org.apache.maven.linkcheck.LinkCheck - Validating maven-reports.html
2003-11-13 12:47:58,062 INFO  org.apache.maven.linkcheck.LinkCheck - Validating pmd-report.html
2003-11-13 12:48:05,796 INFO  org.apache.maven.linkcheck.validation.HTTPLinkValidator - Checking link http://pmd.sourceforge.net/
2003-11-13 12:48:05,875 INFO  org.apache.maven.linkcheck.LinkCheck - Validating project-info.html
2003-11-13 12:48:05,890 INFO  org.apache.maven.linkcheck.LinkCheck - Validating statcvs/authors.html
2003-11-13 12:48:05,906 INFO  org.apache.maven.linkcheck.LinkCheck - Validating statcvs/commit_log.html
2003-11-13 12:48:05,953 INFO  org.apache.maven.linkcheck.LinkCheck - Validating statcvs/commit_log_1.html
2003-11-13 12:48:06,921 INFO  org.apache.maven.linkcheck.LinkCheck - Validating statcvs/dir_activity.html
2003-11-13 12:48:06,937 INFO  org.apache.maven.linkcheck.LinkCheck - Validating statcvs/dir_sizes.html
2003-11-13 12:48:07,031 INFO  org.apache.maven.linkcheck.LinkCheck - Validating statcvs/file_sizes.html
2003-11-13 12:48:07,078 INFO  org.apache.maven.linkcheck.LinkCheck - Validating statcvs/index.html
2003-11-13 12:48:07,203 INFO  org.apache.maven.linkcheck.LinkCheck - Validating statcvs/module.html
2003-11-13 12:48:07,328 INFO  org.apache.maven.linkcheck.LinkCheck - Validating statcvs/module_bin.html
2003-11-13 12:48:07,343 INFO  org.apache.maven.linkcheck.LinkCheck - Validating statcvs/module_doc.html
2003-11-13 12:48:07,375 INFO  org.apache.maven.linkcheck.LinkCheck - Validating statcvs/module_doc_ZeusDocuments.html
2003-11-13 12:48:07,406 INFO  org.apache.maven.linkcheck.LinkCheck - Validating statcvs/module_doc_ZeusDocuments_images.html
2003-11-13 12:48:07,421 INFO  org.apache.maven.linkcheck.LinkCheck - Validating statcvs/module_doc_ZeusDocuments_realisation-guide.html
2003-11-13 12:48:07,437 INFO  org.apache.maven.linkcheck.LinkCheck - Validating statcvs/module_doc_ZeusDocuments_realisation-guide_gfx.html
2003-11-13 12:48:07,500 INFO  org.apache.maven.linkcheck.LinkCheck - Validating statcvs/module_doc_ZeusDocuments_techmanual.html
2003-11-13 12:48:07,531 INFO  org.apache.maven.linkcheck.LinkCheck - Validating statcvs/module_doc_ZeusDocuments_techmanual_gfx.html
2003-11-13 12:48:07,562 INFO  org.apache.maven.linkcheck.LinkCheck - Validating statcvs/module_etc.html
2003-11-13 12:48:07,578 INFO  org.apache.maven.linkcheck.LinkCheck - Validating statcvs/module_lib.html
2003-11-13 12:48:07,593 INFO  org.apache.maven.linkcheck.LinkCheck - Validating statcvs/module_licenses.html
2003-11-13 12:48:07,625 INFO  org.apache.maven.linkcheck.LinkCheck - Validating statcvs/module_src.html
2003-11-13 12:48:07,671 INFO  org.apache.maven.linkcheck.LinkCheck - Validating statcvs/module_src_FIPA.html
2003-11-13 12:48:07,703 INFO  org.apache.maven.linkcheck.LinkCheck - Validating statcvs/module_src_fipa97.html
2003-11-13 12:48:07,734 INFO  org.apache.maven.linkcheck.LinkCheck - Validating statcvs/module_src_JADE_SL.html
2003-11-13 12:48:07,750 INFO  org.apache.maven.linkcheck.LinkCheck - Validating statcvs/module_src_JADE_SL_abs.html
2003-11-13 12:48:07,781 INFO  org.apache.maven.linkcheck.LinkCheck - Validating statcvs/module_src_JADE_SL_acl.html
2003-11-13 12:48:07,796 INFO  org.apache.maven.linkcheck.LinkCheck - Validating statcvs/module_src_JADE_SL_lang.html
2003-11-13 12:48:07,812 INFO  org.apache.maven.linkcheck.LinkCheck - Validating statcvs/module_src_JADE_SL_lang_sl.html
2003-11-13 12:48:07,828 INFO  org.apache.maven.linkcheck.LinkCheck - Validating statcvs/module_src_JADE_SL_onto.html
2003-11-13 12:48:07,859 INFO  org.apache.maven.linkcheck.LinkCheck - Validating statcvs/module_src_JADE_SL_onto_basic.html
2003-11-13 12:48:07,875 INFO  org.apache.maven.linkcheck.LinkCheck - Validating statcvs/module_src_JADE_SL_schema.html
2003-11-13 12:48:07,890 INFO  org.apache.maven.linkcheck.LinkCheck - Validating statcvs/module_src_JADE_SL_schema_facets.html
2003-11-13 12:48:07,921 INFO  org.apache.maven.linkcheck.LinkCheck - Validating statcvs/module_src_javax.html
2003-11-13 12:48:07,921 INFO  org.apache.maven.linkcheck.LinkCheck - Validating statcvs/module_src_javax_agent.html
2003-11-13 12:48:07,953 INFO  org.apache.maven.linkcheck.LinkCheck - Validating statcvs/module_src_javax_agent_service.html
2003-11-13 12:48:07,968 INFO  org.apache.maven.linkcheck.LinkCheck - Validating statcvs/module_src_sl.html
2003-11-13 12:48:08,000 INFO  org.apache.maven.linkcheck.LinkCheck - Validating statcvs/module_src_zeus.html
2003-11-13 12:48:08,046 INFO  org.apache.maven.linkcheck.LinkCheck - Validating statcvs/module_src_zeus_actors.html
2003-11-13 12:48:08,078 INFO  org.apache.maven.linkcheck.LinkCheck - Validating statcvs/module_src_zeus_actors_event.html
2003-11-13 12:48:08,125 INFO  org.apache.maven.linkcheck.LinkCheck - Validating statcvs/module_src_zeus_actors_factories.html
2003-11-13 12:48:08,140 INFO  org.apache.maven.linkcheck.LinkCheck - Validating statcvs/module_src_zeus_actors_graphs.html
2003-11-13 12:48:08,187 INFO  org.apache.maven.linkcheck.LinkCheck - Validating statcvs/module_src_zeus_actors_intrays.html
2003-11-13 12:48:08,218 INFO  org.apache.maven.linkcheck.LinkCheck - Validating statcvs/module_src_zeus_actors_outtrays.html
2003-11-13 12:48:08,234 INFO  org.apache.maven.linkcheck.LinkCheck - Validating statcvs/module_src_zeus_actors_rtn.html
2003-11-13 12:48:08,265 INFO  org.apache.maven.linkcheck.LinkCheck - Validating statcvs/module_src_zeus_actors_rtn_util.html
2003-11-13 12:48:08,281 INFO  org.apache.maven.linkcheck.LinkCheck - Validating statcvs/module_src_zeus_agents.html
2003-11-13 12:48:08,312 INFO  org.apache.maven.linkcheck.LinkCheck - Validating statcvs/module_src_zeus_agentviewer.html
2003-11-13 12:48:08,328 INFO  org.apache.maven.linkcheck.LinkCheck - Validating statcvs/module_src_zeus_agentviewer_acquaintances.html
2003-11-13 12:48:08,343 INFO  org.apache.maven.linkcheck.LinkCheck - Validating statcvs/module_src_zeus_agentviewer_engine.html
2003-11-13 12:48:08,375 INFO  org.apache.maven.linkcheck.LinkCheck - Validating statcvs/module_src_zeus_agentviewer_mail.html
2003-11-13 12:48:08,390 INFO  org.apache.maven.linkcheck.LinkCheck - Validating statcvs/module_src_zeus_agentviewer_msghandler.html
2003-11-13 12:48:08,406 INFO  org.apache.maven.linkcheck.LinkCheck - Validating statcvs/module_src_zeus_agentviewer_plansch.html
2003-11-13 12:48:08,421 INFO  org.apache.maven.linkcheck.LinkCheck - Validating statcvs/module_src_zeus_agentviewer_protocol.html
2003-11-13 12:48:08,437 INFO  org.apache.maven.linkcheck.LinkCheck - Validating statcvs/module_src_zeus_agentviewer_resources.html
2003-11-13 12:48:08,453 INFO  org.apache.maven.linkcheck.LinkCheck - Validating statcvs/module_src_zeus_agentviewer_rete.html
2003-11-13 12:48:08,468 INFO  org.apache.maven.linkcheck.LinkCheck - Validating statcvs/module_src_zeus_agentviewer_task.html
2003-11-13 12:48:08,500 INFO  org.apache.maven.linkcheck.LinkCheck - Validating statcvs/module_src_zeus_concepts.html
2003-11-13 12:48:08,562 INFO  org.apache.maven.linkcheck.LinkCheck - Validating statcvs/module_src_zeus_concepts_fn.html
2003-11-13 12:48:08,609 INFO  org.apache.maven.linkcheck.LinkCheck - Validating statcvs/module_src_zeus_concepts_xmlobject.html
2003-11-13 12:48:08,625 INFO  org.apache.maven.linkcheck.LinkCheck - Validating statcvs/module_src_zeus_concepts_xmlobject_acc.html
2003-11-13 12:48:08,640 INFO  org.apache.maven.linkcheck.LinkCheck - Validating statcvs/module_src_zeus_ext.html
2003-11-13 12:48:08,656 INFO  org.apache.maven.linkcheck.LinkCheck - Validating statcvs/module_src_zeus_generator.html
2003-11-13 12:48:08,671 INFO  org.apache.maven.linkcheck.LinkCheck - Validating statcvs/module_src_zeus_generator_agent.html
2003-11-13 12:48:08,703 INFO  org.apache.maven.linkcheck.LinkCheck - Validating statcvs/module_src_zeus_generator_code.html
2003-11-13 12:48:08,734 INFO  org.apache.maven.linkcheck.LinkCheck - Validating statcvs/module_src_zeus_generator_event.html
2003-11-13 12:48:08,750 INFO  org.apache.maven.linkcheck.LinkCheck - Validating statcvs/module_src_zeus_generator_task.html
2003-11-13 12:48:08,781 INFO  org.apache.maven.linkcheck.LinkCheck - Validating statcvs/module_src_zeus_generator_task_rulebase.html
2003-11-13 12:48:08,812 INFO  org.apache.maven.linkcheck.LinkCheck - Validating statcvs/module_src_zeus_generator_util.html
2003-11-13 12:48:08,828 INFO  org.apache.maven.linkcheck.LinkCheck - Validating statcvs/module_src_zeus_gui.html
2003-11-13 12:48:08,859 INFO  org.apache.maven.linkcheck.LinkCheck - Validating statcvs/module_src_zeus_gui_dialog.html
2003-11-13 12:48:08,875 INFO  org.apache.maven.linkcheck.LinkCheck - Validating statcvs/module_src_zeus_gui_editors.html
2003-11-13 12:48:08,890 INFO  org.apache.maven.linkcheck.LinkCheck - Validating statcvs/module_src_zeus_gui_fields.html
2003-11-13 12:48:08,906 INFO  org.apache.maven.linkcheck.LinkCheck - Validating statcvs/module_src_zeus_gui_graph.html
2003-11-13 12:48:08,937 INFO  org.apache.maven.linkcheck.LinkCheck - Validating statcvs/module_src_zeus_gui_help.html
2003-11-13 12:48:08,953 INFO  org.apache.maven.linkcheck.LinkCheck - Validating statcvs/module_src_zeus_ontology.html
2003-11-13 12:48:08,968 INFO  org.apache.maven.linkcheck.LinkCheck - Validating statcvs/module_src_zeus_ontology_attributes.html
2003-11-13 12:48:09,000 INFO  org.apache.maven.linkcheck.LinkCheck - Validating statcvs/module_src_zeus_ontology_database.html
2003-11-13 12:48:09,015 INFO  org.apache.maven.linkcheck.LinkCheck - Validating statcvs/module_src_zeus_ontology_facts.html
2003-11-13 12:48:09,031 INFO  org.apache.maven.linkcheck.LinkCheck - Validating statcvs/module_src_zeus_ontology_restrictions.html
2003-11-13 12:48:09,046 INFO  org.apache.maven.linkcheck.LinkCheck - Validating statcvs/module_src_zeus_rete.html
2003-11-13 12:48:09,078 INFO  org.apache.maven.linkcheck.LinkCheck - Validating statcvs/module_src_zeus_rete_action.html
2003-11-13 12:48:09,109 INFO  org.apache.maven.linkcheck.LinkCheck - Validating statcvs/module_src_zeus_util.html
2003-11-13 12:48:09,140 INFO  org.apache.maven.linkcheck.LinkCheck - Validating statcvs/module_src_zeus_visualiser.html
2003-11-13 12:48:09,156 INFO  org.apache.maven.linkcheck.LinkCheck - Validating statcvs/module_src_zeus_visualiser_basic.html
2003-11-13 12:48:09,171 INFO  org.apache.maven.linkcheck.LinkCheck - Validating statcvs/module_src_zeus_visualiser_control.html
2003-11-13 12:48:09,203 INFO  org.apache.maven.linkcheck.LinkCheck - Validating statcvs/module_src_zeus_visualiser_report.html
2003-11-13 12:48:09,218 INFO  org.apache.maven.linkcheck.LinkCheck - Validating statcvs/module_src_zeus_visualiser_society.html
2003-11-13 12:48:09,234 INFO  org.apache.maven.linkcheck.LinkCheck - Validating statcvs/module_src_zeus_visualiser_statistics.html
2003-11-13 12:48:09,250 INFO  org.apache.maven.linkcheck.LinkCheck - Validating statcvs/module_src_zeus_visualiser_statistics_charts.html
2003-11-13 12:48:09,265 INFO  org.apache.maven.linkcheck.LinkCheck - Validating statcvs/module_src_zsh.html
2003-11-13 12:48:09,281 INFO  org.apache.maven.linkcheck.LinkCheck - Validating statcvs/module_var.html
2003-11-13 12:48:09,343 INFO  org.apache.maven.linkcheck.LinkCheck - Validating statcvs/module_var_gifs.html
2003-11-13 12:48:09,359 INFO  org.apache.maven.linkcheck.LinkCheck - Validating statcvs/module_var_gifs_agentviewer.html
2003-11-13 12:48:09,390 INFO  org.apache.maven.linkcheck.LinkCheck - Validating statcvs/module_var_gifs_control.html
2003-11-13 12:48:09,406 INFO  org.apache.maven.linkcheck.LinkCheck - Validating statcvs/module_var_gifs_generator.html
2003-11-13 12:48:09,453 INFO  org.apache.maven.linkcheck.LinkCheck - Validating statcvs/module_var_gifs_help.html
2003-11-13 12:48:09,468 INFO  org.apache.maven.linkcheck.LinkCheck - Validating statcvs/module_var_gifs_ontology.html
2003-11-13 12:48:09,500 INFO  org.apache.maven.linkcheck.LinkCheck - Validating statcvs/module_var_gifs_visualiser.html
2003-11-13 12:48:09,531 INFO  org.apache.maven.linkcheck.LinkCheck - Validating statcvs/module_var_help.html
2003-11-13 12:48:09,578 INFO  org.apache.maven.linkcheck.LinkCheck - Validating statcvs/module_var_help_generator.html
2003-11-13 12:48:09,625 INFO  org.apache.maven.linkcheck.LinkCheck - Validating statcvs/module_var_help_generator_Activity Coord-1.html
2003-11-13 12:48:09,640 INFO  org.apache.maven.linkcheck.LinkCheck - Validating statcvs/module_var_help_generator_Activity Coord-2.html
2003-11-13 12:48:09,656 INFO  org.apache.maven.linkcheck.LinkCheck - Validating statcvs/module_var_help_generator_Activity Org-1.html
2003-11-13 12:48:09,671 INFO  org.apache.maven.linkcheck.LinkCheck - Validating statcvs/module_var_help_generator_Activity Org-2.html
2003-11-13 12:48:09,687 INFO  org.apache.maven.linkcheck.LinkCheck - Validating statcvs/module_var_help_generator_Agent Design Approach.html
2003-11-13 12:48:09,703 INFO  org.apache.maven.linkcheck.LinkCheck - Validating statcvs/module_var_help_generator_Agent Options.html
2003-11-13 12:48:09,718 INFO  org.apache.maven.linkcheck.LinkCheck - Validating statcvs/module_var_help_generator_Code Generator.html
2003-11-13 12:48:09,734 INFO  org.apache.maven.linkcheck.LinkCheck - Validating statcvs/module_var_help_generator_Fact Table.html
2003-11-13 12:48:09,750 INFO  org.apache.maven.linkcheck.LinkCheck - Validating statcvs/module_var_help_generator_generator.html
2003-11-13 12:48:09,781 INFO  org.apache.maven.linkcheck.LinkCheck - Validating statcvs/module_var_help_generator_generator_Activity Coord-1.html
2003-11-13 12:48:09,796 INFO  org.apache.maven.linkcheck.LinkCheck - Validating statcvs/module_var_help_generator_generator_Activity Coord-2.html
2003-11-13 12:48:09,812 INFO  org.apache.maven.linkcheck.LinkCheck - Validating statcvs/module_var_help_generator_generator_Activity Org-1.html
2003-11-13 12:48:09,828 INFO  org.apache.maven.linkcheck.LinkCheck - Validating statcvs/module_var_help_generator_generator_Activity Org-2.html
2003-11-13 12:48:09,843 INFO  org.apache.maven.linkcheck.LinkCheck - Validating statcvs/module_var_help_generator_generator_Agent Design Approach.html
2003-11-13 12:48:09,859 INFO  org.apache.maven.linkcheck.LinkCheck - Validating statcvs/module_var_help_generator_generator_Agent Options.html
2003-11-13 12:48:09,875 INFO  org.apache.maven.linkcheck.LinkCheck - Validating statcvs/module_var_help_generator_generator_Code Generator.html
2003-11-13 12:48:09,890 INFO  org.apache.maven.linkcheck.LinkCheck - Validating statcvs/module_var_help_generator_generator_Fact Table.html
2003-11-13 12:48:09,906 INFO  org.apache.maven.linkcheck.LinkCheck - Validating statcvs/module_var_help_generator_generator_Initial Fact Table.html
2003-11-13 12:48:09,921 INFO  org.apache.maven.linkcheck.LinkCheck - Validating statcvs/module_var_help_generator_generator_Ontology Options.html
2003-11-13 12:48:09,937 INFO  org.apache.maven.linkcheck.LinkCheck - Validating statcvs/module_var_help_generator_generator_Project Options.html
2003-11-13 12:48:09,953 INFO  org.apache.maven.linkcheck.LinkCheck - Validating statcvs/module_var_help_generator_generator_Society Viewer.html
2003-11-13 12:48:09,968 INFO  org.apache.maven.linkcheck.LinkCheck - Validating statcvs/module_var_help_generator_generator_Task Declaration.html
2003-11-13 12:48:10,000 INFO  org.apache.maven.linkcheck.LinkCheck - Validating statcvs/module_var_help_generator_generator_Task Options.html
2003-11-13 12:48:10,015 INFO  org.apache.maven.linkcheck.LinkCheck - Validating statcvs/module_var_help_generator_generator_Task Specification.html
2003-11-13 12:48:10,031 INFO  org.apache.maven.linkcheck.LinkCheck - Validating statcvs/module_var_help_generator_generator_Task Table.html
2003-11-13 12:48:10,046 INFO  org.apache.maven.linkcheck.LinkCheck - Validating statcvs/module_var_help_generator_glossary.html
2003-11-13 12:48:10,062 INFO  org.apache.maven.linkcheck.LinkCheck - Validating statcvs/module_var_help_generator_Initial Fact Table.html
2003-11-13 12:48:10,078 INFO  org.apache.maven.linkcheck.LinkCheck - Validating statcvs/module_var_help_generator_Ontology Options.html
2003-11-13 12:48:10,093 INFO  org.apache.maven.linkcheck.LinkCheck - Validating statcvs/module_var_help_generator_ontology.html
2003-11-13 12:48:10,109 INFO  org.apache.maven.linkcheck.LinkCheck - Validating statcvs/module_var_help_generator_ontology_Attribute Table.html
2003-11-13 12:48:10,125 INFO  org.apache.maven.linkcheck.LinkCheck - Validating statcvs/module_var_help_generator_ontology_Fact Hierarchy.html
2003-11-13 12:48:10,140 INFO  org.apache.maven.linkcheck.LinkCheck - Validating statcvs/module_var_help_generator_ontology_Restriction Table.html
2003-11-13 12:48:10,171 INFO  org.apache.maven.linkcheck.LinkCheck - Validating statcvs/module_var_help_generator_Project Options.html
2003-11-13 12:48:10,187 INFO  org.apache.maven.linkcheck.LinkCheck - Validating statcvs/module_var_help_generator_Society Viewer.html
2003-11-13 12:48:10,203 INFO  org.apache.maven.linkcheck.LinkCheck - Validating statcvs/module_var_help_generator_Task Declaration.html
2003-11-13 12:48:10,218 INFO  org.apache.maven.linkcheck.LinkCheck - Validating statcvs/module_var_help_generator_Task Options.html
2003-11-13 12:48:10,234 INFO  org.apache.maven.linkcheck.LinkCheck - Validating statcvs/module_var_help_generator_Task Specification.html
2003-11-13 12:48:10,250 INFO  org.apache.maven.linkcheck.LinkCheck - Validating statcvs/module_var_help_generator_Task Table.html
2003-11-13 12:48:10,265 INFO  org.apache.maven.linkcheck.LinkCheck - Validating statcvs/module_var_help_generator_visualiser.html
2003-11-13 12:48:10,296 INFO  org.apache.maven.linkcheck.LinkCheck - Validating statcvs/module_var_help_generator_visualiser_about.html
2003-11-13 12:48:10,312 INFO  org.apache.maven.linkcheck.LinkCheck - Validating statcvs/module_var_help_generator_visualiser_Agent Viewer.html
2003-11-13 12:48:10,328 INFO  org.apache.maven.linkcheck.LinkCheck - Validating statcvs/module_var_help_generator_visualiser_common.html
2003-11-13 12:48:10,359 INFO  org.apache.maven.linkcheck.LinkCheck - Validating statcvs/module_var_help_generator_visualiser_Control Tool.html
2003-11-13 12:48:10,375 INFO  org.apache.maven.linkcheck.LinkCheck - Validating statcvs/module_var_help_generator_visualiser_Report Tool.html
2003-11-13 12:48:10,390 INFO  org.apache.maven.linkcheck.LinkCheck - Validating statcvs/module_var_help_generator_visualiser_Society Viewer.html
2003-11-13 12:48:10,406 INFO  org.apache.maven.linkcheck.LinkCheck - Validating statcvs/module_var_help_generator_visualiser_Statistics Tool.html
2003-11-13 12:48:10,421 INFO  org.apache.maven.linkcheck.LinkCheck - Validating statcvs/module_var_help_generator_visualiser_Visualiser Hub.html
2003-11-13 12:48:10,437 INFO  org.apache.maven.linkcheck.LinkCheck - Validating statcvs/module_var_help_glossary.html
2003-11-13 12:48:10,453 INFO  org.apache.maven.linkcheck.LinkCheck - Validating statcvs/module_var_help_ontology.html
2003-11-13 12:48:10,468 INFO  org.apache.maven.linkcheck.LinkCheck - Validating statcvs/module_var_help_ontology_Attribute Table.html
2003-11-13 12:48:10,484 INFO  org.apache.maven.linkcheck.LinkCheck - Validating statcvs/module_var_help_ontology_Fact Hierarchy.html
2003-11-13 12:48:10,500 INFO  org.apache.maven.linkcheck.LinkCheck - Validating statcvs/module_var_help_ontology_Restriction Table.html
2003-11-13 12:48:10,515 INFO  org.apache.maven.linkcheck.LinkCheck - Validating statcvs/module_var_help_visualiser.html
2003-11-13 12:48:10,531 INFO  org.apache.maven.linkcheck.LinkCheck - Validating statcvs/module_var_help_visualiser_about.html
2003-11-13 12:48:10,562 INFO  org.apache.maven.linkcheck.LinkCheck - Validating statcvs/module_var_help_visualiser_Agent Viewer.html
2003-11-13 12:48:10,578 INFO  org.apache.maven.linkcheck.LinkCheck - Validating statcvs/module_var_help_visualiser_common.html
2003-11-13 12:48:10,593 INFO  org.apache.maven.linkcheck.LinkCheck - Validating statcvs/module_var_help_visualiser_Control Tool.html
2003-11-13 12:48:10,625 INFO  org.apache.maven.linkcheck.LinkCheck - Validating statcvs/module_var_help_visualiser_Report Tool.html
2003-11-13 12:48:10,640 INFO  org.apache.maven.linkcheck.LinkCheck - Validating statcvs/module_var_help_visualiser_Society Viewer.html
2003-11-13 12:48:10,656 INFO  org.apache.maven.linkcheck.LinkCheck - Validating statcvs/module_var_help_visualiser_Statistics Tool.html
2003-11-13 12:48:10,671 INFO  org.apache.maven.linkcheck.LinkCheck - Validating statcvs/module_var_help_visualiser_Visualiser Hub.html
2003-11-13 12:48:10,687 INFO  org.apache.maven.linkcheck.LinkCheck - Validating statcvs/user_gilesn.html
2003-11-13 12:48:11,687 INFO  org.apache.maven.linkcheck.LinkCheck - Validating statcvs/user_thompss.html
2003-11-13 12:48:11,734 INFO  org.apache.maven.linkcheck.LinkCheck - Validating task-list.html
2003-11-13 12:48:12,109 INFO  org.apache.maven.linkcheck.LinkCheck - Validating team-list.html
2003-11-13 12:48:12,125 INFO  org.apache.maven.linkcheck.LinkCheck - Validating xref/allclasses-frame.html
2003-11-13 12:48:12,359 INFO  org.apache.maven.linkcheck.LinkCheck - Validating xref/FIPA/AgentID.html
2003-11-13 12:48:12,375 INFO  org.apache.maven.linkcheck.LinkCheck - Validating xref/FIPA/AgentIDHelper.html
2003-11-13 12:48:12,390 INFO  org.apache.maven.linkcheck.LinkCheck - Validating xref/FIPA/AgentIDHolder.html
2003-11-13 12:48:12,406 INFO  org.apache.maven.linkcheck.LinkCheck - Validating xref/FIPA/AgentIDsHelper.html
2003-11-13 12:48:12,421 INFO  org.apache.maven.linkcheck.LinkCheck - Validating xref/FIPA/AgentIDsHolder.html
2003-11-13 12:48:12,421 INFO  org.apache.maven.linkcheck.LinkCheck - Validating xref/FIPA/DateTime.html
2003-11-13 12:48:12,453 INFO  org.apache.maven.linkcheck.LinkCheck - Validating xref/FIPA/DateTimeHelper.html
2003-11-13 12:48:12,484 INFO  org.apache.maven.linkcheck.LinkCheck - Validating xref/FIPA/DateTimeHolder.html
2003-11-13 12:48:12,484 INFO  org.apache.maven.linkcheck.LinkCheck - Validating xref/FIPA/Envelope.html
2003-11-13 12:48:12,500 INFO  org.apache.maven.linkcheck.LinkCheck - Validating xref/FIPA/EnvelopeHelper.html
2003-11-13 12:48:12,546 INFO  org.apache.maven.linkcheck.LinkCheck - Validating xref/FIPA/EnvelopeHolder.html
2003-11-13 12:48:12,562 INFO  org.apache.maven.linkcheck.LinkCheck - Validating xref/FIPA/EnvelopesHelper.html
2003-11-13 12:48:12,578 INFO  org.apache.maven.linkcheck.LinkCheck - Validating xref/FIPA/EnvelopesHolder.html
2003-11-13 12:48:12,578 INFO  org.apache.maven.linkcheck.LinkCheck - Validating xref/FIPA/FipaMessage.html
2003-11-13 12:48:12,593 INFO  org.apache.maven.linkcheck.LinkCheck - Validating xref/FIPA/FipaMessageHelper.html
2003-11-13 12:48:12,609 INFO  org.apache.maven.linkcheck.LinkCheck - Validating xref/FIPA/FipaMessageHolder.html
2003-11-13 12:48:12,625 INFO  org.apache.maven.linkcheck.LinkCheck - Validating xref/FIPA/MTS.html
2003-11-13 12:48:12,625 INFO  org.apache.maven.linkcheck.LinkCheck - Validating xref/FIPA/MTSHelper.html
2003-11-13 12:48:12,640 INFO  org.apache.maven.linkcheck.LinkCheck - Validating xref/FIPA/MTSHolder.html
2003-11-13 12:48:12,656 INFO  org.apache.maven.linkcheck.LinkCheck - Validating xref/FIPA/MTSOperations.html
2003-11-13 12:48:12,656 INFO  org.apache.maven.linkcheck.LinkCheck - Validating xref/FIPA/OptAgentIDHelper.html
2003-11-13 12:48:12,671 INFO  org.apache.maven.linkcheck.LinkCheck - Validating xref/FIPA/OptAgentIDHolder.html
2003-11-13 12:48:12,687 INFO  org.apache.maven.linkcheck.LinkCheck - Validating xref/FIPA/OptDateTimeHelper.html
2003-11-13 12:48:12,703 INFO  org.apache.maven.linkcheck.LinkCheck - Validating xref/FIPA/OptDateTimeHolder.html
2003-11-13 12:48:12,703 INFO  org.apache.maven.linkcheck.LinkCheck - Validating xref/FIPA/OptReceivedObjectHelper.html
2003-11-13 12:48:12,718 INFO  org.apache.maven.linkcheck.LinkCheck - Validating xref/FIPA/OptReceivedObjectHolder.html
2003-11-13 12:48:12,734 INFO  org.apache.maven.linkcheck.LinkCheck - Validating xref/FIPA/OptTransportBehaviourTypeHelper.html
2003-11-13 12:48:12,750 INFO  org.apache.maven.linkcheck.LinkCheck - Validating xref/FIPA/OptTransportBehaviourTypeHolder.html
2003-11-13 12:48:12,765 INFO  org.apache.maven.linkcheck.LinkCheck - Validating xref/FIPA/package-frame.html
2003-11-13 12:48:12,781 INFO  org.apache.maven.linkcheck.LinkCheck - Validating xref/FIPA/package-summary.html
2003-11-13 12:48:12,796 INFO  org.apache.maven.linkcheck.LinkCheck - Validating xref/FIPA/PayloadHelper.html
2003-11-13 12:48:12,812 INFO  org.apache.maven.linkcheck.LinkCheck - Validating xref/FIPA/PayloadHolder.html
2003-11-13 12:48:12,828 INFO  org.apache.maven.linkcheck.LinkCheck - Validating xref/FIPA/Property.html
2003-11-13 12:48:12,828 INFO  org.apache.maven.linkcheck.LinkCheck - Validating xref/FIPA/PropertyHelper.html
2003-11-13 12:48:12,859 INFO  org.apache.maven.linkcheck.LinkCheck - Validating xref/FIPA/PropertyHolder.html
2003-11-13 12:48:12,859 INFO  org.apache.maven.linkcheck.LinkCheck - Validating xref/FIPA/ReceivedObject.html
2003-11-13 12:48:12,875 INFO  org.apache.maven.linkcheck.LinkCheck - Validating xref/FIPA/ReceivedObjectHelper.html
2003-11-13 12:48:12,906 INFO  org.apache.maven.linkcheck.LinkCheck - Validating xref/FIPA/ReceivedObjectHolder.html
2003-11-13 12:48:12,906 INFO  org.apache.maven.linkcheck.LinkCheck - Validating xref/FIPA/stringsHelper.html
2003-11-13 12:48:12,921 INFO  org.apache.maven.linkcheck.LinkCheck - Validating xref/FIPA/stringsHolder.html
2003-11-13 12:48:12,937 INFO  org.apache.maven.linkcheck.LinkCheck - Validating xref/FIPA/TransportBehaviourTypeHelper.html
2003-11-13 12:48:12,953 INFO  org.apache.maven.linkcheck.LinkCheck - Validating xref/FIPA/TransportBehaviourTypeHolder.html
2003-11-13 12:48:12,968 INFO  org.apache.maven.linkcheck.LinkCheck - Validating xref/FIPA/URLHelper.html
2003-11-13 12:48:12,968 INFO  org.apache.maven.linkcheck.LinkCheck - Validating xref/FIPA/_MTSImplBase.html
2003-11-13 12:48:12,984 INFO  org.apache.maven.linkcheck.LinkCheck - Validating xref/FIPA/_MTSStub.html
2003-11-13 12:48:13,000 INFO  org.apache.maven.linkcheck.LinkCheck - Validating xref/fipa97/FIPA_Agent_97.html
2003-11-13 12:48:13,015 INFO  org.apache.maven.linkcheck.LinkCheck - Validating xref/fipa97/FIPA_Agent_97Helper.html
2003-11-13 12:48:13,031 INFO  org.apache.maven.linkcheck.LinkCheck - Validating xref/fipa97/FIPA_Agent_97Holder.html
2003-11-13 12:48:13,031 INFO  org.apache.maven.linkcheck.LinkCheck - Validating xref/fipa97/FIPA_Agent_97Operations.html
2003-11-13 12:48:13,046 INFO  org.apache.maven.linkcheck.LinkCheck - Validating xref/fipa97/package-frame.html
2003-11-13 12:48:13,046 INFO  org.apache.maven.linkcheck.LinkCheck - Validating xref/fipa97/package-summary.html
2003-11-13 12:48:13,046 INFO  org.apache.maven.linkcheck.LinkCheck - Validating xref/fipa97/_FIPA_Agent_97ImplBase.html
2003-11-13 12:48:13,062 INFO  org.apache.maven.linkcheck.LinkCheck - Validating xref/fipa97/_FIPA_Agent_97Stub.html
2003-11-13 12:48:13,078 INFO  org.apache.maven.linkcheck.LinkCheck - Validating xref/index.html
2003-11-13 12:48:13,093 INFO  org.apache.maven.linkcheck.LinkCheck - Validating xref/JADE_SL/abs/AbsAgentAction.html
2003-11-13 12:48:13,109 INFO  org.apache.maven.linkcheck.LinkCheck - Validating xref/JADE_SL/abs/AbsAggregate.html
2003-11-13 12:48:13,171 INFO  org.apache.maven.linkcheck.LinkCheck - Validating xref/JADE_SL/abs/AbsConcept.html
2003-11-13 12:48:13,187 INFO  org.apache.maven.linkcheck.LinkCheck - Validating xref/JADE_SL/abs/AbsContentElement.html
2003-11-13 12:48:13,203 INFO  org.apache.maven.linkcheck.LinkCheck - Validating xref/JADE_SL/abs/AbsContentElementList.html
2003-11-13 12:48:13,250 INFO  org.apache.maven.linkcheck.LinkCheck - Validating xref/JADE_SL/abs/AbsHelper.html
2003-11-13 12:48:13,343 INFO  org.apache.maven.linkcheck.LinkCheck - Validating xref/JADE_SL/abs/AbsIRE.html
2003-11-13 12:48:13,359 INFO  org.apache.maven.linkcheck.LinkCheck - Validating xref/JADE_SL/abs/AbsObject.html
2003-11-13 12:48:13,375 INFO  org.apache.maven.linkcheck.LinkCheck - Validating xref/JADE_SL/abs/AbsObjectImpl.html
2003-11-13 12:48:13,421 INFO  org.apache.maven.linkcheck.LinkCheck - Validating xref/JADE_SL/abs/AbsPredicate.html
2003-11-13 12:48:13,437 INFO  org.apache.maven.linkcheck.LinkCheck - Validating xref/JADE_SL/abs/AbsPrimitive.html
2003-11-13 12:48:13,562 INFO  org.apache.maven.linkcheck.LinkCheck - Validating xref/JADE_SL/abs/AbsPrimitiveSlotsHolder.html
2003-11-13 12:48:13,625 INFO  org.apache.maven.linkcheck.LinkCheck - Validating xref/JADE_SL/abs/AbsTerm.html
2003-11-13 12:48:13,640 INFO  org.apache.maven.linkcheck.LinkCheck - Validating xref/JADE_SL/abs/AbsVariable.html
2003-11-13 12:48:13,671 INFO  org.apache.maven.linkcheck.LinkCheck - Validating xref/JADE_SL/abs/package-frame.html
2003-11-13 12:48:13,671 INFO  org.apache.maven.linkcheck.LinkCheck - Validating xref/JADE_SL/abs/package-summary.html
2003-11-13 12:48:13,671 INFO  org.apache.maven.linkcheck.LinkCheck - Validating xref/JADE_SL/acl/CommunicativeActBase.html
2003-11-13 12:48:13,703 INFO  org.apache.maven.linkcheck.LinkCheck - Validating xref/JADE_SL/acl/Inform.html
2003-11-13 12:48:13,718 INFO  org.apache.maven.linkcheck.LinkCheck - Validating xref/JADE_SL/acl/package-frame.html
2003-11-13 12:48:13,718 INFO  org.apache.maven.linkcheck.LinkCheck - Validating xref/JADE_SL/acl/package-summary.html
2003-11-13 12:48:13,734 INFO  org.apache.maven.linkcheck.LinkCheck - Validating xref/JADE_SL/acl/Request.html
2003-11-13 12:48:13,750 INFO  org.apache.maven.linkcheck.LinkCheck - Validating xref/JADE_SL/ACLMessage.html
2003-11-13 12:48:14,328 INFO  org.apache.maven.linkcheck.validation.HTTPLinkValidator - Checking link http://www.fipa.org/specs/fipa00061/XC00061D.html
2003-11-13 12:48:14,734 INFO  org.apache.maven.linkcheck.LinkCheck - Validating xref/JADE_SL/AgentAction.html
2003-11-13 12:48:14,734 INFO  org.apache.maven.linkcheck.LinkCheck - Validating xref/JADE_SL/AID.html
2003-11-13 12:48:14,843 INFO  org.apache.maven.linkcheck.LinkCheck - Validating xref/JADE_SL/Base64.html
2003-11-13 12:48:14,906 INFO  org.apache.maven.linkcheck.LinkCheck - Validating xref/JADE_SL/CaseInsensitiveString.html
2003-11-13 12:48:14,937 INFO  org.apache.maven.linkcheck.LinkCheck - Validating xref/JADE_SL/Concept.html
2003-11-13 12:48:14,937 INFO  org.apache.maven.linkcheck.LinkCheck - Validating xref/JADE_SL/ContentElement.html
2003-11-13 12:48:14,953 INFO  org.apache.maven.linkcheck.LinkCheck - Validating xref/JADE_SL/ContentElementList.html
2003-11-13 12:48:14,984 INFO  org.apache.maven.linkcheck.LinkCheck - Validating xref/JADE_SL/FIPANames.html
2003-11-13 12:48:15,015 INFO  org.apache.maven.linkcheck.LinkCheck - Validating xref/JADE_SL/ISO8601.html
2003-11-13 12:48:15,062 INFO  org.apache.maven.linkcheck.LinkCheck - Validating xref/JADE_SL/lang/ByteArrayCodec.html
2003-11-13 12:48:15,078 INFO  org.apache.maven.linkcheck.LinkCheck - Validating xref/JADE_SL/lang/Codec.html
2003-11-13 12:48:15,093 INFO  org.apache.maven.linkcheck.LinkCheck - Validating xref/JADE_SL/lang/package-frame.html
2003-11-13 12:48:15,109 INFO  org.apache.maven.linkcheck.LinkCheck - Validating xref/JADE_SL/lang/package-summary.html
2003-11-13 12:48:15,109 INFO  org.apache.maven.linkcheck.LinkCheck - Validating xref/JADE_SL/lang/sl/ASCII_CharStream.html
2003-11-13 12:48:15,203 INFO  org.apache.maven.linkcheck.LinkCheck - Validating xref/JADE_SL/lang/sl/package-frame.html
2003-11-13 12:48:15,203 INFO  org.apache.maven.linkcheck.LinkCheck - Validating xref/JADE_SL/lang/sl/package-summary.html
2003-11-13 12:48:15,203 INFO  org.apache.maven.linkcheck.LinkCheck - Validating xref/JADE_SL/lang/sl/ParseException.html
2003-11-13 12:48:15,250 INFO  org.apache.maven.linkcheck.LinkCheck - Validating xref/JADE_SL/lang/sl/SLCodec.html
2003-11-13 12:48:15,375 INFO  org.apache.maven.linkcheck.LinkCheck - Validating xref/JADE_SL/lang/sl/SLOntology.html
2003-11-13 12:48:15,390 INFO  org.apache.maven.linkcheck.LinkCheck - Validating xref/JADE_SL/lang/sl/SLParser.html
2003-11-13 12:48:15,843 INFO  org.apache.maven.linkcheck.LinkCheck - Validating xref/JADE_SL/lang/sl/SLParserConstants.html
2003-11-13 12:48:15,859 INFO  org.apache.maven.linkcheck.LinkCheck - Validating xref/JADE_SL/lang/sl/SLParserTokenManager.html
2003-11-13 12:48:16,609 INFO  org.apache.maven.linkcheck.LinkCheck - Validating xref/JADE_SL/lang/sl/Token.html
2003-11-13 12:48:16,625 INFO  org.apache.maven.linkcheck.LinkCheck - Validating xref/JADE_SL/lang/sl/TokenMgrError.html
2003-11-13 12:48:16,671 INFO  org.apache.maven.linkcheck.LinkCheck - Validating xref/JADE_SL/lang/StringCodec.html
2003-11-13 12:48:16,687 INFO  org.apache.maven.linkcheck.LinkCheck - Validating xref/JADE_SL/onto/ACLOntology.html
2003-11-13 12:48:16,718 INFO  org.apache.maven.linkcheck.LinkCheck - Validating xref/JADE_SL/onto/basic/Action.html
2003-11-13 12:48:16,750 INFO  org.apache.maven.linkcheck.LinkCheck - Validating xref/JADE_SL/onto/basic/Done.html
2003-11-13 12:48:16,765 INFO  org.apache.maven.linkcheck.LinkCheck - Validating xref/JADE_SL/onto/basic/Equals.html
2003-11-13 12:48:16,781 INFO  org.apache.maven.linkcheck.LinkCheck - Validating xref/JADE_SL/onto/basic/package-frame.html
2003-11-13 12:48:16,781 INFO  org.apache.maven.linkcheck.LinkCheck - Validating xref/JADE_SL/onto/basic/package-summary.html
2003-11-13 12:48:16,781 INFO  org.apache.maven.linkcheck.LinkCheck - Validating xref/JADE_SL/onto/basic/Result.html
2003-11-13 12:48:16,796 INFO  org.apache.maven.linkcheck.LinkCheck - Validating xref/JADE_SL/onto/basic/TrueProposition.html
2003-11-13 12:48:16,812 INFO  org.apache.maven.linkcheck.LinkCheck - Validating xref/JADE_SL/onto/BasicIntrospector.html
2003-11-13 12:48:16,875 INFO  org.apache.maven.linkcheck.LinkCheck - Validating xref/JADE_SL/onto/BasicOntology.html
2003-11-13 12:48:16,937 INFO  org.apache.maven.linkcheck.LinkCheck - Validating xref/JADE_SL/onto/BCReflectiveIntrospector.html
2003-11-13 12:48:17,031 INFO  org.apache.maven.linkcheck.LinkCheck - Validating xref/JADE_SL/onto/Introspectable.html
2003-11-13 12:48:17,046 INFO  org.apache.maven.linkcheck.LinkCheck - Validating xref/JADE_SL/onto/Introspector.html
2003-11-13 12:48:17,062 INFO  org.apache.maven.linkcheck.LinkCheck - Validating xref/JADE_SL/onto/MicroIntrospector.html
2003-11-13 12:48:17,109 INFO  org.apache.maven.linkcheck.LinkCheck - Validating xref/JADE_SL/onto/Ontology.html
2003-11-13 12:48:17,265 INFO  org.apache.maven.linkcheck.LinkCheck - Validating xref/JADE_SL/onto/OntologyException.html
2003-11-13 12:48:17,281 INFO  org.apache.maven.linkcheck.LinkCheck - Validating xref/JADE_SL/onto/package-frame.html
2003-11-13 12:48:17,296 INFO  org.apache.maven.linkcheck.LinkCheck - Validating xref/JADE_SL/onto/package-summary.html
2003-11-13 12:48:17,296 INFO  org.apache.maven.linkcheck.LinkCheck - Validating xref/JADE_SL/onto/ReflectiveIntrospector.html
2003-11-13 12:48:17,375 INFO  org.apache.maven.linkcheck.LinkCheck - Validating xref/JADE_SL/onto/UngroundedException.html
2003-11-13 12:48:17,390 INFO  org.apache.maven.linkcheck.LinkCheck - Validating xref/JADE_SL/onto/UnknownSchemaException.html
2003-11-13 12:48:17,406 INFO  org.apache.maven.linkcheck.LinkCheck - Validating xref/JADE_SL/onto/WrapperException.html
2003-11-13 12:48:17,421 INFO  org.apache.maven.linkcheck.LinkCheck - Validating xref/JADE_SL/OntoACLMessage.html
2003-11-13 12:48:17,453 INFO  org.apache.maven.linkcheck.LinkCheck - Validating xref/JADE_SL/OntoAID.html
2003-11-13 12:48:17,484 INFO  org.apache.maven.linkcheck.LinkCheck - Validating xref/JADE_SL/package-frame.html
2003-11-13 12:48:17,484 INFO  org.apache.maven.linkcheck.LinkCheck - Validating xref/JADE_SL/package-summary.html
2003-11-13 12:48:17,500 INFO  org.apache.maven.linkcheck.LinkCheck - Validating xref/JADE_SL/Predicate.html
2003-11-13 12:48:17,500 INFO  org.apache.maven.linkcheck.LinkCheck - Validating xref/JADE_SL/schema/AgentActionSchema.html
2003-11-13 12:48:17,546 INFO  org.apache.maven.linkcheck.LinkCheck - Validating xref/JADE_SL/schema/AggregateSchema.html
2003-11-13 12:48:17,578 INFO  org.apache.maven.linkcheck.LinkCheck - Validating xref/JADE_SL/schema/ConceptSchema.html
2003-11-13 12:48:17,625 INFO  org.apache.maven.linkcheck.LinkCheck - Validating xref/JADE_SL/schema/ContentElementListSchema.html
2003-11-13 12:48:17,656 INFO  org.apache.maven.linkcheck.LinkCheck - Validating xref/JADE_SL/schema/ContentElementSchema.html
2003-11-13 12:48:17,671 INFO  org.apache.maven.linkcheck.LinkCheck - Validating xref/JADE_SL/schema/Facet.html
2003-11-13 12:48:17,687 INFO  org.apache.maven.linkcheck.LinkCheck - Validating xref/JADE_SL/schema/facets/CardinalityFacet.html
2003-11-13 12:48:17,718 INFO  org.apache.maven.linkcheck.LinkCheck - Validating xref/JADE_SL/schema/facets/package-frame.html
2003-11-13 12:48:17,718 INFO  org.apache.maven.linkcheck.LinkCheck - Validating xref/JADE_SL/schema/facets/package-summary.html
2003-11-13 12:48:17,718 INFO  org.apache.maven.linkcheck.LinkCheck - Validating xref/JADE_SL/schema/facets/TypedAggregateFacet.html
2003-11-13 12:48:17,750 INFO  org.apache.maven.linkcheck.LinkCheck - Validating xref/JADE_SL/schema/IRESchema.html
2003-11-13 12:48:17,781 INFO  org.apache.maven.linkcheck.LinkCheck - Validating xref/JADE_SL/schema/ObjectSchema.html
2003-11-13 12:48:17,921 INFO  org.apache.maven.linkcheck.LinkCheck - Validating xref/JADE_SL/schema/package-frame.html
2003-11-13 12:48:17,937 INFO  org.apache.maven.linkcheck.LinkCheck - Validating xref/JADE_SL/schema/package-summary.html
2003-11-13 12:48:17,937 INFO  org.apache.maven.linkcheck.LinkCheck - Validating xref/JADE_SL/schema/PredicateSchema.html
2003-11-13 12:48:17,984 INFO  org.apache.maven.linkcheck.LinkCheck - Validating xref/JADE_SL/schema/PrimitiveSchema.html
2003-11-13 12:48:18,015 INFO  org.apache.maven.linkcheck.LinkCheck - Validating xref/JADE_SL/schema/TermSchema.html
2003-11-13 12:48:18,031 INFO  org.apache.maven.linkcheck.LinkCheck - Validating xref/JADE_SL/schema/VariableSchema.html
2003-11-13 12:48:18,078 INFO  org.apache.maven.linkcheck.LinkCheck - Validating xref/JADE_SL/StringACLCodec.html
2003-11-13 12:48:18,171 INFO  org.apache.maven.linkcheck.LinkCheck - Validating xref/JADE_SL/Term.html
2003-11-13 12:48:18,171 INFO  org.apache.maven.linkcheck.LinkCheck - Validating xref/JADE_SL/UnreadableException.html
2003-11-13 12:48:18,187 INFO  org.apache.maven.linkcheck.LinkCheck - Validating xref/JADE_SL/WrapperException.html
2003-11-13 12:48:18,203 INFO  org.apache.maven.linkcheck.LinkCheck - Validating xref/javax/agent/Envelope.html
2003-11-13 12:48:18,218 INFO  org.apache.maven.linkcheck.LinkCheck - Validating xref/javax/agent/Identifier.html
2003-11-13 12:48:18,218 INFO  org.apache.maven.linkcheck.LinkCheck - Validating xref/javax/agent/JasException.html
2003-11-13 12:48:18,234 INFO  org.apache.maven.linkcheck.LinkCheck - Validating xref/javax/agent/Name.html
2003-11-13 12:48:18,234 INFO  org.apache.maven.linkcheck.LinkCheck - Validating xref/javax/agent/package-frame.html
2003-11-13 12:48:18,250 INFO  org.apache.maven.linkcheck.LinkCheck - Validating xref/javax/agent/package-summary.html
2003-11-13 12:48:18,250 INFO  org.apache.maven.linkcheck.LinkCheck - Validating xref/javax/agent/service/package-frame.html
2003-11-13 12:48:18,250 INFO  org.apache.maven.linkcheck.LinkCheck - Validating xref/javax/agent/service/package-summary.html
2003-11-13 12:48:18,265 INFO  org.apache.maven.linkcheck.LinkCheck - Validating xref/javax/agent/service/TimeoutException.html
2003-11-13 12:48:18,265 INFO  org.apache.maven.linkcheck.LinkCheck - Validating xref/javax/agent/service/Transport.html
2003-11-13 12:48:18,281 INFO  org.apache.maven.linkcheck.validation.HTTPLinkValidator - Checking link http://www.labs.bt.com/projects/agents/zeus/licence.htm
2003-11-13 12:53:18,312 INFO  org.apache.maven.linkcheck.validation.HTTPLinkValidator - Received: [504] for http://www.labs.bt.com/projects/agents/zeus/licence.htm
2003-11-13 12:53:18,312 INFO  org.apache.maven.linkcheck.LinkCheck - Validating xref/overview-frame.html
2003-11-13 12:53:18,328 INFO  org.apache.maven.linkcheck.LinkCheck - Validating xref/overview-summary.html
2003-11-13 12:53:18,359 INFO  org.apache.maven.linkcheck.LinkCheck - Validating xref/package-frame.html
2003-11-13 12:53:18,359 INFO  org.apache.maven.linkcheck.LinkCheck - Validating xref/package-summary.html
2003-11-13 12:53:18,375 INFO  org.apache.maven.linkcheck.LinkCheck - Validating xref/sl/Action.html
2003-11-13 12:53:18,390 INFO  org.apache.maven.linkcheck.LinkCheck - Validating xref/sl/AID.html
2003-11-13 12:53:18,484 INFO  org.apache.maven.linkcheck.LinkCheck - Validating xref/sl/AnOntology.html
2003-11-13 12:53:18,500 INFO  org.apache.maven.linkcheck.LinkCheck - Validating xref/sl/ASCII_UCodeESC_CharStream.html
2003-11-13 12:53:18,625 INFO  org.apache.maven.linkcheck.LinkCheck - Validating xref/sl/BasicOntology.html
2003-11-13 12:53:18,656 INFO  org.apache.maven.linkcheck.LinkCheck - Validating xref/sl/CaseInsensitiveString.html
2003-11-13 12:53:18,687 INFO  org.apache.maven.linkcheck.LinkCheck - Validating xref/sl/Codec.html
2003-11-13 12:53:18,703 INFO  org.apache.maven.linkcheck.LinkCheck - Validating xref/sl/CodecException.html
2003-11-13 12:53:18,718 INFO  org.apache.maven.linkcheck.LinkCheck - Validating xref/sl/DefaultOntology.html
2003-11-13 12:53:19,093 INFO  org.apache.maven.linkcheck.LinkCheck - Validating xref/sl/DonePredicate.html
2003-11-13 12:53:19,109 INFO  org.apache.maven.linkcheck.LinkCheck - Validating xref/sl/FalseProposition.html
2003-11-13 12:53:19,125 INFO  org.apache.maven.linkcheck.LinkCheck - Validating xref/sl/Frame.html
2003-11-13 12:53:19,156 INFO  org.apache.maven.linkcheck.LinkCheck - Validating xref/sl/FrameSchema.html
2003-11-13 12:53:19,187 INFO  org.apache.maven.linkcheck.LinkCheck - Validating xref/sl/ISO8601.html
2003-11-13 12:53:19,234 INFO  org.apache.maven.linkcheck.LinkCheck - Validating xref/sl/JADEMetaOntology.html
2003-11-13 12:53:19,250 INFO  org.apache.maven.linkcheck.LinkCheck - Validating xref/sl/Not.html
2003-11-13 12:53:19,265 INFO  org.apache.maven.linkcheck.LinkCheck - Validating xref/sl/Ontology.html
2003-11-13 12:53:19,421 INFO  org.apache.maven.linkcheck.LinkCheck - Validating xref/sl/OntologyException.html
2003-11-13 12:53:19,437 INFO  org.apache.maven.linkcheck.LinkCheck - Validating xref/sl/package-frame.html
2003-11-13 12:53:19,437 INFO  org.apache.maven.linkcheck.LinkCheck - Validating xref/sl/package-summary.html
2003-11-13 12:53:19,453 INFO  org.apache.maven.linkcheck.LinkCheck - Validating xref/sl/ParseException.html
2003-11-13 12:53:19,500 INFO  org.apache.maven.linkcheck.LinkCheck - Validating xref/sl/ResultPredicate.html
2003-11-13 12:53:19,531 INFO  org.apache.maven.linkcheck.LinkCheck - Validating xref/sl/Role.html
2003-11-13 12:53:19,531 INFO  org.apache.maven.linkcheck.LinkCheck - Validating xref/sl/SL0Codec.html
2003-11-13 12:53:19,562 INFO  org.apache.maven.linkcheck.LinkCheck - Validating xref/sl/SL0Encoder.html
2003-11-13 12:53:19,593 INFO  org.apache.maven.linkcheck.LinkCheck - Validating xref/sl/SL0Parser.html
2003-11-13 12:53:19,750 INFO  org.apache.maven.linkcheck.LinkCheck - Validating xref/sl/SL0ParserConstants.html
2003-11-13 12:53:19,750 INFO  org.apache.maven.linkcheck.LinkCheck - Validating xref/sl/SL0ParserTokenManager.html
2003-11-13 12:53:20,000 INFO  org.apache.maven.linkcheck.LinkCheck - Validating xref/sl/Slot.html
2003-11-13 12:53:20,015 INFO  org.apache.maven.linkcheck.LinkCheck - Validating xref/sl/SlotDescriptor.html
2003-11-13 12:53:20,062 INFO  org.apache.maven.linkcheck.LinkCheck - Validating xref/sl/Token.html
2003-11-13 12:53:20,078 INFO  org.apache.maven.linkcheck.LinkCheck - Validating xref/sl/TokenMgrError.html
2003-11-13 12:53:20,125 INFO  org.apache.maven.linkcheck.LinkCheck - Validating xref/sl/TrueProposition.html
2003-11-13 12:53:20,140 INFO  org.apache.maven.linkcheck.LinkCheck - Validating xref/zeus/actors/AbilityDb.html
2003-11-13 12:53:20,234 INFO  org.apache.maven.linkcheck.LinkCheck - Validating xref/zeus/actors/ActionNode.html
2003-11-13 12:53:20,250 INFO  org.apache.maven.linkcheck.LinkCheck - Validating xref/zeus/actors/AgentContext.html
2003-11-13 12:53:20,328 INFO  org.apache.maven.linkcheck.LinkCheck - Validating xref/zeus/actors/AttributeNode.html
2003-11-13 12:53:20,343 INFO  org.apache.maven.linkcheck.LinkCheck - Validating xref/zeus/actors/Connection.html
2003-11-13 12:53:20,406 INFO  org.apache.maven.linkcheck.LinkCheck - Validating xref/zeus/actors/ConnectionPool.html
2003-11-13 12:53:20,421 INFO  org.apache.maven.linkcheck.LinkCheck - Validating xref/zeus/actors/ConsumedDb.html
2003-11-13 12:53:20,562 INFO  org.apache.maven.linkcheck.LinkCheck - Validating xref/zeus/actors/DataRec.html
2003-11-13 12:53:20,625 INFO  org.apache.maven.linkcheck.LinkCheck - Validating xref/zeus/actors/Decomposition.html
2003-11-13 12:53:20,843 INFO  org.apache.maven.linkcheck.LinkCheck - Validating xref/zeus/actors/EffectChain.html
2003-11-13 12:53:20,875 INFO  org.apache.maven.linkcheck.LinkCheck - Validating xref/zeus/actors/event/AbilityAdapter.html
2003-11-13 12:53:20,890 INFO  org.apache.maven.linkcheck.LinkCheck - Validating xref/zeus/actors/event/AbilityEvent.html
2003-11-13 12:53:20,906 INFO  org.apache.maven.linkcheck.LinkCheck - Validating xref/zeus/actors/event/AbilityMonitor.html
2003-11-13 12:53:20,906 INFO  org.apache.maven.linkcheck.LinkCheck - Validating xref/zeus/actors/event/AgentAdapter.html
2003-11-13 12:53:20,921 INFO  org.apache.maven.linkcheck.LinkCheck - Validating xref/zeus/actors/event/AgentEvent.html
2003-11-13 12:53:20,937 INFO  org.apache.maven.linkcheck.LinkCheck - Validating xref/zeus/actors/event/AgentMonitor.html
2003-11-13 12:53:20,953 INFO  org.apache.maven.linkcheck.LinkCheck - Validating xref/zeus/actors/event/ArcAdapter.html
2003-11-13 12:53:20,968 INFO  org.apache.maven.linkcheck.LinkCheck - Validating xref/zeus/actors/event/ArcEvent.html
2003-11-13 12:53:20,984 INFO  org.apache.maven.linkcheck.LinkCheck - Validating xref/zeus/actors/event/ArcMonitor.html
2003-11-13 12:53:21,000 INFO  org.apache.maven.linkcheck.LinkCheck - Validating xref/zeus/actors/event/ClockAdapter.html
2003-11-13 12:53:21,000 INFO  org.apache.maven.linkcheck.LinkCheck - Validating xref/zeus/actors/event/ClockEvent.html
2003-11-13 12:53:21,015 INFO  org.apache.maven.linkcheck.LinkCheck - Validating xref/zeus/actors/event/ClockMonitor.html
2003-11-13 12:53:21,031 INFO  org.apache.maven.linkcheck.LinkCheck - Validating xref/zeus/actors/event/ConversationAdapter.html
2003-11-13 12:53:21,031 INFO  org.apache.maven.linkcheck.LinkCheck - Validating xref/zeus/actors/event/ConversationEvent.html
2003-11-13 12:53:21,062 INFO  org.apache.maven.linkcheck.LinkCheck - Validating xref/zeus/actors/event/ConversationMonitor.html
2003-11-13 12:53:21,062 INFO  org.apache.maven.linkcheck.LinkCheck - Validating xref/zeus/actors/event/Event.html
2003-11-13 12:53:21,125 INFO  org.apache.maven.linkcheck.LinkCheck - Validating xref/zeus/actors/event/FactAdapter.html
2003-11-13 12:53:21,140 INFO  org.apache.maven.linkcheck.LinkCheck - Validating xref/zeus/actors/event/FactEvent.html
2003-11-13 12:53:21,140 INFO  org.apache.maven.linkcheck.LinkCheck - Validating xref/zeus/actors/event/FactMonitor.html
2003-11-13 12:53:21,156 INFO  org.apache.maven.linkcheck.LinkCheck - Validating xref/zeus/actors/event/GraphAdapter.html
2003-11-13 12:53:21,171 INFO  org.apache.maven.linkcheck.LinkCheck - Validating xref/zeus/actors/event/GraphEvent.html
2003-11-13 12:53:21,187 INFO  org.apache.maven.linkcheck.LinkCheck - Validating xref/zeus/actors/event/GraphMonitor.html
2003-11-13 12:53:21,187 INFO  org.apache.maven.linkcheck.LinkCheck - Validating xref/zeus/actors/event/MessageAdapter.html
2003-11-13 12:53:21,203 INFO  org.apache.maven.linkcheck.LinkCheck - Validating xref/zeus/actors/event/MessageEvent.html
2003-11-13 12:53:21,218 INFO  org.apache.maven.linkcheck.LinkCheck - Validating xref/zeus/actors/event/MessageHandlerAdapter.html
2003-11-13 12:53:21,234 INFO  org.apache.maven.linkcheck.LinkCheck - Validating xref/zeus/actors/event/MessageHandlerEvent.html
2003-11-13 12:53:21,265 INFO  org.apache.maven.linkcheck.LinkCheck - Validating xref/zeus/actors/event/MessageHandlerMonitor.html
2003-11-13 12:53:21,281 INFO  org.apache.maven.linkcheck.LinkCheck - Validating xref/zeus/actors/event/MessageMonitor.html
2003-11-13 12:53:21,281 INFO  org.apache.maven.linkcheck.LinkCheck - Validating xref/zeus/actors/event/NodeAdapter.html
2003-11-13 12:53:21,296 INFO  org.apache.maven.linkcheck.LinkCheck - Validating xref/zeus/actors/event/NodeEvent.html
2003-11-13 12:53:21,312 INFO  org.apache.maven.linkcheck.LinkCheck - Validating xref/zeus/actors/event/NodeMonitor.html
2003-11-13 12:53:21,328 INFO  org.apache.maven.linkcheck.LinkCheck - Validating xref/zeus/actors/event/package-frame.html
2003-11-13 12:53:21,343 INFO  org.apache.maven.linkcheck.LinkCheck - Validating xref/zeus/actors/event/package-summary.html
2003-11-13 12:53:21,359 INFO  org.apache.maven.linkcheck.LinkCheck - Validating xref/zeus/actors/event/PlanningAdapter.html
2003-11-13 12:53:21,375 INFO  org.apache.maven.linkcheck.LinkCheck - Validating xref/zeus/actors/event/PlanningEvent.html
2003-11-13 12:53:21,390 INFO  org.apache.maven.linkcheck.LinkCheck - Validating xref/zeus/actors/event/PlanningMonitor.html
2003-11-13 12:53:21,390 INFO  org.apache.maven.linkcheck.LinkCheck - Validating xref/zeus/actors/event/PlanStepAdapter.html
2003-11-13 12:53:21,406 INFO  org.apache.maven.linkcheck.LinkCheck - Validating xref/zeus/actors/event/PlanStepEvent.html
2003-11-13 12:53:21,421 INFO  org.apache.maven.linkcheck.LinkCheck - Validating xref/zeus/actors/event/PlanStepMonitor.html
2003-11-13 12:53:21,437 INFO  org.apache.maven.linkcheck.LinkCheck - Validating xref/zeus/actors/event/ProtocolAdapter.html
2003-11-13 12:53:21,453 INFO  org.apache.maven.linkcheck.LinkCheck - Validating xref/zeus/actors/event/ProtocolDbNode.html
2003-11-13 12:53:21,468 INFO  org.apache.maven.linkcheck.LinkCheck - Validating xref/zeus/actors/event/ProtocolEvent.html
2003-11-13 12:53:21,484 INFO  org.apache.maven.linkcheck.LinkCheck - Validating xref/zeus/actors/event/ProtocolMonitor.html
2003-11-13 12:53:21,500 INFO  org.apache.maven.linkcheck.LinkCheck - Validating xref/zeus/actors/event/RelationAdapter.html
2003-11-13 12:53:21,500 INFO  org.apache.maven.linkcheck.LinkCheck - Validating xref/zeus/actors/event/RelationEvent.html
2003-11-13 12:53:21,515 INFO  org.apache.maven.linkcheck.LinkCheck - Validating xref/zeus/actors/event/RelationMonitor.html
2003-11-13 12:53:21,531 INFO  org.apache.maven.linkcheck.LinkCheck - Validating xref/zeus/actors/event/ReteEngineAdapter.html
2003-11-13 12:53:21,546 INFO  org.apache.maven.linkcheck.LinkCheck - Validating xref/zeus/actors/event/ReteEngineEvent.html
2003-11-13 12:53:21,562 INFO  org.apache.maven.linkcheck.LinkCheck - Validating xref/zeus/actors/event/ReteEngineMonitor.html
2003-11-13 12:53:21,578 INFO  org.apache.maven.linkcheck.LinkCheck - Validating xref/zeus/actors/event/TaskAdapter.html
2003-11-13 12:53:21,593 INFO  org.apache.maven.linkcheck.LinkCheck - Validating xref/zeus/actors/event/TaskEvent.html
2003-11-13 12:53:21,609 INFO  org.apache.maven.linkcheck.LinkCheck - Validating xref/zeus/actors/event/TaskMonitor.html
2003-11-13 12:53:21,609 INFO  org.apache.maven.linkcheck.LinkCheck - Validating xref/zeus/actors/ExecutionMonitor.html
2003-11-13 12:53:21,656 INFO  org.apache.maven.linkcheck.LinkCheck - Validating xref/zeus/actors/ExternalDb.html
2003-11-13 12:53:21,671 INFO  org.apache.maven.linkcheck.LinkCheck - Validating xref/zeus/actors/factories/ConnectionPool.html
2003-11-13 12:53:21,687 INFO  org.apache.maven.linkcheck.LinkCheck - Validating xref/zeus/actors/factories/IIOP_Z_HTTP_TransportFactory.html
2003-11-13 12:53:21,828 INFO  org.apache.maven.linkcheck.LinkCheck - Validating xref/zeus/actors/factories/NotFoundException.html
2003-11-13 12:53:21,843 INFO  org.apache.maven.linkcheck.LinkCheck - Validating xref/zeus/actors/factories/package-frame.html
2003-11-13 12:53:21,843 INFO  org.apache.maven.linkcheck.LinkCheck - Validating xref/zeus/actors/factories/package-summary.html
2003-11-13 12:53:21,859 INFO  org.apache.maven.linkcheck.LinkCheck - Validating xref/zeus/actors/factories/TransportFactory.html
2003-11-13 12:53:21,859 INFO  org.apache.maven.linkcheck.LinkCheck - Validating xref/zeus/actors/factories/TransportFactoryMethod.html
2003-11-13 12:53:21,875 INFO  org.apache.maven.linkcheck.LinkCheck - Validating xref/zeus/actors/factories/TransportUnsupportedException.html
2003-11-13 12:53:21,890 INFO  org.apache.maven.linkcheck.LinkCheck - Validating xref/zeus/actors/graphs/a0.html
2003-11-13 12:53:21,906 INFO  org.apache.maven.linkcheck.LinkCheck - Validating xref/zeus/actors/graphs/a1.html
2003-11-13 12:53:21,906 INFO  org.apache.maven.linkcheck.LinkCheck - Validating xref/zeus/actors/graphs/a14.html
2003-11-13 12:53:21,921 INFO  org.apache.maven.linkcheck.LinkCheck - Validating xref/zeus/actors/graphs/a2.html
2003-11-13 12:53:21,937 INFO  org.apache.maven.linkcheck.LinkCheck - Validating xref/zeus/actors/graphs/a3.html
2003-11-13 12:53:21,953 INFO  org.apache.maven.linkcheck.LinkCheck - Validating xref/zeus/actors/graphs/a4.html
2003-11-13 12:53:21,968 INFO  org.apache.maven.linkcheck.LinkCheck - Validating xref/zeus/actors/graphs/a5.html
2003-11-13 12:53:21,984 INFO  org.apache.maven.linkcheck.LinkCheck - Validating xref/zeus/actors/graphs/a6.html
2003-11-13 12:53:22,000 INFO  org.apache.maven.linkcheck.LinkCheck - Validating xref/zeus/actors/graphs/a7.html
2003-11-13 12:53:22,015 INFO  org.apache.maven.linkcheck.LinkCheck - Validating xref/zeus/actors/graphs/a8.html
2003-11-13 12:53:22,031 INFO  org.apache.maven.linkcheck.LinkCheck - Validating xref/zeus/actors/graphs/a9.html
2003-11-13 12:53:22,046 INFO  org.apache.maven.linkcheck.LinkCheck - Validating xref/zeus/actors/graphs/b0.html
2003-11-13 12:53:22,062 INFO  org.apache.maven.linkcheck.LinkCheck - Validating xref/zeus/actors/graphs/b1.html
2003-11-13 12:53:22,109 INFO  org.apache.maven.linkcheck.LinkCheck - Validating xref/zeus/actors/graphs/b2.html
2003-11-13 12:53:22,156 INFO  org.apache.maven.linkcheck.LinkCheck - Validating xref/zeus/actors/graphs/b4.html
2003-11-13 12:53:22,203 INFO  org.apache.maven.linkcheck.LinkCheck - Validating xref/zeus/actors/graphs/buy.html
2003-11-13 12:53:22,218 INFO  org.apache.maven.linkcheck.LinkCheck - Validating xref/zeus/actors/graphs/b_xb.html
2003-11-13 12:53:22,218 INFO  org.apache.maven.linkcheck.LinkCheck - Validating xref/zeus/actors/graphs/ContractNetInitiator.html
2003-11-13 12:53:22,234 INFO  org.apache.maven.linkcheck.LinkCheck - Validating xref/zeus/actors/graphs/ContractNetRespondent.html
2003-11-13 12:53:22,250 INFO  org.apache.maven.linkcheck.LinkCheck - Validating xref/zeus/actors/graphs/d0.html
2003-11-13 12:53:22,265 INFO  org.apache.maven.linkcheck.LinkCheck - Validating xref/zeus/actors/graphs/d1.html
2003-11-13 12:53:22,312 INFO  org.apache.maven.linkcheck.LinkCheck - Validating xref/zeus/actors/graphs/d2.html
2003-11-13 12:53:22,359 INFO  org.apache.maven.linkcheck.LinkCheck - Validating xref/zeus/actors/graphs/d3I.html
2003-11-13 12:53:22,390 INFO  org.apache.maven.linkcheck.LinkCheck - Validating xref/zeus/actors/graphs/d3R.html
2003-11-13 12:53:22,421 INFO  org.apache.maven.linkcheck.LinkCheck - Validating xref/zeus/actors/graphs/DefaultInitiatorEvaluator.html
2003-11-13 12:53:22,453 INFO  org.apache.maven.linkcheck.LinkCheck - Validating xref/zeus/actors/graphs/DefaultRespondentEvaluator.html
2003-11-13 12:53:22,468 INFO  org.apache.maven.linkcheck.LinkCheck - Validating xref/zeus/actors/graphs/g0.html
2003-11-13 12:53:22,484 INFO  org.apache.maven.linkcheck.LinkCheck - Validating xref/zeus/actors/graphs/g0_b.html
2003-11-13 12:53:22,500 INFO  org.apache.maven.linkcheck.LinkCheck - Validating xref/zeus/actors/graphs/g1.html
2003-11-13 12:53:22,515 INFO  org.apache.maven.linkcheck.LinkCheck - Validating xref/zeus/actors/graphs/g2.html
2003-11-13 12:53:22,531 INFO  org.apache.maven.linkcheck.LinkCheck - Validating xref/zeus/actors/graphs/LinearInitiatorEvaluator.html
2003-11-13 12:53:22,562 INFO  org.apache.maven.linkcheck.LinkCheck - Validating xref/zeus/actors/graphs/LinearRespondentEvaluator.html
2003-11-13 12:53:22,593 INFO  org.apache.maven.linkcheck.LinkCheck - Validating xref/zeus/actors/graphs/n0.html
2003-11-13 12:53:22,609 INFO  org.apache.maven.linkcheck.LinkCheck - Validating xref/zeus/actors/graphs/n1.html
2003-11-13 12:53:22,625 INFO  org.apache.maven.linkcheck.LinkCheck - Validating xref/zeus/actors/graphs/package-frame.html
2003-11-13 12:53:22,640 INFO  org.apache.maven.linkcheck.LinkCheck - Validating xref/zeus/actors/graphs/package-summary.html
2003-11-13 12:53:22,671 INFO  org.apache.maven.linkcheck.LinkCheck - Validating xref/zeus/actors/graphs/s0.html
2003-11-13 12:53:22,687 INFO  org.apache.maven.linkcheck.LinkCheck - Validating xref/zeus/actors/graphs/s1.html
2003-11-13 12:53:22,718 INFO  org.apache.maven.linkcheck.LinkCheck - Validating xref/zeus/actors/graphs/s2.html
2003-11-13 12:53:22,750 INFO  org.apache.maven.linkcheck.LinkCheck - Validating xref/zeus/actors/graphs/s3.html
2003-11-13 12:53:22,765 INFO  org.apache.maven.linkcheck.LinkCheck - Validating xref/zeus/actors/graphs/s4.html
2003-11-13 12:53:22,796 INFO  org.apache.maven.linkcheck.LinkCheck - Validating xref/zeus/actors/graphs/s5.html
2003-11-13 12:53:22,812 INFO  org.apache.maven.linkcheck.LinkCheck - Validating xref/zeus/actors/graphs/s6.html
2003-11-13 12:53:22,843 INFO  org.apache.maven.linkcheck.LinkCheck - Validating xref/zeus/actors/graphs/s7.html
2003-11-13 12:53:22,875 INFO  org.apache.maven.linkcheck.LinkCheck - Validating xref/zeus/actors/graphs/s8.html
2003-11-13 12:53:22,890 INFO  org.apache.maven.linkcheck.LinkCheck - Validating xref/zeus/actors/graphs/s9.html
2003-11-13 12:53:22,906 INFO  org.apache.maven.linkcheck.LinkCheck - Validating xref/zeus/actors/graphs/Sb.html
2003-11-13 12:53:22,937 INFO  org.apache.maven.linkcheck.LinkCheck - Validating xref/zeus/actors/graphs/Sc.html
2003-11-13 12:53:22,968 INFO  org.apache.maven.linkcheck.LinkCheck - Validating xref/zeus/actors/graphs/Sd.html
2003-11-13 12:53:22,984 INFO  org.apache.maven.linkcheck.LinkCheck - Validating xref/zeus/actors/graphs/se0.html
2003-11-13 12:53:23,000 INFO  org.apache.maven.linkcheck.LinkCheck - Validating xref/zeus/actors/graphs/se1.html
2003-11-13 12:53:23,031 INFO  org.apache.maven.linkcheck.LinkCheck - Validating xref/zeus/actors/graphs/se2.html
2003-11-13 12:53:23,062 INFO  org.apache.maven.linkcheck.LinkCheck - Validating xref/zeus/actors/graphs/se3.html
2003-11-13 12:53:23,093 INFO  org.apache.maven.linkcheck.LinkCheck - Validating xref/zeus/actors/graphs/sell.html
2003-11-13 12:53:23,109 INFO  org.apache.maven.linkcheck.LinkCheck - Validating xref/zeus/actors/graphs/SimpleInitiatorEvaluator.html
2003-11-13 12:53:23,125 INFO  org.apache.maven.linkcheck.LinkCheck - Validating xref/zeus/actors/graphs/SimpleRespondentEvaluator.html
2003-11-13 12:53:23,156 INFO  org.apache.maven.linkcheck.LinkCheck - Validating xref/zeus/actors/graphs/Sv.html
2003-11-13 12:53:23,203 INFO  org.apache.maven.linkcheck.LinkCheck - Validating xref/zeus/actors/graphs/Sw.html
2003-11-13 12:53:23,234 INFO  org.apache.maven.linkcheck.LinkCheck - Validating xref/zeus/actors/graphs/Sx.html
2003-11-13 12:53:23,250 INFO  org.apache.maven.linkcheck.LinkCheck - Validating xref/zeus/actors/graphs/xa.html
2003-11-13 12:53:23,281 INFO  org.apache.maven.linkcheck.LinkCheck - Validating xref/zeus/actors/graphs/xb.html
2003-11-13 12:53:23,281 INFO  org.apache.maven.linkcheck.LinkCheck - Validating xref/zeus/actors/graphs/xc.html
2003-11-13 12:53:23,296 INFO  org.apache.maven.linkcheck.LinkCheck - Validating xref/zeus/actors/graphs/xd.html
2003-11-13 12:53:23,312 INFO  org.apache.maven.linkcheck.LinkCheck - Validating xref/zeus/actors/Handler.html
2003-11-13 12:53:23,328 INFO  org.apache.maven.linkcheck.LinkCheck - Validating xref/zeus/actors/InTray.html
2003-11-13 12:53:23,328 INFO  org.apache.maven.linkcheck.LinkCheck - Validating xref/zeus/actors/intrays/Container_Connection.html
2003-11-13 12:53:23,343 INFO  org.apache.maven.linkcheck.LinkCheck - Validating xref/zeus/actors/intrays/Container_Server.html
2003-11-13 12:53:23,359 INFO  org.apache.maven.linkcheck.LinkCheck - Validating xref/zeus/actors/intrays/FIPA_2000_Handler.html
2003-11-13 12:53:23,375 INFO  org.apache.maven.linkcheck.LinkCheck - Validating xref/zeus/actors/intrays/FIPA_2000_HTTP_Connection.html
2003-11-13 12:53:23,500 INFO  org.apache.maven.linkcheck.LinkCheck - Validating xref/zeus/actors/intrays/FIPA_2000_HTTP_Server.html
2003-11-13 12:53:23,546 WARN  org.apache.maven.linkcheck.validation.HTTPLinkValidator - Error accessing http://host:port/name
java.lang.IllegalArgumentException: Invalid uri 'http://host:port/name': invalid port number
	at org.apache.commons.httpclient.HttpMethodBase.<init>(HttpMethodBase.java:285)
	at org.apache.commons.httpclient.methods.GetMethod.<init>(GetMethod.java:183)
	at org.apache.maven.linkcheck.validation.HTTPLinkValidator.checkLink(HTTPLinkValidator.java:183)
	at org.apache.maven.linkcheck.validation.HTTPLinkValidator.validateLink(HTTPLinkValidator.java:138)
	at org.apache.maven.linkcheck.validation.LinkValidatorManager.validateLink(LinkValidatorManager.java:118)
	at org.apache.maven.linkcheck.FileToCheck.check(FileToCheck.java:189)
	at org.apache.maven.linkcheck.LinkCheck.doExecute(LinkCheck.java:158)
	at sun.reflect.NativeMethodAccessorImpl.invoke0(Native Method)
	at sun.reflect.NativeMethodAccessorImpl.invoke(NativeMethodAccessorImpl.java:39)
	at sun.reflect.DelegatingMethodAccessorImpl.invoke(DelegatingMethodAccessorImpl.java:25)
	at java.lang.reflect.Method.invoke(Method.java:324)
	at org.apache.commons.jelly.impl.DynamicBeanTag.doTag(DynamicBeanTag.java:230)
	at org.apache.commons.jelly.impl.StaticTagScript.run(StaticTagScript.java:145)
	at org.apache.commons.jelly.impl.ScriptBlock.run(ScriptBlock.java:135)
	at org.apache.commons.jelly.TagSupport.invokeBody(TagSupport.java:233)
	at com.werken.werkz.jelly.GoalTag$1.performAction(GoalTag.java:128)
	at com.werken.werkz.Goal.fire(Goal.java:639)
	at com.werken.werkz.Goal.attain(Goal.java:575)
	at com.werken.werkz.WerkzProject.attainGoal(WerkzProject.java:193)
	at com.werken.werkz.jelly.AttainGoalTag.doTag(AttainGoalTag.java:134)
	at org.apache.maven.jelly.tags.werkz.LazyAttainGoalTag.doTag(LazyAttainGoalTag.java:107)
	at org.apache.commons.jelly.impl.TagScript.run(TagScript.java:279)
	at org.apache.commons.jelly.impl.ScriptBlock.run(ScriptBlock.java:135)
	at org.apache.commons.jelly.TagSupport.invokeBody(TagSupport.java:233)
	at org.apache.commons.jelly.tags.core.IfTag.doTag(IfTag.java:88)
	at org.apache.commons.jelly.impl.TagScript.run(TagScript.java:279)
	at org.apache.commons.jelly.impl.ScriptBlock.run(ScriptBlock.java:135)
	at org.apache.commons.jelly.TagSupport.invokeBody(TagSupport.java:233)
	at org.apache.commons.jelly.tags.core.ForEachTag.doTag(ForEachTag.java:145)
	at org.apache.commons.jelly.impl.TagScript.run(TagScript.java:279)
	at org.apache.commons.jelly.impl.ScriptBlock.run(ScriptBlock.java:135)
	at org.apache.commons.jelly.TagSupport.invokeBody(TagSupport.java:233)
	at org.apache.commons.jelly.tags.core.IfTag.doTag(IfTag.java:88)
	at org.apache.commons.jelly.impl.TagScript.run(TagScript.java:279)
	at org.apache.commons.jelly.impl.ScriptBlock.run(ScriptBlock.java:135)
	at org.apache.commons.jelly.TagSupport.invokeBody(TagSupport.java:233)
	at com.werken.werkz.jelly.PostGoalTag$1.firePostGoal(PostGoalTag.java:87)
	at com.werken.werkz.Goal.firePostGoalCallbacks(Goal.java:710)
	at com.werken.werkz.Goal.fire(Goal.java:654)
	at com.werken.werkz.Goal.attain(Goal.java:575)
	at com.werken.werkz.WerkzProject.attainGoal(WerkzProject.java:193)
	at com.werken.werkz.jelly.AttainGoalTag.doTag(AttainGoalTag.java:134)
	at org.apache.maven.jelly.tags.werkz.LazyAttainGoalTag.doTag(LazyAttainGoalTag.java:107)
	at org.apache.commons.jelly.impl.TagScript.run(TagScript.java:279)
	at org.apache.commons.jelly.impl.ScriptBlock.run(ScriptBlock.java:135)
	at org.apache.commons.jelly.TagSupport.invokeBody(TagSupport.java:233)
	at com.werken.werkz.jelly.GoalTag$1.performAction(GoalTag.java:128)
	at com.werken.werkz.Goal.fire(Goal.java:639)
	at com.werken.werkz.Goal.attain(Goal.java:575)
	at com.werken.werkz.Goal.attainPrecursors(Goal.java:488)
	at com.werken.werkz.Goal.attain(Goal.java:573)
	at com.werken.werkz.WerkzProject.attainGoal(WerkzProject.java:193)
	at com.werken.werkz.jelly.AttainGoalTag.doTag(AttainGoalTag.java:134)
	at org.apache.maven.jelly.tags.werkz.LazyAttainGoalTag.doTag(LazyAttainGoalTag.java:107)
	at org.apache.commons.jelly.impl.TagScript.run(TagScript.java:279)
	at org.apache.commons.jelly.impl.ScriptBlock.run(ScriptBlock.java:135)
	at org.apache.commons.jelly.TagSupport.invokeBody(TagSupport.java:233)
	at com.werken.werkz.jelly.GoalTag$1.performAction(GoalTag.java:128)
	at com.werken.werkz.Goal.fire(Goal.java:639)
	at com.werken.werkz.Goal.attain(Goal.java:575)
	at com.werken.werkz.Goal.attainPrecursors(Goal.java:488)
	at com.werken.werkz.Goal.attain(Goal.java:573)
	at org.apache.maven.plugin.PluginManager.attainGoals(PluginManager.java:448)
	at org.apache.maven.MavenSession.attainGoals(MavenSession.java:348)
	at org.apache.maven.cli.App.doMain(App.java:546)
	at org.apache.maven.cli.App.main(App.java:1113)
	at sun.reflect.NativeMethodAccessorImpl.invoke0(Native Method)
	at sun.reflect.NativeMethodAccessorImpl.invoke(NativeMethodAccessorImpl.java:39)
	at sun.reflect.DelegatingMethodAccessorImpl.invoke(DelegatingMethodAccessorImpl.java:25)
	at java.lang.reflect.Method.invoke(Method.java:324)
	at com.werken.forehead.Forehead.run(Forehead.java:551)
	at com.werken.forehead.Forehead.main(Forehead.java:581)
2003-11-13 12:53:23,625 INFO  org.apache.maven.linkcheck.LinkCheck - Validating xref/zeus/actors/intrays/FIPA_2000_IIOP_Connection.html
2003-11-13 12:53:23,640 INFO  org.apache.maven.linkcheck.LinkCheck - Validating xref/zeus/actors/intrays/FIPA_2000_IIOP_Server.html
2003-11-13 12:53:23,671 INFO  org.apache.maven.linkcheck.LinkCheck - Validating xref/zeus/actors/intrays/FIPA_97_Connection.html
2003-11-13 12:53:23,703 INFO  org.apache.maven.linkcheck.LinkCheck - Validating xref/zeus/actors/intrays/FIPA_97_Handler.html
2003-11-13 12:53:23,718 INFO  org.apache.maven.linkcheck.LinkCheck - Validating xref/zeus/actors/intrays/FIPA_97_Server.html
2003-11-13 12:53:23,750 INFO  org.apache.maven.linkcheck.LinkCheck - Validating xref/zeus/actors/intrays/FIPA_message.html
2003-11-13 12:53:23,765 INFO  org.apache.maven.linkcheck.LinkCheck - Validating xref/zeus/actors/intrays/FIPA_Server.html
2003-11-13 12:53:23,796 INFO  org.apache.maven.linkcheck.LinkCheck - Validating xref/zeus/actors/intrays/NIOServer.html
2003-11-13 12:53:23,875 INFO  org.apache.maven.linkcheck.LinkCheck - Validating xref/zeus/actors/intrays/NotUnderstoodException.html
2003-11-13 12:53:23,875 INFO  org.apache.maven.linkcheck.LinkCheck - Validating xref/zeus/actors/intrays/package-frame.html
2003-11-13 12:53:23,890 INFO  org.apache.maven.linkcheck.LinkCheck - Validating xref/zeus/actors/intrays/package-summary.html
2003-11-13 12:53:23,890 INFO  org.apache.maven.linkcheck.LinkCheck - Validating xref/zeus/actors/intrays/Zeus_ACC_MailBox.html
2003-11-13 12:53:23,953 INFO  org.apache.maven.linkcheck.LinkCheck - Validating xref/zeus/actors/intrays/Zeus_ACC_Server.html
2003-11-13 12:53:24,109 INFO  org.apache.maven.linkcheck.LinkCheck - Validating xref/zeus/actors/MailBox.html
2003-11-13 12:53:24,234 INFO  org.apache.maven.linkcheck.LinkCheck - Validating xref/zeus/actors/MsgHandler.html
2003-11-13 12:53:24,812 INFO  org.apache.maven.linkcheck.LinkCheck - Validating xref/zeus/actors/MsgNode.html
2003-11-13 12:53:24,828 INFO  org.apache.maven.linkcheck.LinkCheck - Validating xref/zeus/actors/OrganisationDb.html
2003-11-13 12:53:24,921 INFO  org.apache.maven.linkcheck.LinkCheck - Validating xref/zeus/actors/OutTray.html
2003-11-13 12:53:24,921 INFO  org.apache.maven.linkcheck.LinkCheck - Validating xref/zeus/actors/outtrays/FIPA_2000_HTTP_Accessor.html
2003-11-13 12:53:24,968 INFO  org.apache.maven.linkcheck.validation.HTTPLinkValidator - Checking link http://www.bt.com:80/agents/agentcities/adastral/acc
2003-11-13 12:53:25,156 INFO  org.apache.maven.linkcheck.validation.HTTPLinkValidator - Received: [404] for http://www.bt.com:80/agents/agentcities/adastral/acc
2003-11-13 12:53:25,156 INFO  org.apache.maven.linkcheck.LinkCheck - Validating xref/zeus/actors/outtrays/FIPA_2000_HTTP_Transport.html
2003-11-13 12:53:25,203 INFO  org.apache.maven.linkcheck.LinkCheck - Validating xref/zeus/actors/outtrays/FIPA_2000_IIOP_Transport.html
2003-11-13 12:53:25,234 INFO  org.apache.maven.linkcheck.LinkCheck - Validating xref/zeus/actors/outtrays/FIPA_97_IIOP_Transport.html
2003-11-13 12:53:25,265 INFO  org.apache.maven.linkcheck.LinkCheck - Validating xref/zeus/actors/outtrays/FIPA_PostMan.html
2003-11-13 12:53:25,328 INFO  org.apache.maven.linkcheck.LinkCheck - Validating xref/zeus/actors/outtrays/package-frame.html
2003-11-13 12:53:25,328 INFO  org.apache.maven.linkcheck.LinkCheck - Validating xref/zeus/actors/outtrays/package-summary.html
2003-11-13 12:53:25,343 INFO  org.apache.maven.linkcheck.LinkCheck - Validating xref/zeus/actors/outtrays/ReplyListener.html
2003-11-13 12:53:25,343 INFO  org.apache.maven.linkcheck.LinkCheck - Validating xref/zeus/actors/outtrays/UnsuitableMessageException.html
2003-11-13 12:53:25,359 INFO  org.apache.maven.linkcheck.LinkCheck - Validating xref/zeus/actors/outtrays/Zeus_Container_Transport.html
2003-11-13 12:53:25,375 INFO  org.apache.maven.linkcheck.LinkCheck - Validating xref/zeus/actors/outtrays/Zeus_Native_Transport.html
2003-11-13 12:53:25,406 INFO  org.apache.maven.linkcheck.LinkCheck - Validating xref/zeus/actors/package-frame.html
2003-11-13 12:53:25,406 INFO  org.apache.maven.linkcheck.LinkCheck - Validating xref/zeus/actors/package-summary.html
2003-11-13 12:53:25,421 INFO  org.apache.maven.linkcheck.LinkCheck - Validating xref/zeus/actors/PlanDb.html
2003-11-13 12:53:25,453 INFO  org.apache.maven.linkcheck.LinkCheck - Validating xref/zeus/actors/Planner.html
2003-11-13 12:53:26,671 INFO  org.apache.maven.linkcheck.LinkCheck - Validating xref/zeus/actors/PlanRecord.html
2003-11-13 12:53:27,625 INFO  org.apache.maven.linkcheck.LinkCheck - Validating xref/zeus/actors/PostMan.html
2003-11-13 12:53:38,953 INFO  org.apache.maven.linkcheck.LinkCheck - Validating xref/zeus/actors/PostManConnectionPool.html
2003-11-13 12:53:38,968 INFO  org.apache.maven.linkcheck.LinkCheck - Validating xref/zeus/actors/PreconditionChain.html
2003-11-13 12:53:39,000 INFO  org.apache.maven.linkcheck.LinkCheck - Validating xref/zeus/actors/ProducedDb.html
2003-11-13 12:53:39,218 INFO  org.apache.maven.linkcheck.LinkCheck - Validating xref/zeus/actors/ProtocolDb.html
2003-11-13 12:53:39,328 INFO  org.apache.maven.linkcheck.LinkCheck - Validating xref/zeus/actors/ProtocolDbResult.html
2003-11-13 12:53:39,343 INFO  org.apache.maven.linkcheck.LinkCheck - Validating xref/zeus/actors/ResourceDb.html
2003-11-13 12:53:39,750 INFO  org.apache.maven.linkcheck.LinkCheck - Validating xref/zeus/actors/RootNode.html
2003-11-13 12:53:39,765 INFO  org.apache.maven.linkcheck.LinkCheck - Validating xref/zeus/actors/rtn/Arc.html
2003-11-13 12:53:39,796 INFO  org.apache.maven.linkcheck.LinkCheck - Validating xref/zeus/actors/rtn/AuditTable.html
2003-11-13 12:53:39,921 INFO  org.apache.maven.linkcheck.LinkCheck - Validating xref/zeus/actors/rtn/Contract.html
2003-11-13 12:53:39,937 INFO  org.apache.maven.linkcheck.LinkCheck - Validating xref/zeus/actors/rtn/Engine.html
2003-11-13 12:53:40,250 INFO  org.apache.maven.linkcheck.LinkCheck - Validating xref/zeus/actors/rtn/Graph.html
2003-11-13 12:53:40,312 INFO  org.apache.maven.linkcheck.LinkCheck - Validating xref/zeus/actors/rtn/Node.html
2003-11-13 12:53:40,406 INFO  org.apache.maven.linkcheck.LinkCheck - Validating xref/zeus/actors/rtn/NodeWaitTable.html
2003-11-13 12:53:40,453 INFO  org.apache.maven.linkcheck.LinkCheck - Validating xref/zeus/actors/rtn/package-frame.html
2003-11-13 12:53:40,453 INFO  org.apache.maven.linkcheck.LinkCheck - Validating xref/zeus/actors/rtn/package-summary.html
2003-11-13 12:53:40,468 INFO  org.apache.maven.linkcheck.LinkCheck - Validating xref/zeus/actors/rtn/PGraph.html
2003-11-13 12:53:40,515 INFO  org.apache.maven.linkcheck.LinkCheck - Validating xref/zeus/actors/rtn/TimeOutActions.html
2003-11-13 12:53:40,531 INFO  org.apache.maven.linkcheck.LinkCheck - Validating xref/zeus/actors/rtn/util/DelegationStruct.html
2003-11-13 12:53:40,546 INFO  org.apache.maven.linkcheck.LinkCheck - Validating xref/zeus/actors/rtn/util/DStruct.html
2003-11-13 12:53:40,578 INFO  org.apache.maven.linkcheck.LinkCheck - Validating xref/zeus/actors/rtn/util/GraphStruct.html
2003-11-13 12:53:40,640 INFO  org.apache.maven.linkcheck.LinkCheck - Validating xref/zeus/actors/rtn/util/LocalDStruct.html
2003-11-13 12:53:40,656 INFO  org.apache.maven.linkcheck.LinkCheck - Validating xref/zeus/actors/rtn/util/package-frame.html
2003-11-13 12:53:40,656 INFO  org.apache.maven.linkcheck.LinkCheck - Validating xref/zeus/actors/rtn/util/package-summary.html
2003-11-13 12:53:40,671 INFO  org.apache.maven.linkcheck.LinkCheck - Validating xref/zeus/actors/rtn/util/StrategyEvaluator.html
2003-11-13 12:53:40,703 INFO  org.apache.maven.linkcheck.LinkCheck - Validating xref/zeus/actors/rtn/util/StrategyEvaluatorList.html
2003-11-13 12:53:40,718 INFO  org.apache.maven.linkcheck.LinkCheck - Validating xref/zeus/actors/Server.html
2003-11-13 12:53:40,796 INFO  org.apache.maven.linkcheck.LinkCheck - Validating xref/zeus/actors/TaskContext.html
2003-11-13 12:53:40,828 INFO  org.apache.maven.linkcheck.LinkCheck - Validating xref/zeus/actors/TaskDb.html
2003-11-13 12:53:41,046 INFO  org.apache.maven.linkcheck.LinkCheck - Validating xref/zeus/actors/TaskExternal.html
2003-11-13 12:53:41,062 INFO  org.apache.maven.linkcheck.LinkCheck - Validating xref/zeus/actors/ZeusAgentContext.html
2003-11-13 12:53:41,218 INFO  org.apache.maven.linkcheck.LinkCheck - Validating xref/zeus/actors/ZeusTask.html
2003-11-13 12:53:41,265 INFO  org.apache.maven.linkcheck.LinkCheck - Validating xref/zeus/agents/ACC.html
2003-11-13 12:53:41,375 INFO  org.apache.maven.linkcheck.LinkCheck - Validating xref/zeus/agents/ACCAgent.html
2003-11-13 12:53:41,421 INFO  org.apache.maven.linkcheck.LinkCheck - Validating xref/zeus/agents/ANServer.html
2003-11-13 12:53:41,468 INFO  org.apache.maven.linkcheck.LinkCheck - Validating xref/zeus/agents/BasicAgent.html
2003-11-13 12:53:41,515 INFO  org.apache.maven.linkcheck.LinkCheck - Validating xref/zeus/agents/BasicAgentUI.html
2003-11-13 12:53:41,531 INFO  org.apache.maven.linkcheck.LinkCheck - Validating xref/zeus/agents/DbProxy.html
2003-11-13 12:53:41,625 INFO  org.apache.maven.linkcheck.LinkCheck - Validating xref/zeus/agents/Facilitator.html
2003-11-13 12:53:41,718 INFO  org.apache.maven.linkcheck.LinkCheck - Validating xref/zeus/agents/FIPA_AMS_Services.html
2003-11-13 12:53:41,859 INFO  org.apache.maven.linkcheck.LinkCheck - Validating xref/zeus/agents/FIPA_DF_Services.html
2003-11-13 12:53:42,031 INFO  org.apache.maven.linkcheck.validation.HTTPLinkValidator - Checking link http://leap.crm-paris.com/agentcities/Services/Testsuite.jsp
2003-11-13 12:53:42,250 INFO  org.apache.maven.linkcheck.validation.HTTPLinkValidator - Received: [404] for http://leap.crm-paris.com/agentcities/Services/Testsuite.jsp
2003-11-13 12:53:42,250 INFO  org.apache.maven.linkcheck.LinkCheck - Validating xref/zeus/agents/FIPA_Services.html
2003-11-13 12:53:42,281 INFO  org.apache.maven.linkcheck.LinkCheck - Validating xref/zeus/agents/package-frame.html
2003-11-13 12:53:42,281 INFO  org.apache.maven.linkcheck.LinkCheck - Validating xref/zeus/agents/package-summary.html
2003-11-13 12:53:42,296 INFO  org.apache.maven.linkcheck.LinkCheck - Validating xref/zeus/agents/PersistentStore.html
2003-11-13 12:53:42,390 INFO  org.apache.maven.linkcheck.LinkCheck - Validating xref/zeus/agents/pingExternal.html
2003-11-13 12:53:42,437 INFO  org.apache.maven.linkcheck.LinkCheck - Validating xref/zeus/agents/SimpleAPI.html
2003-11-13 12:53:42,515 INFO  org.apache.maven.linkcheck.validation.HTTPLinkValidator - Checking link http://www.adastralCity.com/test
2003-11-13 12:53:42,734 INFO  org.apache.maven.linkcheck.validation.HTTPLinkValidator - Received: [404] for http://www.adastralCity.com/test
2003-11-13 12:53:42,734 INFO  org.apache.maven.linkcheck.LinkCheck - Validating xref/zeus/agents/ZeusAgent.html
2003-11-13 12:53:42,796 INFO  org.apache.maven.linkcheck.LinkCheck - Validating xref/zeus/agents/ZeusAgentUI.html
2003-11-13 12:53:42,812 INFO  org.apache.maven.linkcheck.LinkCheck - Validating xref/zeus/agents/ZeusExternal.html
2003-11-13 12:53:42,828 INFO  org.apache.maven.linkcheck.LinkCheck - Validating xref/zeus/agentviewer/acquaintances/AbilitiesTableModel.html
2003-11-13 12:53:42,890 INFO  org.apache.maven.linkcheck.LinkCheck - Validating xref/zeus/agentviewer/acquaintances/AcquaintanceUI.html
2003-11-13 12:53:42,937 INFO  org.apache.maven.linkcheck.LinkCheck - Validating xref/zeus/agentviewer/acquaintances/AttributesTableModel.html
2003-11-13 12:53:42,968 INFO  org.apache.maven.linkcheck.LinkCheck - Validating xref/zeus/agentviewer/acquaintances/package-frame.html
2003-11-13 12:53:42,984 INFO  org.apache.maven.linkcheck.LinkCheck - Validating xref/zeus/agentviewer/acquaintances/package-summary.html
2003-11-13 12:53:42,984 INFO  org.apache.maven.linkcheck.LinkCheck - Validating xref/zeus/agentviewer/acquaintances/RelationsTableModel.html
2003-11-13 12:53:43,015 INFO  org.apache.maven.linkcheck.LinkCheck - Validating xref/zeus/agentviewer/AddFactDialog.html
2003-11-13 12:53:43,046 INFO  org.apache.maven.linkcheck.LinkCheck - Validating xref/zeus/agentviewer/AgentButton.html
2003-11-13 12:53:43,062 INFO  org.apache.maven.linkcheck.LinkCheck - Validating xref/zeus/agentviewer/AgentViewer.html
2003-11-13 12:53:43,250 INFO  org.apache.maven.linkcheck.LinkCheck - Validating xref/zeus/agentviewer/BasicAgentViewer.html
2003-11-13 12:53:43,328 INFO  org.apache.maven.linkcheck.LinkCheck - Validating xref/zeus/agentviewer/ControlOptionsDialog.html
2003-11-13 12:53:43,390 INFO  org.apache.maven.linkcheck.LinkCheck - Validating xref/zeus/agentviewer/engine/EngineGraphModel.html
2003-11-13 12:53:43,421 INFO  org.apache.maven.linkcheck.LinkCheck - Validating xref/zeus/agentviewer/engine/EngineTableModel.html
2003-11-13 12:53:43,468 INFO  org.apache.maven.linkcheck.LinkCheck - Validating xref/zeus/agentviewer/engine/EngineUI.html
2003-11-13 12:53:43,562 INFO  org.apache.maven.linkcheck.LinkCheck - Validating xref/zeus/agentviewer/engine/GraphsModel.html
2003-11-13 12:53:43,593 INFO  org.apache.maven.linkcheck.LinkCheck - Validating xref/zeus/agentviewer/engine/GraphTreeModel.html
2003-11-13 12:53:43,609 INFO  org.apache.maven.linkcheck.LinkCheck - Validating xref/zeus/agentviewer/engine/package-frame.html
2003-11-13 12:53:43,609 INFO  org.apache.maven.linkcheck.LinkCheck - Validating xref/zeus/agentviewer/engine/package-summary.html
2003-11-13 12:53:43,625 INFO  org.apache.maven.linkcheck.LinkCheck - Validating xref/zeus/agentviewer/FactSelector.html
2003-11-13 12:53:43,625 INFO  org.apache.maven.linkcheck.LinkCheck - Validating xref/zeus/agentviewer/FactTableModel.html
2003-11-13 12:53:43,671 INFO  org.apache.maven.linkcheck.LinkCheck - Validating xref/zeus/agentviewer/GoalDialog.html
2003-11-13 12:53:43,875 INFO  org.apache.maven.linkcheck.LinkCheck - Validating xref/zeus/agentviewer/InternalFramesPanel.html
2003-11-13 12:53:43,906 INFO  org.apache.maven.linkcheck.LinkCheck - Validating xref/zeus/agentviewer/mail/MailInTableModel.html
2003-11-13 12:53:43,953 INFO  org.apache.maven.linkcheck.LinkCheck - Validating xref/zeus/agentviewer/mail/MailInTableUI.html
2003-11-13 12:53:44,031 INFO  org.apache.maven.linkcheck.LinkCheck - Validating xref/zeus/agentviewer/mail/MailOutTableModel.html
2003-11-13 12:53:44,062 INFO  org.apache.maven.linkcheck.LinkCheck - Validating xref/zeus/agentviewer/mail/MailOutTableUI.html
2003-11-13 12:53:44,156 INFO  org.apache.maven.linkcheck.LinkCheck - Validating xref/zeus/agentviewer/mail/package-frame.html
2003-11-13 12:53:44,156 INFO  org.apache.maven.linkcheck.LinkCheck - Validating xref/zeus/agentviewer/mail/package-summary.html
2003-11-13 12:53:44,156 INFO  org.apache.maven.linkcheck.LinkCheck - Validating xref/zeus/agentviewer/msghandler/MsgHandlerTableModel.html
2003-11-13 12:53:44,187 INFO  org.apache.maven.linkcheck.LinkCheck - Validating xref/zeus/agentviewer/msghandler/MsgHandlerTableUI.html
2003-11-13 12:53:44,265 INFO  org.apache.maven.linkcheck.LinkCheck - Validating xref/zeus/agentviewer/msghandler/package-frame.html
2003-11-13 12:53:44,281 INFO  org.apache.maven.linkcheck.LinkCheck - Validating xref/zeus/agentviewer/msghandler/package-summary.html
2003-11-13 12:53:44,281 INFO  org.apache.maven.linkcheck.LinkCheck - Validating xref/zeus/agentviewer/package-frame.html
2003-11-13 12:53:44,281 INFO  org.apache.maven.linkcheck.LinkCheck - Validating xref/zeus/agentviewer/package-summary.html
2003-11-13 12:53:44,296 INFO  org.apache.maven.linkcheck.LinkCheck - Validating xref/zeus/agentviewer/plansch/package-frame.html
2003-11-13 12:53:44,296 INFO  org.apache.maven.linkcheck.LinkCheck - Validating xref/zeus/agentviewer/plansch/package-summary.html
2003-11-13 12:53:44,296 INFO  org.apache.maven.linkcheck.LinkCheck - Validating xref/zeus/agentviewer/plansch/PlanSchModel.html
2003-11-13 12:53:44,359 INFO  org.apache.maven.linkcheck.LinkCheck - Validating xref/zeus/agentviewer/plansch/PlanSchTableUI.html
2003-11-13 12:53:44,453 INFO  org.apache.maven.linkcheck.LinkCheck - Validating xref/zeus/agentviewer/protocol/AttributesModel.html
2003-11-13 12:53:44,468 INFO  org.apache.maven.linkcheck.LinkCheck - Validating xref/zeus/agentviewer/protocol/package-frame.html
2003-11-13 12:53:44,468 INFO  org.apache.maven.linkcheck.LinkCheck - Validating xref/zeus/agentviewer/protocol/package-summary.html
2003-11-13 12:53:44,484 INFO  org.apache.maven.linkcheck.LinkCheck - Validating xref/zeus/agentviewer/protocol/ProtocolModel.html
2003-11-13 12:53:44,515 INFO  org.apache.maven.linkcheck.LinkCheck - Validating xref/zeus/agentviewer/protocol/ProtocolUI.html
2003-11-13 12:53:44,593 INFO  org.apache.maven.linkcheck.LinkCheck - Validating xref/zeus/agentviewer/protocol/StrategyModel.html
2003-11-13 12:53:44,625 INFO  org.apache.maven.linkcheck.LinkCheck - Validating xref/zeus/agentviewer/resources/FactAttributesTableModel.html
2003-11-13 12:53:44,640 INFO  org.apache.maven.linkcheck.LinkCheck - Validating xref/zeus/agentviewer/resources/package-frame.html
2003-11-13 12:53:44,656 INFO  org.apache.maven.linkcheck.LinkCheck - Validating xref/zeus/agentviewer/resources/package-summary.html
2003-11-13 12:53:44,656 INFO  org.apache.maven.linkcheck.LinkCheck - Validating xref/zeus/agentviewer/resources/ResourceTableModel.html
2003-11-13 12:53:44,703 INFO  org.apache.maven.linkcheck.LinkCheck - Validating xref/zeus/agentviewer/resources/ResourceTableUI.html
2003-11-13 12:53:44,750 INFO  org.apache.maven.linkcheck.LinkCheck - Validating xref/zeus/agentviewer/rete/package-frame.html
2003-11-13 12:53:44,750 INFO  org.apache.maven.linkcheck.LinkCheck - Validating xref/zeus/agentviewer/rete/package-summary.html
2003-11-13 12:53:44,765 INFO  org.apache.maven.linkcheck.LinkCheck - Validating xref/zeus/agentviewer/rete/ReteEngineDataModel.html
2003-11-13 12:53:44,781 INFO  org.apache.maven.linkcheck.LinkCheck - Validating xref/zeus/agentviewer/rete/ReteEngineUI.html
2003-11-13 12:53:44,812 INFO  org.apache.maven.linkcheck.LinkCheck - Validating xref/zeus/agentviewer/task/ConditionsAttributeTableModel.html
2003-11-13 12:53:44,828 INFO  org.apache.maven.linkcheck.LinkCheck - Validating xref/zeus/agentviewer/task/ConstraintsModel.html
2003-11-13 12:53:44,859 INFO  org.apache.maven.linkcheck.LinkCheck - Validating xref/zeus/agentviewer/task/OrderingModel.html
2003-11-13 12:53:44,875 INFO  org.apache.maven.linkcheck.LinkCheck - Validating xref/zeus/agentviewer/task/package-frame.html
2003-11-13 12:53:44,890 INFO  org.apache.maven.linkcheck.LinkCheck - Validating xref/zeus/agentviewer/task/package-summary.html
2003-11-13 12:53:44,890 INFO  org.apache.maven.linkcheck.LinkCheck - Validating xref/zeus/agentviewer/task/TaskConditionsTableModel.html
2003-11-13 12:53:44,921 INFO  org.apache.maven.linkcheck.LinkCheck - Validating xref/zeus/agentviewer/task/TaskTableModel.html
2003-11-13 12:53:44,953 INFO  org.apache.maven.linkcheck.LinkCheck - Validating xref/zeus/agentviewer/task/TaskTableUI.html
2003-11-13 12:53:45,046 INFO  org.apache.maven.linkcheck.LinkCheck - Validating xref/zeus/agentviewer/ViewerNames.html
2003-11-13 12:53:45,078 INFO  org.apache.maven.linkcheck.LinkCheck - Validating xref/zeus/agentviewer/ZeusInternalFrame.html
2003-11-13 12:53:45,093 INFO  org.apache.maven.linkcheck.LinkCheck - Validating xref/zeus/concepts/AbilityDbItem.html
2003-11-13 12:53:45,125 INFO  org.apache.maven.linkcheck.LinkCheck - Validating xref/zeus/concepts/AbilitySpec.html
2003-11-13 12:53:45,156 INFO  org.apache.maven.linkcheck.LinkCheck - Validating xref/zeus/concepts/AbilitySpecForwardCh.html
2003-11-13 12:53:45,171 INFO  org.apache.maven.linkcheck.LinkCheck - Validating xref/zeus/concepts/AbstractTask.html
2003-11-13 12:53:45,218 INFO  org.apache.maven.linkcheck.LinkCheck - Validating xref/zeus/concepts/Acquaintance.html
2003-11-13 12:53:45,250 INFO  org.apache.maven.linkcheck.LinkCheck - Validating xref/zeus/concepts/Address.html
2003-11-13 12:53:45,265 INFO  org.apache.maven.linkcheck.LinkCheck - Validating xref/zeus/concepts/AddressBook.html
2003-11-13 12:53:45,296 INFO  org.apache.maven.linkcheck.LinkCheck - Validating xref/zeus/concepts/AddressEvent.html
2003-11-13 12:53:45,296 INFO  org.apache.maven.linkcheck.LinkCheck - Validating xref/zeus/concepts/AddressListener.html
2003-11-13 12:53:45,312 INFO  org.apache.maven.linkcheck.LinkCheck - Validating xref/zeus/concepts/AgentDescription.html
2003-11-13 12:53:45,390 INFO  org.apache.maven.linkcheck.LinkCheck - Validating xref/zeus/concepts/AMS_Description.html
2003-11-13 12:53:45,421 INFO  org.apache.maven.linkcheck.LinkCheck - Validating xref/zeus/concepts/ASCII_CharStream.html
2003-11-13 12:53:45,515 INFO  org.apache.maven.linkcheck.LinkCheck - Validating xref/zeus/concepts/AttributeList.html
2003-11-13 12:53:45,609 INFO  org.apache.maven.linkcheck.LinkCheck - Validating xref/zeus/concepts/Bindings.html
2003-11-13 12:53:45,656 INFO  org.apache.maven.linkcheck.LinkCheck - Validating xref/zeus/concepts/BindResults.html
2003-11-13 12:53:45,671 INFO  org.apache.maven.linkcheck.LinkCheck - Validating xref/zeus/concepts/ConditionalNode.html
2003-11-13 12:53:45,687 INFO  org.apache.maven.linkcheck.LinkCheck - Validating xref/zeus/concepts/ConsumerRecord.html
2003-11-13 12:53:45,703 INFO  org.apache.maven.linkcheck.LinkCheck - Validating xref/zeus/concepts/ContentElement.html
2003-11-13 12:53:45,718 INFO  org.apache.maven.linkcheck.LinkCheck - Validating xref/zeus/concepts/DF_Description.html
2003-11-13 12:53:45,765 INFO  org.apache.maven.linkcheck.LinkCheck - Validating xref/zeus/concepts/DuplicationTable.html
2003-11-13 12:53:45,781 INFO  org.apache.maven.linkcheck.LinkCheck - Validating xref/zeus/concepts/Fact.html
2003-11-13 12:53:46,203 INFO  org.apache.maven.linkcheck.LinkCheck - Validating xref/zeus/concepts/FactDescription.html
2003-11-13 12:53:46,218 INFO  org.apache.maven.linkcheck.LinkCheck - Validating xref/zeus/concepts/FactSummary.html
2003-11-13 12:53:46,250 INFO  org.apache.maven.linkcheck.LinkCheck - Validating xref/zeus/concepts/FIPAParser.html
2003-11-13 12:53:59,046 INFO  org.apache.maven.linkcheck.LinkCheck - Validating xref/zeus/concepts/FIPAParserConstants.html
2003-11-13 12:53:59,093 INFO  org.apache.maven.linkcheck.LinkCheck - Validating xref/zeus/concepts/FIPAParserTokenManager.html
2003-11-13 12:54:04,890 INFO  org.apache.maven.linkcheck.LinkCheck - Validating xref/zeus/concepts/FIPAPerformative.html
2003-11-13 12:54:05,000 INFO  org.apache.maven.linkcheck.LinkCheck - Validating xref/zeus/concepts/FIPA_AddressBook.html
2003-11-13 12:54:05,031 INFO  org.apache.maven.linkcheck.LinkCheck - Validating xref/zeus/concepts/FIPA_AID_Address.html
2003-11-13 12:54:05,109 INFO  org.apache.maven.linkcheck.validation.HTTPLinkValidator - Checking link http://foo.com/ACC
2003-11-13 12:54:05,484 INFO  org.apache.maven.linkcheck.validation.HTTPLinkValidator - Received: [404] for http://foo.com/ACC
2003-11-13 12:54:05,484 INFO  org.apache.maven.linkcheck.LinkCheck - Validating xref/zeus/concepts/FIPA_AMS_Management_Content.html
2003-11-13 12:54:05,515 INFO  org.apache.maven.linkcheck.LinkCheck - Validating xref/zeus/concepts/FIPA_AP_Description.html
2003-11-13 12:54:05,546 INFO  org.apache.maven.linkcheck.LinkCheck - Validating xref/zeus/concepts/FIPA_DF_Management_Content.html
2003-11-13 12:54:05,593 INFO  org.apache.maven.linkcheck.LinkCheck - Validating xref/zeus/concepts/FIPA_MTP_Description.html
2003-11-13 12:54:05,625 INFO  org.apache.maven.linkcheck.LinkCheck - Validating xref/zeus/concepts/FIPA_Property.html
2003-11-13 12:54:05,640 INFO  org.apache.maven.linkcheck.LinkCheck - Validating xref/zeus/concepts/FIPA_Received.html
2003-11-13 12:54:05,656 INFO  org.apache.maven.linkcheck.LinkCheck - Validating xref/zeus/concepts/FIPA_Search_Constraints.html
2003-11-13 12:54:05,687 INFO  org.apache.maven.linkcheck.LinkCheck - Validating xref/zeus/concepts/FIPA_Service_Description.html
2003-11-13 12:54:05,781 INFO  org.apache.maven.linkcheck.validation.HTTPLinkValidator - Checking link http://link2.daml-s.description.org/
2003-11-13 12:54:06,078 WARN  org.apache.commons.httpclient.HttpMethod - Redirect from protocol http to https is not supported
2003-11-13 12:54:06,078 INFO  org.apache.maven.linkcheck.validation.HTTPLinkValidator - Checking link https://secure.registerapi.com/order/renew/expired.php?domain=DESCRIPTION.ORG
2003-11-13 12:54:07,343 INFO  org.apache.maven.linkcheck.LinkCheck - Validating xref/zeus/concepts/FIPA_Transport_Profile.html
2003-11-13 12:54:07,359 INFO  org.apache.maven.linkcheck.LinkCheck - Validating xref/zeus/concepts/fn/AndFn.html
2003-11-13 12:54:07,406 INFO  org.apache.maven.linkcheck.LinkCheck - Validating xref/zeus/concepts/fn/ArithmeticFn.html
2003-11-13 12:54:07,484 INFO  org.apache.maven.linkcheck.LinkCheck - Validating xref/zeus/concepts/fn/BoolFn.html
2003-11-13 12:54:07,515 INFO  org.apache.maven.linkcheck.LinkCheck - Validating xref/zeus/concepts/fn/ComparisonFn.html
2003-11-13 12:54:07,593 INFO  org.apache.maven.linkcheck.LinkCheck - Validating xref/zeus/concepts/fn/ConstraintBFn.html
2003-11-13 12:54:07,656 INFO  org.apache.maven.linkcheck.LinkCheck - Validating xref/zeus/concepts/fn/ConstraintFn.html
2003-11-13 12:54:07,828 INFO  org.apache.maven.linkcheck.LinkCheck - Validating xref/zeus/concepts/fn/DateFn.html
2003-11-13 12:54:07,875 INFO  org.apache.maven.linkcheck.LinkCheck - Validating xref/zeus/concepts/fn/DefinedFn.html
2003-11-13 12:54:07,984 INFO  org.apache.maven.linkcheck.LinkCheck - Validating xref/zeus/concepts/fn/ElseFn.html
2003-11-13 12:54:08,078 INFO  org.apache.maven.linkcheck.LinkCheck - Validating xref/zeus/concepts/fn/FactFn.html
2003-11-13 12:54:08,125 INFO  org.apache.maven.linkcheck.LinkCheck - Validating xref/zeus/concepts/fn/FieldFn.html
2003-11-13 12:54:08,156 INFO  org.apache.maven.linkcheck.LinkCheck - Validating xref/zeus/concepts/fn/IdFn.html
2003-11-13 12:54:08,250 INFO  org.apache.maven.linkcheck.LinkCheck - Validating xref/zeus/concepts/fn/ImplyFn.html
2003-11-13 12:54:08,296 INFO  org.apache.maven.linkcheck.LinkCheck - Validating xref/zeus/concepts/fn/IntFn.html
2003-11-13 12:54:08,328 INFO  org.apache.maven.linkcheck.LinkCheck - Validating xref/zeus/concepts/fn/LogicalAndFn.html
2003-11-13 12:54:08,359 INFO  org.apache.maven.linkcheck.LinkCheck - Validating xref/zeus/concepts/fn/LogicalFn.html
2003-11-13 12:54:08,390 INFO  org.apache.maven.linkcheck.LinkCheck - Validating xref/zeus/concepts/fn/LogicalNotFn.html
2003-11-13 12:54:08,421 INFO  org.apache.maven.linkcheck.LinkCheck - Validating xref/zeus/concepts/fn/LogicalOrFn.html
2003-11-13 12:54:08,468 INFO  org.apache.maven.linkcheck.LinkCheck - Validating xref/zeus/concepts/fn/MethodCallFn.html
2003-11-13 12:54:08,515 INFO  org.apache.maven.linkcheck.LinkCheck - Validating xref/zeus/concepts/fn/NumericFn.html
2003-11-13 12:54:08,531 INFO  org.apache.maven.linkcheck.LinkCheck - Validating xref/zeus/concepts/fn/OrFn.html
2003-11-13 12:54:08,578 INFO  org.apache.maven.linkcheck.LinkCheck - Validating xref/zeus/concepts/fn/package-frame.html
2003-11-13 12:54:08,593 INFO  org.apache.maven.linkcheck.LinkCheck - Validating xref/zeus/concepts/fn/package-summary.html
2003-11-13 12:54:08,609 INFO  org.apache.maven.linkcheck.LinkCheck - Validating xref/zeus/concepts/fn/PrimitiveFn.html
2003-11-13 12:54:08,609 INFO  org.apache.maven.linkcheck.LinkCheck - Validating xref/zeus/concepts/fn/PrimitiveNumericFn.html
2003-11-13 12:54:08,625 INFO  org.apache.maven.linkcheck.LinkCheck - Validating xref/zeus/concepts/fn/RealFn.html
2003-11-13 12:54:08,656 INFO  org.apache.maven.linkcheck.LinkCheck - Validating xref/zeus/concepts/fn/TimeFn.html
2003-11-13 12:54:08,671 INFO  org.apache.maven.linkcheck.LinkCheck - Validating xref/zeus/concepts/fn/TypeFn.html
2003-11-13 12:54:08,687 INFO  org.apache.maven.linkcheck.LinkCheck - Validating xref/zeus/concepts/fn/ValueFunction.html
2003-11-13 12:54:08,750 INFO  org.apache.maven.linkcheck.LinkCheck - Validating xref/zeus/concepts/fn/VarFn.html
2003-11-13 12:54:08,781 INFO  org.apache.maven.linkcheck.LinkCheck - Validating xref/zeus/concepts/fn/VectorFn.html
2003-11-13 12:54:08,875 INFO  org.apache.maven.linkcheck.LinkCheck - Validating xref/zeus/concepts/Goal.html
2003-11-13 12:54:09,031 INFO  org.apache.maven.linkcheck.LinkCheck - Validating xref/zeus/concepts/GoalSummary.html
2003-11-13 12:54:09,062 INFO  org.apache.maven.linkcheck.LinkCheck - Validating xref/zeus/concepts/MessageAction.html
2003-11-13 12:54:09,078 INFO  org.apache.maven.linkcheck.LinkCheck - Validating xref/zeus/concepts/MessageActionImpl.html
2003-11-13 12:54:09,093 INFO  org.apache.maven.linkcheck.LinkCheck - Validating xref/zeus/concepts/MessagePattern.html
2003-11-13 12:54:09,109 INFO  org.apache.maven.linkcheck.LinkCheck - Validating xref/zeus/concepts/MessagePatternImpl.html
2003-11-13 12:54:09,125 INFO  org.apache.maven.linkcheck.LinkCheck - Validating xref/zeus/concepts/MessageRule.html
2003-11-13 12:54:09,140 INFO  org.apache.maven.linkcheck.LinkCheck - Validating xref/zeus/concepts/MessageRuleImpl.html
2003-11-13 12:54:09,171 INFO  org.apache.maven.linkcheck.LinkCheck - Validating xref/zeus/concepts/OntologyDb.html
2003-11-13 12:54:10,234 INFO  org.apache.maven.linkcheck.LinkCheck - Validating xref/zeus/concepts/OntologyDbChangeEvent.html
2003-11-13 12:54:10,250 INFO  org.apache.maven.linkcheck.LinkCheck - Validating xref/zeus/concepts/OntologyParser.html
2003-11-13 12:54:13,390 INFO  org.apache.maven.linkcheck.LinkCheck - Validating xref/zeus/concepts/Ordering.html
2003-11-13 12:54:13,421 INFO  org.apache.maven.linkcheck.LinkCheck - Validating xref/zeus/concepts/package-frame.html
2003-11-13 12:54:13,453 INFO  org.apache.maven.linkcheck.LinkCheck - Validating xref/zeus/concepts/package-summary.html
2003-11-13 12:54:13,484 INFO  org.apache.maven.linkcheck.LinkCheck - Validating xref/zeus/concepts/ParseException.html
2003-11-13 12:54:13,531 INFO  org.apache.maven.linkcheck.LinkCheck - Validating xref/zeus/concepts/Parser.html
2003-11-13 12:54:25,703 INFO  org.apache.maven.linkcheck.LinkCheck - Validating xref/zeus/concepts/ParserConstants.html
2003-11-13 12:54:25,828 INFO  org.apache.maven.linkcheck.LinkCheck - Validating xref/zeus/concepts/ParserTokenManager.html
2003-11-13 12:54:33,546 INFO  org.apache.maven.linkcheck.LinkCheck - Validating xref/zeus/concepts/Performative.html
2003-11-13 12:54:33,718 INFO  org.apache.maven.linkcheck.LinkCheck - Validating xref/zeus/concepts/PerformativeParser.html
2003-11-13 12:54:33,828 INFO  org.apache.maven.linkcheck.LinkCheck - Validating xref/zeus/concepts/PerformativeParserConstants.html
2003-11-13 12:54:33,859 INFO  org.apache.maven.linkcheck.LinkCheck - Validating xref/zeus/concepts/PerformativeParserTokenManager.html
2003-11-13 12:54:34,562 INFO  org.apache.maven.linkcheck.LinkCheck - Validating xref/zeus/concepts/PlannerEnactStruct.html
2003-11-13 12:54:34,578 INFO  org.apache.maven.linkcheck.LinkCheck - Validating xref/zeus/concepts/PlannerQueryStruct.html
2003-11-13 12:54:34,593 INFO  org.apache.maven.linkcheck.LinkCheck - Validating xref/zeus/concepts/PlanScript.html
2003-11-13 12:54:34,640 INFO  org.apache.maven.linkcheck.LinkCheck - Validating xref/zeus/concepts/PrimitiveTask.html
2003-11-13 12:54:34,812 INFO  org.apache.maven.linkcheck.LinkCheck - Validating xref/zeus/concepts/ProducerRecord.html
2003-11-13 12:54:34,828 INFO  org.apache.maven.linkcheck.LinkCheck - Validating xref/zeus/concepts/ProtocolInfo.html
2003-11-13 12:54:34,875 INFO  org.apache.maven.linkcheck.LinkCheck - Validating xref/zeus/concepts/Reference.html
2003-11-13 12:54:34,890 INFO  org.apache.maven.linkcheck.LinkCheck - Validating xref/zeus/concepts/Relationship.html
2003-11-13 12:54:34,906 INFO  org.apache.maven.linkcheck.LinkCheck - Validating xref/zeus/concepts/ReportRec.html
2003-11-13 12:54:35,031 INFO  org.apache.maven.linkcheck.LinkCheck - Validating xref/zeus/concepts/ReservationEntry.html
2003-11-13 12:54:35,046 INFO  org.apache.maven.linkcheck.LinkCheck - Validating xref/zeus/concepts/ResolutionContext.html
2003-11-13 12:54:35,062 INFO  org.apache.maven.linkcheck.LinkCheck - Validating xref/zeus/concepts/ResourceItem.html
2003-11-13 12:54:35,109 INFO  org.apache.maven.linkcheck.LinkCheck - Validating xref/zeus/concepts/Restriction.html
2003-11-13 12:54:35,140 INFO  org.apache.maven.linkcheck.LinkCheck - Validating xref/zeus/concepts/RestrictionParser.html
2003-11-13 12:54:42,015 INFO  org.apache.maven.linkcheck.LinkCheck - Validating xref/zeus/concepts/ReteKB.html
2003-11-13 12:54:42,062 INFO  org.apache.maven.linkcheck.LinkCheck - Validating xref/zeus/concepts/RoutingRecord.html
2003-11-13 12:54:42,078 INFO  org.apache.maven.linkcheck.LinkCheck - Validating xref/zeus/concepts/SimpleCharStream.html
2003-11-13 12:54:42,171 INFO  org.apache.maven.linkcheck.LinkCheck - Validating xref/zeus/concepts/SLParser.html
2003-11-13 12:54:42,187 INFO  org.apache.maven.linkcheck.LinkCheck - Validating xref/zeus/concepts/SL_Util.html
2003-11-13 12:54:42,203 INFO  org.apache.maven.linkcheck.LinkCheck - Validating xref/zeus/concepts/StrategyInfo.html
2003-11-13 12:54:42,265 INFO  org.apache.maven.linkcheck.LinkCheck - Validating xref/zeus/concepts/Summary.html
2003-11-13 12:54:42,281 INFO  org.apache.maven.linkcheck.LinkCheck - Validating xref/zeus/concepts/SummaryTable.html
2003-11-13 12:54:42,328 INFO  org.apache.maven.linkcheck.LinkCheck - Validating xref/zeus/concepts/SummaryTask.html
2003-11-13 12:54:42,406 INFO  org.apache.maven.linkcheck.LinkCheck - Validating xref/zeus/concepts/SuppliedDb.html
2003-11-13 12:54:42,515 INFO  org.apache.maven.linkcheck.LinkCheck - Validating xref/zeus/concepts/SuppliedItem.html
2003-11-13 12:54:42,593 INFO  org.apache.maven.linkcheck.LinkCheck - Validating xref/zeus/concepts/SuppliedRequester.html
2003-11-13 12:54:42,593 INFO  org.apache.maven.linkcheck.LinkCheck - Validating xref/zeus/concepts/Task.html
2003-11-13 12:54:42,671 INFO  org.apache.maven.linkcheck.LinkCheck - Validating xref/zeus/concepts/TaskLink.html
2003-11-13 12:54:42,703 INFO  org.apache.maven.linkcheck.LinkCheck - Validating xref/zeus/concepts/TaskNode.html
2003-11-13 12:54:42,859 INFO  org.apache.maven.linkcheck.LinkCheck - Validating xref/zeus/concepts/TaskSummary.html
2003-11-13 12:54:42,875 INFO  org.apache.maven.linkcheck.LinkCheck - Validating xref/zeus/concepts/Token.html
2003-11-13 12:54:42,906 INFO  org.apache.maven.linkcheck.LinkCheck - Validating xref/zeus/concepts/TokenMgrError.html
2003-11-13 12:54:42,937 INFO  org.apache.maven.linkcheck.LinkCheck - Validating xref/zeus/concepts/TransportConfig.html
2003-11-13 12:54:42,953 INFO  org.apache.maven.linkcheck.LinkCheck - Validating xref/zeus/concepts/xmlobject/acc/Contact.html
2003-11-13 12:54:42,968 INFO  org.apache.maven.linkcheck.LinkCheck - Validating xref/zeus/concepts/xmlobject/acc/Contacts.html
2003-11-13 12:54:42,984 INFO  org.apache.maven.linkcheck.LinkCheck - Validating xref/zeus/concepts/xmlobject/acc/ContactsParser.html
2003-11-13 12:54:43,000 INFO  org.apache.maven.linkcheck.LinkCheck - Validating xref/zeus/concepts/xmlobject/acc/package-frame.html
2003-11-13 12:54:43,000 INFO  org.apache.maven.linkcheck.LinkCheck - Validating xref/zeus/concepts/xmlobject/acc/package-summary.html
2003-11-13 12:54:43,015 INFO  org.apache.maven.linkcheck.LinkCheck - Validating xref/zeus/concepts/xmlobject/package-frame.html
2003-11-13 12:54:43,015 INFO  org.apache.maven.linkcheck.LinkCheck - Validating xref/zeus/concepts/xmlobject/package-summary.html
2003-11-13 12:54:43,015 INFO  org.apache.maven.linkcheck.LinkCheck - Validating xref/zeus/concepts/xmlobject/Parser.html
2003-11-13 12:54:43,062 INFO  org.apache.maven.linkcheck.LinkCheck - Validating xref/zeus/concepts/ZeusAddress.html
2003-11-13 12:54:43,093 INFO  org.apache.maven.linkcheck.LinkCheck - Validating xref/zeus/concepts/ZeusParser.html
2003-11-13 12:54:43,500 INFO  org.apache.maven.linkcheck.LinkCheck - Validating xref/zeus/ext/DbConnector.html
2003-11-13 12:54:43,546 INFO  org.apache.maven.linkcheck.LinkCheck - Validating xref/zeus/ext/FlatFile.html
2003-11-13 12:54:43,687 INFO  org.apache.maven.linkcheck.LinkCheck - Validating xref/zeus/ext/package-frame.html
2003-11-13 12:54:43,687 INFO  org.apache.maven.linkcheck.LinkCheck - Validating xref/zeus/ext/package-summary.html
2003-11-13 12:54:43,687 INFO  org.apache.maven.linkcheck.LinkCheck - Validating xref/zeus/generator/agent/AbilityModel.html
2003-11-13 12:54:43,765 INFO  org.apache.maven.linkcheck.LinkCheck - Validating xref/zeus/generator/agent/AcquaintanceModel.html
2003-11-13 12:54:43,843 INFO  org.apache.maven.linkcheck.LinkCheck - Validating xref/zeus/generator/agent/AgentEditor.html
2003-11-13 12:54:43,906 INFO  org.apache.maven.linkcheck.LinkCheck - Validating xref/zeus/generator/agent/CoordinationPanel.html
2003-11-13 12:54:44,156 INFO  org.apache.maven.linkcheck.LinkCheck - Validating xref/zeus/generator/agent/DefinitionPanel.html
2003-11-13 12:54:44,203 INFO  org.apache.maven.linkcheck.LinkCheck - Validating xref/zeus/generator/agent/OrganisationPanel.html
2003-11-13 12:54:44,390 INFO  org.apache.maven.linkcheck.LinkCheck - Validating xref/zeus/generator/agent/package-frame.html
2003-11-13 12:54:44,390 INFO  org.apache.maven.linkcheck.LinkCheck - Validating xref/zeus/generator/agent/package-summary.html
2003-11-13 12:54:44,406 INFO  org.apache.maven.linkcheck.LinkCheck - Validating xref/zeus/generator/agent/ProtocolModel.html
2003-11-13 12:54:44,453 INFO  org.apache.maven.linkcheck.LinkCheck - Validating xref/zeus/generator/agent/RestrictionPanel.html
2003-11-13 12:54:44,484 INFO  org.apache.maven.linkcheck.LinkCheck - Validating xref/zeus/generator/agent/StrategyModel.html
2003-11-13 12:54:44,578 INFO  org.apache.maven.linkcheck.LinkCheck - Validating xref/zeus/generator/agent/TaskAttributeListener.html
2003-11-13 12:54:44,640 INFO  org.apache.maven.linkcheck.LinkCheck - Validating xref/zeus/generator/agent/TaskAttributePanel.html
2003-11-13 12:54:44,671 INFO  org.apache.maven.linkcheck.LinkCheck - Validating xref/zeus/generator/agent/TaskModel.html
2003-11-13 12:54:44,734 INFO  org.apache.maven.linkcheck.LinkCheck - Validating xref/zeus/generator/agent/TaskPanel.html
2003-11-13 12:54:44,828 INFO  org.apache.maven.linkcheck.LinkCheck - Validating xref/zeus/generator/AgentGenerator.html
2003-11-13 12:54:45,515 INFO  org.apache.maven.linkcheck.validation.HTTPLinkValidator - Checking link http://www.sourceforge.net/projects/zeusagent
2003-11-13 12:54:45,828 WARN  org.apache.commons.httpclient.HttpMethod - Error getting URI host
org.apache.commons.httpclient.HttpException: Redirect from host www.sourceforge.net to sourceforge.net is not supported
	at org.apache.commons.httpclient.HttpMethodBase.checkValidRedirect(HttpMethodBase.java:1208)
	at org.apache.commons.httpclient.HttpMethodBase.processRedirectResponse(HttpMethodBase.java:1161)
	at org.apache.commons.httpclient.HttpMethodBase.isRetryNeeded(HttpMethodBase.java:952)
	at org.apache.commons.httpclient.HttpMethodBase.execute(HttpMethodBase.java:1067)
	at org.apache.commons.httpclient.HttpClient.executeMethod(HttpClient.java:638)
	at org.apache.commons.httpclient.HttpClient.executeMethod(HttpClient.java:500)
	at org.apache.maven.linkcheck.validation.HTTPLinkValidator.checkLink(HTTPLinkValidator.java:188)
	at org.apache.maven.linkcheck.validation.HTTPLinkValidator.validateLink(HTTPLinkValidator.java:138)
	at org.apache.maven.linkcheck.validation.LinkValidatorManager.validateLink(LinkValidatorManager.java:118)
	at org.apache.maven.linkcheck.FileToCheck.check(FileToCheck.java:189)
	at org.apache.maven.linkcheck.LinkCheck.doExecute(LinkCheck.java:158)
	at sun.reflect.NativeMethodAccessorImpl.invoke0(Native Method)
	at sun.reflect.NativeMethodAccessorImpl.invoke(NativeMethodAccessorImpl.java:39)
	at sun.reflect.DelegatingMethodAccessorImpl.invoke(DelegatingMethodAccessorImpl.java:25)
	at java.lang.reflect.Method.invoke(Method.java:324)
	at org.apache.commons.jelly.impl.DynamicBeanTag.doTag(DynamicBeanTag.java:230)
	at org.apache.commons.jelly.impl.StaticTagScript.run(StaticTagScript.java:145)
	at org.apache.commons.jelly.impl.ScriptBlock.run(ScriptBlock.java:135)
	at org.apache.commons.jelly.TagSupport.invokeBody(TagSupport.java:233)
	at com.werken.werkz.jelly.GoalTag$1.performAction(GoalTag.java:128)
	at com.werken.werkz.Goal.fire(Goal.java:639)
	at com.werken.werkz.Goal.attain(Goal.java:575)
	at com.werken.werkz.WerkzProject.attainGoal(WerkzProject.java:193)
	at com.werken.werkz.jelly.AttainGoalTag.doTag(AttainGoalTag.java:134)
	at org.apache.maven.jelly.tags.werkz.LazyAttainGoalTag.doTag(LazyAttainGoalTag.java:107)
	at org.apache.commons.jelly.impl.TagScript.run(TagScript.java:279)
	at org.apache.commons.jelly.impl.ScriptBlock.run(ScriptBlock.java:135)
	at org.apache.commons.jelly.TagSupport.invokeBody(TagSupport.java:233)
	at org.apache.commons.jelly.tags.core.IfTag.doTag(IfTag.java:88)
	at org.apache.commons.jelly.impl.TagScript.run(TagScript.java:279)
	at org.apache.commons.jelly.impl.ScriptBlock.run(ScriptBlock.java:135)
	at org.apache.commons.jelly.TagSupport.invokeBody(TagSupport.java:233)
	at org.apache.commons.jelly.tags.core.ForEachTag.doTag(ForEachTag.java:145)
	at org.apache.commons.jelly.impl.TagScript.run(TagScript.java:279)
	at org.apache.commons.jelly.impl.ScriptBlock.run(ScriptBlock.java:135)
	at org.apache.commons.jelly.TagSupport.invokeBody(TagSupport.java:233)
	at org.apache.commons.jelly.tags.core.IfTag.doTag(IfTag.java:88)
	at org.apache.commons.jelly.impl.TagScript.run(TagScript.java:279)
	at org.apache.commons.jelly.impl.ScriptBlock.run(ScriptBlock.java:135)
	at org.apache.commons.jelly.TagSupport.invokeBody(TagSupport.java:233)
	at com.werken.werkz.jelly.PostGoalTag$1.firePostGoal(PostGoalTag.java:87)
	at com.werken.werkz.Goal.firePostGoalCallbacks(Goal.java:710)
	at com.werken.werkz.Goal.fire(Goal.java:654)
	at com.werken.werkz.Goal.attain(Goal.java:575)
	at com.werken.werkz.WerkzProject.attainGoal(WerkzProject.java:193)
	at com.werken.werkz.jelly.AttainGoalTag.doTag(AttainGoalTag.java:134)
	at org.apache.maven.jelly.tags.werkz.LazyAttainGoalTag.doTag(LazyAttainGoalTag.java:107)
	at org.apache.commons.jelly.impl.TagScript.run(TagScript.java:279)
	at org.apache.commons.jelly.impl.ScriptBlock.run(ScriptBlock.java:135)
	at org.apache.commons.jelly.TagSupport.invokeBody(TagSupport.java:233)
	at com.werken.werkz.jelly.GoalTag$1.performAction(GoalTag.java:128)
	at com.werken.werkz.Goal.fire(Goal.java:639)
	at com.werken.werkz.Goal.attain(Goal.java:575)
	at com.werken.werkz.Goal.attainPrecursors(Goal.java:488)
	at com.werken.werkz.Goal.attain(Goal.java:573)
	at com.werken.werkz.WerkzProject.attainGoal(WerkzProject.java:193)
	at com.werken.werkz.jelly.AttainGoalTag.doTag(AttainGoalTag.java:134)
	at org.apache.maven.jelly.tags.werkz.LazyAttainGoalTag.doTag(LazyAttainGoalTag.java:107)
	at org.apache.commons.jelly.impl.TagScript.run(TagScript.java:279)
	at org.apache.commons.jelly.impl.ScriptBlock.run(ScriptBlock.java:135)
	at org.apache.commons.jelly.TagSupport.invokeBody(TagSupport.java:233)
	at com.werken.werkz.jelly.GoalTag$1.performAction(GoalTag.java:128)
	at com.werken.werkz.Goal.fire(Goal.java:639)
	at com.werken.werkz.Goal.attain(Goal.java:575)
	at com.werken.werkz.Goal.attainPrecursors(Goal.java:488)
	at com.werken.werkz.Goal.attain(Goal.java:573)
	at org.apache.maven.plugin.PluginManager.attainGoals(PluginManager.java:448)
	at org.apache.maven.MavenSession.attainGoals(MavenSession.java:348)
	at org.apache.maven.cli.App.doMain(App.java:546)
	at org.apache.maven.cli.App.main(App.java:1113)
	at sun.reflect.NativeMethodAccessorImpl.invoke0(Native Method)
	at sun.reflect.NativeMethodAccessorImpl.invoke(NativeMethodAccessorImpl.java:39)
	at sun.reflect.DelegatingMethodAccessorImpl.invoke(DelegatingMethodAccessorImpl.java:25)
	at java.lang.reflect.Method.invoke(Method.java:324)
	at com.werken.forehead.Forehead.run(Forehead.java:551)
	at com.werken.forehead.Forehead.main(Forehead.java:581)
2003-11-13 12:54:45,828 WARN  org.apache.commons.httpclient.HttpMethod - Invalid Redirect URI from: http://www.sourceforge.net:80/projects/zeusagent to: http://sourceforge.net/projects/zeusagent
2003-11-13 12:54:45,828 INFO  org.apache.maven.linkcheck.validation.HTTPLinkValidator - Checking link http://sourceforge.net/projects/zeusagent
2003-11-13 12:54:45,875 INFO  org.apache.maven.linkcheck.LinkCheck - Validating xref/zeus/generator/AgentTableModel.html
2003-11-13 12:54:45,890 INFO  org.apache.maven.linkcheck.LinkCheck - Validating xref/zeus/generator/AgentTableUI.html
2003-11-13 12:54:45,953 INFO  org.apache.maven.linkcheck.LinkCheck - Validating xref/zeus/generator/code/AgentInfo.html
2003-11-13 12:54:45,984 INFO  org.apache.maven.linkcheck.LinkCheck - Validating xref/zeus/generator/code/AgentModel.html
2003-11-13 12:54:46,031 INFO  org.apache.maven.linkcheck.LinkCheck - Validating xref/zeus/generator/code/AgentPanel.html
2003-11-13 12:54:46,093 INFO  org.apache.maven.linkcheck.LinkCheck - Validating xref/zeus/generator/code/AgentWriter.html
2003-11-13 12:54:46,234 INFO  org.apache.maven.linkcheck.LinkCheck - Validating xref/zeus/generator/code/CodeGenerator.html
2003-11-13 12:54:46,312 INFO  org.apache.maven.linkcheck.LinkCheck - Validating xref/zeus/generator/code/DbProxyInfo.html
2003-11-13 12:54:46,359 INFO  org.apache.maven.linkcheck.LinkCheck - Validating xref/zeus/generator/code/DbProxyModel.html
2003-11-13 12:54:46,390 INFO  org.apache.maven.linkcheck.LinkCheck - Validating xref/zeus/generator/code/FacilitatorInfo.html
2003-11-13 12:54:46,421 INFO  org.apache.maven.linkcheck.LinkCheck - Validating xref/zeus/generator/code/FacilitatorModel.html
2003-11-13 12:54:46,468 INFO  org.apache.maven.linkcheck.LinkCheck - Validating xref/zeus/generator/code/GenerationInfo.html
2003-11-13 12:54:46,484 INFO  org.apache.maven.linkcheck.LinkCheck - Validating xref/zeus/generator/code/GenerationPanel.html
2003-11-13 12:54:46,593 INFO  org.apache.maven.linkcheck.LinkCheck - Validating xref/zeus/generator/code/GenerationPlan.html
2003-11-13 12:54:46,765 INFO  org.apache.maven.linkcheck.LinkCheck - Validating xref/zeus/generator/code/GenerationTableModel.html
2003-11-13 12:54:46,812 INFO  org.apache.maven.linkcheck.LinkCheck - Validating xref/zeus/generator/code/NameserverInfo.html
2003-11-13 12:54:46,859 INFO  org.apache.maven.linkcheck.LinkCheck - Validating xref/zeus/generator/code/NameserverModel.html
2003-11-13 12:54:46,906 INFO  org.apache.maven.linkcheck.LinkCheck - Validating xref/zeus/generator/code/package-frame.html
2003-11-13 12:54:46,921 INFO  org.apache.maven.linkcheck.LinkCheck - Validating xref/zeus/generator/code/package-summary.html
2003-11-13 12:54:46,937 INFO  org.apache.maven.linkcheck.LinkCheck - Validating xref/zeus/generator/code/ScriptWriter.html
2003-11-13 12:54:47,015 INFO  org.apache.maven.linkcheck.LinkCheck - Validating xref/zeus/generator/code/TaskInfo.html
2003-11-13 12:54:47,031 INFO  org.apache.maven.linkcheck.LinkCheck - Validating xref/zeus/generator/code/TaskModel.html
2003-11-13 12:54:47,093 INFO  org.apache.maven.linkcheck.LinkCheck - Validating xref/zeus/generator/code/TaskPanel.html
2003-11-13 12:54:47,156 INFO  org.apache.maven.linkcheck.LinkCheck - Validating xref/zeus/generator/code/TaskWriter.html
2003-11-13 12:54:47,265 INFO  org.apache.maven.linkcheck.LinkCheck - Validating xref/zeus/generator/code/UtilityModel.html
2003-11-13 12:54:47,296 INFO  org.apache.maven.linkcheck.LinkCheck - Validating xref/zeus/generator/code/UtilityPanel.html
2003-11-13 12:54:47,437 INFO  org.apache.maven.linkcheck.LinkCheck - Validating xref/zeus/generator/code/VisualiserInfo.html
2003-11-13 12:54:47,468 INFO  org.apache.maven.linkcheck.LinkCheck - Validating xref/zeus/generator/code/VisualiserModel.html
2003-11-13 12:54:47,500 INFO  org.apache.maven.linkcheck.LinkCheck - Validating xref/zeus/generator/code/Writer.html
2003-11-13 12:54:47,531 INFO  org.apache.maven.linkcheck.LinkCheck - Validating xref/zeus/generator/event/AgentChangeEvent.html
2003-11-13 12:54:47,546 INFO  org.apache.maven.linkcheck.LinkCheck - Validating xref/zeus/generator/event/AgentListener.html
2003-11-13 12:54:47,546 INFO  org.apache.maven.linkcheck.LinkCheck - Validating xref/zeus/generator/event/FactModelEvent.html
2003-11-13 12:54:47,578 INFO  org.apache.maven.linkcheck.LinkCheck - Validating xref/zeus/generator/event/FactModelListener.html
2003-11-13 12:54:47,578 INFO  org.apache.maven.linkcheck.LinkCheck - Validating xref/zeus/generator/event/LinkNodeSelectionEvent.html
2003-11-13 12:54:47,609 INFO  org.apache.maven.linkcheck.LinkCheck - Validating xref/zeus/generator/event/LinkNodeSelectionListener.html
2003-11-13 12:54:47,609 INFO  org.apache.maven.linkcheck.LinkCheck - Validating xref/zeus/generator/event/LinkRootSelectionEvent.html
2003-11-13 12:54:47,625 INFO  org.apache.maven.linkcheck.LinkCheck - Validating xref/zeus/generator/event/LinkRootSelectionListener.html
2003-11-13 12:54:47,640 INFO  org.apache.maven.linkcheck.LinkCheck - Validating xref/zeus/generator/event/package-frame.html
2003-11-13 12:54:47,640 INFO  org.apache.maven.linkcheck.LinkCheck - Validating xref/zeus/generator/event/package-summary.html
2003-11-13 12:54:47,656 INFO  org.apache.maven.linkcheck.LinkCheck - Validating xref/zeus/generator/event/RenameEvent.html
2003-11-13 12:54:47,671 INFO  org.apache.maven.linkcheck.LinkCheck - Validating xref/zeus/generator/event/RenameListener.html
2003-11-13 12:54:47,687 INFO  org.apache.maven.linkcheck.LinkCheck - Validating xref/zeus/generator/event/TaskChangeEvent.html
2003-11-13 12:54:47,703 INFO  org.apache.maven.linkcheck.LinkCheck - Validating xref/zeus/generator/event/TaskListener.html
2003-11-13 12:54:47,703 INFO  org.apache.maven.linkcheck.LinkCheck - Validating xref/zeus/generator/FileHandler.html
2003-11-13 12:54:47,796 INFO  org.apache.maven.linkcheck.LinkCheck - Validating xref/zeus/generator/GeneratorModel.html
2003-11-13 12:54:47,968 INFO  org.apache.maven.linkcheck.LinkCheck - Validating xref/zeus/generator/package-frame.html
2003-11-13 12:54:47,984 INFO  org.apache.maven.linkcheck.LinkCheck - Validating xref/zeus/generator/package-summary.html
2003-11-13 12:54:47,984 INFO  org.apache.maven.linkcheck.LinkCheck - Validating xref/zeus/generator/SocietyEditor.html
2003-11-13 12:54:48,015 INFO  org.apache.maven.linkcheck.LinkCheck - Validating xref/zeus/generator/SocietyModel.html
2003-11-13 12:54:48,093 INFO  org.apache.maven.linkcheck.LinkCheck - Validating xref/zeus/generator/SocietyPanel.html
2003-11-13 12:54:48,250 INFO  org.apache.maven.linkcheck.LinkCheck - Validating xref/zeus/generator/task/ConditionsPanel.html
2003-11-13 12:54:48,343 INFO  org.apache.maven.linkcheck.LinkCheck - Validating xref/zeus/generator/task/ConstraintsModel.html
2003-11-13 12:54:48,406 INFO  org.apache.maven.linkcheck.LinkCheck - Validating xref/zeus/generator/task/ConstraintsPanel.html
2003-11-13 12:54:48,531 INFO  org.apache.maven.linkcheck.LinkCheck - Validating xref/zeus/generator/task/GroupManager.html
2003-11-13 12:54:48,609 INFO  org.apache.maven.linkcheck.LinkCheck - Validating xref/zeus/generator/task/InformationPanel.html
2003-11-13 12:54:48,656 INFO  org.apache.maven.linkcheck.LinkCheck - Validating xref/zeus/generator/task/NodesPanel.html
2003-11-13 12:54:48,812 INFO  org.apache.maven.linkcheck.LinkCheck - Validating xref/zeus/generator/task/OrderingDialog.html
2003-11-13 12:54:48,859 INFO  org.apache.maven.linkcheck.LinkCheck - Validating xref/zeus/generator/task/OrderingModel.html
2003-11-13 12:54:48,937 INFO  org.apache.maven.linkcheck.LinkCheck - Validating xref/zeus/generator/task/OrderingSelector.html
2003-11-13 12:54:48,937 INFO  org.apache.maven.linkcheck.LinkCheck - Validating xref/zeus/generator/task/package-frame.html
2003-11-13 12:54:48,953 INFO  org.apache.maven.linkcheck.LinkCheck - Validating xref/zeus/generator/task/package-summary.html
2003-11-13 12:54:48,953 INFO  org.apache.maven.linkcheck.LinkCheck - Validating xref/zeus/generator/task/rulebase/FactPanel.html
2003-11-13 12:54:48,984 INFO  org.apache.maven.linkcheck.LinkCheck - Validating xref/zeus/generator/task/rulebase/package-frame.html
2003-11-13 12:54:49,000 INFO  org.apache.maven.linkcheck.LinkCheck - Validating xref/zeus/generator/task/rulebase/package-summary.html
2003-11-13 12:54:49,000 INFO  org.apache.maven.linkcheck.LinkCheck - Validating xref/zeus/generator/task/rulebase/Rule.html
2003-11-13 12:54:49,046 INFO  org.apache.maven.linkcheck.LinkCheck - Validating xref/zeus/generator/task/rulebase/RuleModel.html
2003-11-13 12:54:49,109 INFO  org.apache.maven.linkcheck.LinkCheck - Validating xref/zeus/generator/task/rulebase/RuleUI.html
2003-11-13 12:54:49,281 INFO  org.apache.maven.linkcheck.LinkCheck - Validating xref/zeus/generator/task/SummaryTaskModel.html
2003-11-13 12:54:49,375 INFO  org.apache.maven.linkcheck.LinkCheck - Validating xref/zeus/generator/task/SummaryTaskNodeEditor.html
2003-11-13 12:54:49,390 INFO  org.apache.maven.linkcheck.LinkCheck - Validating xref/zeus/generator/task/SummaryTaskNodeEditorDialog.html
2003-11-13 12:54:49,421 INFO  org.apache.maven.linkcheck.LinkCheck - Validating xref/zeus/generator/task/SymBasicFactModel.html
2003-11-13 12:54:49,453 INFO  org.apache.maven.linkcheck.LinkCheck - Validating xref/zeus/generator/task/TaskEditor.html
2003-11-13 12:54:49,515 INFO  org.apache.maven.linkcheck.LinkCheck - Validating xref/zeus/generator/task/TaskLinkBaseTreeModel.html
2003-11-13 12:54:49,562 INFO  org.apache.maven.linkcheck.LinkCheck - Validating xref/zeus/generator/task/TaskLinkBaseTreePanel.html
2003-11-13 12:54:49,609 INFO  org.apache.maven.linkcheck.LinkCheck - Validating xref/zeus/generator/task/TaskLinkMainTreeModel.html
2003-11-13 12:54:49,656 INFO  org.apache.maven.linkcheck.LinkCheck - Validating xref/zeus/generator/task/TaskLinkMainTreePanel.html
2003-11-13 12:54:49,703 INFO  org.apache.maven.linkcheck.LinkCheck - Validating xref/zeus/generator/task/TaskLinkModel.html
2003-11-13 12:54:49,781 INFO  org.apache.maven.linkcheck.LinkCheck - Validating xref/zeus/generator/task/TaskLinkPanel.html
2003-11-13 12:54:49,843 INFO  org.apache.maven.linkcheck.LinkCheck - Validating xref/zeus/generator/task/TaskNodePanel.html
2003-11-13 12:54:49,968 INFO  org.apache.maven.linkcheck.LinkCheck - Validating xref/zeus/generator/TaskTableModel.html
2003-11-13 12:54:50,000 INFO  org.apache.maven.linkcheck.LinkCheck - Validating xref/zeus/generator/TaskTableUI.html
2003-11-13 12:54:50,031 INFO  org.apache.maven.linkcheck.LinkCheck - Validating xref/zeus/generator/util/AttributeDialog.html
2003-11-13 12:54:50,078 INFO  org.apache.maven.linkcheck.LinkCheck - Validating xref/zeus/generator/util/AttributeModel.html
2003-11-13 12:54:50,140 INFO  org.apache.maven.linkcheck.LinkCheck - Validating xref/zeus/generator/util/AttributeSelector.html
2003-11-13 12:54:50,140 INFO  org.apache.maven.linkcheck.LinkCheck - Validating xref/zeus/generator/util/AttributeTable.html
2003-11-13 12:54:50,171 INFO  org.apache.maven.linkcheck.LinkCheck - Validating xref/zeus/generator/util/AttributeTreeModel.html
2003-11-13 12:54:50,234 INFO  org.apache.maven.linkcheck.LinkCheck - Validating xref/zeus/generator/util/BasicFactModel.html
2003-11-13 12:54:50,234 INFO  org.apache.maven.linkcheck.LinkCheck - Validating xref/zeus/generator/util/ControlPanel.html
2003-11-13 12:54:50,281 INFO  org.apache.maven.linkcheck.LinkCheck - Validating xref/zeus/generator/util/Editor.html
2003-11-13 12:54:50,296 INFO  org.apache.maven.linkcheck.LinkCheck - Validating xref/zeus/generator/util/FactDialog.html
2003-11-13 12:54:50,312 INFO  org.apache.maven.linkcheck.LinkCheck - Validating xref/zeus/generator/util/FactModel.html
2003-11-13 12:54:50,406 INFO  org.apache.maven.linkcheck.LinkCheck - Validating xref/zeus/generator/util/FactModifier.html
2003-11-13 12:54:50,421 INFO  org.apache.maven.linkcheck.LinkCheck - Validating xref/zeus/generator/util/FactPanel.html
2003-11-13 12:54:50,546 INFO  org.apache.maven.linkcheck.LinkCheck - Validating xref/zeus/generator/util/FactSelector.html
2003-11-13 12:54:50,546 INFO  org.apache.maven.linkcheck.LinkCheck - Validating xref/zeus/generator/util/HashtableModel.html
2003-11-13 12:54:50,593 INFO  org.apache.maven.linkcheck.LinkCheck - Validating xref/zeus/generator/util/HashtablePanel.html
2003-11-13 12:54:50,625 INFO  org.apache.maven.linkcheck.LinkCheck - Validating xref/zeus/generator/util/ModifierDialog.html
2003-11-13 12:54:50,687 INFO  org.apache.maven.linkcheck.LinkCheck - Validating xref/zeus/generator/util/package-frame.html
2003-11-13 12:54:50,687 INFO  org.apache.maven.linkcheck.LinkCheck - Validating xref/zeus/generator/util/package-summary.html
2003-11-13 12:54:50,703 INFO  org.apache.maven.linkcheck.LinkCheck - Validating xref/zeus/generator/util/ParameterChooser.html
2003-11-13 12:54:50,718 INFO  org.apache.maven.linkcheck.LinkCheck - Validating xref/zeus/generator/util/ParameterDialog.html
2003-11-13 12:54:50,734 INFO  org.apache.maven.linkcheck.LinkCheck - Validating xref/zeus/gui/ColorManager.html
2003-11-13 12:54:50,812 INFO  org.apache.maven.linkcheck.LinkCheck - Validating xref/zeus/gui/dialog/IAcquaintanceUI.html
2003-11-13 12:54:50,828 INFO  org.apache.maven.linkcheck.LinkCheck - Validating xref/zeus/gui/dialog/IBrowseFact.html
2003-11-13 12:54:50,828 INFO  org.apache.maven.linkcheck.LinkCheck - Validating xref/zeus/gui/dialog/IBrowseGoal.html
2003-11-13 12:54:50,843 INFO  org.apache.maven.linkcheck.LinkCheck - Validating xref/zeus/gui/dialog/IBrowseTask.html
2003-11-13 12:54:50,859 INFO  org.apache.maven.linkcheck.LinkCheck - Validating xref/zeus/gui/dialog/IDoCommandUI.html
2003-11-13 12:54:50,875 INFO  org.apache.maven.linkcheck.LinkCheck - Validating xref/zeus/gui/dialog/IFactUI.html
2003-11-13 12:54:50,890 INFO  org.apache.maven.linkcheck.LinkCheck - Validating xref/zeus/gui/dialog/ITaskUI.html
2003-11-13 12:54:50,890 INFO  org.apache.maven.linkcheck.LinkCheck - Validating xref/zeus/gui/dialog/package-frame.html
2003-11-13 12:54:50,906 INFO  org.apache.maven.linkcheck.LinkCheck - Validating xref/zeus/gui/dialog/package-summary.html
2003-11-13 12:54:50,906 INFO  org.apache.maven.linkcheck.LinkCheck - Validating xref/zeus/gui/DoubleSelectionDialog.html
2003-11-13 12:54:50,968 INFO  org.apache.maven.linkcheck.LinkCheck - Validating xref/zeus/gui/EditableDoubleSelectionDialog.html
2003-11-13 12:54:51,046 INFO  org.apache.maven.linkcheck.LinkCheck - Validating xref/zeus/gui/EditableMultipleSelectionDialog.html
2003-11-13 12:54:51,109 INFO  org.apache.maven.linkcheck.LinkCheck - Validating xref/zeus/gui/EditableSingleSelectionDialog.html
2003-11-13 12:54:51,171 INFO  org.apache.maven.linkcheck.LinkCheck - Validating xref/zeus/gui/editors/ExpressionCellEditor.html
2003-11-13 12:54:51,203 INFO  org.apache.maven.linkcheck.LinkCheck - Validating xref/zeus/gui/editors/package-frame.html
2003-11-13 12:54:51,203 INFO  org.apache.maven.linkcheck.LinkCheck - Validating xref/zeus/gui/editors/package-summary.html
2003-11-13 12:54:51,218 INFO  org.apache.maven.linkcheck.LinkCheck - Validating xref/zeus/gui/editors/ValidatingCellRenderer.html
2003-11-13 12:54:51,234 INFO  org.apache.maven.linkcheck.LinkCheck - Validating xref/zeus/gui/editors/ValidatingModel.html
2003-11-13 12:54:51,250 INFO  org.apache.maven.linkcheck.LinkCheck - Validating xref/zeus/gui/fields/LargeTextField.html
2003-11-13 12:54:51,281 INFO  org.apache.maven.linkcheck.LinkCheck - Validating xref/zeus/gui/fields/NameField.html
2003-11-13 12:54:51,312 INFO  org.apache.maven.linkcheck.LinkCheck - Validating xref/zeus/gui/fields/package-frame.html
2003-11-13 12:54:51,312 INFO  org.apache.maven.linkcheck.LinkCheck - Validating xref/zeus/gui/fields/package-summary.html
2003-11-13 12:54:51,312 INFO  org.apache.maven.linkcheck.LinkCheck - Validating xref/zeus/gui/fields/RealNumberField.html
2003-11-13 12:54:51,375 INFO  org.apache.maven.linkcheck.LinkCheck - Validating xref/zeus/gui/fields/WholeNumberField.html
2003-11-13 12:54:51,421 INFO  org.apache.maven.linkcheck.LinkCheck - Validating xref/zeus/gui/graph/AbstractGraphModel.html
2003-11-13 12:54:51,453 INFO  org.apache.maven.linkcheck.LinkCheck - Validating xref/zeus/gui/graph/AbstractGraphNodeEditor.html
2003-11-13 12:54:51,468 INFO  org.apache.maven.linkcheck.LinkCheck - Validating xref/zeus/gui/graph/BulletinLayout.html
2003-11-13 12:54:51,500 INFO  org.apache.maven.linkcheck.LinkCheck - Validating xref/zeus/gui/graph/DefaultGraphNodeEditor.html
2003-11-13 12:54:51,515 INFO  org.apache.maven.linkcheck.LinkCheck - Validating xref/zeus/gui/graph/DefaultGraphNodeRenderer.html
2003-11-13 12:54:51,531 INFO  org.apache.maven.linkcheck.LinkCheck - Validating xref/zeus/gui/graph/Graph.html
2003-11-13 12:54:52,015 INFO  org.apache.maven.linkcheck.LinkCheck - Validating xref/zeus/gui/graph/GraphIcon.html
2003-11-13 12:54:52,093 INFO  org.apache.maven.linkcheck.LinkCheck - Validating xref/zeus/gui/graph/GraphIconEvent.html
2003-11-13 12:54:52,109 INFO  org.apache.maven.linkcheck.LinkCheck - Validating xref/zeus/gui/graph/GraphIconListener.html
2003-11-13 12:54:52,125 INFO  org.apache.maven.linkcheck.LinkCheck - Validating xref/zeus/gui/graph/GraphModel.html
2003-11-13 12:54:52,140 INFO  org.apache.maven.linkcheck.LinkCheck - Validating xref/zeus/gui/graph/GraphModelEvent.html
2003-11-13 12:54:52,140 INFO  org.apache.maven.linkcheck.LinkCheck - Validating xref/zeus/gui/graph/GraphModelListener.html
2003-11-13 12:54:52,156 INFO  org.apache.maven.linkcheck.LinkCheck - Validating xref/zeus/gui/graph/GraphNode.html
2003-11-13 12:54:52,187 INFO  org.apache.maven.linkcheck.LinkCheck - Validating xref/zeus/gui/graph/GraphNodeEditor.html
2003-11-13 12:54:52,203 INFO  org.apache.maven.linkcheck.LinkCheck - Validating xref/zeus/gui/graph/GraphNodeEditorEvent.html
2003-11-13 12:54:52,218 INFO  org.apache.maven.linkcheck.LinkCheck - Validating xref/zeus/gui/graph/GraphNodeEditorListener.html
2003-11-13 12:54:52,218 INFO  org.apache.maven.linkcheck.LinkCheck - Validating xref/zeus/gui/graph/GraphNodeRenderer.html
2003-11-13 12:54:52,234 INFO  org.apache.maven.linkcheck.LinkCheck - Validating xref/zeus/gui/graph/MovePanel.html
2003-11-13 12:54:52,265 INFO  org.apache.maven.linkcheck.LinkCheck - Validating xref/zeus/gui/graph/package-frame.html
2003-11-13 12:54:52,265 INFO  org.apache.maven.linkcheck.LinkCheck - Validating xref/zeus/gui/graph/package-summary.html
2003-11-13 12:54:52,281 INFO  org.apache.maven.linkcheck.LinkCheck - Validating xref/zeus/gui/graph/SelectPanel.html
2003-11-13 12:54:52,328 INFO  org.apache.maven.linkcheck.LinkCheck - Validating xref/zeus/gui/help/HelpWindow.html
2003-11-13 12:54:52,359 INFO  org.apache.maven.linkcheck.LinkCheck - Validating xref/zeus/gui/help/HtmlPanel.html
2003-11-13 12:54:52,406 INFO  org.apache.maven.linkcheck.LinkCheck - Validating xref/zeus/gui/help/package-frame.html
2003-11-13 12:54:52,406 INFO  org.apache.maven.linkcheck.LinkCheck - Validating xref/zeus/gui/help/package-summary.html
2003-11-13 12:54:52,421 INFO  org.apache.maven.linkcheck.LinkCheck - Validating xref/zeus/gui/MultipleSelectionDialog.html
2003-11-13 12:54:52,468 INFO  org.apache.maven.linkcheck.LinkCheck - Validating xref/zeus/gui/NumberDialog.html
2003-11-13 12:54:52,515 INFO  org.apache.maven.linkcheck.LinkCheck - Validating xref/zeus/gui/package-frame.html
2003-11-13 12:54:52,515 INFO  org.apache.maven.linkcheck.LinkCheck - Validating xref/zeus/gui/package-summary.html
2003-11-13 12:54:52,531 INFO  org.apache.maven.linkcheck.LinkCheck - Validating xref/zeus/gui/SingleSelectionDialog.html
2003-11-13 12:54:52,578 INFO  org.apache.maven.linkcheck.LinkCheck - Validating xref/zeus/ontology/attributes/AttributeTableModel.html
2003-11-13 12:54:52,609 INFO  org.apache.maven.linkcheck.LinkCheck - Validating xref/zeus/ontology/attributes/AttributeTablePanel.html
2003-11-13 12:54:52,718 INFO  org.apache.maven.linkcheck.LinkCheck - Validating xref/zeus/ontology/attributes/package-frame.html
2003-11-13 12:54:52,718 INFO  org.apache.maven.linkcheck.LinkCheck - Validating xref/zeus/ontology/attributes/package-summary.html
2003-11-13 12:54:52,734 INFO  org.apache.maven.linkcheck.LinkCheck - Validating xref/zeus/ontology/database/ColumnsTableModel.html
2003-11-13 12:54:52,765 INFO  org.apache.maven.linkcheck.LinkCheck - Validating xref/zeus/ontology/database/ColumnsTableUI.html
2003-11-13 12:54:52,796 INFO  org.apache.maven.linkcheck.LinkCheck - Validating xref/zeus/ontology/database/DatabasePane.html
2003-11-13 12:54:52,890 INFO  org.apache.maven.linkcheck.LinkCheck - Validating xref/zeus/ontology/database/package-frame.html
2003-11-13 12:54:52,906 INFO  org.apache.maven.linkcheck.LinkCheck - Validating xref/zeus/ontology/database/package-summary.html
2003-11-13 12:54:52,906 INFO  org.apache.maven.linkcheck.LinkCheck - Validating xref/zeus/ontology/database/TablesTableModel.html
2003-11-13 12:54:52,937 INFO  org.apache.maven.linkcheck.LinkCheck - Validating xref/zeus/ontology/database/TablesTableUI.html
2003-11-13 12:54:52,968 INFO  org.apache.maven.linkcheck.LinkCheck - Validating xref/zeus/ontology/facts/FactTreeModel.html
2003-11-13 12:54:53,000 INFO  org.apache.maven.linkcheck.LinkCheck - Validating xref/zeus/ontology/facts/FactTreePane.html
2003-11-13 12:54:53,062 INFO  org.apache.maven.linkcheck.LinkCheck - Validating xref/zeus/ontology/facts/FactTreeUI.html
2003-11-13 12:54:53,125 INFO  org.apache.maven.linkcheck.LinkCheck - Validating xref/zeus/ontology/facts/package-frame.html
2003-11-13 12:54:53,125 INFO  org.apache.maven.linkcheck.LinkCheck - Validating xref/zeus/ontology/facts/package-summary.html
2003-11-13 12:54:53,125 INFO  org.apache.maven.linkcheck.LinkCheck - Validating xref/zeus/ontology/OntologyEditor.html
2003-11-13 12:54:53,265 INFO  org.apache.maven.linkcheck.LinkCheck - Validating xref/zeus/ontology/package-frame.html
2003-11-13 12:54:53,265 INFO  org.apache.maven.linkcheck.LinkCheck - Validating xref/zeus/ontology/package-summary.html
2003-11-13 12:54:53,281 INFO  org.apache.maven.linkcheck.LinkCheck - Validating xref/zeus/ontology/restrictions/package-frame.html
2003-11-13 12:54:53,281 INFO  org.apache.maven.linkcheck.LinkCheck - Validating xref/zeus/ontology/restrictions/package-summary.html
2003-11-13 12:54:53,296 INFO  org.apache.maven.linkcheck.LinkCheck - Validating xref/zeus/ontology/restrictions/RestrictionTableModel.html
2003-11-13 12:54:53,328 INFO  org.apache.maven.linkcheck.LinkCheck - Validating xref/zeus/ontology/restrictions/RestrictionTableUI.html
2003-11-13 12:54:53,390 INFO  org.apache.maven.linkcheck.LinkCheck - Validating xref/zeus/ontology/SchemaWriter.html
2003-11-13 12:54:53,453 INFO  org.apache.maven.linkcheck.LinkCheck - Validating xref/zeus/ontology/TypeDialog.html
2003-11-13 12:54:53,484 INFO  org.apache.maven.linkcheck.LinkCheck - Validating xref/zeus/ontology/TypeSelector.html
2003-11-13 12:54:53,500 INFO  org.apache.maven.linkcheck.LinkCheck - Validating xref/zeus/ontology/TypesHandler.html
2003-11-13 12:54:53,546 INFO  org.apache.maven.linkcheck.LinkCheck - Validating xref/zeus/ontology/TypeTreeModel.html
2003-11-13 12:54:53,578 INFO  org.apache.maven.linkcheck.LinkCheck - Validating xref/zeus/rete/action/AbstractActionFactory.html
2003-11-13 12:54:53,593 INFO  org.apache.maven.linkcheck.LinkCheck - Validating xref/zeus/rete/action/AchieveAction.html
2003-11-13 12:54:53,609 INFO  org.apache.maven.linkcheck.LinkCheck - Validating xref/zeus/rete/action/ActionFactory.html
2003-11-13 12:54:53,625 INFO  org.apache.maven.linkcheck.LinkCheck - Validating xref/zeus/rete/action/AssertAction.html
2003-11-13 12:54:53,640 INFO  org.apache.maven.linkcheck.LinkCheck - Validating xref/zeus/rete/action/BasicAction.html
2003-11-13 12:54:53,656 INFO  org.apache.maven.linkcheck.LinkCheck - Validating xref/zeus/rete/action/BindAction.html
2003-11-13 12:54:53,671 INFO  org.apache.maven.linkcheck.LinkCheck - Validating xref/zeus/rete/action/BuyAction.html
2003-11-13 12:54:53,703 INFO  org.apache.maven.linkcheck.LinkCheck - Validating xref/zeus/rete/action/CallAction.html
2003-11-13 12:54:53,718 INFO  org.apache.maven.linkcheck.LinkCheck - Validating xref/zeus/rete/action/CloseAction.html
2003-11-13 12:54:53,734 INFO  org.apache.maven.linkcheck.LinkCheck - Validating xref/zeus/rete/action/ExecuteAction.html
2003-11-13 12:54:53,750 INFO  org.apache.maven.linkcheck.LinkCheck - Validating xref/zeus/rete/action/IfAction.html
2003-11-13 12:54:53,781 INFO  org.apache.maven.linkcheck.LinkCheck - Validating xref/zeus/rete/action/MessageAction.html
2003-11-13 12:54:53,812 INFO  org.apache.maven.linkcheck.LinkCheck - Validating xref/zeus/rete/action/ModifyAction.html
2003-11-13 12:54:53,828 INFO  org.apache.maven.linkcheck.LinkCheck - Validating xref/zeus/rete/action/NoSuchActionException.html
2003-11-13 12:54:53,843 INFO  org.apache.maven.linkcheck.LinkCheck - Validating xref/zeus/rete/action/OpenAction.html
2003-11-13 12:54:53,875 INFO  org.apache.maven.linkcheck.LinkCheck - Validating xref/zeus/rete/action/package-frame.html
2003-11-13 12:54:53,875 INFO  org.apache.maven.linkcheck.LinkCheck - Validating xref/zeus/rete/action/package-summary.html
2003-11-13 12:54:53,890 INFO  org.apache.maven.linkcheck.LinkCheck - Validating xref/zeus/rete/action/PrintAction.html
2003-11-13 12:54:53,921 INFO  org.apache.maven.linkcheck.LinkCheck - Validating xref/zeus/rete/action/PrintlnAction.html
2003-11-13 12:54:53,937 INFO  org.apache.maven.linkcheck.LinkCheck - Validating xref/zeus/rete/action/ReadAction.html
2003-11-13 12:54:53,953 INFO  org.apache.maven.linkcheck.LinkCheck - Validating xref/zeus/rete/action/ReadlnAction.html
2003-11-13 12:54:53,984 INFO  org.apache.maven.linkcheck.LinkCheck - Validating xref/zeus/rete/action/ReteAction.html
2003-11-13 12:54:54,015 INFO  org.apache.maven.linkcheck.LinkCheck - Validating xref/zeus/rete/action/ReteActionFactory.html
2003-11-13 12:54:54,062 INFO  org.apache.maven.linkcheck.LinkCheck - Validating xref/zeus/rete/action/RetractAction.html
2003-11-13 12:54:54,078 INFO  org.apache.maven.linkcheck.LinkCheck - Validating xref/zeus/rete/action/SellAction.html
2003-11-13 12:54:54,109 INFO  org.apache.maven.linkcheck.LinkCheck - Validating xref/zeus/rete/action/SystemAction.html
2003-11-13 12:54:54,125 INFO  org.apache.maven.linkcheck.LinkCheck - Validating xref/zeus/rete/action/WhileAction.html
2003-11-13 12:54:54,156 INFO  org.apache.maven.linkcheck.LinkCheck - Validating xref/zeus/rete/Action.html
2003-11-13 12:54:54,296 INFO  org.apache.maven.linkcheck.LinkCheck - Validating xref/zeus/rete/ActionNode.html
2003-11-13 12:54:54,328 INFO  org.apache.maven.linkcheck.LinkCheck - Validating xref/zeus/rete/AttributeNode.html
2003-11-13 12:54:54,343 INFO  org.apache.maven.linkcheck.LinkCheck - Validating xref/zeus/rete/ConflictSet.html
2003-11-13 12:54:54,437 INFO  org.apache.maven.linkcheck.LinkCheck - Validating xref/zeus/rete/DataReader.html
2003-11-13 12:54:54,453 INFO  org.apache.maven.linkcheck.LinkCheck - Validating xref/zeus/rete/FactAction.html
2003-11-13 12:54:54,468 INFO  org.apache.maven.linkcheck.LinkCheck - Validating xref/zeus/rete/IdNode.html
2003-11-13 12:54:54,500 INFO  org.apache.maven.linkcheck.LinkCheck - Validating xref/zeus/rete/Info.html
2003-11-13 12:54:54,515 INFO  org.apache.maven.linkcheck.LinkCheck - Validating xref/zeus/rete/JoinEntry.html
2003-11-13 12:54:54,531 INFO  org.apache.maven.linkcheck.LinkCheck - Validating xref/zeus/rete/JoinNode.html
2003-11-13 12:54:54,593 INFO  org.apache.maven.linkcheck.LinkCheck - Validating xref/zeus/rete/LocalFactMonitor.html
2003-11-13 12:54:54,609 INFO  org.apache.maven.linkcheck.LinkCheck - Validating xref/zeus/rete/Node.html
2003-11-13 12:54:54,625 INFO  org.apache.maven.linkcheck.LinkCheck - Validating xref/zeus/rete/NotNode.html
2003-11-13 12:54:54,687 INFO  org.apache.maven.linkcheck.LinkCheck - Validating xref/zeus/rete/package-frame.html
2003-11-13 12:54:54,703 INFO  org.apache.maven.linkcheck.LinkCheck - Validating xref/zeus/rete/package-summary.html
2003-11-13 12:54:54,718 INFO  org.apache.maven.linkcheck.LinkCheck - Validating xref/zeus/rete/Pattern.html
2003-11-13 12:54:54,750 INFO  org.apache.maven.linkcheck.LinkCheck - Validating xref/zeus/rete/PatternNode.html
2003-11-13 12:54:54,765 INFO  org.apache.maven.linkcheck.LinkCheck - Validating xref/zeus/rete/ReteEngine.html
2003-11-13 12:54:54,953 INFO  org.apache.maven.linkcheck.LinkCheck - Validating xref/zeus/rete/ReteFact.html
2003-11-13 12:54:55,000 INFO  org.apache.maven.linkcheck.LinkCheck - Validating xref/zeus/rete/Rule.html
2003-11-13 12:54:55,078 INFO  org.apache.maven.linkcheck.LinkCheck - Validating xref/zeus/rete/Successor.html
2003-11-13 12:54:55,093 INFO  org.apache.maven.linkcheck.LinkCheck - Validating xref/zeus/rete/TestNode.html
2003-11-13 12:54:55,109 INFO  org.apache.maven.linkcheck.LinkCheck - Validating xref/zeus/rete/TypeNode.html
2003-11-13 12:54:55,125 INFO  org.apache.maven.linkcheck.LinkCheck - Validating xref/zeus/util/ArrowData.html
2003-11-13 12:54:55,156 INFO  org.apache.maven.linkcheck.LinkCheck - Validating xref/zeus/util/Assert.html
2003-11-13 12:54:55,171 INFO  org.apache.maven.linkcheck.LinkCheck - Validating xref/zeus/util/Clock.html
2003-11-13 12:54:55,187 INFO  org.apache.maven.linkcheck.LinkCheck - Validating xref/zeus/util/Core.html
2003-11-13 12:54:55,203 INFO  org.apache.maven.linkcheck.LinkCheck - Validating xref/zeus/util/FIPA_Date.html
2003-11-13 12:54:55,218 INFO  org.apache.maven.linkcheck.LinkCheck - Validating xref/zeus/util/GenSym.html
2003-11-13 12:54:55,250 INFO  org.apache.maven.linkcheck.LinkCheck - Validating xref/zeus/util/HSet.html
2003-11-13 12:54:55,265 INFO  org.apache.maven.linkcheck.LinkCheck - Validating xref/zeus/util/KeyValue.html
2003-11-13 12:54:55,281 INFO  org.apache.maven.linkcheck.LinkCheck - Validating xref/zeus/util/Line.html
2003-11-13 12:54:55,281 INFO  org.apache.maven.linkcheck.LinkCheck - Validating xref/zeus/util/Misc.html
2003-11-13 12:54:55,500 INFO  org.apache.maven.linkcheck.LinkCheck - Validating xref/zeus/util/MMX.html
2003-11-13 12:54:55,593 INFO  org.apache.maven.linkcheck.LinkCheck - Validating xref/zeus/util/MsgContentHandler.html
2003-11-13 12:54:55,640 INFO  org.apache.maven.linkcheck.LinkCheck - Validating xref/zeus/util/NormalDist.html
2003-11-13 12:54:55,656 INFO  org.apache.maven.linkcheck.LinkCheck - Validating xref/zeus/util/OrderedHashtable.html
2003-11-13 12:54:55,671 INFO  org.apache.maven.linkcheck.LinkCheck - Validating xref/zeus/util/package-frame.html
2003-11-13 12:54:55,687 INFO  org.apache.maven.linkcheck.LinkCheck - Validating xref/zeus/util/package-summary.html
2003-11-13 12:54:55,703 INFO  org.apache.maven.linkcheck.LinkCheck - Validating xref/zeus/util/PlainQueue.html
2003-11-13 12:54:55,734 INFO  org.apache.maven.linkcheck.LinkCheck - Validating xref/zeus/util/PrettyPrintWriter.html
2003-11-13 12:54:55,750 INFO  org.apache.maven.linkcheck.LinkCheck - Validating xref/zeus/util/Profile.html
2003-11-13 12:54:55,781 INFO  org.apache.maven.linkcheck.LinkCheck - Validating xref/zeus/util/Queue.html
2003-11-13 12:54:55,812 INFO  org.apache.maven.linkcheck.LinkCheck - Validating xref/zeus/util/RealTimeClock.html
2003-11-13 12:54:55,828 INFO  org.apache.maven.linkcheck.LinkCheck - Validating xref/zeus/util/ReferenceTable.html
2003-11-13 12:54:55,859 INFO  org.apache.maven.linkcheck.LinkCheck - Validating xref/zeus/util/Selector.html
2003-11-13 12:54:55,890 INFO  org.apache.maven.linkcheck.LinkCheck - Validating xref/zeus/util/StringHashtable.html
2003-11-13 12:54:55,906 INFO  org.apache.maven.linkcheck.LinkCheck - Validating xref/zeus/util/SystemProps.html
2003-11-13 12:54:56,015 INFO  org.apache.maven.linkcheck.LinkCheck - Validating xref/zeus/util/Time.html
2003-11-13 12:54:56,031 INFO  org.apache.maven.linkcheck.LinkCheck - Validating xref/zeus/util/Tree.html
2003-11-13 12:54:56,046 INFO  org.apache.maven.linkcheck.LinkCheck - Validating xref/zeus/util/TreeNode.html
2003-11-13 12:54:56,109 INFO  org.apache.maven.linkcheck.LinkCheck - Validating xref/zeus/util/XMLFormatter.html
2003-11-13 12:54:56,125 INFO  org.apache.maven.linkcheck.LinkCheck - Validating xref/zeus/visualiser/basic/BasicTool.html
2003-11-13 12:54:56,218 INFO  org.apache.maven.linkcheck.LinkCheck - Validating xref/zeus/visualiser/basic/MsgFilter.html
2003-11-13 12:54:56,234 INFO  org.apache.maven.linkcheck.LinkCheck - Validating xref/zeus/visualiser/basic/MsgFilterEditor.html
2003-11-13 12:54:56,328 INFO  org.apache.maven.linkcheck.LinkCheck - Validating xref/zeus/visualiser/basic/package-frame.html
2003-11-13 12:54:56,328 INFO  org.apache.maven.linkcheck.LinkCheck - Validating xref/zeus/visualiser/basic/package-summary.html
2003-11-13 12:54:56,343 INFO  org.apache.maven.linkcheck.LinkCheck - Validating xref/zeus/visualiser/basic/Player.html
2003-11-13 12:54:56,406 INFO  org.apache.maven.linkcheck.LinkCheck - Validating xref/zeus/visualiser/basic/StateInfo.html
2003-11-13 12:54:56,421 INFO  org.apache.maven.linkcheck.LinkCheck - Validating xref/zeus/visualiser/basic/VideoTool.html
2003-11-13 12:54:56,609 INFO  org.apache.maven.linkcheck.LinkCheck - Validating xref/zeus/visualiser/control/ControlMenuBar.html
2003-11-13 12:54:56,656 INFO  org.apache.maven.linkcheck.LinkCheck - Validating xref/zeus/visualiser/control/ControlTool.html
2003-11-13 12:54:56,765 INFO  org.apache.maven.linkcheck.LinkCheck - Validating xref/zeus/visualiser/control/ControlToolBar.html
2003-11-13 12:54:56,796 INFO  org.apache.maven.linkcheck.LinkCheck - Validating xref/zeus/visualiser/control/package-frame.html
2003-11-13 12:54:56,796 INFO  org.apache.maven.linkcheck.LinkCheck - Validating xref/zeus/visualiser/control/package-summary.html
2003-11-13 12:54:56,796 INFO  org.apache.maven.linkcheck.LinkCheck - Validating xref/zeus/visualiser/MessageInfo.html
2003-11-13 12:54:56,828 INFO  org.apache.maven.linkcheck.LinkCheck - Validating xref/zeus/visualiser/package-frame.html
2003-11-13 12:54:56,828 INFO  org.apache.maven.linkcheck.LinkCheck - Validating xref/zeus/visualiser/package-summary.html
2003-11-13 12:54:56,828 INFO  org.apache.maven.linkcheck.LinkCheck - Validating xref/zeus/visualiser/report/DeleteReportDialog.html
2003-11-13 12:54:56,906 INFO  org.apache.maven.linkcheck.LinkCheck - Validating xref/zeus/visualiser/report/package-frame.html
2003-11-13 12:54:56,906 INFO  org.apache.maven.linkcheck.LinkCheck - Validating xref/zeus/visualiser/report/package-summary.html
2003-11-13 12:54:56,921 INFO  org.apache.maven.linkcheck.LinkCheck - Validating xref/zeus/visualiser/report/ReportGraph.html
2003-11-13 12:54:57,015 INFO  org.apache.maven.linkcheck.LinkCheck - Validating xref/zeus/visualiser/report/ReportModel.html
2003-11-13 12:54:57,109 INFO  org.apache.maven.linkcheck.LinkCheck - Validating xref/zeus/visualiser/report/ReportTool.html
2003-11-13 12:54:57,281 INFO  org.apache.maven.linkcheck.LinkCheck - Validating xref/zeus/visualiser/society/AnimationManager.html
2003-11-13 12:54:57,343 INFO  org.apache.maven.linkcheck.LinkCheck - Validating xref/zeus/visualiser/society/AnimationQueue.html
2003-11-13 12:54:57,453 INFO  org.apache.maven.linkcheck.LinkCheck - Validating xref/zeus/visualiser/society/package-frame.html
2003-11-13 12:54:57,453 INFO  org.apache.maven.linkcheck.LinkCheck - Validating xref/zeus/visualiser/society/package-summary.html
2003-11-13 12:54:57,468 INFO  org.apache.maven.linkcheck.LinkCheck - Validating xref/zeus/visualiser/society/SocietyModel.html
2003-11-13 12:54:57,546 INFO  org.apache.maven.linkcheck.LinkCheck - Validating xref/zeus/visualiser/society/SocietyModelEntry.html
2003-11-13 12:54:57,562 INFO  org.apache.maven.linkcheck.LinkCheck - Validating xref/zeus/visualiser/society/SocietyPanel.html
2003-11-13 12:54:57,687 INFO  org.apache.maven.linkcheck.LinkCheck - Validating xref/zeus/visualiser/society/SocietyTool.html
2003-11-13 12:54:57,843 INFO  org.apache.maven.linkcheck.LinkCheck - Validating xref/zeus/visualiser/statistics/charts/DrawCanvas.html
2003-11-13 12:54:57,859 INFO  org.apache.maven.linkcheck.LinkCheck - Validating xref/zeus/visualiser/statistics/charts/DrawObject.html
2003-11-13 12:54:57,859 INFO  org.apache.maven.linkcheck.LinkCheck - Validating xref/zeus/visualiser/statistics/charts/GraphicsSymbol.html
2003-11-13 12:54:57,875 INFO  org.apache.maven.linkcheck.LinkCheck - Validating xref/zeus/visualiser/statistics/charts/Histogram.html
2003-11-13 12:54:57,937 INFO  org.apache.maven.linkcheck.LinkCheck - Validating xref/zeus/visualiser/statistics/charts/LineGraph.html
2003-11-13 12:54:58,000 INFO  org.apache.maven.linkcheck.LinkCheck - Validating xref/zeus/visualiser/statistics/charts/package-frame.html
2003-11-13 12:54:58,000 INFO  org.apache.maven.linkcheck.LinkCheck - Validating xref/zeus/visualiser/statistics/charts/package-summary.html
2003-11-13 12:54:58,015 INFO  org.apache.maven.linkcheck.LinkCheck - Validating xref/zeus/visualiser/statistics/charts/PieChart.html
2003-11-13 12:54:58,062 INFO  org.apache.maven.linkcheck.LinkCheck - Validating xref/zeus/visualiser/statistics/charts/TabularGraph.html
2003-11-13 12:54:58,078 INFO  org.apache.maven.linkcheck.LinkCheck - Validating xref/zeus/visualiser/statistics/charts/XYGraph.html
2003-11-13 12:54:58,156 INFO  org.apache.maven.linkcheck.LinkCheck - Validating xref/zeus/visualiser/statistics/package-frame.html
2003-11-13 12:54:58,156 INFO  org.apache.maven.linkcheck.LinkCheck - Validating xref/zeus/visualiser/statistics/package-summary.html
2003-11-13 12:54:58,156 INFO  org.apache.maven.linkcheck.LinkCheck - Validating xref/zeus/visualiser/statistics/StatisticsTool.html
2003-11-13 12:54:58,453 INFO  org.apache.maven.linkcheck.LinkCheck - Validating xref/zeus/visualiser/statistics/TrafficVolume.html
2003-11-13 12:54:58,593 INFO  org.apache.maven.linkcheck.LinkCheck - Validating xref/zeus/visualiser/SubscriptionInfo.html
2003-11-13 12:54:58,609 INFO  org.apache.maven.linkcheck.LinkCheck - Validating xref/zeus/visualiser/Visualiser.html
2003-11-13 12:54:58,656 INFO  org.apache.maven.linkcheck.LinkCheck - Validating xref/zeus/visualiser/VisualiserHub.html
2003-11-13 12:54:58,718 INFO  org.apache.maven.linkcheck.LinkCheck - Validating xref/zeus/visualiser/VisualiserModel.html
2003-11-13 12:54:58,796 INFO  org.apache.maven.linkcheck.LinkCheck - Validating xref/zsh/package-frame.html
2003-11-13 12:54:58,796 INFO  org.apache.maven.linkcheck.LinkCheck - Validating xref/zsh/package-summary.html
2003-11-13 12:54:58,796 INFO  org.apache.maven.linkcheck.LinkCheck - Validating xref/zsh/zsh.html
2003-11-13 12:55:27,468 WARN  org.apache.commons.jelly.tags.ant.AntTag - Could not convert tag: a into an Ant task, data type or property
2003-11-13 12:55:27,468 WARN  org.apache.commons.jelly.tags.ant.AntTag - Could not convert tag: img into an Ant task, data type or property
2003-11-13 12:55:27,468 WARN  org.apache.commons.jelly.tags.ant.AntTag - Could not convert tag: img into an Ant task, data type or property
2003-11-13 12:55:27,484 WARN  org.apache.commons.jelly.tags.ant.AntTag - Could not convert tag: a into an Ant task, data type or property
2003-11-13 12:55:27,484 WARN  org.apache.commons.jelly.tags.ant.AntTag - Could not convert tag: img into an Ant task, data type or property
2003-11-13 12:55:27,484 WARN  org.apache.commons.jelly.tags.ant.AntTag - Could not convert tag: img into an Ant task, data type or property
2003-11-13 12:55:27,484 WARN  org.apache.commons.jelly.tags.ant.AntTag - Could not convert tag: a into an Ant task, data type or property
2003-11-13 12:55:27,484 WARN  org.apache.commons.jelly.tags.ant.AntTag - Could not convert tag: img into an Ant task, data type or property
2003-11-13 12:55:27,484 WARN  org.apache.commons.jelly.tags.ant.AntTag - Could not convert tag: img into an Ant task, data type or property
2003-11-13 12:55:27,484 WARN  org.apache.commons.jelly.tags.ant.AntTag - Could not convert tag: a into an Ant task, data type or property
2003-11-13 12:55:27,484 WARN  org.apache.commons.jelly.tags.ant.AntTag - Could not convert tag: img into an Ant task, data type or property
2003-11-13 12:55:27,484 WARN  org.apache.commons.jelly.tags.ant.AntTag - Could not convert tag: img into an Ant task, data type or property
2003-11-13 12:55:27,484 WARN  org.apache.commons.jelly.tags.ant.AntTag - Could not convert tag: a into an Ant task, data type or property
2003-11-13 12:55:27,484 WARN  org.apache.commons.jelly.tags.ant.AntTag - Could not convert tag: img into an Ant task, data type or property
2003-11-13 12:55:27,484 WARN  org.apache.commons.jelly.tags.ant.AntTag - Could not convert tag: img into an Ant task, data type or property
2003-11-13 12:55:27,484 WARN  org.apache.commons.jelly.tags.ant.AntTag - Could not convert tag: a into an Ant task, data type or property
2003-11-13 12:55:27,484 WARN  org.apache.commons.jelly.tags.ant.AntTag - Could not convert tag: img into an Ant task, data type or property
2003-11-13 12:55:27,484 WARN  org.apache.commons.jelly.tags.ant.AntTag - Could not convert tag: img into an Ant task, data type or property
2003-11-13 12:55:27,484 WARN  org.apache.commons.jelly.tags.ant.AntTag - Could not convert tag: a into an Ant task, data type or property
2003-11-13 12:55:27,484 WARN  org.apache.commons.jelly.tags.ant.AntTag - Could not convert tag: img into an Ant task, data type or property
2003-11-13 12:55:27,484 WARN  org.apache.commons.jelly.tags.ant.AntTag - Could not convert tag: img into an Ant task, data type or property
2003-11-13 12:55:27,484 WARN  org.apache.commons.jelly.tags.ant.AntTag - Could not convert tag: a into an Ant task, data type or property
2003-11-13 12:55:27,484 WARN  org.apache.commons.jelly.tags.ant.AntTag - Could not convert tag: img into an Ant task, data type or property
2003-11-13 12:55:27,484 WARN  org.apache.commons.jelly.tags.ant.AntTag - Could not convert tag: img into an Ant task, data type or property
2003-11-13 12:55:27,484 WARN  org.apache.commons.jelly.tags.ant.AntTag - Could not convert tag: a into an Ant task, data type or property
2003-11-13 12:55:27,484 WARN  org.apache.commons.jelly.tags.ant.AntTag - Could not convert tag: img into an Ant task, data type or property
2003-11-13 12:55:27,484 WARN  org.apache.commons.jelly.tags.ant.AntTag - Could not convert tag: img into an Ant task, data type or property
2003-11-13 12:55:27,484 WARN  org.apache.commons.jelly.tags.ant.AntTag - Could not convert tag: a into an Ant task, data type or property
2003-11-13 12:55:27,484 WARN  org.apache.commons.jelly.tags.ant.AntTag - Could not convert tag: img into an Ant task, data type or property
2003-11-13 12:55:27,484 WARN  org.apache.commons.jelly.tags.ant.AntTag - Could not convert tag: img into an Ant task, data type or property
2003-11-13 12:55:27,484 WARN  org.apache.commons.jelly.tags.ant.AntTag - Could not convert tag: a into an Ant task, data type or property
2003-11-13 12:55:27,484 WARN  org.apache.commons.jelly.tags.ant.AntTag - Could not convert tag: img into an Ant task, data type or property
2003-11-13 12:55:27,484 WARN  org.apache.commons.jelly.tags.ant.AntTag - Could not convert tag: img into an Ant task, data type or property
2003-11-13 12:55:27,484 WARN  org.apache.commons.jelly.tags.ant.AntTag - Could not convert tag: a into an Ant task, data type or property
2003-11-13 12:55:27,484 WARN  org.apache.commons.jelly.tags.ant.AntTag - Could not convert tag: img into an Ant task, data type or property
2003-11-13 12:55:27,484 WARN  org.apache.commons.jelly.tags.ant.AntTag - Could not convert tag: img into an Ant task, data type or property
2003-11-13 12:55:27,484 WARN  org.apache.commons.jelly.tags.ant.AntTag - Could not convert tag: a into an Ant task, data type or property
2003-11-13 12:55:27,484 WARN  org.apache.commons.jelly.tags.ant.AntTag - Could not convert tag: img into an Ant task, data type or property
2003-11-13 12:55:27,484 WARN  org.apache.commons.jelly.tags.ant.AntTag - Could not convert tag: img into an Ant task, data type or property
2003-11-13 12:55:27,484 WARN  org.apache.commons.jelly.tags.ant.AntTag - Could not convert tag: a into an Ant task, data type or property
2003-11-13 12:55:27,484 WARN  org.apache.commons.jelly.tags.ant.AntTag - Could not convert tag: img into an Ant task, data type or property
2003-11-13 12:55:27,484 WARN  org.apache.commons.jelly.tags.ant.AntTag - Could not convert tag: img into an Ant task, data type or property
2003-11-13 12:55:27,500 WARN  org.apache.commons.jelly.tags.ant.AntTag - Could not convert tag: a into an Ant task, data type or property
2003-11-13 12:55:27,500 WARN  org.apache.commons.jelly.tags.ant.AntTag - Could not convert tag: img into an Ant task, data type or property
2003-11-13 12:55:27,500 WARN  org.apache.commons.jelly.tags.ant.AntTag - Could not convert tag: img into an Ant task, data type or property
2003-11-13 12:55:27,500 WARN  org.apache.commons.jelly.tags.ant.AntTag - Could not convert tag: a into an Ant task, data type or property
2003-11-13 12:55:27,500 WARN  org.apache.commons.jelly.tags.ant.AntTag - Could not convert tag: img into an Ant task, data type or property
2003-11-13 12:55:27,500 WARN  org.apache.commons.jelly.tags.ant.AntTag - Could not convert tag: img into an Ant task, data type or property
2003-11-13 12:55:28,140 INFO  org.apache.maven.cli.App - Total time: 16 minutes 43 seconds
2003-11-13 12:55:28,140 INFO  org.apache.maven.cli.App - Finished at: Thu Nov 13 12:55:28 GMT 2003
2003-11-13 12:55:28,140 INFO  org.apache.maven.cli.App - 
